
=== B17 region map [winmain-entry] 0x00400000..0x009FFFFF ===
  0x00400000 +0x007DF000  COMMIT  IMAGE   protect=0x008
  --- totals: free=0KB commit=8060KB reserve=0KB ---
  B17-GRAN [winmain-entry] 0x00420000 COMMIT   .text getters (0x0042b8b0/c0, credits 0x0042d5a0)
  B17-GRAN [winmain-entry] 0x00470000 COMMIT   .text Im2D draws (0x00472c60/2f40, 0x004730b0)
  B17-GRAN [winmain-entry] 0x005C0000 COMMIT   .rdata scale consts (1/640 @5cd5a8, 1/480 @5cc560)
  B17-GRAN [winmain-entry] 0x00630000 COMMIT   .data boot params (0x00636ae8) + timer (0x0063d558)
  B17-GRAN [winmain-entry] 0x00670000 COMMIT   .data race-state array (0x0067ea10)
  B17-GRAN [winmain-entry] 0x007D0000 COMMIT   .data RW device slot (*(0x007d3ff8)) — B15 bridge
  B17-GRAN [winmain-entry] 0x007F0000 COMMIT   .bss big buffer (0x007f0f60) + input (0x007f1044)
  B17-GRAN [winmain-entry] 0x00890000 COMMIT   .bss menu-entry array + vtx buffer (0x00898a20/ac0)
B17-TLS: reserved 0/0 needed granules at TLS time (seen-free; the rest were already occupied by kernel-early NLS)
B17-PAD: image-pad arena [0x001DF600 .. 0x00BDF5FF] (exe owns the MASHED RVA range)
Frontend.piz loaded OK
  path:    original/TOASTART/Common/Frontend.piz
  size:    1257472 bytes
  version: 3
  entries: 2
  mode:    raw

  name                                                             offset     length         id
  ------------------------------------------------------------ ---------- ---------- ----------
  TEXTURES.TXD                                                 0x00001000 0x000FBCE8 0x00001AC2
  MAIN.BSP                                                     0x000FD000 0x00035BF8 0x00000AE1

TEXTURES.TXD extracted to extracted/TEXTURES.TXD (1031400 bytes)
RWS chunk tree:
[0] 0x00000023 (?) size=0x000FBCDC version=0x1803FFFF @ 0x00000000

  total chunks: 1 (containers: 0)

TXD decode (Milestone B3):
  OK: 8 textures, deviceId=1

  #   name                     w     h  bpp fmt   mips palette
  --- -------------------- ----- ----- ---- ----- ---- -------
  0   skydomegs               32    32    8 PAL8     6 yes    
  1   Shad_groundgs          128   128    8 PAL8     8 yes    
  2   Shad_car               256   256   32 ARGB     9 -      
  3   Shad_bild              256   256   32 ARGB     9 -      
  4   rendergs                64    32   32 ARGB     7 -      
  5   main                   256   256    8 PAL8     9 yes    
  6   Gravel                 128   128   32 ARGB     8 -      
  7   carbase                256   256    8 PAL8     9 yes    

=== B17 region map [pre-initd3d9] 0x00400000..0x009FFFFF ===
  0x00400000 +0x007DF000  COMMIT  IMAGE   protect=0x008
  --- totals: free=0KB commit=8060KB reserve=0KB ---
  B17-GRAN [pre-initd3d9] 0x00420000 COMMIT   .text getters (0x0042b8b0/c0, credits 0x0042d5a0)
  B17-GRAN [pre-initd3d9] 0x00470000 COMMIT   .text Im2D draws (0x00472c60/2f40, 0x004730b0)
  B17-GRAN [pre-initd3d9] 0x005C0000 COMMIT   .rdata scale consts (1/640 @5cd5a8, 1/480 @5cc560)
  B17-GRAN [pre-initd3d9] 0x00630000 COMMIT   .data boot params (0x00636ae8) + timer (0x0063d558)
  B17-GRAN [pre-initd3d9] 0x00670000 COMMIT   .data race-state array (0x0067ea10)
  B17-GRAN [pre-initd3d9] 0x007D0000 COMMIT   .data RW device slot (*(0x007d3ff8)) — B15 bridge
  B17-GRAN [pre-initd3d9] 0x007F0000 COMMIT   .bss big buffer (0x007f0f60) + input (0x007f1044)
  B17-GRAN [pre-initd3d9] 0x00890000 COMMIT   .bss menu-entry array + vtx buffer (0x00898a20/ac0)
InitD3D9: adapter mode 2560x1440 fmt=22 refresh=165
InitD3D9: CreateDevice(HAL/HW,depthA,vsdef) -> OK hr=0x00000000 OK

=== B17 region map [post-initd3d9] 0x00400000..0x009FFFFF ===
  0x00400000 +0x007DF000  COMMIT  IMAGE   protect=0x008
  --- totals: free=0KB commit=8060KB reserve=0KB ---
  B17-GRAN [post-initd3d9] 0x00420000 COMMIT   .text getters (0x0042b8b0/c0, credits 0x0042d5a0)
  B17-GRAN [post-initd3d9] 0x00470000 COMMIT   .text Im2D draws (0x00472c60/2f40, 0x004730b0)
  B17-GRAN [post-initd3d9] 0x005C0000 COMMIT   .rdata scale consts (1/640 @5cd5a8, 1/480 @5cc560)
  B17-GRAN [post-initd3d9] 0x00630000 COMMIT   .data boot params (0x00636ae8) + timer (0x0063d558)
  B17-GRAN [post-initd3d9] 0x00670000 COMMIT   .data race-state array (0x0067ea10)
  B17-GRAN [post-initd3d9] 0x007D0000 COMMIT   .data RW device slot (*(0x007d3ff8)) — B15 bridge
  B17-GRAN [post-initd3d9] 0x007F0000 COMMIT   .bss big buffer (0x007f0f60) + input (0x007f1044)
  B17-GRAN [post-initd3d9] 0x00890000 COMMIT   .bss menu-entry array + vtx buffer (0x00898a20/ac0)

Milestone B7: granule walk over 0x00500000..0x009FFFFF — 0 granules covered, 80 blocked (first blocked at 0x
Milestone B7: first blocked granule = 0x00500000
Milestone B7: g_mashed_data_mapped = false

Milestone B7: wedge status = INACTIVE (VirtualAlloc failed)

Milestone B10: frontend boot chain start
  [1] DataZeroFill (page-granular): zeroed 226212, skipped 0 bytes
  [2-pre] 0x00630000 state=0x00001000 protect=0x00000008
  [2] BootDefaultParamsInit OK
  [3] DefaultParam_SetField00/04/08 OK; readback 0x007f0f00=0x3F333333 04=0x3F333333 08=0x3F333333 (expect 0x3f333333)
  [4] RaceStateArrayZero OK; readback 0x0067ea10=0x00000000 0x0067ea14=0x00000000 (expect 0)
  [5] MenuEntryArrayInit OK; readback 0x00898ac0=0x00000000 (expect 0)
  [6] TimerSlotClear OK; readback 0x0063d558=0x00000000 (expect 0)
  [7] MainLoopInit AV'd (expected: tunnels into MASHED code section via FUN_00495110 etc.)
Milestone B10: frontend boot chain complete

Milestone B11: DirectInput8 + keyboard device acquired (cooperative = background+nonexclusive)

Milestone B14: MASHED input-globals wedge probe = OK (wrote 0xA5 to 0x007f1044, readback=0xA5)

Milestone B5: uploading 8 textures for atlas
  slot 0: 'skydomegs' 32x32 PAL8 mips=6 OK
  slot 1: 'Shad_groundgs' 128x128 PAL8 mips=8 OK
  slot 2: 'Shad_car' 256x256 ARGB mips=9 OK
  slot 3: 'Shad_bild' 256x256 ARGB mips=9 OK
  slot 4: 'rendergs' 64x32 ARGB mips=7 OK
  slot 5: 'main' 256x256 PAL8 mips=9 OK
  slot 6: 'Gravel' 128x128 ARGB mips=8 OK
  slot 7: 'carbase' 256x256 PAL8 mips=9 OK
  Milestone B5: 8/8 textures uploaded into atlas

Milestone B15: RW Im2D->D3D9 bridge install = OK (fake RW device at *(0x007d3ff8); HudIm2DQuad routes to D3D9)

Milestone B16: standalone RVA thunks — map_text=1 map_scale=1 scale_ok=1 thunks=6/6 (b8b0=1 b8c0=1 d5a0=1 f40=1 30b0=1 2c60=1)
Milestone B16: MenuChromeShellA ready = YES (real MASHED menu chrome via the B15 bridge)

B19a: original/TOASTART/Common/Perm.piz :: BACKGROUND.PNG decode+upload OK (340x240) -> slot 8 handle 2

B19a: original/TOASTART/Common/Font36.piz :: MASHEDNEWLOGO.PNG decode+upload OK (256x128) -> slot 9 handle 3

B19b: message table original/TOASTART/Common/Font36.piz/ENGLISH.DAT loaded (33626 bytes)
B19b: menu item id=33 "Single Player" 195x39 -> slot 10 handle 4
B19b: menu item id=34 "Multi Player" 175x39 -> slot 11 handle 5
B19b: menu item id=35 "Championship" 214x39 -> slot 12 handle 6
B19b: menu item id=36 "Time Trial" 148x39 -> slot 13 handle 7
B19b: menu item id=39 "Options" 120x39 -> slot 14 handle 8
B19b: 5 menu items ready

R2-5: badges.txd 'Button' 16x32 upload OK (dict has 23 textures)
R2-5: badges.txd 'Arrow' 16x16 upload OK
F38: badges.txd 'lock' 16x16 fmt=PAL4 upload OK (ok)
F38: badges.txd 'check' 16x16 fmt=PAL4 upload OK (ok)
F38: badges.txd 'dot' 16x16 fmt=PAL4 upload OK (ok)
F2 track previews: 24/24 loaded; veh 8/8
powerup icons: dict=11 loaded=11 ready=1
standings assets: iface=6/6 epp=5/5 panel=2/2 ready=1
F38: interface.txd 'MultiPlayer' 64x64 upload OK

#25 color-select: INTERFACE.TXD cars 10/10, vs OK, star OK (dict has 30 textures)

#10 input icons: PC.TXD decode OK, 2/2 (kbd+joypad)

loadicon: 256x128 decode+upload OK

B19a: original/TOASTART/Common/Font36.piz :: BIGE.BMP decode+upload OK (32x32) -> slot 57 handle 48
F1 frontend.mpg: RUNNING (512x512)
R2-2 gamesave load: LOADED (DEADBEEF save) (original/gamesave.bin)

B19 faithful font (FGDC20): load OK (height=33.0)

MenuStringTable (id->glyph-string): load OK size=33626 ids=677
  self-check id 0x21 len=13 "Single Player"
  self-check id 0x22 len=12 "Multi Player"
  self-check id 0x23 len=12 "Championship"
  self-check id 0x24 len=10 "Time Trial"
  self-check id 0x27 len=7 "Options"

B17-SUMMARY reached-main-loop chrome=YES thunks=6/6
CAPMODE tag=00_challengeselect.bmp mode=Frontend
NAV_DEMO phase=0 00_challengeselect ok=1 depth=1 screen=6 cur=0 nrec=3
  WS-E lights: ambient=0xFF333333 (RGB 51,51,51) sun=0xFFFFFFFF dir=(0.231,-0.923,0.308)
D3D9 world.tris mat[0]=1223 tex=1
D3D9 world.tris mat[1]=30 tex=1
D3D9 world.tris mat[2]=183 tex=1
D3D9 world.tris mat[3]=8 tex=1
D3D9 world.tris mat[4]=430 tex=1
D3D9 world.tris mat[5]=47 tex=1
D3D9 world.tris mat[6]=1694 tex=1
D3D9 world.tris mat[7]=3355 tex=1
D3D9 world.tris mat[8]=2693 tex=1
D3D9 world.tris mat[9]=278 tex=1
D3D9 world.tris mat[10]=2579 tex=1
D3D9 world.tris mat[11]=820 tex=1
D3D9 world.tris mat[12]=57 tex=1
D3D9 world.tris mat[13]=214 tex=1
D3D9 world.tris mat[14]=1168 tex=1
D3D9 world.tris mat[15]=1002 tex=1
D3D9 world.tris mat[16]=334 tex=1
D3D9 world.tris mat[17]=46 tex=1
D3D9 world.tris mat[18]=144 tex=1
D3D9 world.tris mat[19]=418 tex=1
D3D9 world.tris mat[20]=250 tex=1
D3D9 world.tris mat[21]=314 tex=1
D3D9 world.tris mat[22]=271 tex=1
D3D9 world.tris mat[23]=102 tex=1
PU-SRC dff=1 bytes=18762 markers=27 err=-
D-S3-6 bake: dff=sky.dff lt=no batch=0 baked_v0=0xFF737776
D-S3-6 bake: dff=WhiteTruckHigh.dff lt=YES batch=0 baked_v0=0xFF333333
D-S3-6 bake: dff=WhiteTruckHigh.dff lt=YES batch=1 baked_v0=0xFF333333
D-S3-6 bake: dff=WhiteTruckMid.dff lt=YES batch=0 baked_v0=0xFF333333
D-S3-6 bake: dff=WhiteTruckMid.dff lt=YES batch=1 baked_v0=0xFF333333
D-S3-6 bake: dff=WhiteTruckLow.dff lt=YES batch=0 baked_v0=0xFF9D9D9D
D-S3-6 bake: dff=WhiteTruckLow.dff lt=YES batch=1 baked_v0=0xFFFFFFFF
  SEA-TILE-OFF course_id=38 clump=2 dff=WhiteTruckLow.dff instances=1 (identity) sea_tile_instances=0
D-S3-6 bake: dff=BlueTruckHigh.dff lt=YES batch=0 baked_v0=0xFF030B14
D-S3-6 bake: dff=BlueTruckHigh.dff lt=YES batch=1 baked_v0=0xFF332907
D-S3-6 bake: dff=BlueTruckHigh.dff lt=YES batch=2 baked_v0=0xFF333333
D-S3-6 bake: dff=BlueTruckMid.dff lt=YES batch=0 baked_v0=0xFF030B14
D-S3-6 bake: dff=BlueTruckMid.dff lt=YES batch=1 baked_v0=0xFF332907
D-S3-6 bake: dff=BlueTruckMid.dff lt=YES batch=2 baked_v0=0xFF333333
D-S3-6 bake: dff=BlueTruckLow.dff lt=YES batch=0 baked_v0=0xFF09213E
D-S3-6 bake: dff=BlueTruckLow.dff lt=YES batch=1 baked_v0=0xFFFFFFFF
D-S3-6 bake: dff=GrayTruckHigh.dff lt=YES batch=0 baked_v0=0xFF1A1A1A
D-S3-6 bake: dff=GrayTruckHigh.dff lt=YES batch=1 baked_v0=0xFF93091B
D-S3-6 bake: dff=GrayTruckHigh.dff lt=YES batch=2 baked_v0=0xFF9C9C9C
D-S3-6 bake: dff=GrayTruckMid.dff lt=YES batch=0 baked_v0=0xFF3D3D3D
D-S3-6 bake: dff=GrayTruckMid.dff lt=YES batch=1 baked_v0=0xFF7F0817
D-S3-6 bake: dff=GrayTruckMid.dff lt=YES batch=2 baked_v0=0xFF333333
D-S3-6 bake: dff=GrayTruckLow.dff lt=YES batch=0 baked_v0=0xFF4F4F4F
D-S3-6 bake: dff=GrayTruckLow.dff lt=YES batch=1 baked_v0=0xFFFFFFFF
D-S3-6 bake: dff=GreenTruckHigh.dff lt=YES batch=0 baked_v0=0xFF060908
D-S3-6 bake: dff=GreenTruckHigh.dff lt=YES batch=1 baked_v0=0xFF332907
D-S3-6 bake: dff=GreenTruckHigh.dff lt=YES batch=2 baked_v0=0xFF333333
D-S3-6 bake: dff=GreenTruckMid.dff lt=YES batch=0 baked_v0=0xFF060908
D-S3-6 bake: dff=GreenTruckMid.dff lt=YES batch=1 baked_v0=0xFF332907
D-S3-6 bake: dff=GreenTruckMid.dff lt=YES batch=2 baked_v0=0xFF727272
D-S3-6 bake: dff=GreenTruckLow.dff lt=YES batch=0 baked_v0=0xFF111C18
D-S3-6 bake: dff=GreenTruckLow.dff lt=YES batch=1 baked_v0=0xFFFFFFFF
D-S3-6 bake: dff=RedTruckHigh.dff lt=YES batch=0 baked_v0=0xFF290307
D-S3-6 bake: dff=RedTruckHigh.dff lt=YES batch=1 baked_v0=0xFF333333
D-S3-6 bake: dff=RedTruckMid.dff lt=YES batch=0 baked_v0=0xFF290307
D-S3-6 bake: dff=RedTruckMid.dff lt=YES batch=1 baked_v0=0xFF333333
D-S3-6 bake: dff=RedTruckLow.dff lt=YES batch=0 baked_v0=0xFF7E0817
D-S3-6 bake: dff=RedTruckLow.dff lt=YES batch=1 baked_v0=0xFFFFFFFF
D-S3-6 bake: dff=YellowTruckHigh.dff lt=YES batch=0 baked_v0=0xFF332907
D-S3-6 bake: dff=YellowTruckHigh.dff lt=YES batch=1 baked_v0=0xFF333333
D-S3-6 bake: dff=YellowTruckMid.dff lt=YES batch=0 baked_v0=0xFF332907
D-S3-6 bake: dff=YellowTruckMid.dff lt=YES batch=1 baked_v0=0xFF333333
D-S3-6 bake: dff=YellowTruckLow.dff lt=YES batch=0 baked_v0=0xFF9D7D16
D-S3-6 bake: dff=YellowTruckLow.dff lt=YES batch=1 baked_v0=0xFFFFFFFF
D-S3-6 bake: dff=BlueLorryHigh.dff lt=YES batch=0 baked_v0=0xFF030B14
D-S3-6 bake: dff=BlueLorryHigh.dff lt=YES batch=1 baked_v0=0xFF6E6E6E
D-S3-6 bake: dff=BlueLorryMid.dff lt=YES batch=0 baked_v0=0xFF071B32
D-S3-6 bake: dff=BlueLorryMid.dff lt=YES batch=1 baked_v0=0xFF6E6E6E
D-S3-6 bake: dff=BlueLorryLow.dff lt=YES batch=0 baked_v0=0xFF09203D
D-S3-6 bake: dff=BlueLorryLow.dff lt=YES batch=1 baked_v0=0xFF6E6E6E
D-S3-6 bake: dff=GrayLorryHigh.dff lt=YES batch=0 baked_v0=0xFF1A1A1A
D-S3-6 bake: dff=GrayLorryHigh.dff lt=YES batch=1 baked_v0=0xFF333333
D-S3-6 bake: dff=GrayLorryHigh.dff lt=YES batch=2 baked_v0=0xFF311817
D-S3-6 bake: dff=GrayLorryMid.dff lt=YES batch=0 baked_v0=0xFF1A1A1A
D-S3-6 bake: dff=GrayLorryMid.dff lt=YES batch=1 baked_v0=0xFFF8F8F8
D-S3-6 bake: dff=GrayLorryMid.dff lt=YES batch=2 baked_v0=0xFF311817
D-S3-6 bake: dff=GrayLorryLow.dff lt=YES batch=0 baked_v0=0xFF4D4D4D
D-S3-6 bake: dff=GrayLorryLow.dff lt=YES batch=1 baked_v0=0xFFFFFFFF
D-S3-6 bake: dff=GrayLorryLow.dff lt=YES batch=2 baked_v0=0xFF8D4543
D-S3-6 bake: dff=RedLorryHigh.dff lt=YES batch=0 baked_v0=0xFF290307
D-S3-6 bake: dff=RedLorryHigh.dff lt=YES batch=1 baked_v0=0xFF9D9D9D
D-S3-6 bake: dff=RedLorryHigh.dff lt=YES batch=2 baked_v0=0xFF333333
D-S3-6 bake: dff=RedLorryMid.dff lt=YES batch=0 baked_v0=0xFF290307
D-S3-6 bake: dff=RedLorryMid.dff lt=YES batch=1 baked_v0=0xFF333333
D-S3-6 bake: dff=RedLorryMid.dff lt=YES batch=2 baked_v0=0xFF333333
D-S3-6 bake: dff=RedLorryLow.dff lt=YES batch=0 baked_v0=0xFF7A0816
D-S3-6 bake: dff=RedLorryLow.dff lt=YES batch=1 baked_v0=0xFF333333
D-S3-6 bake: dff=RedLorryLow.dff lt=YES batch=2 baked_v0=0xFFFFFFFF
D-S3-6 bake: dff=YellowLorryHigh.dff lt=YES batch=0 baked_v0=0xFF6E5710
D-S3-6 bake: dff=YellowLorryHigh.dff lt=YES batch=1 baked_v0=0xFF333333
D-S3-6 bake: dff=YellowLorryMid.dff lt=YES batch=0 baked_v0=0xFF6E5710
D-S3-6 bake: dff=YellowLorryMid.dff lt=YES batch=1 baked_v0=0xFF333333
D-S3-6 bake: dff=YellowLorryLow.dff lt=YES batch=0 baked_v0=0xFF6E5710
D-S3-6 bake: dff=YellowLorryLow.dff lt=YES batch=1 baked_v0=0xFFFFFFFF
D-S3-6 bake: dff=WhiteArcticHigh.dff lt=YES batch=0 baked_v0=0xFF333333
D-S3-6 bake: dff=WhiteArcticHigh.dff lt=YES batch=1 baked_v0=0xFF6E6E6E
D-S3-6 bake: dff=WhiteArcticMid.dff lt=YES batch=0 baked_v0=0xFF333333
D-S3-6 bake: dff=WhiteArcticMid.dff lt=YES batch=1 baked_v0=0xFF6E6E6E
D-S3-6 bake: dff=WhiteArcticLow.dff lt=YES batch=0 baked_v0=0xFF9D9D9D
D-S3-6 bake: dff=WhiteArcticLow.dff lt=YES batch=1 baked_v0=0xFF6E6E6E
D-S3-6 bake: dff=GreenArcticHigh.dff lt=YES batch=0 baked_v0=0xFF060908
D-S3-6 bake: dff=GreenArcticHigh.dff lt=YES batch=1 baked_v0=0xFF332907
D-S3-6 bake: dff=GreenArcticHigh.dff lt=YES batch=2 baked_v0=0xFF6E6E6E
D-S3-6 bake: dff=GreenArcticMid.dff lt=YES batch=0 baked_v0=0xFF060908
D-S3-6 bake: dff=GreenArcticMid.dff lt=YES batch=1 baked_v0=0xFF332907
D-S3-6 bake: dff=GreenArcticMid.dff lt=YES batch=2 baked_v0=0xFF6E6E6E
D-S3-6 bake: dff=GreenArcticLow.dff lt=YES batch=0 baked_v0=0xFF111C18
D-S3-6 bake: dff=GreenArcticLow.dff lt=YES batch=1 baked_v0=0xFF6E6E6E
D-S3-6 bake: dff=YellowArcticHigh.dff lt=YES batch=0 baked_v0=0xFF6E5710
D-S3-6 bake: dff=YellowArcticHigh.dff lt=YES batch=1 baked_v0=0xFF333333
D-S3-6 bake: dff=YellowArcticMid.dff lt=YES batch=0 baked_v0=0xFF6E5710
D-S3-6 bake: dff=YellowArcticMid.dff lt=YES batch=1 baked_v0=0xFF333333
D-S3-6 bake: dff=YellowArcticLow.dff lt=YES batch=0 baked_v0=0xFF6E5710
D-S3-6 bake: dff=YellowArcticLow.dff lt=YES batch=1 baked_v0=0xFFFFFFFF
D-S3-6 bake: dff=Lampost.dff lt=YES batch=0 baked_v0=0xFF7F7F7F
D-S3-6 bake: dff=Jet.dff lt=YES batch=0 baked_v0=0xFF333333
D-S3-6 bake: dff=Wheels.dff lt=YES batch=0 baked_v0=0xFF333333
D-S3-6 bake: dff=Arrows.dff lt=YES batch=0 baked_v0=0xFFFFFFFF
D-S3-6 bake: dff=Arrows.dff lt=YES batch=1 baked_v0=0xFF7F7F7F
D-S3-6 bake: dff=Arrows.dff lt=YES batch=2 baked_v0=0xFFFFFFFF
D-S3-6 bake: dff=Arrows.dff lt=YES batch=3 baked_v0=0xFF7F7F7F
D-S3-6 bake: dff=Arrows.dff lt=YES batch=4 baked_v0=0xFFFFFFFF
D-S3-6 bake: dff=Arrows.dff lt=YES batch=5 baked_v0=0xFFDDDDDD
D-S3-6 bake: dff=Arrows.dff lt=YES batch=6 baked_v0=0xFFFFFFFF
D-S3-6 bake: dff=Arrows.dff lt=YES batch=7 baked_v0=0xFFC6C6C6
D-S3-6 bake: dff=LorryBrakeLights.dff lt=YES batch=0 baked_v0=0xFFFF3333
D-S3-6 bake: dff=TruckBrakeLights.dff lt=YES batch=0 baked_v0=0xFFFF3333
D-S3-6 bake: dff=ArcticBrakeLights.dff lt=YES batch=0 baked_v0=0xFFFF3333
D-S3-6 bake: dff=LorryBox.dff lt=YES batch=0 baked_v0=0xFF6E4217
D-S3-6 bake: dff=CamMan.dff lt=YES batch=0 baked_v0=0xFFE5E5E5
  F3 UV-anim: 1 .UVA rate(s); scrolling materials world=0 props=4 sky=0
  F2 copters: 2 flying, 2 models from original/TOASTART/Common\Perm.piz (0 gameplay/rule-5)
R4 track load OK: original/TOASTART/TRACKS/Highway.piz — tris=17660 verts=21914 sectors=16 mats=24 textured=24 radius=231.43 props=48 (instances=48) gates=127
  CAM-DIAG bbox=[130.1,39.5,166.0 .. -155.5,-4.0,-198.2] bbox_center=(-12.7,17.7,-16.1) bbox_R=231.4 | gate_center=(1.3,0.8,22.2) gate_R=123.1
MATCH-SEED rule=0 participants=4 teams=0 seed=6 engine=1
MATCH-SEED rule=0 participants=4 teams=0 seed=6 engine=1
R4 pickups: 27 real powerup spawns (POWERUPS_GOLD.DFF)
PUPLACE i=0 atomic=26 type=19 respawn=5.000000 pos=5.00000000,0.40000001,86.00000000 bits=40a00000,3ecccccd,42ac0000
PUPLACE i=1 atomic=25 type=17 respawn=5.000000 pos=5.00000000,0.40000001,46.00000000 bits=40a00000,3ecccccd,42380000
PUPLACE i=2 atomic=24 type=12 respawn=5.000000 pos=5.00000000,0.40000001,6.00000000 bits=40a00000,3ecccccd,40c00000
PUPLACE i=3 atomic=23 type=11 respawn=5.000000 pos=5.00000000,0.40000001,-63.02938080 bits=40a00000,3ecccccd,c27c1e16
PUDROP atomic=22 type=21 reason=blank
PUPLACE i=4 atomic=21 type=9 respawn=5.000000 pos=5.00000000,0.40000001,-31.17891312 bits=40a00000,3ecccccd,c1f96e6a
PUPLACE i=5 atomic=20 type=11 respawn=5.000000 pos=-5.00000000,0.40000001,-1.61422729 bits=c0a00000,3ecccccd,bfce9f00
PUPLACE i=6 atomic=19 type=17 respawn=5.000000 pos=-5.00000000,0.40000001,25.00000000 bits=c0a00000,3ecccccd,41c80000
PUPLACE i=7 atomic=18 type=11 respawn=5.000000 pos=-5.00000000,0.40000001,57.59533310 bits=c0a00000,3ecccccd,4266619f
PUPLACE i=8 atomic=17 type=12 respawn=5.000000 pos=-13.42770481,2.25553441,125.10543823 bits=c156d7e1,40105aad,42fa35fc
PUPLACE i=9 atomic=16 type=12 respawn=5.000000 pos=19.42707253,2.28405523,-97.07157898 bits=419b6aa5,40122df6,c2c224a6
PUPLACE i=10 atomic=15 type=19 respawn=5.000000 pos=-4.90921021,0.25532183,-30.36314201 bits=c09d1840,3e82b98b,c1f2e7b7
PUDROP atomic=14 type=21 reason=blank
PUDROP atomic=13 type=21 reason=blank
PUDROP atomic=12 type=21 reason=blank
PUDROP atomic=11 type=21 reason=blank
PUDROP atomic=10 type=21 reason=blank
PUDROP atomic=9 type=21 reason=blank
PUDROP atomic=8 type=21 reason=blank
PUDROP atomic=7 type=21 reason=blank
PUDROP atomic=6 type=21 reason=blank
PUDROP atomic=5 type=21 reason=blank
PUDROP atomic=4 type=21 reason=blank
PUDROP atomic=3 type=21 reason=blank
PUDROP atomic=2 type=21 reason=blank
PUDROP atomic=1 type=21 reason=blank
PUDROP atomic=0 type=21 reason=blank
PUINIT placed=11 of 27 spawns worldR=123.086296
CAPMODE tag=car_1_spawn.bmp mode=InRace
CAPMODE tag=01_grid.bmp mode=InRace
NAV_DEMO phase=1 01_grid ok=1 depth=1 screen=6 cur=0 nrec=3
RELIGHT_CAP tag=01_grid heading=0.00603
CAPMODE tag=car_2_drive.bmp mode=InRace
CAPMODE tag=round1_go.bmp mode=InRace
CAPMODE tag=car_3_weave.bmp mode=InRace
CAPMODE tag=01_inrace_track.bmp mode=InRace
NAV_DEMO phase=1 01_inrace_track ok=1 depth=1 screen=6 cur=0 nrec=3
RELIGHT_CAP tag=01_inrace_track heading=0.00603
R5 drive t=5.7s pos=(-4.00, 2.04, 130.46) speed=0.00
CAPMODE tag=01_action.bmp mode=InRace
NAV_DEMO phase=1 01_action ok=1 depth=1 screen=6 cur=0 nrec=3
RELIGHT_CAP tag=01_action heading=0.00603
CAPMODE tag=02_back_to_menu.bmp mode=Frontend
NAV_DEMO phase=2 02_back_to_menu ok=1 depth=1 screen=6 cur=0 nrec=3
NAV_DEMO phase=3 race-demo done ok=1 depth=1 screen=6 cur=0 nrec=3
