
=== B17 region map [winmain-entry] 0x00400000..0x009FFFFF ===
  0x00400000 +0x007DD000  COMMIT  IMAGE   protect=0x008
  --- totals: free=0KB commit=8052KB reserve=0KB ---
  B17-GRAN [winmain-entry] 0x00420000 COMMIT   .text getters (0x0042b8b0/c0, credits 0x0042d5a0)
  B17-GRAN [winmain-entry] 0x00470000 COMMIT   .text Im2D draws (0x00472c60/2f40, 0x004730b0)
  B17-GRAN [winmain-entry] 0x005C0000 COMMIT   .rdata scale consts (1/640 @5cd5a8, 1/480 @5cc560)
  B17-GRAN [winmain-entry] 0x00630000 COMMIT   .data boot params (0x00636ae8) + timer (0x0063d558)
  B17-GRAN [winmain-entry] 0x00670000 COMMIT   .data race-state array (0x0067ea10)
  B17-GRAN [winmain-entry] 0x007D0000 COMMIT   .data RW device slot (*(0x007d3ff8)) — B15 bridge
  B17-GRAN [winmain-entry] 0x007F0000 COMMIT   .bss big buffer (0x007f0f60) + input (0x007f1044)
  B17-GRAN [winmain-entry] 0x00890000 COMMIT   .bss menu-entry array + vtx buffer (0x00898a20/ac0)
B17-TLS: reserved 0/0 needed granules at TLS time (seen-free; the rest were already occupied by kernel-early NLS)
B17-PAD: image-pad arena [0x001DD600 .. 0x00BDD5FF] (exe owns the MASHED RVA range)
Frontend.piz loaded OK
  path:    original/TOASTART/Common/Frontend.piz
  size:    1257472 bytes
  version: 3
  entries: 2
  mode:    raw

  name                                                             offset     length         id
  ------------------------------------------------------------ ---------- ---------- ----------
  TEXTURES.TXD                                                 0x00001000 0x000FBCE8 0x00001AC2
  MAIN.BSP                                                     0x000FD000 0x00035BF8 0x00000AE1

TEXTURES.TXD extracted to extracted/TEXTURES.TXD (1031400 bytes)
RWS chunk tree:
[0] 0x00000023 (?) size=0x000FBCDC version=0x1803FFFF @ 0x00000000

  total chunks: 1 (containers: 0)

TXD decode (Milestone B3):
  OK: 8 textures, deviceId=1

  #   name                     w     h  bpp fmt   mips palette
  --- -------------------- ----- ----- ---- ----- ---- -------
  0   skydomegs               32    32    8 PAL8     6 yes    
  1   Shad_groundgs          128   128    8 PAL8     8 yes    
  2   Shad_car               256   256   32 ARGB     9 -      
  3   Shad_bild              256   256   32 ARGB     9 -      
  4   rendergs                64    32   32 ARGB     7 -      
  5   main                   256   256    8 PAL8     9 yes    
  6   Gravel                 128   128   32 ARGB     8 -      
  7   carbase                256   256    8 PAL8     9 yes    

=== B17 region map [pre-initd3d9] 0x00400000..0x009FFFFF ===
  0x00400000 +0x007DD000  COMMIT  IMAGE   protect=0x008
  --- totals: free=0KB commit=8052KB reserve=0KB ---
  B17-GRAN [pre-initd3d9] 0x00420000 COMMIT   .text getters (0x0042b8b0/c0, credits 0x0042d5a0)
  B17-GRAN [pre-initd3d9] 0x00470000 COMMIT   .text Im2D draws (0x00472c60/2f40, 0x004730b0)
  B17-GRAN [pre-initd3d9] 0x005C0000 COMMIT   .rdata scale consts (1/640 @5cd5a8, 1/480 @5cc560)
  B17-GRAN [pre-initd3d9] 0x00630000 COMMIT   .data boot params (0x00636ae8) + timer (0x0063d558)
  B17-GRAN [pre-initd3d9] 0x00670000 COMMIT   .data race-state array (0x0067ea10)
  B17-GRAN [pre-initd3d9] 0x007D0000 COMMIT   .data RW device slot (*(0x007d3ff8)) — B15 bridge
  B17-GRAN [pre-initd3d9] 0x007F0000 COMMIT   .bss big buffer (0x007f0f60) + input (0x007f1044)
  B17-GRAN [pre-initd3d9] 0x00890000 COMMIT   .bss menu-entry array + vtx buffer (0x00898a20/ac0)
InitD3D9: adapter mode 2560x1440 fmt=22 refresh=165
InitD3D9: CreateDevice(HAL/HW,depthA,vsdef) -> OK hr=0x00000000 OK

=== B17 region map [post-initd3d9] 0x00400000..0x009FFFFF ===
  0x00400000 +0x007DD000  COMMIT  IMAGE   protect=0x008
  --- totals: free=0KB commit=8052KB reserve=0KB ---
  B17-GRAN [post-initd3d9] 0x00420000 COMMIT   .text getters (0x0042b8b0/c0, credits 0x0042d5a0)
  B17-GRAN [post-initd3d9] 0x00470000 COMMIT   .text Im2D draws (0x00472c60/2f40, 0x004730b0)
  B17-GRAN [post-initd3d9] 0x005C0000 COMMIT   .rdata scale consts (1/640 @5cd5a8, 1/480 @5cc560)
  B17-GRAN [post-initd3d9] 0x00630000 COMMIT   .data boot params (0x00636ae8) + timer (0x0063d558)
  B17-GRAN [post-initd3d9] 0x00670000 COMMIT   .data race-state array (0x0067ea10)
  B17-GRAN [post-initd3d9] 0x007D0000 COMMIT   .data RW device slot (*(0x007d3ff8)) — B15 bridge
  B17-GRAN [post-initd3d9] 0x007F0000 COMMIT   .bss big buffer (0x007f0f60) + input (0x007f1044)
  B17-GRAN [post-initd3d9] 0x00890000 COMMIT   .bss menu-entry array + vtx buffer (0x00898a20/ac0)

Milestone B7: granule walk over 0x00500000..0x009FFFFF — 0 granules covered, 80 blocked (first blocked at 0x
Milestone B7: first blocked granule = 0x00500000
Milestone B7: g_mashed_data_mapped = false

Milestone B7: wedge status = INACTIVE (VirtualAlloc failed)

Milestone B10: frontend boot chain start
  [1] DataZeroFill (page-granular): zeroed 226212, skipped 0 bytes
  [2-pre] 0x00630000 state=0x00001000 protect=0x00000008
  [2] BootDefaultParamsInit OK
  [3] DefaultParam_SetField00/04/08 OK; readback 0x007f0f00=0x3F333333 04=0x3F333333 08=0x3F333333 (expect 0x3f333333)
  [4] RaceStateArrayZero OK; readback 0x0067ea10=0x00000000 0x0067ea14=0x00000000 (expect 0)
  [5] MenuEntryArrayInit OK; readback 0x00898ac0=0x00000000 (expect 0)
  [6] TimerSlotClear OK; readback 0x0063d558=0x00000000 (expect 0)
  [7] MainLoopInit AV'd (expected: tunnels into MASHED code section via FUN_00495110 etc.)
Milestone B10: frontend boot chain complete

Milestone B11: DirectInput8 + keyboard device acquired (cooperative = background+nonexclusive)

Milestone B14: MASHED input-globals wedge probe = OK (wrote 0xA5 to 0x007f1044, readback=0xA5)

Milestone B5: uploading 8 textures for atlas
  slot 0: 'skydomegs' 32x32 PAL8 mips=6 OK
  slot 1: 'Shad_groundgs' 128x128 PAL8 mips=8 OK
  slot 2: 'Shad_car' 256x256 ARGB mips=9 OK
  slot 3: 'Shad_bild' 256x256 ARGB mips=9 OK
  slot 4: 'rendergs' 64x32 ARGB mips=7 OK
  slot 5: 'main' 256x256 PAL8 mips=9 OK
  slot 6: 'Gravel' 128x128 ARGB mips=8 OK
  slot 7: 'carbase' 256x256 PAL8 mips=9 OK
  Milestone B5: 8/8 textures uploaded into atlas

Milestone B15: RW Im2D->D3D9 bridge install = OK (fake RW device at *(0x007d3ff8); HudIm2DQuad routes to D3D9)

Milestone B16: standalone RVA thunks — map_text=1 map_scale=1 scale_ok=1 thunks=6/6 (b8b0=1 b8c0=1 d5a0=1 f40=1 30b0=1 2c60=1)
Milestone B16: MenuChromeShellA ready = YES (real MASHED menu chrome via the B15 bridge)

B19a: original/TOASTART/Common/Perm.piz :: BACKGROUND.PNG decode+upload OK (340x240) -> slot 8 handle 2

B19a: original/TOASTART/Common/Font36.piz :: MASHEDNEWLOGO.PNG decode+upload OK (256x128) -> slot 9 handle 3

B19b: message table original/TOASTART/Common/Font36.piz/ENGLISH.DAT loaded (33626 bytes)
B19b: menu item id=33 "Single Player" 195x39 -> slot 10 handle 4
B19b: menu item id=34 "Multi Player" 175x39 -> slot 11 handle 5
B19b: menu item id=35 "Championship" 214x39 -> slot 12 handle 6
B19b: menu item id=36 "Time Trial" 148x39 -> slot 13 handle 7
B19b: menu item id=39 "Options" 120x39 -> slot 14 handle 8
B19b: 5 menu items ready

R2-5: badges.txd 'Button' 16x32 upload OK (dict has 23 textures)
R2-5: badges.txd 'Arrow' 16x16 upload OK
F38: badges.txd 'lock' 16x16 fmt=PAL4 upload OK (ok)
F38: badges.txd 'check' 16x16 fmt=PAL4 upload OK (ok)
F38: badges.txd 'dot' 16x16 fmt=PAL4 upload OK (ok)
F2 track previews: 24/24 loaded; veh 8/8
powerup icons: dict=11 loaded=11 ready=1
standings assets: iface=6/6 epp=5/5 panel=2/2 ready=1
F38: interface.txd 'MultiPlayer' 64x64 upload OK

#25 color-select: INTERFACE.TXD cars 10/10, vs OK, star OK (dict has 30 textures)

#10 input icons: PC.TXD decode OK, 2/2 (kbd+joypad)

loadicon: 256x128 decode+upload OK

B19a: original/TOASTART/Common/Font36.piz :: BIGE.BMP decode+upload OK (32x32) -> slot 57 handle 48
F1 frontend.mpg: RUNNING (512x512)
R2-2 gamesave load: LOADED (DEADBEEF save) (original/gamesave.bin)

B19 faithful font (FGDC20): load OK (height=33.0)

MenuStringTable (id->glyph-string): load OK size=33626 ids=677
  self-check id 0x21 len=13 "Single Player"
  self-check id 0x22 len=12 "Multi Player"
  self-check id 0x23 len=12 "Championship"
  self-check id 0x24 len=10 "Time Trial"
  self-check id 0x27 len=7 "Options"

B17-SUMMARY reached-main-loop chrome=YES thunks=6/6
CAPMODE tag=00_challengeselect.bmp mode=Frontend
NAV_DEMO phase=0 00_challengeselect ok=1 depth=1 screen=6 cur=0 nrec=3
  WS-E lights: ambient=0xFF404040 (RGB 64,64,64) sun=0xFFE6E6E6 dir=(-0.246,-0.882,-0.402)
D3D9 world.tris mat[0]=153 tex=1
D3D9 world.tris mat[1]=187 tex=1
D3D9 world.tris mat[2]=22 tex=1
D3D9 world.tris mat[3]=20 tex=1
D3D9 world.tris mat[4]=35 tex=1
D3D9 world.tris mat[5]=196 tex=1
D3D9 world.tris mat[6]=88 tex=1
D3D9 world.tris mat[7]=455 tex=1
D3D9 world.tris mat[8]=419 tex=1
D3D9 world.tris mat[9]=308 tex=1
D3D9 world.tris mat[10]=217 tex=1
D3D9 world.tris mat[11]=19 tex=1
D3D9 world.tris mat[12]=391 tex=1
D3D9 world.tris mat[13]=1325 tex=1
D3D9 world.tris mat[14]=1021 tex=1
D3D9 world.tris mat[15]=3099 tex=1
D3D9 world.tris mat[16]=28 tex=1
D3D9 world.tris mat[17]=77 tex=1
D3D9 world.tris mat[18]=404 tex=1
D3D9 world.tris mat[19]=12 tex=1
D3D9 world.tris mat[20]=190 tex=1
D3D9 world.tris mat[21]=8 tex=1
D3D9 world.tris mat[22]=518 tex=1
D3D9 world.tris mat[23]=14 tex=1
D3D9 world.tris mat[24]=186 tex=1
D3D9 world.tris mat[25]=19 tex=1
D3D9 world.tris mat[26]=36 tex=1
D3D9 world.tris mat[27]=4 tex=1
D3D9 world.tris mat[28]=18 tex=1
D3D9 world.tris mat[29]=406 tex=1
D3D9 world.tris mat[30]=10 tex=1
D3D9 world.tris mat[31]=30 tex=0
D3D9 world.tris mat[32]=384 tex=1
D3D9 world.tris mat[33]=1152 tex=1
D3D9 world.tris mat[34]=1006 tex=1
D3D9 world.tris mat[35]=369 tex=1
D-S3-6 bake: dff=WhiteTyre.dff lt=YES batch=0 baked_v0=0xFF404040
D-S3-6 bake: dff=RedTyre.dff lt=YES batch=0 baked_v0=0xFF404040
D-S3-6 bake: dff=Crate01.dff lt=YES batch=0 baked_v0=0xFF404040
D-S3-6 bake: dff=Sign01.dff lt=YES batch=0 baked_v0=0xFF5E5E5E
D-S3-6 bake: dff=Sign02.dff lt=YES batch=0 baked_v0=0xFF404040
D-S3-6 bake: dff=Trucktyre.dff lt=YES batch=0 baked_v0=0xFF404040
D-S3-6 bake: dff=Hut01.dff lt=YES batch=0 baked_v0=0xFF404040
D-S3-6 bake: dff=Wall01.dff lt=YES batch=0 baked_v0=0xFF404040
D-S3-6 bake: dff=Wall02.dff lt=YES batch=0 baked_v0=0xFFFFFFFF
D-S3-6 bake: dff=Wall03.dff lt=YES batch=0 baked_v0=0xFF404040
D-S3-6 bake: dff=Wall04.dff lt=YES batch=0 baked_v0=0xFF404040
D-S3-6 bake: dff=Bridge.dff lt=YES batch=0 baked_v0=0xFFC5C5C5
D-S3-6 bake: dff=RBarrel.dff lt=YES batch=0 baked_v0=0xFF404040
D-S3-6 bake: dff=Sign02.dff lt=YES batch=0 baked_v0=0xFF404040
D-S3-6 bake: dff=Shrub01.dff lt=YES batch=0 baked_v0=0xFF8D8D8D
D-S3-6 bake: dff=crane.dff lt=YES batch=0 baked_v0=0xFF404040
D-S3-6 bake: dff=crane.dff lt=YES batch=1 baked_v0=0xFF404040
D-S3-6 bake: dff=crane.dff lt=YES batch=2 baked_v0=0xFF404040
D-S3-6 bake: dff=crane.dff lt=YES batch=3 baked_v0=0xFF787878
D-S3-6 bake: dff=crane.dff lt=YES batch=4 baked_v0=0xFF3D230E
D-S3-6 bake: dff=railcar.dff lt=YES batch=0 baked_v0=0xFF676767
D-S3-6 bake: dff=railcar.dff lt=YES batch=1 baked_v0=0xFFE3E3E3
D-S3-6 bake: dff=FatTree.dff lt=YES batch=0 baked_v0=0xFFBDBFA8
D-S3-6 bake: dff=FatTree.dff lt=YES batch=1 baked_v0=0xFFBFBFBF
D-S3-6 bake: dff=Gib.dff lt=YES batch=0 baked_v0=0xFFD0D0D0
D-S3-6 bake: dff=Gib.dff lt=YES batch=1 baked_v0=0xFF404040
D-S3-6 bake: dff=Gib.dff lt=YES batch=2 baked_v0=0xFFD2D2D2
D-S3-6 bake: dff=Girders.dff lt=YES batch=0 baked_v0=0xFF40250F
D-S3-6 bake: dff=Convayers.dff lt=YES batch=0 baked_v0=0xFF737373
D-S3-6 bake: dff=Handrail.dff lt=YES batch=0 baked_v0=0xFF737373
D-S3-6 bake: dff=Hrail.dff lt=YES batch=0 baked_v0=0xFF737373
D-S3-6 bake: dff=Hrail.dff lt=YES batch=1 baked_v0=0xFFDADADA
D-S3-6 bake: dff=Hrail.dff lt=YES batch=2 baked_v0=0xFF737373
D-S3-6 bake: dff=Hut01.dff lt=YES batch=0 baked_v0=0xFF404040
D-S3-6 bake: dff=Girders02.dff lt=YES batch=0 baked_v0=0xFF955523
D-S3-6 bake: dff=Girders02.dff lt=YES batch=1 baked_v0=0xFF955523
D-S3-6 bake: dff=Girders02.dff lt=YES batch=2 baked_v0=0xFF955523
D-S3-6 bake: dff=Girders02.dff lt=YES batch=3 baked_v0=0xFF955523
D-S3-6 bake: dff=CamMan.dff lt=YES batch=0 baked_v0=0xFFF2F2F2
D-S3-6 bake: dff=RailTrack.dff lt=YES batch=0 baked_v0=0xFFC3C3C3
D-S3-6 bake: dff=RailTrack.dff lt=YES batch=1 baked_v0=0xFFC6C6C6
D-S3-6 bake: dff=RailTrack.dff lt=YES batch=2 baked_v0=0xFFABABAB
D-S3-6 bake: dff=RailTrack.dff lt=YES batch=3 baked_v0=0xFFC8C8C8
D-S3-6 bake: dff=RailTrack.dff lt=YES batch=4 baked_v0=0xFF777777
D-S3-6 bake: dff=RailTrack.dff lt=YES batch=5 baked_v0=0xFF737373
D-S3-6 bake: dff=RailTrack.dff lt=YES batch=6 baked_v0=0xFF737373
D-S3-6 bake: dff=RailTrack.dff lt=YES batch=7 baked_v0=0xFF737373
D-S3-6 bake: dff=RailTrack.dff lt=YES batch=8 baked_v0=0xFF737373
D-S3-6 bake: dff=RailTrack.dff lt=YES batch=9 baked_v0=0xFF737373
D-S3-6 bake: dff=RailTrack.dff lt=YES batch=10 baked_v0=0xFF737373
D-S3-6 bake: dff=RailTrack.dff lt=YES batch=11 baked_v0=0xFFC5C5C5
D-S3-6 bake: dff=RailTrack.dff lt=YES batch=12 baked_v0=0xFF737373
D-S3-6 bake: dff=RailTrack.dff lt=YES batch=13 baked_v0=0xFF737373
D-S3-6 bake: dff=RailTrack.dff lt=YES batch=14 baked_v0=0xFF737373
D-S3-6 bake: dff=RailTrack.dff lt=YES batch=15 baked_v0=0xFF737373
D-S3-6 bake: dff=Ads.dff lt=YES batch=0 baked_v0=0xFF7F7F7F
D-S3-6 bake: dff=Ads.dff lt=YES batch=1 baked_v0=0xFF7F7F7F
D-S3-6 bake: dff=Ads.dff lt=YES batch=2 baked_v0=0xFF7F7F7F
D-S3-6 bake: dff=Ads.dff lt=YES batch=3 baked_v0=0xFFB5B5B5
D-S3-6 bake: dff=Ads.dff lt=YES batch=4 baked_v0=0xFFD0D0D0
D-S3-6 bake: dff=Ads.dff lt=YES batch=5 baked_v0=0xFFD0D0D0
D-S3-6 bake: dff=Ads.dff lt=YES batch=6 baked_v0=0xFF959595
D-S3-6 bake: dff=Ads.dff lt=YES batch=7 baked_v0=0xFF7F7F7F
D-S3-6 bake: dff=Ads.dff lt=YES batch=8 baked_v0=0xFF7F7F7F
D-S3-6 bake: dff=Ads.dff lt=YES batch=9 baked_v0=0xFF7F7F7F
D-S3-6 bake: dff=Ads.dff lt=YES batch=10 baked_v0=0xFF7F7F7F
D-S3-6 bake: dff=Ads.dff lt=YES batch=11 baked_v0=0xFF7F7F7F
D-S3-6 bake: dff=Ads.dff lt=YES batch=12 baked_v0=0xFF7F7F7F
D-S3-6 bake: dff=Ads.dff lt=YES batch=13 baked_v0=0xFF7F7F7F
D-S3-6 bake: dff=Ads.dff lt=YES batch=14 baked_v0=0xFF7F7F7F
D-S3-6 bake: dff=Ads.dff lt=YES batch=15 baked_v0=0xFF7F7F7F
D-S3-6 bake: dff=Ads.dff lt=YES batch=16 baked_v0=0xFF7F7F7F
D-S3-6 bake: dff=Ads.dff lt=YES batch=17 baked_v0=0xFF7F7F7F
D-S3-6 bake: dff=Ads.dff lt=YES batch=18 baked_v0=0xFFD3D3D3
D-S3-6 bake: dff=Ads.dff lt=YES batch=19 baked_v0=0xFFD9D9D9
D-S3-6 bake: dff=Ads.dff lt=YES batch=20 baked_v0=0xFFD9D9D9
D-S3-6 bake: dff=Ads.dff lt=YES batch=21 baked_v0=0xFF9A9A9A
D-S3-6 bake: dff=Ads.dff lt=YES batch=22 baked_v0=0xFF7F7F7F
D-S3-6 bake: dff=Ads.dff lt=YES batch=23 baked_v0=0xFF7F7F7F
D-S3-6 bake: dff=Ads.dff lt=YES batch=24 baked_v0=0xFF7F7F7F
D-S3-6 bake: dff=Ads.dff lt=YES batch=25 baked_v0=0xFF7F7F7F
D-S3-6 bake: dff=Ads.dff lt=YES batch=26 baked_v0=0xFF7F7F7F
D-S3-6 bake: dff=Pylon_H.dff lt=YES batch=0 baked_v0=0xFF919191
D-S3-6 bake: dff=Pylon_L.dff lt=YES batch=0 baked_v0=0xFFAEAEAE
D-S3-6 bake: dff=Frame_H.dff lt=YES batch=0 baked_v0=0xFF9D9D9D
D-S3-6 bake: dff=Frame_L.dff lt=YES batch=0 baked_v0=0xFF989898
  F3 UV-anim: 0 .UVA rate(s); scrolling materials world=0 props=0 sky=0
  F2 copters: 6 flying, 4 models from original/TOASTART/Common\Perm.piz (1 gameplay/rule-5)
R4 track load OK: original/TOASTART/TRACKS/rouabout.piz — tris=12826 verts=13673 sectors=12 mats=36 textured=35 radius=97.89 props=32 (instances=56) gates=77
  CAM-DIAG bbox=[54.0,11.6,73.9 .. -62.8,-4.3,-83.3] bbox_center=(-4.4,3.7,-4.7) bbox_R=97.9 | gate_center=(-5.4,2.7,4.9) gate_R=44.6
MATCH-SEED rule=0 participants=4 teams=0 seed=6 engine=1
MATCH-SEED rule=0 participants=4 teams=0 seed=6 engine=1
R4 pickups: 13 real powerup spawns (POWERUPS_GOLD.LUA)
CAPMODE tag=car_1_spawn.bmp mode=InRace
CAPMODE tag=01_grid.bmp mode=InRace
NAV_DEMO phase=1 01_grid ok=1 depth=1 screen=6 cur=0 nrec=3
RELIGHT_CAP tag=01_grid heading=1.63530
CAPMODE tag=car_2_drive.bmp mode=InRace
CAPMODE tag=round1_go.bmp mode=InRace
CAPMODE tag=car_3_weave.bmp mode=InRace
CAPMODE tag=01_inrace_track.bmp mode=InRace
NAV_DEMO phase=1 01_inrace_track ok=1 depth=1 screen=6 cur=0 nrec=3
RELIGHT_CAP tag=01_inrace_track heading=1.63530
R5 drive t=5.7s pos=(-14.41, -0.41, -21.78) speed=0.00
CAPMODE tag=01_action.bmp mode=InRace
NAV_DEMO phase=1 01_action ok=1 depth=1 screen=6 cur=0 nrec=3
RELIGHT_CAP tag=01_action heading=1.63530
CAPMODE tag=02_back_to_menu.bmp mode=Frontend
NAV_DEMO phase=2 02_back_to_menu ok=1 depth=1 screen=6 cur=0 nrec=3
NAV_DEMO phase=3 race-demo done ok=1 depth=1 screen=6 cur=0 nrec=3
