OFFMESH n=1 want=(-24.179264068603516,21.540245056152344) from=(-24.283870697021484,0.037500001490116119,21.536895751953125) to=(-24.283870697021484,0.037500001490116119,21.236896514892578) sp=2275.886962890625->1137.9434814453125 yaw=-0.2349257618188858->4.7123889923095703 gate=1
OFFMESH n=2 want=(-24.248071670532227,22.072500228881836) from=(-24.265247344970703,0.037500001490116119,22.000585556030273) to=(-24.265247344970703,0.037500001490116119,22.30058479309082) sp=1600.9014892578125->800.45074462890625 yaw=1.1806817054748535->1.5707963705062866 gate=1
OFFMESH n=3 want=(-24.244033813476562,23.007326126098633) from=(-24.256229400634766,0.037500001490116119,22.946453094482422) to=(-24.256229400634766,0.037500001490116119,23.246452331542969) sp=1341.964111328125->670.9820556640625 yaw=1.2746069431304932->1.5707963705062866 gate=1
OFFMESH n=4 want=(-24.248737335205078,23.865701675415039) from=(-24.258100509643555,0.037500001490116119,23.809244155883789) to=(-24.258100509643555,0.037500001490116119,24.109243392944336) sp=1236.2801513671875->618.14007568359375 yaw=1.3478051424026489->1.5707963705062866 gate=2
OFFMESH n=5 want=(-24.245555877685547,24.61109733581543) from=(-24.25248908996582,0.037500001490116119,24.564298629760742) to=(-24.25248908996582,0.037500001490116119,24.864297866821289) sp=1021.9302368164062->510.96511840820312 yaw=1.381501317024231->1.5707963705062866 gate=2
OFFMESH n=6 want=(-24.247087478637695,25.289575576782227) from=(-24.252054214477539,0.037500001490116119,25.248615264892578) to=(-24.252054214477539,0.037500001490116119,25.548614501953125) sp=891.26092529296875->445.63046264648438 yaw=1.4397193193435669->1.5707963705062866 gate=2
OFFMESH n=7 want=(-24.246931076049805,25.958879470825195) from=(-24.251560211181641,0.037500001490116119,25.921051025390625) to=(-24.251560211181641,0.037500001490116119,26.221050262451172) sp=823.4300537109375->411.71502685546875 yaw=1.45775306224823->1.5707963705062866 gate=2
OFFMESH n=8 want=(-24.247039794921875,26.636615753173828) from=(-24.251535415649414,0.037500001490116119,26.599981307983398) to=(-24.251535415649414,0.037500001490116119,26.899980545043945) sp=797.535400390625->398.7677001953125 yaw=1.4636099338531494->1.5707963705062866 gate=2
OFFMESH n=9 want=(-24.247095108032227,27.341041564941406) from=(-24.252071380615234,0.037500001490116119,27.303503036499023) to=(-24.252071380615234,0.037500001490116119,27.60350227355957) sp=818.2952880859375->409.14764404296875 yaw=1.4576568603515625->1.5707963705062866 gate=3
OFFMESH n=10 want=(-24.24913215637207,27.911296844482422) from=(-24.25230598449707,0.037500001490116119,27.878946304321289) to=(-24.25230598449707,0.037500001490116119,28.178945541381836) sp=702.56414794921875->351.28207397460938 yaw=1.5022481679916382->1.5707963705062866 gate=3
OFFMESH n=11 want=(-24.247428894042969,28.503261566162109) from=(-24.250734329223633,0.037500001490116119,28.472822189331055) to=(-24.250734329223633,0.037500001490116119,28.772821426391602) sp=661.8704833984375->330.93524169921875 yaw=1.4972516298294067->1.5707963705062866 gate=3
OFFMESH n=12 want=(-24.24928092956543,29.078582763671875) from=(-24.251977920532227,0.037500001490116119,29.049833297729492) to=(-24.251977920532227,0.037500001490116119,29.349832534790039) sp=624.24835205078125->312.12417602539062 yaw=1.5158681869506836->1.5707963705062866 gate=3
OFFMESH n=13 want=(-24.177034378051758,30.023780822753906) from=(-24.189655303955078,0.037500001490116119,29.98176383972168) to=(-24.304460525512695,0.037500001490116119,30.258928298950195) sp=947.82427978515625->473.91213989257812 yaw=1.2807074785232544->1.9634954929351807 gate=3
OFFMESH n=14 want=(-24.245063781738281,30.953290939331055) from=(-24.257356643676758,0.037500001490116119,30.906972885131836) to=(-24.257356643676758,0.037500001490116119,31.206972122192383) sp=1035.123046875->517.5615234375 yaw=1.2765591144561768->1.5707963705062866 gate=3
OFFMESH n=15 want=(-24.245052337646484,31.763175964355469) from=(-24.252288818359375,0.037500001490116119,31.718574523925781) to=(-24.252288818359375,0.037500001490116119,32.018573760986328) sp=975.99176025390625->487.99588012695312 yaw=1.3877960443496704->1.5707963705062866 gate=4
OFFMESH n=16 want=(-24.246179580688477,32.345615386962891) from=(-24.250076293945312,0.037500001490116119,32.309280395507812) to=(-24.250076293945312,0.037500001490116119,32.609279632568359) sp=789.6483154296875->394.82415771484375 yaw=1.4785940647125244->1.5707963705062866 gate=4
OFFMESH n=17 want=(-24.249677658081055,32.875175476074219) from=(-24.252069473266602,0.037500001490116119,32.845249176025391) to=(-24.252069473266602,0.037500001490116119,33.145248413085938) sp=648.9638671875->324.48193359375 yaw=1.5252645015716553->1.5707963705062866 gate=4
OFFMESH n=18 want=(-24.248147964477539,33.445087432861328) from=(-24.25098991394043,0.037500001490116119,33.416908264160156) to=(-24.25098991394043,0.037500001490116119,33.716907501220703) sp=612.2734375->306.13671875 yaw=1.5101996660232544->1.5707963705062866 gate=4
OFFMESH n=19 want=(-24.24787712097168,34.027790069580078) from=(-24.250675201416016,0.037500001490116119,33.999958038330078) to=(-24.250675201416016,0.037500001490116119,34.299957275390625) sp=604.7725830078125->302.38629150390625 yaw=1.5116951465606689->1.5707963705062866 gate=4
OFFMESH n=20 want=(-24.247867584228516,34.635822296142578) from=(-24.250885009765625,0.037500001490116119,34.607074737548828) to=(-24.250885009765625,0.037500001490116119,34.907073974609375) sp=624.9200439453125->312.46002197265625 yaw=1.5054754018783569->1.5707963705062866 gate=4
OFFMESH n=21 want=(-24.247718811035156,35.285037994384766) from=(-24.251296997070312,0.037500001490116119,35.254024505615234) to=(-24.251296997070312,0.037500001490116119,35.554023742675781) sp=674.87457275390625->337.43728637695312 yaw=1.4901027679443359->1.5707963705062866 gate=5
OFFMESH n=22 want=(-24.248868942260742,35.605289459228516) from=(-24.250066757202148,0.037500001490116119,35.587436676025391) to=(-24.250066757202148,0.037500001490116119,35.887435913085938) sp=386.686279296875->193.3431396484375 yaw=1.5377986431121826->1.5707963705062866 gate=5
OFFMESH n=23 want=(-24.24920654296875,35.897281646728516) from=(-24.250066757202148,0.037500001490116119,35.887435913085938) to=(-24.250066757202148,0.037500001490116119,36.187435150146484) sp=213.608642578125->106.8043212890625 yaw=1.5292975902557373->1.5707963705062866 gate=5
OFFMESH n=24 want=(-20.663175582885742,35.922813415527344) from=(-20.666032791137695,-4.0624747276306152,36.008876800537109) to=(-20.966032028198242,-4.0624747276306152,36.008876800537109) sp=1869.56494140625->934.782470703125 yaw=-1.7711324691772461->3.1415927410125732 gate=5
OFFMESH n=25 want=(-16.825099945068359,35.914726257324219) from=(-16.807474136352539,-4.0624747276306152,36.018230438232422) to=(-17.107473373413086,-4.0624747276306152,36.018230438232422) sp=2280.3740234375->1140.18701171875 yaw=-2.0055081844329834->3.1415927410125732 gate=10
OFFMESH n=26 want=(-15.003623962402344,35.882965087890625) from=(-15.082106590270996,-4.0624747276306152,35.933326721191406) to=(-14.782106399536133,-4.0624747276306152,35.933326721191406) sp=2020.4915771484375->1010.2457885742188 yaw=-0.7612006664276123->0 gate=10
OFFMESH n=27 want=(-12.589138984680176,35.887496948242188) from=(-12.672637939453125,-4.0624747276306152,35.938076019287109) to=(-12.372637748718262,-4.0624747276306152,35.938076019287109) sp=2113.998779296875->1056.9993896484375 yaw=-0.72160863876342773->0 gate=11
OFFMESH n=28 want=(-10.308589935302734,35.880714416503906) from=(-10.394801139831543,-4.0624747276306152,35.927616119384766) to=(-10.09480094909668,-4.0624747276306152,35.927616119384766) sp=2125.204345703125->1062.6021728515625 yaw=-0.67482364177703857->0 gate=11
OFFMESH n=29 want=(-7.7624750137329102,35.918987274169922) from=(-7.8501453399658203,-4.0624747276306152,35.970333099365234) to=(-7.550145149230957,-4.0624747276306152,35.970333099365234) sp=2200.715576171875->1100.3577880859375 yaw=-0.71775728464126587->0 gate=12
OFFMESH n=30 want=(-5.355644702911377,35.915134429931641) from=(-5.4428043365478516,-4.0624747276306152,35.964908599853516) to=(-5.1428041458129883,-4.0624747276306152,35.964908599853516) sp=2173.851806640625->1086.9259033203125 yaw=-0.70260858535766602->0 gate=13
OFFMESH n=31 want=(-3.1371936798095703,35.895492553710938) from=(-3.2234451770782471,-4.0624747276306152,35.941509246826172) to=(-2.9234452247619629,-4.0624747276306152,35.941509246826172) sp=2116.8251953125->1058.41259765625 yaw=-0.66543012857437134->0 gate=13
OFFMESH n=32 want=(-0.68313813209533691,35.900962829589844) from=(-0.77002429962158203,-4.0624747276306152,35.951335906982422) to=(0.07850414514541626,-4.0624747276306152,35.102809906005859) sp=2175.211181640625->1087.6055908203125 yaw=-0.70941776037216187->5.4977874755859375 gate=14
OFFMESH n=33 want=(-0.51180601119995117,30.452468872070312) from=(-0.41759777069091797,-4.0624747276306152,30.390388488769531) to=(-0.41759777069091797,-4.0624747276306152,30.690387725830078) sp=2453.906494140625->1226.9532470703125 yaw=2.2310161590576172->1.5707963705062866 gate=15
OFFMESH n=34 want=(-0.45982605218887329,25.94267463684082) from=(-0.35905253887176514,-4.0624747276306152,25.892246246337891) to=(-0.35905253887176514,-4.0624747276306152,26.192245483398438) sp=2450.908203125->1225.4541015625 yaw=2.3504781723022461->1.5707963705062866 gate=15
OFFMESH n=35 want=(-0.44508674740791321,21.93280029296875) from=(-0.35742646455764771,-4.0624747276306152,21.863071441650391) to=(-0.35742646455764771,-4.0624747276306152,22.163070678710938) sp=2435.86572265625->1217.932861328125 yaw=2.14927077293396->1.5707963705062866 gate=34
OFFMESH n=36 want=(-0.4934065043926239,19.068243026733398) from=(-0.42100238800048828,-4.0624747276306152,19.151666641235352) to=(-0.42100238800048828,-4.0624747276306152,18.851667404174805) sp=2394.89453125->1197.447265625 yaw=-2.5091037750244141->4.7123889923095703 gate=34
OFFMESH n=37 want=(-0.47386974096298218,15.523326873779297) from=(-0.39831286668777466,-4.0624747276306152,15.606033325195312) to=(-0.39831286668777466,-4.0624747276306152,15.306033134460449) sp=2429.24951171875->1214.624755859375 yaw=-2.5429091453552246->4.7123889923095703 gate=35
OFFMESH n=38 want=(-0.50055152177810669,11.96108341217041) from=(-0.42348945140838623,-4.0624747276306152,12.042698860168457) to=(-0.42348945140838623,-4.0624747276306152,11.742698669433594) sp=2434.20556640625->1217.102783203125 yaw=-2.560610294342041->4.7123889923095703 gate=35
OFFMESH n=39 want=(-0.51046156883239746,7.9958186149597168) from=(-0.42485511302947998,-4.0624747276306152,8.0721530914306641) to=(-0.42485511302947998,-4.0624747276306152,7.7721529006958008) sp=2488.31591796875->1244.157958984375 yaw=-2.6625807285308838->4.7123889923095703 gate=36
OFFMESH n=40 want=(-0.51334977149963379,3.9972047805786133) from=(-0.42730391025543213,-4.0624747276306152,4.0734329223632812) to=(-0.42730391025543213,-4.0624747276306152,3.7734329700469971) sp=2494.02587890625->1247.012939453125 yaw=-2.6677508354187012->4.7123889923095703 gate=37
OFFMESH n=41 want=(-0.51540076732635498,-0.004495374858379364) from=(-0.42932045459747314,-4.0624747276306152,0.071734324097633362) to=(-0.42932045459747314,-4.0624747276306152,-0.22826568782329559) sp=2494.62158203125->1247.310791015625 yaw=-2.6681444644927979->4.7123889923095703 gate=38
OFFMESH n=42 want=(-0.51693570613861084,-4.0065145492553711) from=(-0.43086069822311401,-4.0624747276306152,-3.9302747249603271) to=(-0.43086069822311401,-4.0624747276306152,-4.2302746772766113) sp=2494.68359375->1247.341796875 yaw=-2.6680688858032227->4.7123889923095703 gate=39
OFFMESH n=43 want=(-0.51803052425384521,-8.0085659027099609) from=(-0.43196403980255127,-4.0624747276306152,-7.9323158264160156) to=(-0.43196403980255127,-4.0624747276306152,-8.2323160171508789) sp=2494.68994140625->1247.344970703125 yaw=-2.6679568290710449->4.7123889923095703 gate=40
OFFMESH n=44 want=(-0.51873117685317993,-12.010621070861816) from=(-0.43267273902893066,-4.0624747276306152,-11.934362411499023) to=(-0.43267273902893066,-4.0624747276306152,-12.234362602233887) sp=2494.690673828125->1247.3453369140625 yaw=-2.6678504943847656->4.7123889923095703 gate=41
OFFMESH n=45 want=(-0.51907777786254883,-16.012676239013672) from=(-0.43302667140960693,-4.0624747276306152,-15.936408996582031) to=(-0.43302667140960693,-4.0624747276306152,-16.236408233642578) sp=2494.69091796875->1247.345458984375 yaw=-2.6677546501159668->4.7123889923095703 gate=42
OFFMESH n=46 want=(-0.51910638809204102,-20.014724731445312) from=(-0.43306183815002441,-4.0624747276306152,-19.938449859619141) to=(-0.43306183815002441,-4.0624747276306152,-20.238449096679688) sp=2494.69091796875->1247.345458984375 yaw=-2.6676685810089111->4.7123889923095703 gate=43
