t6c=(0,0.118183404,-0.310108006) acc=(1.64923648e-08,0.606258035,1.63206835e-08) cnt=2 sp=1856.56628
   damp l74=0.0918744802 damp=0.275623441 cap=0 key0=-1 pre=(-1708.06042,3.05175781e-05,706.341064) preDamp=(716.319214,-325.472168,565.111816)
t6c=(0,0.0348924026,-0.120031334) acc=(4.50332216e-09,0.193049625,-0.0721792653) cnt=2 sp=260.901062
   damp l74=0.233801305 damp=0.701403916 cap=0 key0=-1 pre=(-200.430206,-0.00436019897,164.740265) preDamp=(167.272705,-38.7347069,151.921249)
t6c=(0,0.0384083763,-0.118952923) acc=(2.35328734e-09,0.113243125,-0.0823560655) cnt=2 sp=146.999466
   damp l74=0.211721539 damp=0.635164618 cap=0 key0=-1 pre=(-115.79232,-0.109399796,89.163826) preDamp=(135.017914,-22.5340176,80.919693)
t6c=(0,0.042022977,-0.11772456) acc=(1.39550271e-09,0.079211019,-0.0862544328) cnt=2 sp=135.657089
   damp l74=0.219678104 damp=0.659034312 cap=0 key0=-1 pre=(-105.71067,-0.134033203,83.1102753) preDamp=(131.017975,-20.5915775,74.7956009)
t6c=(0,0.0458872095,-0.116272792) acc=(9.82718462e-10,0.0650908649,-0.0844851732) cnt=2 sp=131.913269
   damp l74=0.21245259 damp=0.637357771 cap=0 key0=-1 pre=(-103.747314,-0.0389709473,80.0544739) preDamp=(130.013138,-20.0814571,71.0484467)
t6c=(0,0.0474981591,-0.115624063) acc=(7.04522718e-10,0.0638949275,-0.101907782) cnt=2 sp=91.3643036
   damp l74=0.191497147 damp=0.574491441 cap=0 key0=-1 pre=(-73.7599945,-2.57492065e-05,52.7794037) preDamp=(118.383667,-14.239769,46.1190414)
t6c=(0,0.0469795428,-0.115835756) acc=(4.07100159e-10,0.0583634675,-0.110422477) cnt=2 sp=68.6837769
   damp l74=0.185232639 damp=0.555697918 cap=0 key0=-1 pre=(-55.8892365,9.53674316e-07,38.7555161) preDamp=(111.511139,-10.7905436,33.7726784)
t6c=(0,0.0465195179,-0.116021268) acc=(2.55009097e-10,0.0619141795,-0.131532192) cnt=2 sp=55.4661255
   damp l74=0.184454799 damp=0.553364396 cap=0 key0=-1 pre=(-45.1735344,0,30.9274616) preDamp=(107.404251,-8.72426033,26.9446163)
t6c=(0,0.0462583005,-0.116125651) acc=(1.735522e-10,0.0601915717,-0.13447766) cnt=2 sp=54.9871407
   damp l74=0.183544993 damp=0.55063498 cap=0 key0=-1 pre=(-44.8344841,0,30.5702362) preDamp=(107.279221,-8.65965271,26.6426182)
t6c=(0,0.046017278,-0.116221383) acc=(1.28588418e-10,0.0629013106,-0.145684883) cnt=2 sp=55.1251907
   damp l74=0.183530748 damp=0.550592244 cap=0 key0=-1 pre=(-44.9480095,0,30.6500797) preDamp=(107.329239,-8.68253899,26.7358265)
t6c=(0,0.0457715653,-0.116318375) acc=(1.05821844e-10,0.0604897179,-0.142274484) cnt=2 sp=55.0639114
   damp l74=0.182618439 damp=0.547855318 cap=0 key0=-1 pre=(-44.9487343,0,30.5395088) preDamp=(107.335419,-8.68358612,26.6489334)
t6c=(0,0.0455385968,-0.116409779) acc=(8.98601471e-11,0.0628154352,-0.1503295) cnt=2 sp=55.2200012
   damp l74=0.182621062 damp=0.547863185 cap=0 key0=-1 pre=(-45.0761566,0,30.6311493) preDamp=(107.390579,-8.7091198,26.7520428)
t6c=(0,0.0453005247,-0.11650262) acc=(8.54034343e-11,0.0602058209,-0.144899905) cnt=2 sp=55.1578979
   damp l74=0.181726813 damp=0.54518044 cap=0 key0=-1 pre=(-45.0752296,0,30.5212708) preDamp=(107.395844,-8.70980358,26.6652164)
t6c=(0,0.045075126,-0.11659003) acc=(7.86006052e-11,0.0623989776,-0.151962847) cnt=2 sp=55.3129616
   damp l74=0.181746781 damp=0.545240343 cap=0 key0=-1 pre=(-45.2009888,0,30.6135292) preDamp=(107.450119,-8.73498154,26.7684555)
t6c=(0,0.0448444709,-0.116678916) acc=(7.9881296e-11,0.0597496592,-0.14588508) cnt=2 sp=55.2492218
   damp l74=0.18086952 damp=0.542608559 cap=0 key0=-1 pre=(-45.1977959,0,30.5038433) preDamp=(107.454224,-8.73518753,26.6812687)
t6c=(0,0.0446264073,-0.116762519) acc=(7.59765029e-11,0.0618902408,-0.152638078) cnt=2 sp=55.4033127
   damp l74=0.180906177 damp=0.54271853 cap=0 key0=-1 pre=(-45.3219681,0,30.5967083) preDamp=(107.507668,-8.76002121,26.7846375)
t6c=(0,0.0444029272,-0.116847672) acc=(7.90265978e-11,0.0592505299,-0.146345615) cnt=2 sp=55.3379326
   damp l74=0.180045426 damp=0.540136278 cap=0 key0=-1 pre=(-45.3165359,0,30.4871635) preDamp=(107.510689,-8.75975609,26.6970615)
t6c=(0,0.0439478308,-0.117019601) acc=(5.62097452e-11,0.0626546517,-0.158279881) cnt=2 sp=43.2853699
   damp l74=0.182036638 damp=0.546109915 cap=0 key0=-1 pre=(-35.3726273,4.76837158e-07,23.5126534) preDamp=(103.660576,-6.8366251,20.5892563)
t6c=(0,0.0438742936,-0.117047198) acc=(6.69920994e-11,0.0632333532,-0.16004166) cnt=2 sp=54.7272682
   damp l74=0.179585218 damp=0.538755655 cap=0 key0=-1 pre=(-44.8431664,0,30.0910149) preDamp=(107.338928,-8.6699791,26.3907356)
t6c=(0,0.0436770879,-0.117120929) acc=(7.56242083e-11,0.0596259311,-0.150522068) cnt=2 sp=55.4518929
   damp l74=0.178705692 damp=0.536117077 cap=0 key0=-1 pre=(-45.4851074,0,30.4414558) preDamp=(107.59285,-8.79495049,26.7070656)
t6c=(0,0.0432316698,-0.117286079) acc=(5.5067409e-11,0.062477123,-0.160955921) cnt=2 sp=43.4205246
   damp l74=0.180689037 damp=0.542067111 cap=0 key0=-1 pre=(-35.5420837,4.76837158e-07,23.5041447) preDamp=(103.739288,-6.87140417,20.6203232)
t6c=(0,0.0431706756,-0.117308542) acc=(6.72440784e-11,0.0627474934,-0.161752269) cnt=2 sp=54.8958321
   damp l74=0.178289473 damp=0.534868419 cap=0 key0=-1 pre=(-45.0532494,0,30.081749) preDamp=(107.43631,-8.71306705,26.4308701)
t6c=(0,0.0429844297,-0.117376901) acc=(7.66197453e-11,0.0590113178,-0.151593313) cnt=2 sp=55.5948792
   damp l74=0.177437663 damp=0.532312989 cap=0 key0=-1 pre=(-45.6737556,0,30.4176331) preDamp=(107.681778,-8.83386803,26.734251)
t6c=(0,0.0425477959,-0.117535889) acc=(5.65008144e-11,0.0617216378,-0.161754087) cnt=2 sp=43.5514145
   damp l74=0.179414511 damp=0.538243532 cap=0 key0=-1 pre=(-35.705204,4.76837158e-07,23.4969959) preDamp=(103.814743,-6.90483284,20.6510468)
t6c=(0,0.042498786,-0.117553629) acc=(6.89427404e-11,0.0619425513,-0.162361488) cnt=2 sp=55.057045
   damp l74=0.177064896 damp=0.531194687 cap=0 key0=-1 pre=(-45.2537766,0,30.0729713) preDamp=(107.529015,-8.75415897,26.4694901)
t6c=(0,0.0420731455,-0.117706634) acc=(5.8502779e-11,0.0594180599,-0.157300755) cnt=2 sp=55.73172
   damp l74=0.176245272 damp=0.528735816 cap=0 key0=-1 pre=(-45.8538399,0,30.3950691) preDamp=(107.771881,-8.8718195,26.7844315)
t6c=(0,0.0418939069,-0.117770538) acc=(7.28233376e-11,0.0566414557,-0.149391353) cnt=2 sp=55.8401222
   damp l74=0.175465345 damp=0.526396036 cap=0 key0=-1 pre=(-45.986721,0,30.3916588) preDamp=(107.827393,-8.89814568,26.7876911)
t6c=(0,0.0417232998,-0.117831089) acc=(7.5554063e-11,0.0585033447,-0.155311018) cnt=2 sp=55.9930573
   damp l74=0.175602674 damp=0.526808023 cap=0 key0=-1 pre=(-46.1050568,0,30.491354) preDamp=(107.877243,-8.92164516,26.8944321)
t6c=(0,0.0412938595,-0.117982276) acc=(6.26001542e-11,0.0570636429,-0.153494582) cnt=2 sp=55.9173546
   damp l74=0.174850285 damp=0.524550855 cap=0 key0=-1 pre=(-46.0855293,0,30.3828201) preDamp=(107.878708,-8.91925335,26.8284359)
t6c=(0,0.0411265939,-0.118040688) acc=(7.59722146e-11,0.0549730845,-0.147473499) cnt=2 sp=55.9981804
   damp l74=0.174097836 damp=0.522293508 cap=0 key0=-1 pre=(-46.1944427,0,30.365078) preDamp=(107.924576,-8.94088459,26.8182602)
t6c=(0,0.0409683622,-0.118095696) acc=(7.83102333e-11,0.0571214147,-0.154353127) cnt=2 sp=56.1480446
   damp l74=0.174260378 damp=0.522781134 cap=0 key0=-1 pre=(-46.3090057,0,30.4649391) preDamp=(107.972641,-8.96360874,26.9244385)
t6c=(0,0.0405485705,-0.118240483) acc=(6.50238544e-11,0.0558949634,-0.153105006) cnt=2 sp=56.0694618
   damp l74=0.173532784 damp=0.520598352 cap=0 key0=-1 pre=(-46.2857094,0,30.3565598) preDamp=(107.972214,-8.96042156,26.8578739)
t6c=(0,0.0403933898,-0.118293598) acc=(7.81776449e-11,0.0539660342,-0.147402123) cnt=2 sp=56.1489143
   damp l74=0.17280513 damp=0.518415391 cap=0 key0=-1 pre=(-46.3922997,0,30.339489) preDamp=(108.016876,-8.98155594,26.8475399)
t6c=(0,0.0399897732,-0.118430644) acc=(6.04606851e-11,0.0572404042,-0.159784839) cnt=2 sp=44.0455589
   damp l74=0.174755514 damp=0.524266541 cap=0 key0=-1 pre=(-36.3173141,4.76837158e-07,23.4720345) preDamp=(104.095955,-7.02998209,20.7692814)
t6c=(0,0.0397308469,-0.118517764) acc=(5.44467874e-11,0.05913743,-0.167313993) cnt=2 sp=43.4414024
   damp l74=0.174558401 damp=0.523675203 cap=0 key0=-1 pre=(-35.8284836,4.76837158e-07,23.103878) preDamp=(103.909645,-6.93588829,20.4565125)
t6c=(0,0.039736893,-0.118515737) acc=(7.13018672e-11,0.0589332841,-0.166164458) cnt=2 sp=55.6582298
   damp l74=0.172160864 damp=0.516482592 cap=0 key0=-1 pre=(-46.0242538,0,30.0012054) preDamp=(107.886452,-8.91222763,26.5989151)
t6c=(0,0.0393463336,-0.118645974) acc=(6.29956851e-11,0.0562913455,-0.159978509) cnt=2 sp=56.2952309
   damp l74=0.171438158 damp=0.514314473 cap=0 key0=-1 pre=(-46.5915527,9.53674316e-07,30.3030548) preDamp=(108.115707,-9.02341175,26.8959198)
t6c=(0,0.0392108075,-0.118690819) acc=(7.85021631e-11,0.0535807088,-0.151356265) cnt=2 sp=56.3920059
   damp l74=0.170748115 damp=0.512244344 cap=0 key0=-1 pre=(-46.7106552,9.53674316e-07,30.2981606) preDamp=(108.164787,-9.04690361,26.8952084)
t6c=(0,0.0388224497,-0.118818417) acc=(6.19965607e-11,0.0563467778,-0.162401617) cnt=2 sp=44.2721367
   damp l74=0.172684073 damp=0.51805222 cap=0 key0=-1 pre=(-36.5966682,4.76837158e-07,23.4607563) preDamp=(104.223389,-7.08695459,20.8242664)
t6c=(0,0.0385802612,-0.118897282) acc=(5.67110039e-11,0.0579472668,-0.169120833) cnt=2 sp=43.7013512
   damp l74=0.172503948 damp=0.517511845 cap=0 key0=-1 pre=(-36.1334076,4.76837158e-07,23.1150341) preDamp=(104.046387,-6.9977212,20.5296974)
t6c=(0,0.0383471027,-0.118972674) acc=(5.39138595e-11,0.0587781444,-0.173209116) cnt=2 sp=43.7007408
   damp l74=0.172113359 damp=0.516340077 cap=0 key0=-1 pre=(-36.1501694,4.76837158e-07,23.0876446) preDamp=(104.056465,-7.0015111,20.5181694)
t6c=(0,0.0381176732,-0.119046383) acc=(5.25037791e-11,0.0591476001,-0.175713107) cnt=2 sp=43.7488937
   damp l74=0.171710372 damp=0.515131116 cap=0 key0=-1 pre=(-36.2077866,4.76837158e-07,23.0877647) preDamp=(104.08242,-7.01321125,20.5309792)
t6c=(0,0.0378915742,-0.119118541) acc=(5.19146774e-11,0.0592413507,-0.177263245) cnt=2 sp=43.8006668
   damp l74=0.171312571 damp=0.513937712 cap=0 key0=-1 pre=(-36.2682076,4.76837158e-07,23.0902557) preDamp=(104.109375,-7.0254426,20.5457458)
t6c=(0,0.0376686677,-0.119189225) acc=(5.18141779e-11,0.0591710918,-0.178238839) cnt=2 sp=43.852108
   damp l74=0.170921266 damp=0.512763798 cap=0 key0=-1 pre=(-36.3281059,4.76837158e-07,23.0929089) preDamp=(104.136063,-7.03756189,20.5605068)
t6c=(0,0.0374489129,-0.119258456) acc=(5.20030789e-11,0.059003938,-0.178868085) cnt=2 sp=43.9028435
   damp l74=0.170537114 damp=0.511611342 cap=0 key0=-1 pre=(-36.387146,4.76837158e-07,23.0955067) preDamp=(104.162354,-7.04950523,20.5750694)
t6c=(0,0.0372322425,-0.119326264) acc=(5.23613097e-11,0.058780238,-0.179288179) cnt=2 sp=43.952774
   damp l74=0.170159221 damp=0.510477662 cap=0 key0=-1 pre=(-36.445282,4.76837158e-07,23.0980015) preDamp=(104.188248,-7.06126547,20.5893917)
t6c=(0,0.0370186903,-0.119392693) acc=(5.28173928e-11,0.0585242622,-0.179581553) cnt=2 sp=44.0020065
   damp l74=0.169787824 damp=0.509363472 cap=0 key0=-1 pre=(-36.5025902,4.76837158e-07,23.1004448) preDamp=(104.213745,-7.07285309,20.6035213)
t6c=(0,0.0368081145,-0.119457789) acc=(5.33280885e-11,0.0582506135,-0.179797933) cnt=2 sp=44.050518
   damp l74=0.169422448 damp=0.508267343 cap=0 key0=-1 pre=(-36.5590668,4.76837158e-07,23.1028118) preDamp=(104.238846,-7.08427048,20.6174393)
t6c=(0,0.036600545,-0.119521551) acc=(5.38678269e-11,0.0579679273,-0.179967239) cnt=2 sp=44.0983925
   damp l74=0.169063687 damp=0.507191062 cap=0 key0=-1 pre=(-36.6147575,4.76837158e-07,23.1051502) preDamp=(104.26358,-7.09552717,20.6311874)
t6c=(0,0.0363959409,-0.119584009) acc=(5.44206277e-11,0.0576814972,-0.18010737) cnt=2 sp=44.1454659
   damp l74=0.168710947 damp=0.506132841 cap=0 key0=-1 pre=(-36.6695518,4.76837158e-07,23.1073723) preDamp=(104.287903,-7.10660124,20.6446857)
t6c=(0,0.0361942053,-0.119645223) acc=(5.49774531e-11,0.0573944375,-0.180229232) cnt=2 sp=44.191864
   damp l74=0.168363988 damp=0.505091965 cap=0 key0=-1 pre=(-36.7235603,4.76837158e-07,23.1095314) preDamp=(104.311874,-7.11751366,20.6579895)
t6c=(0,0.0357858837,-0.119767986) acc=(3.95468519e-11,0.0584198311,-0.186557919) cnt=2 sp=44.2376137
   damp l74=0.168026567 damp=0.5040797 cap=0 key0=-1 pre=(-36.7768097,4.76837158e-07,23.1116409) preDamp=(104.338455,-7.12872362,20.6864281)
t6c=(0,0.035646446,-0.119809553) acc=(5.61022478e-11,0.0541850738,-0.172142521) cnt=2 sp=56.5074539
   damp l74=0.165237069 damp=0.495711207 cap=0 key0=-1 pre=(-47.1228638,9.53674316e-07,29.8700085) preDamp=(108.391479,-9.13690281,26.7747917)
t6c=(0,0.0355805904,-0.119829141) acc=(7.93147284e-11,0.0505941622,-0.158596203) cnt=2 sp=57.1365623
   damp l74=0.164636016 damp=0.493908048 cap=0 key0=-1 pre=(-47.6813011,9.53674316e-07,30.1694965) preDamp=(108.611404,-9.24547482,27.0437965)
t6c=(0,0.0350254551,-0.119992562) acc=(5.05397946e-11,0.0536550358,-0.173213989) cnt=2 sp=44.9729576
   damp l74=0.166527092 damp=0.499581277 cap=0 key0=-1 pre=(-37.4556503,4.76837158e-07,23.4266548) preDamp=(104.614571,-7.26204443,21.0131092)
t6c=(0,0.0348893143,-0.120032229) acc=(6.28900543e-11,0.0511025563,-0.164769977) cnt=2 sp=56.7350044
   damp l74=0.163990915 damp=0.491972744 cap=0 key0=-1 pre=(-47.3842163,9.53674316e-07,29.884388) preDamp=(108.506714,-9.18960094,26.8430939)
t6c=(0,0.0345607065,-0.120127253) acc=(6.34948066e-11,0.0493587889,-0.160047069) cnt=2 sp=57.2944756
   damp l74=0.163421988 damp=0.490265965 cap=0 key0=-1 pre=(-47.8840027,9.53674316e-07,30.1454849) preDamp=(108.708221,-9.28748226,27.1031551)
t6c=(0,0.0342273004,-0.120222673) acc=(6.38439926e-11,0.0481945314,-0.157446384) cnt=2 sp=57.3715591
   damp l74=0.162881672 damp=0.488645017 cap=0 key0=-1 pre=(-47.9798546,9.53674316e-07,30.1384659) preDamp=(108.751312,-9.30693722,27.1215706)
t6c=(0,0.0341738723,-0.120237872) acc=(8.470466e-11,0.0466125607,-0.150837272) cnt=2 sp=57.4402084
   damp l74=0.162343383 damp=0.487030149 cap=0 key0=-1 pre=(-48.068203,9.53674316e-07,30.1273918) preDamp=(108.786774,-9.32421684,27.109993)
t6c=(0,0.0336334035,-0.120390169) acc=(5.53020719e-11,0.0503546409,-0.168641284) cnt=2 sp=45.2459908
   damp l74=0.16421473 damp=0.492644191 cap=0 key0=-1 pre=(-37.7886887,4.76837158e-07,23.413044) preDamp=(104.763588,-7.32952595,21.0816116)
t6c=(0,0.0335181504,-0.120422311) acc=(6.7069926e-11,0.0485208891,-0.16242376) cnt=2 sp=57.0617256
   damp l74=0.161770284 damp=0.485310853 cap=0 key0=-1 pre=(-47.7855034,9.53674316e-07,29.8624249) preDamp=(108.686432,-9.27094078,26.9243412)
t6c=(0,0.0332067572,-0.120508559) acc=(6.72401648e-11,0.0471887887,-0.15894784) cnt=2 sp=57.5786743
   damp l74=0.161242425 damp=0.483727276 cap=0 key0=-1 pre=(-48.2487793,9.53674316e-07,30.1008987) preDamp=(108.87326,-9.36167908,27.1637249)
t6c=(0,0.0328909643,-0.120595127) acc=(6.73461079e-11,0.0462655947,-0.157042995) cnt=2 sp=57.6498528
   damp l74=0.160739064 damp=0.482217193 cap=0 key0=-1 pre=(-48.3378487,9.53674316e-07,30.0931129) preDamp=(108.913193,-9.37974072,27.1803513)
t6c=(0,0.0325791948,-0.120679729) acc=(6.77236323e-11,0.0455810241,-0.156021178) cnt=2 sp=57.7146072
   damp l74=0.160244346 damp=0.480733037 cap=0 key0=-1 pre=(-48.4211121,9.53674316e-07,30.0823669) preDamp=(108.950729,-9.39665127,27.1940384)
t6c=(0,0.032271456,-0.120762378) acc=(6.82515225e-11,0.0450327247,-0.155494511) cnt=2 sp=57.7782402
   damp l74=0.159757614 damp=0.479272842 cap=0 key0=-1 pre=(-48.5030136,9.53674316e-07,30.0715866) preDamp=(108.987617,-9.41328621,27.2074375)
t6c=(0,0.0319677927,-0.120843127) acc=(6.88579541e-11,0.0445630439,-0.155244961) cnt=2 sp=57.840786
   damp l74=0.159279406 damp=0.477838218 cap=0 key0=-1 pre=(-48.5835838,9.53674316e-07,30.0607758) preDamp=(109.023865,-9.42964268,27.2205467)
t6c=(0,0.031667985,-0.120922036) acc=(6.95012589e-11,0.0441395752,-0.155150101) cnt=2 sp=57.9017677
   damp l74=0.158808827 damp=0.476426482 cap=0 key0=-1 pre=(-48.6624451,9.53674316e-07,30.0496674) preDamp=(109.059341,-9.44565201,27.233139)
t6c=(0,0.0310883,-0.121072374) acc=(4.91226539e-11,0.0443902127,-0.160490826) cnt=2 sp=45.6164169
   damp l74=0.1597839 damp=0.479351699 cap=0 key0=-1 pre=(-38.302166,4.76837158e-07,23.2909641) preDamp=(104.996582,-7.43406057,21.1175365)
t6c=(0,0.0309593976,-0.121105395) acc=(5.73376555e-11,0.0464132503,-0.169327259) cnt=2 sp=45.4055252
   damp l74=0.159661293 damp=0.478983879 cap=0 key0=-1 pre=(-38.1309128,4.76837158e-07,23.1629105) preDamp=(104.930855,-7.40102577,21.0086994)
t6c=(0,0.0306115355,-0.121193789) acc=(4.62335482e-11,0.0485233553,-0.180683985) cnt=2 sp=45.4177437
   damp l74=0.159470916 damp=0.478412747 cap=0 key0=-1 pre=(-38.150116,4.76837158e-07,23.1550312) preDamp=(104.942474,-7.40537786,21.0253277)
t6c=(0,0.030547874,-0.121209837) acc=(6.53172169e-11,0.0459165163,-0.169642836) cnt=2 sp=57.7389412
   damp l74=0.15708822 damp=0.47126466 cap=0 key0=-1 pre=(-48.6267548,9.53674316e-07,29.7954865) preDamp=(109.061493,-9.44119835,27.0863075)
t6c=(0,0.0304525122,-0.121233851) acc=(7.94080704e-11,0.0445395596,-0.163447216) cnt=2 sp=58.0937614
   damp l74=0.156921089 damp=0.470763266 cap=0 key0=-1 pre=(-48.9351273,9.53674316e-07,29.9742985) preDamp=(109.184151,-9.50133801,27.2569122)
t6c=(0,0.0300639383,-0.12133079) acc=(6.6559841e-11,0.0443454273,-0.165495545) cnt=2 sp=45.7124634
   damp l74=0.158192933 damp=0.474578798 cap=0 key0=-1 pre=(-38.4563751,4.76837158e-07,23.2234154) preDamp=(105.069031,-7.46582937,21.117115)
t6c=(0,0.0299507808,-0.121358775) acc=(6.88774385e-11,0.0458090119,-0.17249243) cnt=2 sp=45.6213303
   damp l74=0.158053815 damp=0.474161446 cap=0 key0=-1 pre=(-38.3862152,4.76837158e-07,23.1616669) preDamp=(105.04274,-7.45239496,21.0675545)
t6c=(0,0.0296147373,-0.121441215) acc=(5.43673613e-11,0.0475550555,-0.182810739) cnt=2 sp=45.6380539
   damp l74=0.15788573 damp=0.473657191 cap=0 key0=-1 pre=(-38.4082413,4.76837158e-07,23.1578178) preDamp=(105.055168,-7.45725107,21.0872574)
t6c=(0,0.0295656174,-0.121453173) acc=(7.08899259e-11,0.0448490269,-0.170977056) cnt=2 sp=57.9703598
   damp l74=0.155575395 damp=0.466726184 cap=0 key0=-1 pre=(-48.9106178,9.53674316e-07,29.7765751) preDamp=(109.186783,-9.49845409,27.1438942)
t6c=(0,0.0291638095,-0.121550292) acc=(6.06027173e-11,0.0439727865,-0.170000389) cnt=2 sp=45.1308861
   damp l74=0.157047212 damp=0.471141636 cap=0 key0=-1 pre=(-38.0199776,4.76837158e-07,22.8101501) preDamp=(104.907455,-7.38255596,20.7933521)
t6c=(0,0.0290705822,-0.121572629) acc=(6.63104363e-11,0.0450809188,-0.17533356) cnt=2 sp=45.7524796
   damp l74=0.156685948 damp=0.470057845 cap=0 key0=-1 pre=(-38.5598335,4.76837158e-07,23.1297321) preDamp=(105.120712,-7.48761702,21.0911465)
t6c=(0,0.0289180037,-0.121609002) acc=(6.41258019e-11,0.0469719246,-0.184711322) cnt=2 sp=45.7731133
   damp l74=0.156794906 damp=0.470384717 cap=0 key0=-1 pre=(-38.5723572,4.76837158e-07,23.1493416) preDamp=(105.127319,-7.49030828,21.1213341)
t6c=(0,0.0285895336,-0.121686637) acc=(5.61671473e-11,0.0448119231,-0.178075194) cnt=2 sp=45.7584038
   damp l74=0.15596664 damp=0.467899919 cap=0 key0=-1 pre=(-38.5981598,4.76837158e-07,23.0773449) preDamp=(105.140961,-7.49585629,21.0721684)
t6c=(0,0.0286489986,-0.121672645) acc=(7.26361055e-11,0.0455707759,-0.180271581) cnt=2 sp=45.2452774
   damp l74=0.156237721 damp=0.468713164 cap=0 key0=-1 pre=(-38.1533356,4.76837158e-07,22.8121567) preDamp=(104.965393,-7.40931177,20.825779)
t6c=(0,0.0285021458,-0.121707141) acc=(6.81844373e-11,0.0470189452,-0.187845573) cnt=2 sp=45.6603775
   damp l74=0.156213224 damp=0.468639672 cap=0 key0=-1 pre=(-38.5043488,4.76837158e-07,23.0414848) preDamp=(105.105042,-7.47776937,21.047596)
t6c=(0,0.0283533409,-0.121741898) acc=(6.90734275e-11,0.0449852124,-0.17995435) cnt=2 sp=45.7622681
   damp l74=0.155614674 damp=0.466844022 cap=0 key0=-1 pre=(-38.6177292,4.76837158e-07,23.0521622) preDamp=(105.151161,-7.50003958,21.063345)
t6c=(0,0.0284098033,-0.121728733) acc=(8.01469793e-11,0.0455237255,-0.18143487) cnt=2 sp=45.109745
   damp l74=0.155932248 damp=0.467796743 cap=0 key0=-1 pre=(-38.0531158,4.76837158e-07,22.7131348) preDamp=(104.928482,-7.39021635,20.7493248)
t6c=(0,0.0282546859,-0.121764831) acc=(7.21823573e-11,0.0468160547,-0.188604161) cnt=2 sp=45.2955475
   damp l74=0.155973375 damp=0.467920125 cap=0 key0=-1 pre=(-38.208004,4.76837158e-07,22.8195686) preDamp=(104.991043,-7.42056942,20.8590393)
t6c=(0,0.0284005404,-0.121730894) acc=(9.1830453e-11,0.044071205,-0.174414545) cnt=2 sp=58.0328293
   damp l74=0.153814852 damp=0.461444557 cap=0 key0=-1 pre=(-49.0671616,9.53674316e-07,29.6393433) preDamp=(109.263786,-9.53124523,27.1074657)
t6c=(0,0.0280130655,-0.121820644) acc=(7.38343831e-11,0.0428822078,-0.172160208) cnt=2 sp=45.3483276
   damp l74=0.15525794 damp=0.465773821 cap=0 key0=-1 pre=(-38.2851448,4.76837158e-07,22.7941818) preDamp=(105.023865,-7.43593931,20.8472843)
t6c=(0,0.0278522763,-0.121857494) acc=(6.79380163e-11,0.0449142307,-0.182891369) cnt=2 sp=45.1177711
   damp l74=0.155441821 damp=0.466325462 cap=0 key0=-1 pre=(-38.0824776,4.76837158e-07,22.6796913) preDamp=(104.945801,-7.39680386,20.7547398)
t6c=(0,0.0279823393,-0.121827699) acc=(8.81612353e-11,0.0427291021,-0.171256304) cnt=2 sp=57.47295
   damp l74=0.153225422 damp=0.459676266 cap=0 key0=-1 pre=(-48.6287041,9.53674316e-07,29.2774658) preDamp=(109.096344,-9.44680595,26.8069344)
t6c=(0,0.0279003866,-0.121846497) acc=(9.26747706e-11,0.0413224101,-0.164701134) cnt=2 sp=57.7717133
   damp l74=0.153083444 damp=0.459250331 cap=0 key0=-1 pre=(-48.8895721,9.53674316e-07,29.4259663) preDamp=(109.200165,-9.49768734,26.9497852)
t6c=(0,0.0275249425,-0.121931866) acc=(7.50029275e-11,0.0410183854,-0.166580617) cnt=2 sp=45.4529572
   damp l74=0.15450114 damp=0.46350342 cap=0 key0=-1 pre=(-38.4082298,4.76837158e-07,22.7937565) preDamp=(105.077255,-7.46062374,20.8761845)
t6c=(0,0.0273694377,-0.121966854) acc=(6.90577179e-11,0.0434654839,-0.179489419) cnt=2 sp=45.2148361
   damp l74=0.154696226 damp=0.464088678 cap=0 key0=-1 pre=(-38.1984634,4.76837158e-07,22.6762772) preDamp=(104.9963,-7.42009306,20.7804413)
t6c=(0,0.027502073,-0.121937022) acc=(8.89285173e-11,0.041648712,-0.169405997) cnt=2 sp=57.4728889
   damp l74=0.152511239 damp=0.457533717 cap=0 key0=-1 pre=(-48.6703873,9.53674316e-07,29.2079716) preDamp=(109.118706,-9.45582008,26.779705)
t6c=(0,0.0274284203,-0.121953614) acc=(9.36193831e-11,0.0404642597,-0.163722754) cnt=2 sp=57.8812752
   damp l74=0.1523754 damp=0.4571262 cap=0 key0=-1 pre=(-49.0238762,9.53674316e-07,29.4160652) preDamp=(109.258926,-9.52470016,26.9769936)
t6c=(0,0.0270579141,-0.122036353) acc=(7.59579621e-11,0.0402600579,-0.166074172) cnt=2 sp=45.5553436
   damp l74=0.153779984 damp=0.461339951 cap=0 key0=-1 pre=(-38.527935,4.76837158e-07,22.7944069) preDamp=(105.129028,-7.48460531,20.904932)
t6c=(0,0.0269080829,-0.122069471) acc=(7.00659392e-11,0.0427183881,-0.179239348) cnt=2 sp=45.3252068
   damp l74=0.153980911 damp=0.461942732 cap=0 key0=-1 pre=(-38.3244553,4.76837158e-07,22.6821842) preDamp=(105.050438,-7.44527674,20.8135529)
t6c=(0,0.0270471741,-0.122038715) acc=(8.99159011e-11,0.0409850925,-0.169323131) cnt=2 sp=57.5814247
   damp l74=0.151830912 damp=0.455492735 cap=0 key0=-1 pre=(-48.8020401,9.53674316e-07,29.2003193) preDamp=(109.176109,-9.48226643,26.8075333)
t6c=(0,0.0266878419,-0.122117817) acc=(7.43900219e-11,0.0403627083,-0.169379264) cnt=2 sp=45.6360321
   damp l74=0.153211534 damp=0.459634602 cap=0 key0=-1 pre=(-38.6223869,4.76837158e-07,22.7945881) preDamp=(105.169846,-7.50352144,20.9274921)
t6c=(0,0.0265425555,-0.12214946) acc=(6.94233768e-11,0.0425642431,-0.181346223) cnt=2 sp=45.4148293
   damp l74=0.153416276 damp=0.460248828 cap=0 key0=-1 pre=(-38.426136,4.76837158e-07,22.6878929) preDamp=(105.094009,-7.46558619,20.8408279)
t6c=(0,0.0266870838,-0.122117974) acc=(8.99060132e-11,0.0407059565,-0.170552045) cnt=2 sp=57.674427
   damp l74=0.151294351 damp=0.453883052 cap=0 key0=-1 pre=(-48.912262,9.53674316e-07,29.1979561) preDamp=(109.223831,-9.50435734,26.8330612)
t6c=(0,0.0263313763,-0.122195169) acc=(7.46889564e-11,0.0400023088,-0.170139775) cnt=2 sp=45.7150078
   damp l74=0.152665496 damp=0.457996488 cap=0 key0=-1 pre=(-38.714447,4.76837158e-07,22.7953415) preDamp=(105.209534,-7.52194595,20.9498291)
t6c=(0,0.0264200792,-0.122176014) acc=(8.53990628e-11,0.0413800329,-0.175805196) cnt=2 sp=45.5019112
   damp l74=0.15286994 damp=0.458609819 cap=0 key0=-1 pre=(-38.5247307,4.76837158e-07,22.6936989) preDamp=(105.133987,-7.48492956,20.8507919)
t6c=(0,0.0262800232,-0.122206219) acc=(7.65533539e-11,0.0430408977,-0.185380071) cnt=2 sp=45.466526
   damp l74=0.153016388 damp=0.459049165 cap=0 key0=-1 pre=(-38.4882507,4.76837158e-07,22.685276) preDamp=(105.120987,-7.47804594,20.8542786)
t6c=(0,0.0261373147,-0.122236833) acc=(7.40543252e-11,0.0413850732,-0.178811133) cnt=2 sp=45.4026413
   damp l74=0.152495861 damp=0.457487583 cap=0 key0=-1 pre=(-38.4579659,4.76837158e-07,22.6095734) preDamp=(105.110367,-7.47236013,20.7903595)
t6c=(0,0.0260024071,-0.122265592) acc=(6.97834915e-11,0.0428786986,-0.187288001) cnt=2 sp=45.5242424
   damp l74=0.152593791 damp=0.457781374 cap=0 key0=-1 pre=(-38.5565491,4.76837158e-07,22.6840591) preDamp=(105.150497,-7.49172688,20.8699703)
t6c=(0,0.0261553824,-0.122232959) acc=(9.06427641e-11,0.040598765,-0.173956364) cnt=2 sp=57.8127708
   damp l74=0.150505662 damp=0.451516986 cap=0 key0=-1 pre=(-49.0758476,9.53674316e-07,29.1948433) preDamp=(109.294525,-9.53712463,26.8712635)
t6c=(0,0.0258050561,-0.12230739) acc=(7.55665461e-11,0.0396474078,-0.172185719) cnt=2 sp=45.8318138
   damp l74=0.151863396 damp=0.455590189 cap=0 key0=-1 pre=(-38.8505173,4.76837158e-07,22.7963943) preDamp=(105.268105,-7.54916143,20.9828911)
t6c=(0,0.0256707761,-0.122335635) acc=(7.09524522e-11,0.0415993482,-0.18321009) cnt=2 sp=45.6308517
   damp l74=0.152077496 damp=0.456232488 cap=0 key0=-1 pre=(-38.6706238,4.76837158e-07,22.7022781) preDamp=(105.198517,-7.51437807,20.9069405)
t6c=(0,0.0258283876,-0.12230248) acc=(9.16144174e-11,0.0397050381,-0.171704084) cnt=2 sp=57.9010658
   damp l74=0.150022626 damp=0.450067878 cap=0 key0=-1 pre=(-49.1791763,9.53674316e-07,29.1945419) preDamp=(109.338982,-9.55779457,26.896347)
t6c=(0,0.0254813619,-0.12237525) acc=(7.64055902e-11,0.0389478467,-0.170916781) cnt=2 sp=45.9037819
   damp l74=0.151372015 damp=0.454116046 cap=0 key0=-1 pre=(-38.9343147,4.76837158e-07,22.7970181) preDamp=(105.304138,-7.56591702,21.0032845)
t6c=(0,0.0253511239,-0.122402288) acc=(7.1767009e-11,0.0409735069,-0.182462886) cnt=2 sp=45.7103271
   damp l74=0.151589751 damp=0.454769254 cap=0 key0=-1 pre=(-38.760498,4.76837158e-07,22.7075367) preDamp=(105.236877,-7.53230381,20.9312916)
t6c=(0,0.0252195951,-0.122429453) acc=(7.21059115e-11,0.0396738648,-0.1772293) cnt=2 sp=45.6326942
   damp l74=0.151091039 damp=0.453273118 cap=0 key0=-1 pre=(-38.7175827,4.76837158e-07,22.6257229) preDamp=(105.221123,-7.52413702,20.861002)
t6c=(0,0.0250959471,-0.122454859) acc=(6.93966204e-11,0.041273538,-0.186423734) cnt=2 sp=45.7520561
   damp l74=0.151209116 damp=0.453627348 cap=0 key0=-1 pre=(-38.8134918,4.76837158e-07,22.700325) preDamp=(105.260056,-7.54296207,20.9402275)
t6c=(0,0.0252626017,-0.122420579) acc=(9.13094669e-11,0.0392198525,-0.17357704) cnt=2 sp=58.0497971
   damp l74=0.149191201 damp=0.447573602 cap=0 key0=-1 pre=(-49.3544807,9.53674316e-07,29.1916714) preDamp=(109.414459,-9.59286213,26.937748)
t6c=(0,0.024921272,-0.122490533) acc=(7.67048508e-11,0.0383543819,-0.172074258) cnt=2 sp=46.0282936
   damp l74=0.150525928 damp=0.451577783 cap=0 key0=-1 pre=(-39.079277,4.76837158e-07,22.7979145) preDamp=(105.366341,-7.59488487,21.0385494)
t6c=(0,0.0247981269,-0.122515514) acc=(7.2459122e-11,0.0402744599,-0.183254689) cnt=2 sp=45.8478622
   damp l74=0.150749803 damp=0.452249408 cap=0 key0=-1 pre=(-38.9160309,4.76837158e-07,22.7164555) preDamp=(105.303131,-7.56330872,20.9734173)
t6c=(0,0.0246733911,-0.122540705) acc=(7.30084396e-11,0.0389644019,-0.17775543) cnt=2 sp=45.7695045
   damp l74=0.150261879 damp=0.450785637 cap=0 key0=-1 pre=(-38.8720055,4.76837158e-07,22.6349411) preDamp=(105.28685,-7.55491257,20.9029522)
t6c=(0,0.0245565698,-0.122564174) acc=(7.0448633e-11,0.04051039,-0.186820269) cnt=2 sp=45.8875961
   damp l74=0.1503914 damp=0.4511742 cap=0 key0=-1 pre=(-38.9663887,4.76837158e-07,22.709671) preDamp=(105.325119,-7.57342958,20.9819889)
t6c=(0,0.024731379,-0.122529007) acc=(9.2426955e-11,0.0385072231,-0.17386131) cnt=2 sp=58.1910286
   damp l74=0.148414969 damp=0.445244908 cap=0 key0=-1 pre=(-49.5203934,9.53674316e-07,29.1896095) preDamp=(109.48571,-9.62602711,26.9774132)
t6c=(0,0.0243955571,-0.122596323) acc=(7.78005299e-11,0.0376476906,-0.172302544) cnt=2 sp=46.1452713
   damp l74=0.149736404 damp=0.449209213 cap=0 key0=-1 pre=(-39.2154236,4.76837158e-07,22.7986107) preDamp=(105.424667,-7.62207556,21.0716839)
t6c=(0,0.0242790822,-0.122619443) acc=(7.36150932e-11,0.039525196,-0.183462515) cnt=2 sp=45.9769287
   damp l74=0.149965882 damp=0.449897647 cap=0 key0=-1 pre=(-39.0620003,4.76837158e-07,22.7245827) preDamp=(105.365234,-7.59239674,21.0129166)
t6c=(0,0.0241607781,-0.122642793) acc=(7.4149617e-11,0.0382443257,-0.177936658) cnt=2 sp=45.8979263
   damp l74=0.149487793 damp=0.44846338 cap=0 key0=-1 pre=(-39.0169716,4.76837158e-07,22.6433754) preDamp=(105.348465,-7.5837903,20.9423046)
t6c=(0,0.0240503177,-0.122664511) acc=(7.16186901e-11,0.0397604145,-0.18699652) cnt=2 sp=46.014801
   damp l74=0.149628043 damp=0.44888413 cap=0 key0=-1 pre=(-39.1098976,4.76837158e-07,22.7182159) preDamp=(105.386093,-7.60201311,21.0211525)
t6c=(0,0.0239351429,-0.122687027) acc=(7.32037347e-11,0.0382559709,-0.180017322) cnt=2 sp=45.9533119
   damp l74=0.149148583 damp=0.44744575 cap=0 key0=-1 pre=(-39.0798035,4.76837158e-07,22.6464272) preDamp=(105.375183,-7.59630728,20.9590683)
t6c=(0,0.0238275137,-0.122707985) acc=(7.12329917e-11,0.0396347456,-0.188318491) cnt=2 sp=46.0707397
   damp l74=0.149293602 damp=0.447880805 cap=0 key0=-1 pre=(-39.1730156,4.76837158e-07,22.7218761) preDamp=(105.412872,-7.61458015,21.038353)
t6c=(0,0.0237150993,-0.122729771) acc=(7.31803299e-11,0.0380607806,-0.180811107) cnt=2 sp=46.0084076
   damp l74=0.148818791 damp=0.446456373 cap=0 key0=-1 pre=(-39.1419907,4.76837158e-07,22.6499157) preDamp=(105.401558,-7.6086874,20.9759293)
t6c=(0,0.0236102305,-0.122749977) acc=(7.14153667e-11,0.0393836573,-0.188838884) cnt=2 sp=46.1252022
   damp l74=0.148967981 damp=0.446903944 cap=0 key0=-1 pre=(-39.2344971,4.76837158e-07,22.7253647) preDamp=(105.438965,-7.62682152,21.0550842)
t6c=(0,0.0235005692,-0.122771032) acc=(7.34823591e-11,0.037795689,-0.181137979) cnt=2 sp=46.0621872
   damp l74=0.148497403 damp=0.445492208 cap=0 key0=-1 pre=(-39.2027016,4.76837158e-07,22.6533165) preDamp=(105.427322,-7.62077379,20.9923973)
t6c=(0,0.0233984049,-0.122790523) acc=(7.17955834e-11,0.0390923433,-0.189067885) cnt=2 sp=46.1784058
   damp l74=0.14865154 damp=0.445954621 cap=0 key0=-1 pre=(-39.2945251,4.76837158e-07,22.7287769) preDamp=(105.464401,-7.63876772,21.0714359)
t6c=(0,0.0235908609,-0.12275371) acc=(9.43120859e-11,0.0371009558,-0.175251558) cnt=2 sp=58.4939651
   damp l74=0.146763206 damp=0.440289617 cap=0 key0=-1 pre=(-49.8762703,9.53674316e-07,29.1842594) preDamp=(109.638077,-9.69709396,27.0623932)
t6c=(0,0.02326685,-0.122815534) acc=(7.98527078e-11,0.0362022929,-0.173241362) cnt=2 sp=46.3965263
   damp l74=0.148055553 damp=0.44416666 cap=0 key0=-1 pre=(-39.507782,4.76837158e-07,22.7994862) preDamp=(105.549576,-7.68041182,21.1428165)
t6c=(0,0.0231647938,-0.122834817) acc=(7.59085989e-11,0.0379611664,-0.184182927) cnt=2 sp=46.2538376
   damp l74=0.148297608 damp=0.444892824 cap=0 key0=-1 pre=(-39.3752441,4.76837158e-07,22.7411728) preDamp=(105.498169,-7.65476322,21.0975361)
t6c=(0,0.023060387,-0.122854464) acc=(7.64882879e-11,0.0367242806,-0.1784807) cnt=2 sp=46.1732826
   damp l74=0.147840261 damp=0.443520784 cap=0 key0=-1 pre=(-39.3279152,4.76837158e-07,22.660553) preDamp=(105.480331,-7.64568472,21.0265255)
t6c=(0,0.0229637511,-0.122872554) acc=(7.40595293e-11,0.0381664336,-0.187466666) cnt=2 sp=46.2874947
   damp l74=0.148004115 damp=0.444012344 cap=0 key0=-1 pre=(-39.4176407,4.76837158e-07,22.7356224) preDamp=(105.516533,-7.66326284,21.1049423)
t6c=(0,0.0228621736,-0.122891501) acc=(7.56013932e-11,0.0367336497,-0.180411518) cnt=2 sp=46.2219124
   damp l74=0.147545934 damp=0.442637801 cap=0 key0=-1 pre=(-39.383091,4.76837158e-07,22.6630306) preDamp=(105.503723,-7.65666437,21.0412102)
t6c=(0,0.0227680318,-0.12290898) acc=(7.36852107e-11,0.0380554572,-0.188690871) cnt=2 sp=46.3364677
   damp l74=0.147713542 damp=0.443140626 cap=0 key0=-1 pre=(-39.4729538,4.76837158e-07,22.7385693) preDamp=(105.539925,-7.67426586,21.1199455)
t6c=(0,0.0226688739,-0.122927308) acc=(7.55599125e-11,0.0365618281,-0.181144401) cnt=2 sp=46.2702446
   damp l74=0.147259235 damp=0.441777706 cap=0 key0=-1 pre=(-39.4376831,4.76837158e-07,22.6658859) preDamp=(105.526794,-7.66752148,21.0559673)
t6c=(0,0.0223385468,-0.12298777) acc=(5.76081578e-11,0.038449347,-0.195692211) cnt=2 sp=34.6326103
   damp l74=0.15393889 damp=0.461816669 cap=0 key0=-1 pre=(-29.2918892,4.76837158e-07,16.6622524) preDamp=(101.528244,-5.694417,15.4846201)
t6c=(0,0.0223537497,-0.122984998) acc=(6.45472911e-11,0.0388726518,-0.198257238) cnt=2 sp=45.6880379
   damp l74=0.147353053 damp=0.442059159 cap=0 key0=-1 pre=(-38.9377136,4.76837158e-07,22.3568993) preDamp=(105.332077,-7.57064676,20.7901535)
t6c=(0,0.0222711619,-0.122999988) acc=(7.09359863e-11,0.0368213542,-0.186749861) cnt=2 sp=46.3255768
   damp l74=0.146685421 damp=0.440056264 cap=0 key0=-1 pre=(-39.5117416,4.76837158e-07,22.6489658) preDamp=(105.559181,-7.68241167,21.0651569)
t6c=(0,0.022184955,-0.123015553) acc=(7.13204773e-11,0.0377621092,-0.192701593) cnt=2 sp=46.4798851
   damp l74=0.146852195 damp=0.440556586 cap=0 key0=-1 pre=(-39.6356049,4.76837158e-07,22.7458839) preDamp=(105.608749,-7.70661497,21.1634369)
t6c=(0,0.0220931768,-0.123032063) acc=(7.47104045e-11,0.0360716395,-0.18353793) cnt=2 sp=46.4139442
   damp l74=0.146408498 damp=0.439225495 cap=0 key0=-1 pre=(-39.6000824,4.76837158e-07,22.6740685) preDamp=(105.595428,-7.69981098,21.0997696)
t6c=(0,0.022008799,-0.123047188) acc=(7.38178477e-11,0.0371904559,-0.19072336) cnt=2 sp=46.5265312
   damp l74=0.146591723 damp=0.439775169 cap=0 key0=-1 pre=(-39.6876259,4.76837158e-07,22.7497444) preDamp=(105.630661,-7.71694708,21.1781616)
t6c=(0,0.0219192207,-0.123063192) acc=(7.63194369e-11,0.0356426872,-0.182406291) cnt=2 sp=46.4575729
   damp l74=0.146152079 damp=0.438456237 cap=0 key0=-1 pre=(-39.6493416,4.76837158e-07,22.6765823) preDamp=(105.616211,-7.70960093,21.1130886)
t6c=(0,0.0218370091,-0.123077795) acc=(7.4974249e-11,0.036821086,-0.190038711) cnt=2 sp=46.5695648
   damp l74=0.14633894 damp=0.439016819 cap=0 key0=-1 pre=(-39.7362328,4.76837158e-07,22.7522163) preDamp=(105.651154,-7.72660685,21.1913357)
t6c=(0,0.0217495523,-0.123093285) acc=(7.71461159e-11,0.0353337564,-0.182026058) cnt=2 sp=46.4999809
   damp l74=0.145902693 damp=0.43770808 cap=0 key0=-1 pre=(-39.697258,4.76837158e-07,22.6789474) preDamp=(105.636421,-7.71912241,21.1260204)
t6c=(0,0.0216695387,-0.123107396) acc=(7.56399318e-11,0.0365289077,-0.189820886) cnt=2 sp=46.6114845
   damp l74=0.146093249 damp=0.438279748 cap=0 key0=-1 pre=(-39.7835808,4.76837158e-07,22.7545815) preDamp=(105.671127,-7.73601627,21.2041588)
t6c=(0,0.0213437453,-0.123164289) acc=(6.15284768e-11,0.0355891585,-0.18818967) cnt=2 sp=46.5411987
   damp l74=0.145664632 damp=0.436993897 cap=0 key0=-1 pre=(-39.7438583,4.76837158e-07,22.6811676) preDamp=(105.657906,-7.72866297,21.1562119)
t6c=(0,0.0212648585,-0.123177938) acc=(6.98378508e-11,0.0343495272,-0.18100144) cnt=2 sp=46.6127434
   damp l74=0.145195246 damp=0.435585737 cap=0 key0=-1 pre=(-39.82687,4.76837158e-07,22.6812477) preDamp=(105.691238,-7.7449007,21.1589031)
t6c=(0,0.0211911425,-0.123190641) acc=(7.1527298e-11,0.0356310159,-0.18923606) cnt=2 sp=46.7306023
   damp l74=0.145393372 damp=0.436180115 cap=0 key0=-1 pre=(-39.9183197,4.76837158e-07,22.7608833) preDamp=(105.727921,-7.76278162,21.2404709)
t6c=(0,0.0211118758,-0.123204261) acc=(7.5721672e-11,0.0342877582,-0.181625083) cnt=2 sp=46.659008
   damp l74=0.144969344 damp=0.434908032 cap=0 key0=-1 pre=(-39.8770523,4.76837158e-07,22.6873913) preDamp=(105.712196,-7.7548399,21.1743832)
t6c=(0,0.0210399963,-0.123216562) acc=(7.53220819e-11,0.0355023593,-0.189640477) cnt=2 sp=46.7687683
   damp l74=0.145172775 damp=0.435518324 cap=0 key0=-1 pre=(-39.9613533,4.76837158e-07,22.7631054) preDamp=(105.746033,-7.77132654,21.2521935)
t6c=(0,0.0209626723,-0.123229727) acc=(7.80630283e-11,0.0341300741,-0.181875229) cnt=2 sp=46.6962433
   damp l74=0.144751728 damp=0.434255183 cap=0 key0=-1 pre=(-39.9191513,4.76837158e-07,22.6893272) preDamp=(105.729897,-7.76319933,21.1857033)
t6c=(0,0.0206501111,-0.1232825) acc=(6.06233327e-11,0.0358378813,-0.196357191) cnt=2 sp=35.0292397
   damp l74=0.15123868 damp=0.45371604 cap=0 key0=-1 pre=(-29.7225418,4.76837158e-07,16.720871) preDamp=(101.708015,-5.77970171,15.6185865)
t6c=(0,0.0206661727,-0.12327981) acc=(6.64429137e-11,0.0361983404,-0.198854268) cnt=2 sp=45.4515915
   damp l74=0.145101905 damp=0.435305715 cap=0 key0=-1 pre=(-38.8400383,4.76837158e-07,22.0465412) preDamp=(105.30603,-7.55355692,20.6048012)
t6c=(0,0.0206150357,-0.123288356) acc=(7.38279229e-11,0.0343514308,-0.187268347) cnt=2 sp=46.7025681
   damp l74=0.144272029 damp=0.432816088 cap=0 key0=-1 pre=(-39.9472618,4.76837158e-07,22.6527119) preDamp=(105.74353,-7.76905489,21.1736126)
t6c=(0,0.0205504056,-0.123299144) acc=(7.46043158e-11,0.0352497734,-0.193203554) cnt=2 sp=46.8865852
   damp l74=0.144462585 damp=0.433387756 cap=0 key0=-1 pre=(-40.0956993,4.76837158e-07,22.7671776) preDamp=(105.802628,-7.7980113,21.2873497)
t6c=(0,0.0204794277,-0.123310961) acc=(7.80861278e-11,0.0337148122,-0.183994591) cnt=2 sp=46.8163948
   damp l74=0.144049227 damp=0.432147682 cap=0 key0=-1 pre=(-40.0551186,4.76837158e-07,22.69524) preDamp=(105.787079,-7.79019117,21.2221413)
t6c=(0,0.0201719701,-0.123361632) acc=(6.10351769e-11,0.0352742411,-0.197773367) cnt=2 sp=35.1413918
   damp l74=0.150482893 damp=0.451448679 cap=0 key0=-1 pre=(-29.8444328,4.76837158e-07,16.7368927) preDamp=(101.758774,-5.80382156,15.6563311)
t6c=(0,0.0201950148,-0.123357855) acc=(6.71640452e-11,0.0355673097,-0.199784517) cnt=2 sp=45.5872879
   damp l74=0.144408166 damp=0.433224499 cap=0 key0=-1 pre=(-38.9879494,4.76837158e-07,22.0632706) preDamp=(105.367706,-7.58283901,20.6498337)
t6c=(0,0.0201497171,-0.123365253) acc=(7.46654197e-11,0.0337260552,-0.187854528) cnt=2 sp=46.8212547
   damp l74=0.143596947 damp=0.430790842 cap=0 key0=-1 pre=(-40.0807419,4.76837158e-07,22.6598625) preDamp=(105.799522,-7.79553366,21.210125)
t6c=(0,0.020091027,-0.123374842) acc=(7.55387142e-11,0.0345864445,-0.193616062) cnt=2 sp=47.0013924
   damp l74=0.143797517 damp=0.43139255 cap=0 key0=-1 pre=(-40.2254906,4.76837158e-07,22.7729893) preDamp=(105.857117,-7.82376766,21.3223515)
t6c=(0,0.0197817814,-0.123424806) acc=(6.27755625e-11,0.033519771,-0.190632865) cnt=2 sp=46.9293823
   damp l74=0.143397629 damp=0.430192888 cap=0 key0=-1 pre=(-40.1829338,4.76837158e-07,22.7007027) preDamp=(105.842438,-7.81581163,21.2744236)
t6c=(0,0.0197229702,-0.123434208) acc=(7.19635601e-11,0.0322899744,-0.182573229) cnt=2 sp=46.997345
   damp l74=0.142959058 damp=0.428877175 cap=0 key0=-1 pre=(-40.2617645,4.76837158e-07,22.7004204) preDamp=(105.873947,-7.83121109,21.2756882)
t6c=(0,0.0196690317,-0.123442821) acc=(7.42213721e-11,0.0334408991,-0.190373376) cnt=2 sp=47.1103897
   damp l74=0.143188357 damp=0.429565072 cap=0 key0=-1 pre=(-40.3477974,4.76837158e-07,22.7799549) preDamp=(105.90834,-7.84801292,21.3561707)
t6c=(0,0.019609265,-0.123452328) acc=(7.86504334e-11,0.032179784,-0.182432845) cnt=2 sp=47.0332031
   damp l74=0.142793 damp=0.428378999 cap=0 key0=-1 pre=(-40.3003731,4.76837158e-07,22.7055569) preDamp=(105.889984,-7.8388443,21.2878666)
t6c=(0,0.0193110667,-0.123499319) acc=(6.21114896e-11,0.0337525196,-0.196859285) cnt=2 sp=35.3429642
   damp l74=0.14913249 damp=0.44739747 cap=0 key0=-1 pre=(-30.0636692,4.76837158e-07,16.7649899) preDamp=(101.849937,-5.84718227,15.723978)
t6c=(0,0.0193466432,-0.123493753) acc=(6.86706872e-11,0.0341157876,-0.199301541) cnt=2 sp=45.831562
   damp l74=0.143167317 damp=0.429501951 cap=0 key0=-1 pre=(-39.2543297,4.76837158e-07,22.0927391) preDamp=(105.478592,-7.63554621,20.7307682)
t6c=(0,0.0193119515,-0.123499177) acc=(7.62925834e-11,0.0324166492,-0.187652752) cnt=2 sp=47.0344391
   damp l74=0.142389119 damp=0.427167356 cap=0 key0=-1 pre=(-40.3206902,4.76837158e-07,22.6719666) preDamp=(105.900009,-7.84310436,21.2755432)
t6c=(0,0.0190176815,-0.123544842) acc=(6.08561188e-11,0.0337232538,-0.200248867) cnt=2 sp=35.4079475
   damp l74=0.148678482 damp=0.446035445 cap=0 key0=-1 pre=(-30.1351357,4.76837158e-07,16.7725372) preDamp=(101.879684,-5.86132145,15.7452412)
t6c=(0,0.0190575849,-0.123538695) acc=(6.81737236e-11,0.0339254923,-0.201438591) cnt=2 sp=45.9139481
   damp l74=0.142747223 damp=0.42824167 cap=0 key0=-1 pre=(-39.3443871,4.76837158e-07,22.1021652) preDamp=(105.516022,-7.65335798,20.7579021)
t6c=(0,0.0190264825,-0.123543486) acc=(7.6259575e-11,0.0321473889,-0.188921213) cnt=2 sp=47.1068993
   damp l74=0.141979814 damp=0.425939441 cap=0 key0=-1 pre=(-40.4023094,4.76837158e-07,22.6758499) preDamp=(105.934128,-7.85927773,21.2977257)
t6c=(0,0.0187352952,-0.123587973) acc=(6.10680187e-11,0.0333748125,-0.201093689) cnt=2 sp=35.4740791
   damp l74=0.148239374 damp=0.444718122 cap=0 key0=-1 pre=(-30.2070999,4.76837158e-07,16.7815228) preDamp=(101.909538,-5.87554502,15.7673779)
t6c=(0,0.0187792983,-0.123581298) acc=(6.85798571e-11,0.0335431285,-0.201990962) cnt=2 sp=45.9939423
   damp l74=0.1423437 damp=0.4270311 cap=0 key0=-1 pre=(-39.4316978,4.76837158e-07,22.1114979) preDamp=(105.552292,-7.67062187,20.7843342)
t6c=(0,0.0185049735,-0.123622678) acc=(6.02970382e-11,0.0321662053,-0.195793539) cnt=2 sp=47.1766548
   damp l74=0.141591311 damp=0.424773932 cap=0 key0=-1 pre=(-40.480896,4.76837158e-07,22.6795082) preDamp=(105.968567,-7.87508917,21.3373203)
t6c=(0,0.0184637513,-0.12362884) acc=(7.16944074e-11,0.0308039058,-0.185688332) cnt=2 sp=47.3070984
   damp l74=0.141158581 damp=0.423475742 cap=0 key0=-1 pre=(-40.6132812,4.76837158e-07,22.7122498) preDamp=(106.021118,-7.90089273,21.3687325)
t6c=(0,0.0184261929,-0.12363445) acc=(7.51708834e-11,0.0317740515,-0.192432433) cnt=2 sp=47.4193459
   damp l74=0.141412199 damp=0.424236596 cap=0 key0=-1 pre=(-40.6976089,4.76837158e-07,22.7933502) preDamp=(106.054695,-7.91734457,21.4498329)
t6c=(0,0.0181346685,-0.123677537) acc=(6.39246017e-11,0.0308776107,-0.190077186) cnt=2 sp=47.3377228
   damp l74=0.141044378 damp=0.423133135 cap=0 key0=-1 pre=(-40.6452599,4.76837158e-07,22.7183361) preDamp=(106.035828,-7.90743399,21.3981915)
t6c=(0,0.0180970877,-0.123683043) acc=(7.41025435e-11,0.0298505388,-0.182397127) cnt=2 sp=47.4014053
   damp l74=0.140636981 damp=0.421910942 cap=0 key0=-1 pre=(-40.7192612,4.76837158e-07,22.7174931) preDamp=(106.065285,-7.92187023,21.3977375)
t6c=(0,0.0178152435,-0.123723954) acc=(6.04223546e-11,0.031325791,-0.196984768) cnt=2 sp=35.6920662
   damp l74=0.146815419 damp=0.440446258 cap=0 key0=-1 pre=(-30.4438972,4.76837158e-07,16.8115253) preDamp=(102.007599,-5.92232037,15.8405743)
t6c=(0,0.0178727526,-0.123715669) acc=(6.90710406e-11,0.0317288265,-0.199519321) cnt=2 sp=46.254406
   damp l74=0.141036808 damp=0.423110425 cap=0 key0=-1 pre=(-39.7161064,4.76837158e-07,22.1412239) preDamp=(105.670242,-7.72683001,20.8702545)
t6c=(0,0.0178564601,-0.123718016) acc=(7.78266548e-11,0.0302200317,-0.187908351) cnt=2 sp=47.403492
   damp l74=0.140313923 damp=0.42094177 cap=0 key0=-1 pre=(-40.7365799,4.76837158e-07,22.6907272) preDamp=(106.073586,-7.92546797,21.3882961)
