  [keep-awake] display-sleep suppressed + wake nudge sent
=== scenario_launch  pid=35016  track=0 mode=10 cars=4 ===
  attaching ASAP...
  [agent] ready
    phase=0  (waiting for menu (phase 1))
    phase=1  (waiting for menu (phase 1))
  [setup] set track=0 mode=10 cars=4 car=0 rule=0 team=0
  [statediff] statediff armed (tick 0x004c1be0, car 0, rec@0x8815a0)
  [statediff] puhook armed (FUN_0045bba0 + 9 FIRE + 8 CANFIRE + FUN_0045bac0; plan=[12,16,11] subj slot 0 warm 60)
  [statediff] cook injector armed (0x00496530)
  [statediff] drive: full accel, steer=+0 -> 1
  [launch] poke DAT_00771968 = 2 -> 1
    phase=2  (waiting for race running (phase 3))
    phase=3  (waiting for race running (phase 3))

  *** RACE RUNNING (phase 3) ***
  [ctrl-slots] ctrl slot table was [0,0,0,0] -> [0,1,2,3]
  car spawn fired: 12   grounded=4  airflag=0
  vel=[0, 0, 0]  fwd=[-8.742277657347586e-08, 0, -1]

  VERDICT: launcher reached a running race and spawned a car. [OK]

  racing 45s — pulsing control 4 (confirm/accel) to skip the start intro + continue rounds...
    +  4s  ph=3  spawnFired=12  p0.grounded=4 airflag=0  vel=[0, 0, 0]       +  9s  ph=3  spawnFired=12  p0.grounded=4 airflag=0  vel=[0, 0, 0]       + 13s  ph=3  spawnFired=12  p0.grounded=4 airflag=1  vel=[0.0, 0, -1.7]       + 18s  ph=3  spawnFired=12  p0.grounded=4 airflag=1  vel=[2020.3, -27.1, 1055.8]       + 23s  ph=3  spawnFired=12  p0.grounded=4 airflag=1  vel=[784.1, 105.3, 4161.4]       + 28s  ph=3  spawnFired=12  p0.grounded=4 airflag=0  vel=[-972.5, 9.4, -107.3]       + 33s  ph=3  spawnFired=12  p0.grounded=4 airflag=0  vel=[0, 0, 0]       + 37s  ph=3  spawnFired=12  p0.grounded=4 airflag=0  vel=[0, 0, 0]       + 42s  ph=3  spawnFired=12  p0.grounded=4 airflag=0  vel=[0, 0, 0]   
  [statediff] agent: {"armed":true,"frames":2729,"car":0,"err":null,"ai":false,"aiErr":null}
  [statediff] 2729 frames -> verify\d3_pu_20260926\o2.msd  (distinct payloads=1947, nonzero=2729)
  [statediff] puhook agent: {"armed":true,"calls":2728,"n6":756,"st":"done","pi":3,"acts":[[60,12],[100,16],[188,11]],"pending":2362,"err":null}
  [statediff] puhook 2362 rows -> verify\d3_pu_20260926\o2.msd.puhook.csv  (codes seen=[-1, 11, 12, 16, 19], rows with FIRE=60)
  [statediff] provenance -> verify\d3_pu_20260926\o2.msd.provenance.json
