  [keep-awake] display-sleep suppressed + wake nudge sent
=== scenario_launch  pid=2320  track=0 mode=10 cars=4 ===
  attaching ASAP...
  [agent] ready
    phase=0  (waiting for menu (phase 1))
    phase=1  (waiting for menu (phase 1))
  [setup] set track=0 mode=10 cars=4 car=0 rule=0 team=0
  [statediff] statediff armed (tick 0x004c1be0, car 0, rec@0x8815a0)
  [statediff] puhook armed (FUN_0045bba0 + 9 FIRE + 8 CANFIRE + FUN_0045bac0; plan=[7,10,12,16] subj slot 0 warm 60)
  [statediff] cook injector armed (0x00496530)
  [statediff] drive: full accel, steer=+0 -> 1
  [launch] poke DAT_00771968 = 2 -> 1
    phase=2  (waiting for race running (phase 3))
    phase=3  (waiting for race running (phase 3))

  *** RACE RUNNING (phase 3) ***
  [ctrl-slots] ctrl slot table was [0,0,0,0] -> [0,1,2,3]
  car spawn fired: 12   grounded=4  airflag=0
  vel=[0, 0, 0]  fwd=[-8.742277657347586e-08, 0, -1]

  VERDICT: launcher reached a running race and spawned a car. [OK]

  racing 45s — pulsing control 4 (confirm/accel) to skip the start intro + continue rounds...
    +  4s  ph=3  spawnFired=12  p0.grounded=4 airflag=0  vel=[0, 0, 0]       +  9s  ph=3  spawnFired=12  p0.grounded=4 airflag=0  vel=[0, 0, 0]       + 13s  ph=3  spawnFired=12  p0.grounded=4 airflag=1  vel=[-0.0, 0, -1.0]       + 18s  ph=3  spawnFired=12  p0.grounded=4 airflag=1  vel=[2237.8, -0.4, 407.1]       + 23s  ph=3  spawnFired=12  p0.grounded=4 airflag=1  vel=[1753.5, 9.6, 1346.1]       + 28s  ph=3  spawnFired=12  p0.grounded=3 airflag=1  vel=[0, 0, 0]       + 33s  ph=3  spawnFired=12  p0.grounded=3 airflag=1  vel=[0, 0, 0]       + 37s  ph=3  spawnFired=12  p0.grounded=3 airflag=1  vel=[0, 0, 0]       + 42s  ph=3  spawnFired=12  p0.grounded=3 airflag=1  vel=[0, 0, 0]   
  [statediff] agent: {"armed":true,"frames":2731,"car":0,"err":null,"ai":false,"aiErr":null}
  [statediff] 2731 frames -> verify\d3_pu_20260926\o4.msd  (distinct payloads=933, nonzero=2731)
  [statediff] puhook agent: {"armed":true,"calls":2730,"n6":739,"st":"done","pi":4,"acts":[[60,7],[244,10],[284,12],[324,16]],"pending":2205,"err":null}
  [statediff] puhook 2205 rows -> verify\d3_pu_20260926\o4.msd.puhook.csv  (codes seen=[-1, 7, 10, 12, 16, 19], rows with FIRE=160)
  [statediff] provenance -> verify\d3_pu_20260926\o4.msd.provenance.json
