slot=0 pass=0 n=2 ret=1 pos=(-2.0268,0.4242,-3.6056) vel=(-1707.3820,77.9189,703.9198)->(698.1583,-246.5610,579.5737) | s5 d=-0.0138 n=(1.000,0.000,0.000) m=-1685.3 | s9 d=-0.0069 n=(1.000,0.000,0.000) m=-1684.3
slot=0 pass=0 n=1 ret=1 pos=(-2.0139,0.4341,-3.2984) vel=(-456.1532,25.4528,308.9635)->(307.2982,-7.6826,283.4164) | s5 d=-0.0036 n=(1.000,0.000,0.000) m=-452.7
slot=0 pass=0 n=1 ret=1 pos=(-2.0152,0.4393,-3.1341) vel=(-227.4748,13.9409,185.7747)->(198.8967,-2.7077,170.6522) | s5 d=-0.0043 n=(1.000,0.000,0.000) m=-226.4
slot=0 pass=0 n=1 ret=1 pos=(-2.0154,0.4428,-3.0229) vel=(-179.3379,12.3939,180.8513)->(175.6555,-0.8573,165.6684) | s5 d=-0.0032 n=(1.000,0.000,0.000) m=-178.8
slot=0 pass=0 n=1 ret=1 pos=(-2.0158,0.4458,-2.9273) vel=(-150.8965,11.3156,171.7013)->(161.6294,0.0635,155.8802) | s5 d=-0.0017 n=(1.000,0.000,0.000) m=-150.7
slot=0 pass=0 n=1 ret=1 pos=(-2.0200,0.4487,-2.8315) vel=(-141.1571,11.4529,177.4257)->(155.5708,0.8362,158.6826) | s5 d=-0.0025 n=(1.000,0.000,0.000) m=-140.9
slot=0 pass=0 n=1 ret=1 pos=(-2.0244,0.4515,-2.7447) vel=(-133.8334,11.8979,186.4591)->(150.0469,1.7452,164.2306) | s5 d=-0.0017 n=(1.000,0.000,0.000) m=-133.6
slot=0 pass=0 n=1 ret=1 pos=(-2.0306,0.4545,-2.6432) vel=(-137.3037,12.9141,200.6382)->(148.0996,2.4755,173.1602) | s5 d=-0.0008 n=(1.000,0.000,0.000) m=-136.5
slot=0 pass=0 n=1 ret=1 pos=(-2.0457,0.4580,-2.5348) vel=(-149.9270,15.8203,245.8917)->(145.2588,4.5099,209.0408) | s5 d=-0.0022 n=(1.000,0.000,0.000) m=-147.3
slot=0 pass=0 n=1 ret=1 pos=(-2.0668,0.4625,-2.3880) vel=(-163.8271,20.3707,318.4316)->(134.4521,8.4086,271.0161) | s5 d=-0.0005 n=(1.000,0.000,0.000) m=-156.4
slot=0 pass=0 n=1 ret=1 pos=(-2.1115,0.4694,-2.1577) vel=(-227.5783,28.1058,395.6592)->(120.1734,12.6849,319.2339) | s5 d=-0.0021 n=(1.000,0.000,-0.006) m=-210.5
slot=0 pass=0 n=1 ret=1 pos=(-2.1267,0.4717,-2.0932) vel=(-200.3133,17.7647,177.6781)->(113.1011,4.5217,107.7634) | s5 d=-0.0022 n=(1.000,0.000,-0.006) m=-187.9
slot=0 pass=0 n=1 ret=1 pos=(-2.1311,0.4722,-2.0855) vel=(-127.9242,5.8514,-2.3525)->(113.3737,-2.8820,-50.5914) | s5 d=-0.0015 n=(1.000,0.000,-0.006) m=-128.5
slot=0 pass=0 n=1 ret=1 pos=(-2.1235,0.4716,-2.1111) vel=(-72.6944,-2.4450,-134.1553)->(107.8450,-7.4928,-162.6310) | s5 d=-0.0009 n=(1.000,0.000,-0.006) m=-75.9
slot=0 pass=0 n=1 ret=1 pos=(-2.1154,0.4704,-2.1496) vel=(-39.8127,-4.8502,-193.9142)->(111.7074,-8.2808,-212.9378) | s5 d=-0.0003 n=(1.000,0.000,-0.006) m=-50.8
slot=0 pass=0 n=1 ret=1 pos=(-2.1048,0.4683,-2.2073) vel=(-58.1293,9.1563,142.0363)->(104.9945,4.7602,120.4581) | s5 d=-0.0005 n=(1.000,0.000,-0.006) m=-59.1
slot=0 pass=0 n=1 ret=1 pos=(-2.1186,0.4697,-2.1627) vel=(-183.1085,10.7222,45.3255)->(125.5874,-1.9719,-21.4645) | s5 d=-0.0013 n=(1.000,0.000,-0.006) m=-181.3
slot=0 pass=0 n=1 ret=1 pos=(-2.1122,0.4693,-2.1853) vel=(-87.7085,-1.1248,-117.9340)->(112.2209,-7.2890,-150.9499) | s5 d=-0.0017 n=(1.000,0.000,-0.006) m=-89.9
slot=0 pass=0 n=1 ret=1 pos=(-2.1140,0.4693,-2.1717) vel=(-153.0580,11.9449,107.4774)->(120.8577,1.1978,51.9506) | s5 d=-0.0003 n=(1.000,0.000,-0.006) m=-151.4
slot=0 pass=0 n=1 ret=1 pos=(-2.1098,0.4695,-2.1756) vel=(-78.5444,1.0543,-52.5491)->(108.6425,-4.4375,-81.6508) | s5 d=-0.0006 n=(1.000,0.000,-0.006) m=-79.3
slot=0 pass=0 n=1 ret=1 pos=(-2.1113,0.4692,-2.1784) vel=(-128.1279,7.7582,48.3421)->(118.9368,-1.3053,1.5867) | s5 d=-0.0019 n=(1.000,0.000,-0.006) m=-128.2
slot=0 pass=0 n=1 ret=1 pos=(-2.1085,0.4691,-2.1839) vel=(-90.3799,4.0857,4.1192)->(111.7378,-2.3316,-29.1300) | s5 d=-0.0012 n=(1.000,0.000,-0.006) m=-91.2
slot=0 pass=0 n=1 ret=1 pos=(-2.1098,0.4693,-2.1793) vel=(-120.7942,6.4067,24.4010)->(117.7678,-2.1377,-19.6508) | s5 d=-0.0015 n=(1.000,0.000,-0.006) m=-121.0
slot=0 pass=0 n=1 ret=1 pos=(-2.1087,0.4692,-2.1809) vel=(-119.5455,5.8686,13.5563)->(118.3669,-2.6200,-30.1992) | s5 d=-0.0011 n=(1.000,0.000,-0.006) m=-120.3
slot=0 pass=0 n=1 ret=1 pos=(-2.1098,0.4692,-2.1804) vel=(-132.2853,5.9646,5.5424)->(120.7137,-3.3691,-42.6552) | s5 d=-0.0020 n=(1.000,0.000,-0.006) m=-132.6
slot=0 pass=0 n=1 ret=1 pos=(-2.1092,0.4692,-2.1805) vel=(-128.7909,6.2633,16.3971)->(119.7984,-2.8294,-30.4905) | s5 d=-0.0015 n=(1.000,0.000,-0.006) m=-129.0
slot=0 pass=0 n=1 ret=1 pos=(-2.1092,0.4693,-2.1794) vel=(-119.7712,6.2725,22.5741)->(117.7170,-2.2060,-21.0987) | s5 d=-0.0013 n=(1.000,0.000,-0.006) m=-120.0
slot=0 pass=0 n=1 ret=1 pos=(-2.1073,0.4692,-2.1812) vel=(-118.5788,5.2959,5.3619)->(117.8821,-3.0823,-37.8852) | s5 d=-0.0002 n=(1.000,0.000,-0.006) m=-119.0
slot=0 pass=0 n=1 ret=1 pos=(-2.1087,0.4693,-2.1786) vel=(-131.4671,6.5193,19.3127)->(120.3085,-2.7613,-28.5318) | s5 d=-0.0008 n=(1.000,0.000,-0.006) m=-131.7
slot=0 pass=0 n=1 ret=1 pos=(-2.1077,0.4692,-2.1806) vel=(-117.1991,5.9526,18.1989)->(117.5238,-2.3579,-24.5511) | s5 d=-0.0005 n=(1.000,0.000,-0.006) m=-117.6
slot=0 pass=0 n=1 ret=1 pos=(-2.1094,0.4693,-2.1795) vel=(-128.8929,6.2906,13.8044)->(119.9595,-2.8270,-33.1518) | s5 d=-0.0018 n=(1.000,0.000,-0.006) m=-129.2
slot=0 pass=0 n=1 ret=1 pos=(-2.1090,0.4692,-2.1792) vel=(-131.1162,6.4708,18.7278)->(120.3527,-2.7895,-28.9570) | s5 d=-0.0016 n=(1.000,0.000,-0.006) m=-131.3
slot=0 pass=0 n=1 ret=1 pos=(-2.1084,0.4692,-2.1797) vel=(-123.0355,5.7107,10.1448)->(118.7444,-2.9800,-34.6865) | s5 d=-0.0011 n=(1.000,0.000,-0.006) m=-123.4
slot=0 pass=0 n=1 ret=1 pos=(-2.1080,0.4692,-2.1800) vel=(-119.0383,6.1619,21.0337)->(117.8103,-2.2748,-22.3350) | s5 d=-0.0008 n=(1.000,0.000,-0.006) m=-119.4
slot=0 pass=0 n=1 ret=1 pos=(-2.1093,0.4692,-2.1800) vel=(-131.7599,5.8834,4.4410)->(120.8098,-3.4216,-43.5332) | s5 d=-0.0020 n=(1.000,0.000,-0.006) m=-132.2
slot=0 pass=0 n=1 ret=1 pos=(-2.1093,0.4693,-2.1780) vel=(-124.8213,6.8427,30.2511)->(118.6749,-1.9909,-15.1194) | s5 d=-0.0017 n=(1.000,0.000,-0.006) m=-124.8
slot=0 pass=0 n=1 ret=1 pos=(-2.1065,0.4692,-2.1815) vel=(-111.6479,5.1632,6.2238)->(117.0212,-2.7793,-34.6246) | s5 d=-0.0001 n=(1.000,0.000,-0.006) m=-112.5
slot=0 pass=0 n=1 ret=1 pos=(-2.1092,0.4693,-2.1774) vel=(-136.8190,7.0732,23.3122)->(121.4316,-2.5969,-26.3237) | s5 d=-0.0020 n=(1.000,0.000,-0.006) m=-136.8
slot=0 pass=0 n=1 ret=1 pos=(-2.1074,0.4693,-2.1787) vel=(-119.7056,6.2103,21.6926)->(118.1087,-2.2800,-21.8508) | s5 d=-0.0009 n=(1.000,0.000,-0.006) m=-120.0
slot=0 pass=0 n=1 ret=1 pos=(-2.1062,0.4693,-2.1788) vel=(-117.2261,5.9124,17.6493)->(117.8479,-2.4128,-25.0257) | s5 d=-0.0000 n=(1.000,0.000,-0.006) m=-117.7
slot=0 pass=0 n=1 ret=1 pos=(-2.1060,0.4693,-2.1784) vel=(-126.9043,6.0233,13.5472)->(119.9223,-2.9564,-32.5210) | s5 d=-0.0000 n=(1.000,0.000,-0.006) m=-127.2
slot=0 pass=0 n=1 ret=1 pos=(-2.1084,0.4693,-2.1778) vel=(-134.6567,6.1835,8.5012)->(121.4841,-3.3293,-40.3882) | s5 d=-0.0018 n=(1.000,0.000,-0.006) m=-134.9
slot=0 pass=0 n=1 ret=1 pos=(-2.1079,0.4692,-2.1795) vel=(-127.7206,6.1074,14.5210)->(120.0144,-2.9270,-31.8568) | s5 d=-0.0017 n=(1.000,0.000,-0.006) m=-128.0
slot=0 pass=0 n=1 ret=1 pos=(-2.1076,0.4693,-2.1788) vel=(-124.9483,5.8526,11.6720)->(119.4266,-2.9850,-33.7419) | s5 d=-0.0012 n=(1.000,0.000,-0.006) m=-125.3
slot=0 pass=0 n=1 ret=1 pos=(-2.1072,0.4693,-2.1788) vel=(-119.7843,6.2071,21.6329)->(118.2160,-2.2924,-21.9114) | s5 d=-0.0009 n=(1.000,0.000,-0.006) m=-120.1
slot=0 pass=0 n=1 ret=1 pos=(-2.1059,0.4693,-2.1791) vel=(-117.3076,5.9100,17.5995)->(117.9568,-2.4247,-25.0772) | s5 d=-0.0000 n=(1.000,0.000,-0.006) m=-117.8
slot=0 pass=0 n=1 ret=1 pos=(-2.1074,0.4693,-2.1784) vel=(-129.1346,6.2597,13.3666)->(120.4491,-2.8927,-33.5382) | s5 d=-0.0012 n=(1.000,0.000,-0.006) m=-129.5
slot=0 pass=0 n=1 ret=1 pos=(-2.1071,0.4693,-2.1780) vel=(-132.2515,6.5145,19.0611)->(121.0789,-2.8461,-28.8726) | s5 d=-0.0012 n=(1.000,0.000,-0.006) m=-132.4
slot=0 pass=0 n=1 ret=1 pos=(-2.1065,0.4693,-2.1786) vel=(-123.6507,5.7125,10.0302)->(119.3333,-3.0404,-34.8728) | s5 d=-0.0007 n=(1.000,0.000,-0.006) m=-124.0
slot=0 pass=0 n=1 ret=1 pos=(-2.1078,0.4693,-2.1769) vel=(-131.6325,6.4625,18.5403)->(120.8721,-2.8507,-29.1994) | s5 d=-0.0017 n=(1.000,0.000,-0.006) m=-131.8
slot=0 pass=0 n=1 ret=1 pos=(-2.1068,0.4693,-2.1791) vel=(-117.7875,5.9488,18.1284)->(118.1409,-2.4232,-24.6806) | s5 d=-0.0013 n=(1.000,0.000,-0.006) m=-118.2
slot=0 pass=0 n=1 ret=1 pos=(-2.1057,0.4693,-2.1789) vel=(-122.0265,5.5490,8.1248)->(119.1285,-3.0945,-36.1654) | s5 d=-0.0004 n=(1.000,0.000,-0.006) m=-122.4
slot=0 pass=0 n=1 ret=1 pos=(-2.1082,0.4693,-2.1774) vel=(-135.7918,6.2887,9.9033)->(121.8615,-3.3104,-39.3169) | s5 d=-0.0021 n=(1.000,0.000,-0.006) m=-136.0
slot=0 pass=0 n=1 ret=1 pos=(-2.1053,0.4693,-2.1792) vel=(-113.5082,6.1620,27.9075)->(117.0513,-1.9123,-13.3097) | s5 d=-0.0000 n=(1.000,0.000,-0.006) m=-113.8
slot=0 pass=0 n=1 ret=1 pos=(-2.1062,0.4693,-2.1794) vel=(-127.1620,5.1578,-6.7695)->(120.8511,-3.8612,-53.0527) | s5 d=-0.0009 n=(1.000,0.000,-0.006) m=-128.0
slot=0 pass=0 n=1 ret=1 pos=(-2.1084,0.4693,-2.1763) vel=(-141.0451,6.8910,17.9967)->(122.7534,-3.0730,-33.0195) | s5 d=-0.0023 n=(1.000,0.000,-0.006) m=-141.0
slot=0 pass=0 n=1 ret=1 pos=(-2.1054,0.4693,-2.1795) vel=(-111.7177,5.9836,25.8731)->(116.7708,-1.9674,-14.6900) | s5 d=-0.0005 n=(1.000,0.000,-0.006) m=-112.1
slot=0 pass=0 n=1 ret=1 pos=(-2.1049,0.4693,-2.1784) vel=(-118.8403,5.2433,4.6191)->(118.5814,-3.1794,-38.5145) | s5 d=-0.0001 n=(1.000,0.000,-0.006) m=-119.3
slot=0 pass=0 n=1 ret=1 pos=(-2.1061,0.4693,-2.1761) vel=(-132.1121,6.4814,18.6742)->(121.1850,-2.8744,-29.1673) | s5 d=-0.0007 n=(1.000,0.000,-0.006) m=-132.3
slot=0 pass=0 n=1 ret=1 pos=(-2.1050,0.4693,-2.1784) vel=(-118.0754,5.9560,18.1947)->(118.3920,-2.4442,-24.6545) | s5 d=-0.0002 n=(1.000,0.000,-0.006) m=-118.5
slot=0 pass=0 n=1 ret=1 pos=(-2.1066,0.4693,-2.1776) vel=(-129.7511,6.2811,13.5907)->(120.8876,-2.9274,-33.4289) | s5 d=-0.0014 n=(1.000,0.000,-0.006) m=-130.1
slot=0 pass=0 n=1 ret=1 pos=(-2.1052,0.4693,-2.1776) vel=(-127.3148,6.0139,13.3346)->(120.3879,-3.0102,-32.7566) | s5 d=-0.0004 n=(1.000,0.000,-0.006) m=-127.6
slot=0 pass=0 n=1 ret=1 pos=(-2.1075,0.4693,-2.1771) vel=(-135.0873,6.1792,8.4093)->(121.9924,-3.3813,-40.5040) | s5 d=-0.0021 n=(1.000,0.000,-0.006) m=-135.3
slot=0 pass=0 n=1 ret=1 pos=(-2.1052,0.4693,-2.1775) vel=(-114.6632,5.9813,25.0559)->(117.7427,-2.1821,-16.6239) | s5 d=-0.0003 n=(1.000,0.000,-0.006) m=-115.2
slot=0 pass=0 n=1 ret=1 pos=(-2.1062,0.4693,-2.1791) vel=(-120.9200,5.4011,2.7608)->(119.3298,-3.1951,-41.1993) | s5 d=-0.0013 n=(1.000,0.000,-0.006) m=-121.6
slot=0 pass=0 n=1 ret=1 pos=(-2.1071,0.4693,-2.1766) vel=(-138.4115,6.5556,13.4511)->(122.5643,-3.2359,-36.5858) | s5 d=-0.0018 n=(1.000,0.000,-0.006) m=-138.5
slot=0 pass=0 n=1 ret=1 pos=(-2.1048,0.4693,-2.1774) vel=(-115.2200,6.2972,29.3973)->(117.5625,-1.9043,-12.3712) | s5 d=-0.0001 n=(1.000,0.000,-0.006) m=-115.5
slot=0 pass=0 n=1 ret=1 pos=(-2.1052,0.4693,-2.1788) vel=(-122.7418,5.5717,4.8462)->(119.7589,-3.1552,-39.7096) | s5 d=-0.0006 n=(1.000,0.000,-0.006) m=-123.3
slot=0 pass=0 n=1 ret=1 pos=(-2.1053,0.4693,-2.1771) vel=(-133.9756,6.6497,20.6851)->(121.8078,-2.8486,-27.7363) | s5 d=-0.0006 n=(1.000,0.000,-0.006) m=-134.1
slot=0 pass=0 n=1 ret=1 pos=(-2.1049,0.4693,-2.1772) vel=(-124.6783,5.7679,10.5658)->(119.8720,-3.0709,-34.5929) | s5 d=-0.0003 n=(1.000,0.000,-0.006) m=-125.0
slot=0 pass=0 n=1 ret=1 pos=(-2.1071,0.4693,-2.1772) vel=(-135.1885,6.1797,8.3977)->(122.1068,-3.3920,-40.5219) | s5 d=-0.0021 n=(1.000,0.000,-0.006) m=-135.4
slot=0 pass=0 n=1 ret=1 pos=(-2.1049,0.4693,-2.1776) vel=(-114.7481,5.9797,25.0097)->(117.8407,-2.1931,-16.6740) | s5 d=-0.0003 n=(1.000,0.000,-0.006) m=-115.3
slot=0 pass=0 n=1 ret=1 pos=(-2.1059,0.4693,-2.1792) vel=(-121.0032,5.4004,2.7337)->(119.4308,-3.2051,-41.2271) | s5 d=-0.0012 n=(1.000,0.000,-0.006) m=-121.7
slot=0 pass=0 n=1 ret=1 pos=(-2.1058,0.4694,-2.1751) vel=(-135.2558,6.8459,23.7678)->(121.9764,-2.7408,-25.1238) | s5 d=-0.0008 n=(1.000,0.000,-0.006) m=-135.4
slot=0 pass=0 n=1 ret=1 pos=(-2.1047,0.4693,-2.1776) vel=(-121.8356,5.4948,7.4384)->(119.3929,-3.1474,-36.6855) | s5 d=-0.0005 n=(1.000,0.000,-0.006) m=-122.2
slot=0 pass=0 n=1 ret=1 pos=(-2.1071,0.4693,-2.1764) vel=(-136.0180,6.2676,9.5931)->(122.2775,-3.3626,-39.5967) | s5 d=-0.0021 n=(1.000,0.000,-0.006) m=-136.2
slot=0 pass=0 n=1 ret=1 pos=(-2.1067,0.4693,-2.1778) vel=(-128.8571,6.1493,14.8602)->(120.7450,-2.9854,-31.7588) | s5 d=-0.0021 n=(1.000,0.000,-0.006) m=-129.1
slot=0 pass=0 n=1 ret=1 pos=(-2.1063,0.4693,-2.1772) vel=(-125.6001,5.8519,11.5376)->(120.0506,-3.0515,-33.9489) | s5 d=-0.0016 n=(1.000,0.000,-0.006) m=-125.9
slot=0 pass=0 n=1 ret=1 pos=(-2.1059,0.4693,-2.1774) vel=(-120.4223,6.2094,21.6270)->(118.8324,-2.3548,-21.9911) | s5 d=-0.0013 n=(1.000,0.000,-0.006) m=-120.7
slot=0 pass=0 n=1 ret=1 pos=(-2.1045,0.4693,-2.1777) vel=(-117.9549,5.9161,17.6472)->(118.5727,-2.4839,-25.1063) | s5 d=-0.0003 n=(1.000,0.000,-0.006) m=-118.4
slot=0 pass=0 n=1 ret=1 pos=(-2.1061,0.4693,-2.1769) vel=(-130.4405,6.3242,14.0939)->(121.2250,-2.9410,-33.1023) | s5 d=-0.0016 n=(1.000,0.000,-0.006) m=-130.7
slot=0 pass=0 n=1 ret=1 pos=(-2.1047,0.4693,-2.1768) vel=(-127.7014,6.0252,13.4112)->(120.6602,-3.0340,-32.7527) | s5 d=-0.0006 n=(1.000,0.000,-0.006) m=-128.0
slot=0 pass=0 n=1 ret=1 pos=(-2.1042,0.4693,-2.1769) vel=(-120.3433,6.1839,21.2549)->(118.9555,-2.3803,-22.2977) | s5 d=-0.0001 n=(1.000,0.000,-0.006) m=-120.6
slot=0 pass=0 n=1 ret=1 pos=(-2.1055,0.4693,-2.1769) vel=(-132.9877,5.9014,4.6162)->(122.0426,-3.5309,-43.4856) | s5 d=-0.0013 n=(1.000,0.000,-0.006) m=-133.4
slot=0 pass=0 n=1 ret=1 pos=(-2.1057,0.4694,-2.1753) vel=(-126.1462,6.8513,30.2591)->(119.8822,-2.1133,-15.2884) | s5 d=-0.0013 n=(1.000,0.000,-0.006) m=-126.2
slot=0 pass=0 n=1 ret=1 pos=(-2.1042,0.4693,-2.1769) vel=(-120.2505,5.3319,5.5578)->(119.2123,-3.2041,-37.9595) | s5 d=-0.0005 n=(1.000,0.000,-0.006) m=-120.7
slot=0 pass=0 n=1 ret=1 pos=(-2.1063,0.4693,-2.1762) vel=(-135.7494,6.2119,8.8166)->(122.4512,-3.4087,-40.2199) | s5 d=-0.0020 n=(1.000,0.000,-0.006) m=-136.0
slot=0 pass=0 n=1 ret=1 pos=(-2.1041,0.4693,-2.1765) vel=(-115.1527,5.9944,25.1643)->(118.1225,-2.2149,-16.5966) | s5 d=-0.0003 n=(1.000,0.000,-0.006) m=-115.7
slot=0 pass=0 n=1 ret=1 pos=(-2.1051,0.4693,-2.1781) vel=(-121.3622,5.4114,2.8612)->(119.7045,-3.2275,-41.1548) | s5 d=-0.0012 n=(1.000,0.000,-0.006) m=-122.0
slot=0 pass=0 n=1 ret=1 pos=(-2.1060,0.4694,-2.1758) vel=(-138.7791,6.5520,13.3646)->(122.9878,-3.2797,-36.6921) | s5 d=-0.0017 n=(1.000,0.000,-0.006) m=-138.8
slot=0 pass=0 n=1 ret=1 pos=(-2.1062,0.4693,-2.1760) vel=(-130.6259,6.2917,16.4360)->(121.2644,-2.9743,-30.7550) | s5 d=-0.0020 n=(1.000,0.000,-0.006) m=-130.8
slot=0 pass=0 n=1 ret=1 pos=(-2.1053,0.4693,-2.1774) vel=(-123.4271,5.6275,8.9244)->(119.8231,-3.1313,-35.7255) | s5 d=-0.0014 n=(1.000,0.000,-0.006) m=-123.8
slot=0 pass=0 n=1 ret=1 pos=(-2.1050,0.4694,-2.1762) vel=(-121.5177,6.3137,23.0184)->(119.1573,-2.3321,-20.9286) | s5 d=-0.0008 n=(1.000,0.000,-0.006) m=-121.8
slot=0 pass=0 n=1 ret=1 pos=(-2.1038,0.4694,-2.1761) vel=(-118.5844,5.9696,18.3759)->(118.7947,-2.4786,-24.5547) | s5 d=-0.0000 n=(1.000,0.000,-0.006) m=-119.0
slot=0 pass=0 n=1 ret=1 pos=(-2.1037,0.4694,-2.1755) vel=(-128.1999,6.0517,13.6711)->(120.9157,-3.0489,-32.6169) | s5 d=-0.0000 n=(1.000,0.000,-0.006) m=-128.5
