A6 mode=0 gndBits=00000000 st10=0 c54=0.001 c5c=0.000705401 adt=3.26577e-08 mat1ec=0 trk1f0=0(0x00000000) f9e4=0 f9e8=0 d00=0 n4=0 n5=0 l78=0 l74=0 l70=0 l60=0 ld0=0 w0f=(0,0,0) av=(0,0,0)
A6 mode=0 gndBits=00000000 st10=0 c54=0.001 c5c=0.000705401 adt=3.26577e-08 mat1ec=0 trk1f0=0(0x00000000) f9e4=0 f9e8=0 d00=0 n4=0 n5=0 l78=0 l74=0 l70=0 l60=0 ld0=0 w0f=(0,0,0) av=(0,0,0)
A6 mode=0 gndBits=00000000 st10=0 c54=0.001 c5c=0.000705401 adt=3.26577e-08 mat1ec=0 trk1f0=0(0x00000000) f9e4=0 f9e8=0 d00=0 n4=0 n5=0 l78=0 l74=0 l70=0 l60=0 ld0=0 w0f=(0,0,0) av=(0,0,0)
A6 mode=0 gndBits=00000000 st10=0 c54=0.001 c5c=0.000705401 adt=3.26577e-08 mat1ec=0 trk1f0=0(0x00000000) f9e4=0 f9e8=0 d00=0 n4=0 n5=0 l78=0 l74=0 l70=0 l60=0 ld0=0 w0f=(0,0,0) av=(0,0,0)
A6 mode=0 gndBits=40800000 st10=0 c54=0.001 c5c=0.000705401 adt=3.26577e-08 mat1ec=0 trk1f0=0(0x00000000) f9e4=216.475 f9e8=0 d00=0 n4=4 n5=4 l78=529821 l74=-285675 l70=-582524 l60=865.902 ld0=6.11826e+06 w0f=(-61.2719,23771.1,-11712.7) av=(0.0173027,-0.00932951,-0.0190239)
A6 mode=0 gndBits=40800000 st10=0 c54=0.001 c5c=0.000705401 adt=3.26577e-08 mat1ec=0 trk1f0=0(0x00000000) f9e4=216.475 f9e8=0 d00=0 n4=4 n5=4 l78=529821 l74=-285675 l70=-582524 l60=865.902 ld0=6.11827e+06 w0f=(-61.275,23771.1,-11713.3) av=(0.0173027,-0.0093295,-0.0190239)
A6 mode=0 gndBits=40800000 st10=0 c54=0.001 c5c=0.000705401 adt=3.26577e-08 mat1ec=0 trk1f0=0(0x00000000) f9e4=216.475 f9e8=0 d00=0 n4=4 n5=4 l78=529821 l74=-285675 l70=-582524 l60=865.902 ld0=6.11827e+06 w0f=(-61.275,23771.1,-11713.3) av=(0.0173027,-0.0093295,-0.0190239)
A6 mode=0 gndBits=40800000 st10=0 c54=0.001 c5c=0.000705401 adt=3.26577e-08 mat1ec=0 trk1f0=0(0x00000000) f9e4=216.475 f9e8=0 d00=0 n4=4 n5=4 l78=529820 l74=-285675 l70=-582524 l60=865.902 ld0=6.11827e+06 w0f=(-61.275,23771.1,-11713.3) av=(0.0173027,-0.0093295,-0.0190239)
A6 mode=0 gndBits=40800000 st10=0 c54=0.001 c5c=0.000705401 adt=3.26577e-08 mat1ec=0 trk1f0=0(0x00000000) f9e4=172.874 f9e8=0.0219865 d00=0 n4=4 n5=4 l78=397741 l74=-283098 l70=-461675 l60=691.631 ld0=4.97829e+06 w0f=(-80.4162,18814,-11681.3) av=(0.026896,-0.0167437,-0.0303673)
A6 mode=0 gndBits=40800000 st10=0 c54=0.001 c5c=0.000705401 adt=3.26577e-08 mat1ec=0 trk1f0=0(0x00000000) f9e4=173.387 f9e8=0.0219867 d00=0 n4=4 n5=4 l78=652671 l74=5.56075e+06 l70=-396726 l60=691.636 ld0=1.67785e+07 w0f=(-76.8976,18838,-11004) av=(0.0352216,0.174103,-0.0282464)
A6 mode=0 gndBits=40800000 st10=0 c54=0.001 c5c=0.000705401 adt=3.26577e-08 mat1ec=0 trk1f0=0(0x00000000) f9e4=173.387 f9e8=0.0219867 d00=0 n4=4 n5=4 l78=652671 l74=5.56076e+06 l70=-396726 l60=691.636 ld0=1.67785e+07 w0f=(-76.8976,18838,-11004) av=(0.0352216,0.174103,-0.0282464)
A6 mode=0 gndBits=40800000 st10=0 c54=0.001 c5c=0.000705401 adt=3.26577e-08 mat1ec=0 trk1f0=0(0x00000000) f9e4=173.387 f9e8=0.0219867 d00=0 n4=4 n5=4 l78=652671 l74=5.56075e+06 l70=-396726 l60=691.636 ld0=1.67785e+07 w0f=(-76.8976,18838,-11004) av=(0.0352216,0.174103,-0.0282464)
A6 mode=0 gndBits=40800000 st10=0 c54=0.001 c5c=0.000705401 adt=3.26577e-08 mat1ec=0 trk1f0=0(0x00000000) f9e4=137.85 f9e8=0.0352126 d00=0 n4=4 n5=4 l78=296149 l74=-274878 l70=-365919 l60=551.606 ld0=4.08229e+06 w0f=(-102.012,14866.1,-11627.7) av=(0.0312523,-0.0224117,-0.0363162)
A6 mode=0 gndBits=40800000 st10=0 c54=0.001 c5c=0.000705401 adt=3.26577e-08 mat1ec=0 trk1f0=0(0x00000000) f9e4=138.396 f9e8=0.144319 d00=0 n4=4 n5=4 l78=336442 l74=-531190 l70=-339859 l60=553.518 ld0=4.07958e+06 w0f=(910.989,14921,-11388.1) av=(0.0392487,0.12235,-0.0337635)
A6 mode=0 gndBits=40800000 st10=0 c54=0.001 c5c=0.000705401 adt=3.26577e-08 mat1ec=0 trk1f0=0(0x00000000) f9e4=138.396 f9e8=0.144319 d00=0 n4=4 n5=4 l78=336440 l74=-521487 l70=-339877 l60=553.51 ld0=4.07905e+06 w0f=(827.534,14921,-11386.5) av=(0.0392486,0.122667,-0.0337641)
A6 mode=0 gndBits=40800000 st10=0 c54=0.001 c5c=0.000705401 adt=3.26577e-08 mat1ec=0 trk1f0=0(0x00000000) f9e4=138.396 f9e8=0.144319 d00=0 n4=4 n5=4 l78=336441 l74=-529573 l70=-339862 l60=553.517 ld0=4.07949e+06 w0f=(897.079,14921,-11387.9) av=(0.0392487,0.122403,-0.0337636)
A6 mode=0 gndBits=40800000 st10=0 c54=0.001 c5c=0.000705401 adt=3.26577e-08 mat1ec=0 trk1f0=0(0x00000000) f9e4=109.827 f9e8=0.0423958 d00=0 n4=4 n5=4 l78=218746 l74=-262875 l70=-290182 l60=439.52 ld0=3.38649e+06 w0f=(-123.261,11734.2,-11544.8) av=(0.0321929,-0.0265482,-0.0385845)
A6 mode=0 gndBits=40800000 st10=0 c54=0.001 c5c=0.000705401 adt=3.26577e-08 mat1ec=0 trk1f0=0(0x00000000) f9e4=114.484 f9e8=0.10649 d00=0 n4=4 n5=4 l78=275344 l74=-410685 l70=-259694 l60=440.958 ld0=3.26252e+06 w0f=(659.658,11848.5,-9372.24) av=(0.0404523,0.0846591,-0.0355445)
A6 mode=0 gndBits=40800000 st10=0 c54=0.001 c5c=0.000705401 adt=3.26577e-08 mat1ec=0 trk1f0=0(0x00000000) f9e4=114.483 f9e8=0.106724 d00=0 n4=4 n5=4 l78=275319 l74=-402964 l70=-259740 l60=440.934 ld0=3.26195e+06 w0f=(600.189,11848.5,-9372.08) av=(0.0404514,0.0851653,-0.0355464)
A6 mode=0 gndBits=40800000 st10=0 c54=0.001 c5c=0.000705401 adt=3.26577e-08 mat1ec=0 trk1f0=0(0x00000000) f9e4=114.483 f9e8=0.106529 d00=0 n4=4 n5=4 l78=275340 l74=-407416 l70=-259705 l60=440.948 ld0=3.26232e+06 w0f=(632.611,11848.5,-9372.03) av=(0.0404522,0.0848082,-0.0355449)
A6 mode=0 gndBits=40800000 st10=0 c54=0.001 c5c=0.000705401 adt=3.26577e-08 mat1ec=0 trk1f0=0(0x00000000) f9e4=87.4652 f9e8=0.0455207 d00=0 n4=4 n5=4 l78=160140 l74=-248266 l70=-230308 l60=350.013 ld0=2.85241e+06 w0f=(-142.439,9255.53,-11421.6) av=(0.031015,-0.0293718,-0.038426)
A6 mode=0 gndBits=40800000 st10=0 c54=0.001 c5c=0.000705401 adt=3.26577e-08 mat1ec=0 trk1f0=0(0x00000000) f9e4=101.987 f9e8=0.0803747 d00=0 n4=4 n5=4 l78=216332 l74=-294723 l70=-199988 l60=351.145 ld0=2.57437e+06 w0f=(469.712,9370.72,-7017.54) av=(0.03947,0.0581928,-0.0350048)
A6 mode=0 gndBits=40800000 st10=0 c54=0.001 c5c=0.000705401 adt=3.26577e-08 mat1ec=0 trk1f0=0(0x00000000) f9e4=101.985 f9e8=0.0807174 d00=0 n4=4 n5=4 l78=216347 l74=-287291 l70=-200006 l60=351.107 ld0=2.57375e+06 w0f=(417.819,9370.6,-7017.92) av=(0.0394698,0.058841,-0.0350069)
A6 mode=0 gndBits=40800000 st10=0 c54=0.001 c5c=0.000705401 adt=3.26577e-08 mat1ec=0 trk1f0=0(0x00000000) f9e4=101.986 f9e8=0.0804756 d00=0 n4=4 n5=4 l78=216338 l74=-291624 l70=-199995 l60=351.13 ld0=2.57415e+06 w0f=(446.398,9370.69,-7017.61) av=(0.0394701,0.0584135,-0.0350053)
A6 mode=0 gndBits=40800000 st10=0 c54=0.001 c5c=0.000705401 adt=3.26577e-08 mat1ec=0 trk1f0=0(0x00000000) f9e4=78.2866 f9e8=0.028728 d00=0 n4=4 n5=4 l78=157765 l74=-251861 l70=-208043 l60=313.073 ld0=2.64118e+06 w0f=(-122.139,8374.67,-11310.2) av=(0.0206597,-0.0229111,-0.0260072)
A6 mode=0 gndBits=40800000 st10=0 c54=0.001 c5c=0.000705401 adt=3.26577e-08 mat1ec=0 trk1f0=0(0x00000000) f9e4=100.146 f9e8=0.0628999 d00=0 n4=4 n5=4 l78=167262 l74=-206660 l70=-155274 l60=279.567 ld0=2.01994e+06 w0f=(338.816,7404.61,-4975.71) av=(0.0370697,0.0398514,-0.0331025)
A6 mode=0 gndBits=40800000 st10=0 c54=0.001 c5c=0.000705401 adt=3.26577e-08 mat1ec=0 trk1f0=0(0x00000000) f9e4=100.144 f9e8=0.0632861 d00=0 n4=4 n5=4 l78=167371 l74=-200948 l70=-155230 l60=279.526 ld0=2.01936e+06 w0f=(306.599,7404.56,-4976.42) av=(0.0370731,0.040557,-0.0331027)
A6 mode=0 gndBits=40800000 st10=0 c54=0.001 c5c=0.000705401 adt=3.26577e-08 mat1ec=0 trk1f0=0(0x00000000) f9e4=100.145 f9e8=0.0630311 d00=0 n4=4 n5=4 l78=167302 l74=-205342 l70=-155257 l60=279.556 ld0=2.01978e+06 w0f=(333.02,7404.6,-4976.05) av=(0.0370711,0.0400711,-0.0331024)
A6 mode=0 gndBits=40800000 st10=0 c54=0.001 c5c=0.000705401 adt=3.26577e-08 mat1ec=0 trk1f0=0(0x00000000) f9e4=57.9941 f9e8=0.020175 d00=0 n4=4 n5=4 l78=118397 l74=-245978 l70=-154770 l60=231.603 ld0=2.19632e+06 w0f=(-112.347,6207.11,-11061.1) av=(0.0141964,-0.0194886,-0.018058)
A6 mode=0 gndBits=40800000 st10=0 c54=0.001 c5c=0.000705401 adt=3.26577e-08 mat1ec=0 trk1f0=0(0x00000000) f9e4=110.589 f9e8=0.0318515 d00=0 n4=4 n5=4 l78=148677 l74=-136799 l70=-150477 l60=249.846 ld0=1.78484e+06 w0f=(149.473,6703.73,-3952.26) av=(0.0233903,0.0154582,-0.0214655)
A6 mode=0 gndBits=40800000 st10=0 c54=0.001 c5c=0.000705401 adt=3.26577e-08 mat1ec=0 trk1f0=0(0x00000000) f9e4=110.588 f9e8=0.0320744 d00=0 n4=4 n5=4 l78=148790 l74=-130244 l70=-150430 l60=249.811 ld0=1.78427e+06 w0f=(115.799,6703.66,-3952.11) av=(0.0233957,0.016025,-0.0214641)
A6 mode=0 gndBits=40800000 st10=0 c54=0.001 c5c=0.000705401 adt=3.26577e-08 mat1ec=0 trk1f0=0(0x00000000) f9e4=110.589 f9e8=0.0319207 d00=0 n4=4 n5=4 l78=148714 l74=-135226 l70=-150460 l60=249.836 ld0=1.78467e+06 w0f=(142.96,6703.71,-3952.3) av=(0.0233922,0.0156194,-0.0214648)
A6 mode=0 gndBits=40800000 st10=0 c54=0.001 c5c=0.000705401 adt=3.26577e-08 mat1ec=0 trk1f0=0(0x00000000) f9e4=23.8909 f9e8=0.0122898 d00=0 n4=4 n5=4 l78=21257 l74=-213579 l70=-28924 l60=93.98 ld0=1.4037e+06 w0f=(-71.1976,1167.42,-9864.8) av=(0.00648603,-0.0149259,-0.00831186)
A6 mode=0 gndBits=40800000 st10=0 c54=0.001 c5c=0.000705401 adt=3.26577e-08 mat1ec=0 trk1f0=0(0x00000000) f9e4=124.498 f9e8=0.0176552 d00=0 n4=4 n5=4 l78=131916 l74=-101598 l70=-140708 l60=223.437 ld0=1.58816e+06 w0f=(62.6082,6035.38,-3322.13) av=(0.0160032,0.00441114,-0.0153279)
A6 mode=0 gndBits=40800000 st10=0 c54=0.001 c5c=0.000705401 adt=3.26577e-08 mat1ec=0 trk1f0=0(0x00000000) f9e4=124.497 f9e8=0.0177825 d00=0 n4=4 n5=4 l78=132068 l74=-91972.3 l70=-140644 l60=223.404 ld0=1.58757e+06 w0f=(6.76064,6035.36,-3321.23) av=(0.0160109,0.00500891,-0.0153251)
A6 mode=0 gndBits=40800000 st10=0 c54=0.001 c5c=0.000705401 adt=3.26577e-08 mat1ec=0 trk1f0=0(0x00000000) f9e4=124.498 f9e8=0.0176911 d00=0 n4=4 n5=4 l78=131960 l74=-97617.8 l70=-140690 l60=223.424 ld0=1.58797e+06 w0f=(36.1408,6035.37,-3321.82) av=(0.0160056,0.00462172,-0.015327)
A6 mode=0 gndBits=40800000 st10=0 c54=0.001 c5c=0.000705401 adt=3.26577e-08 mat1ec=0 trk1f0=0(0x00000000) f9e4=5.24395 f9e8=0.00125474 d00=0 n4=4 n5=4 l78=56.5803 l74=-67559.7 l70=-133.583 l60=6.44025 ld0=386167 w0f=(-14.6196,5.23261,-2757.45) av=(0.000447196,-0.0032312,-0.000575077)
A6 mode=0 gndBits=40800000 st10=0 c54=0.001 c5c=0.000705401 adt=3.26577e-08 mat1ec=0 trk1f0=0(0x00000000) f9e4=141.151 f9e8=0.0112972 d00=0 n4=4 n5=4 l78=114802 l74=-82698.6 l70=-125658 l60=199.848 ld0=1.41334e+06 w0f=(21.8195,5349.46,-2941.44) av=(0.0117508,-0.000495177,-0.0117677)
A6 mode=0 gndBits=40800000 st10=0 c54=0.001 c5c=0.000705401 adt=3.26577e-08 mat1ec=0 trk1f0=0(0x00000000) f9e4=141.149 f9e8=0.0113611 d00=0 n4=4 n5=4 l78=115183 l74=-71917.3 l70=-125455 l60=199.823 ld0=1.41257e+06 w0f=(-38.4644,5349.75,-2940.35) av=(0.0117671,0.0001558,-0.0117596)
A6 mode=0 gndBits=40800000 st10=0 c54=0.001 c5c=0.000705401 adt=3.26577e-08 mat1ec=0 trk1f0=0(0x00000000) f9e4=141.151 f9e8=0.0113188 d00=0 n4=4 n5=4 l78=114940 l74=-78287.7 l70=-125582 l60=199.838 ld0=1.41307e+06 w0f=(-5.83645,5349.54,-2941.1) av=(0.0117565,-0.000245837,-0.0117648)
A6 mode=0 gndBits=40800000 st10=0 c54=0.001 c5c=0.000705401 adt=3.26577e-08 mat1ec=0 trk1f0=0(0x00000000) f9e4=0 f9e8=0 d00=0 n4=0 n5=4 l78=0 l74=-288562 l70=0 l60=0 ld0=1.61874e+06 w0f=(-61.2414,0,-11706.9) av=(0,-0.00942378,0)
A6 mode=0 gndBits=40800000 st10=0 c54=0.001 c5c=0.000705401 adt=3.26577e-08 mat1ec=0 trk1f0=0(0x00000000) f9e4=160.055 f9e8=0.00831873 d00=0 n4=4 n5=4 l78=88038.9 l74=-69016.5 l70=-101701 l60=178.747 ld0=1.14884e+06 w0f=(-19.6992,4287.75,-2712.68) av=(0.00875054,-0.00250151,-0.00920516)
A6 mode=0 gndBits=40800000 st10=0 c54=0.001 c5c=0.000705401 adt=3.26577e-08 mat1ec=0 trk1f0=0(0x00000000) f9e4=160.054 f9e8=0.00831831 d00=0 n4=4 n5=4 l78=88565.1 l74=-57797.2 l70=-101484 l60=178.732 ld0=1.14812e+06 w0f=(-82.9098,4288.56,-2711.23) av=(0.00877586,-0.00180962,-0.00919406)
A6 mode=0 gndBits=40800000 st10=0 c54=0.001 c5c=0.000705401 adt=3.26577e-08 mat1ec=0 trk1f0=0(0x00000000) f9e4=160.055 f9e8=0.00831692 d00=0 n4=4 n5=4 l78=88245.7 l74=-66879.9 l70=-101608 l60=178.74 ld0=1.14858e+06 w0f=(-26.6526,4288,-2712.53) av=(0.00876014,-0.00230706,-0.00920066)
A6 mode=0 gndBits=40800000 st10=0 c54=0.001 c5c=0.000705401 adt=3.26577e-08 mat1ec=0 trk1f0=0(0x00000000) f9e4=0 f9e8=0 d00=0 n4=0 n5=4 l78=0 l74=-288410 l70=0 l60=0 ld0=1.61866e+06 w0f=(-61.2719,0,-11712.7) av=(0,-0.0094188,0)
A6 mode=0 gndBits=40800000 st10=0 c54=0.001 c5c=0.000705401 adt=3.26577e-08 mat1ec=0 trk1f0=0(0x00000000) f9e4=180.908 f9e8=0.00647234 d00=0 n4=4 n5=4 l78=70070.7 l74=-62746.4 l70=-82866.2 l60=159.953 ld0=939960 w0f=(-27.3857,3441.09,-2575.41) av=(0.00666362,-0.00329991,-0.0073088)
A6 mode=0 gndBits=40800000 st10=0 c54=0.001 c5c=0.000705401 adt=3.26577e-08 mat1ec=0 trk1f0=0(0x00000000) f9e4=180.906 f9e8=0.00641914 d00=0 n4=4 n5=4 l78=70615.8 l74=-48701.2 l70=-82682.4 l60=159.954 ld0=939333 w0f=(-115.242,3442.46,-2573.33) av=(0.00669408,-0.00249528,-0.00729725)
A6 mode=0 gndBits=40800000 st10=0 c54=0.001 c5c=0.000705401 adt=3.26577e-08 mat1ec=0 trk1f0=0(0x00000000) f9e4=180.908 f9e8=0.0064559 d00=0 n4=4 n5=4 l78=70212.8 l74=-57928.6 l70=-82817 l60=159.949 ld0=939726 w0f=(-58.5342,3441.35,-2574.88) av=(0.00667306,-0.00304535,-0.00730495)
A6 mode=0 gndBits=40800000 st10=0 c54=0.001 c5c=0.000705401 adt=3.26577e-08 mat1ec=0 trk1f0=0(0x00000000) f9e4=0 f9e8=0 d00=0 n4=0 n5=4 l78=0 l74=-288410 l70=0 l60=0 ld0=1.61866e+06 w0f=(-61.2719,0,-11712.7) av=(0,-0.0094188,0)
A6 mode=0 gndBits=40800000 st10=0 c54=0.001 c5c=0.000705401 adt=3.26577e-08 mat1ec=0 trk1f0=0(0x00000000) f9e4=203.528 f9e8=0.00521325 d00=0 n4=4 n5=4 l78=56248.2 l74=-59201.4 l70=-67187.5 l60=143.199 ld0=777858 w0f=(-30.5997,2763.54,-2491.9) av=(0.00516875,-0.00358334,-0.00584859)
A6 mode=0 gndBits=40800000 st10=0 c54=0.001 c5c=0.000705401 adt=3.26577e-08 mat1ec=0 trk1f0=0(0x00000000) f9e4=203.526 f9e8=0.00510605 d00=0 n4=4 n5=4 l78=56881.3 l74=-42352.1 l70=-67031.1 l60=143.229 ld0=777358 w0f=(-142.359,2765.91,-2489.15) av=(0.00520465,-0.00263076,-0.00583771)
A6 mode=0 gndBits=40800000 st10=0 c54=0.001 c5c=0.000705401 adt=3.26577e-08 mat1ec=0 trk1f0=0(0x00000000) f9e4=203.528 f9e8=0.00517605 d00=0 n4=4 n5=4 l78=56413.8 l74=-54338.8 l70=-67135.5 l60=143.197 ld0=777609 w0f=(-61.7821,2763.92,-2491.36) av=(0.00517887,-0.00329725,-0.00584496)
A6 mode=0 gndBits=40800000 st10=0 c54=0.001 c5c=0.000705401 adt=3.26577e-08 mat1ec=0 trk1f0=0(0x00000000) f9e4=0 f9e8=0 d00=0 n4=0 n5=4 l78=0 l74=-288410 l70=0 l60=0 ld0=1.61866e+06 w0f=(-61.2719,0,-11712.7) av=(0,-0.0094188,0)
A6 mode=0 gndBits=40800000 st10=0 c54=0.001 c5c=0.000705401 adt=3.26577e-08 mat1ec=0 trk1f0=0(0x00000000) f9e4=227.822 f9e8=0.00429425 d00=0 n4=4 n5=4 l78=45352 l74=-57156.7 l70=-54350.7 l60=128.248 ld0=653314 w0f=(-31.9815,2220.66,-2440.45) av=(0.00406547,-0.00365828,-0.00469927)
A6 mode=0 gndBits=40800000 st10=0 c54=0.001 c5c=0.000705401 adt=3.26577e-08 mat1ec=0 trk1f0=0(0x00000000) f9e4=227.82 f9e8=0.00412578 d00=0 n4=4 n5=4 l78=46127.8 l74=-37530.4 l70=-54228.8 l60=128.331 ld0=652991 w0f=(-167.181,2224.52,-2436.95) av=(0.00410875,-0.00254104,-0.00468984)
A6 mode=0 gndBits=40800000 st10=0 c54=0.001 c5c=0.000705401 adt=3.26577e-08 mat1ec=0 trk1f0=0(0x00000000) f9e4=227.822 f9e8=0.0042384 d00=0 n4=4 n5=4 l78=45508.1 l74=-52245.2 l70=-54310.4 l60=128.25 ld0=653050 w0f=(-63.5137,2221.08,-2439.89) av=(0.00407563,-0.00335484,-0.00469614)
A6 mode=0 gndBits=40800000 st10=0 c54=0.001 c5c=0.000705401 adt=3.26577e-08 mat1ec=0 trk1f0=0(0x00000000) f9e4=0 f9e8=0 d00=0 n4=0 n5=4 l78=0 l74=-288410 l70=0 l60=0 ld0=1.61866e+06 w0f=(-61.2719,0,-11712.7) av=(0,-0.0094188,0)
A6 mode=0 gndBits=40800000 st10=0 c54=0.001 c5c=0.000705401 adt=3.26577e-08 mat1ec=0 trk1f0=0(0x00000000) f9e4=253.755 f9e8=0.00360535 d00=0 n4=4 n5=4 l78=36660.2 l74=-55961.9 l70=-43922.2 l60=114.896 ld0=558953 w0f=(-32.6018,1785.26,-2408.36) av=(0.00322997,-0.00365673,-0.00378403)
A6 mode=0 gndBits=40800000 st10=0 c54=0.001 c5c=0.000705401 adt=3.26577e-08 mat1ec=0 trk1f0=0(0x00000000) f9e4=253.753 f9e8=0.0033665 d00=0 n4=4 n5=4 l78=37646.1 l74=-33597 l70=-43849.1 l60=115.069 ld0=558865 w0f=(-190.977,1791.32,-2404.02) av=(0.00328381,-0.00236772,-0.00377693)
A6 mode=0 gndBits=40800000 st10=0 c54=0.001 c5c=0.000705401 adt=3.26577e-08 mat1ec=0 trk1f0=0(0x00000000) f9e4=253.756 f9e8=0.00353268 d00=0 n4=4 n5=4 l78=36860.7 l74=-48353.1 l70=-43911.2 l60=114.92 ld0=558771 w0f=(-87.9102,1786.29,-2407.39) av=(0.0032416,-0.00325652,-0.00378211)
