t6c=(0,0.118183404,-0.310108006) acc=(1.64923648e-08,0.606258035,1.63206835e-08) cnt=2 sp=1856.56628
t6c=(0,0.0348924026,-0.120031334) acc=(4.50332216e-09,0.193049625,-0.0721792653) cnt=2 sp=260.901062
t6c=(0,0.0384083763,-0.118952923) acc=(2.35328734e-09,0.113243125,-0.0823560655) cnt=2 sp=146.999466
t6c=(0,0.042022977,-0.11772456) acc=(1.39550271e-09,0.079211019,-0.0862544328) cnt=2 sp=135.657089
t6c=(0,0.0458872095,-0.116272792) acc=(9.82718462e-10,0.0650908649,-0.0844851732) cnt=2 sp=131.913269
t6c=(0,0.0474981591,-0.115624063) acc=(7.04522718e-10,0.0638949275,-0.101907782) cnt=2 sp=91.3643036
t6c=(0,0.0469795428,-0.115835756) acc=(4.07100159e-10,0.0583634675,-0.110422477) cnt=2 sp=68.6837769
t6c=(0,0.0465195179,-0.116021268) acc=(2.55009097e-10,0.0619141795,-0.131532192) cnt=2 sp=55.4661255
t6c=(0,0.0462583005,-0.116125651) acc=(1.735522e-10,0.0601915717,-0.13447766) cnt=2 sp=54.9871407
t6c=(0,0.046017278,-0.116221383) acc=(1.28588418e-10,0.0629013106,-0.145684883) cnt=2 sp=55.1251907
t6c=(0,0.0457715653,-0.116318375) acc=(1.05821844e-10,0.0604897179,-0.142274484) cnt=2 sp=55.0639114
t6c=(0,0.0455385968,-0.116409779) acc=(8.98601471e-11,0.0628154352,-0.1503295) cnt=2 sp=55.2200012
t6c=(0,0.0453005247,-0.11650262) acc=(8.54034343e-11,0.0602058209,-0.144899905) cnt=2 sp=55.1578979
t6c=(0,0.045075126,-0.11659003) acc=(7.86006052e-11,0.0623989776,-0.151962847) cnt=2 sp=55.3129616
t6c=(0,0.0448444709,-0.116678916) acc=(7.9881296e-11,0.0597496592,-0.14588508) cnt=2 sp=55.2492218
t6c=(0,0.0446264073,-0.116762519) acc=(7.59765029e-11,0.0618902408,-0.152638078) cnt=2 sp=55.4033127
t6c=(0,0.0444029272,-0.116847672) acc=(7.90265978e-11,0.0592505299,-0.146345615) cnt=2 sp=55.3379326
t6c=(0,0.0439478308,-0.117019601) acc=(5.62097452e-11,0.0626546517,-0.158279881) cnt=2 sp=43.2853699
t6c=(0,0.0438742936,-0.117047198) acc=(6.69920994e-11,0.0632333532,-0.16004166) cnt=2 sp=54.7272682
t6c=(0,0.0436770879,-0.117120929) acc=(7.56242083e-11,0.0596259311,-0.150522068) cnt=2 sp=55.4518929
t6c=(0,0.0432316698,-0.117286079) acc=(5.5067409e-11,0.062477123,-0.160955921) cnt=2 sp=43.4205246
t6c=(0,0.0431706756,-0.117308542) acc=(6.72440784e-11,0.0627474934,-0.161752269) cnt=2 sp=54.8958321
t6c=(0,0.0429844297,-0.117376901) acc=(7.66197453e-11,0.0590113178,-0.151593313) cnt=2 sp=55.5948792
t6c=(0,0.0425477959,-0.117535889) acc=(5.65008144e-11,0.0617216378,-0.161754087) cnt=2 sp=43.5514145
t6c=(0,0.042498786,-0.117553629) acc=(6.89427404e-11,0.0619425513,-0.162361488) cnt=2 sp=55.057045
t6c=(0,0.0420731455,-0.117706634) acc=(5.8502779e-11,0.0594180599,-0.157300755) cnt=2 sp=55.73172
t6c=(0,0.0418939069,-0.117770538) acc=(7.28233376e-11,0.0566414557,-0.149391353) cnt=2 sp=55.8401222
t6c=(0,0.0417232998,-0.117831089) acc=(7.5554063e-11,0.0585033447,-0.155311018) cnt=2 sp=55.9930573
t6c=(0,0.0412938595,-0.117982276) acc=(6.26001542e-11,0.0570636429,-0.153494582) cnt=2 sp=55.9173546
t6c=(0,0.0411265939,-0.118040688) acc=(7.59722146e-11,0.0549730845,-0.147473499) cnt=2 sp=55.9981804
t6c=(0,0.0409683622,-0.118095696) acc=(7.83102333e-11,0.0571214147,-0.154353127) cnt=2 sp=56.1480446
t6c=(0,0.0405485705,-0.118240483) acc=(6.50238544e-11,0.0558949634,-0.153105006) cnt=2 sp=56.0694618
t6c=(0,0.0403933898,-0.118293598) acc=(7.81776449e-11,0.0539660342,-0.147402123) cnt=2 sp=56.1489143
t6c=(0,0.0399897732,-0.118430644) acc=(6.04606851e-11,0.0572404042,-0.159784839) cnt=2 sp=44.0455589
t6c=(0,0.0397308469,-0.118517764) acc=(5.44467874e-11,0.05913743,-0.167313993) cnt=2 sp=43.4414024
t6c=(0,0.039736893,-0.118515737) acc=(7.13018672e-11,0.0589332841,-0.166164458) cnt=2 sp=55.6582298
t6c=(0,0.0393463336,-0.118645974) acc=(6.29956851e-11,0.0562913455,-0.159978509) cnt=2 sp=56.2952309
t6c=(0,0.0392108075,-0.118690819) acc=(7.85021631e-11,0.0535807088,-0.151356265) cnt=2 sp=56.3920059
t6c=(0,0.0388224497,-0.118818417) acc=(6.19965607e-11,0.0563467778,-0.162401617) cnt=2 sp=44.2721367
t6c=(0,0.0385802612,-0.118897282) acc=(5.67110039e-11,0.0579472668,-0.169120833) cnt=2 sp=43.7013512
t6c=(0,0.0383471027,-0.118972674) acc=(5.39138595e-11,0.0587781444,-0.173209116) cnt=2 sp=43.7007408
t6c=(0,0.0381176732,-0.119046383) acc=(5.25037791e-11,0.0591476001,-0.175713107) cnt=2 sp=43.7488937
t6c=(0,0.0378915742,-0.119118541) acc=(5.19146774e-11,0.0592413507,-0.177263245) cnt=2 sp=43.8006668
t6c=(0,0.0376686677,-0.119189225) acc=(5.18141779e-11,0.0591710918,-0.178238839) cnt=2 sp=43.852108
t6c=(0,0.0374489129,-0.119258456) acc=(5.20030789e-11,0.059003938,-0.178868085) cnt=2 sp=43.9028435
t6c=(0,0.0372322425,-0.119326264) acc=(5.23613097e-11,0.058780238,-0.179288179) cnt=2 sp=43.952774
t6c=(0,0.0370186903,-0.119392693) acc=(5.28173928e-11,0.0585242622,-0.179581553) cnt=2 sp=44.0020065
t6c=(0,0.0368081145,-0.119457789) acc=(5.33280885e-11,0.0582506135,-0.179797933) cnt=2 sp=44.050518
t6c=(0,0.036600545,-0.119521551) acc=(5.38678269e-11,0.0579679273,-0.179967239) cnt=2 sp=44.0983925
t6c=(0,0.0363959409,-0.119584009) acc=(5.44206277e-11,0.0576814972,-0.18010737) cnt=2 sp=44.1454659
t6c=(0,0.0361942053,-0.119645223) acc=(5.49774531e-11,0.0573944375,-0.180229232) cnt=2 sp=44.191864
t6c=(0,0.0357858837,-0.119767986) acc=(3.95468519e-11,0.0584198311,-0.186557919) cnt=2 sp=44.2376137
t6c=(0,0.035646446,-0.119809553) acc=(5.61022478e-11,0.0541850738,-0.172142521) cnt=2 sp=56.5074539
t6c=(0,0.0355805904,-0.119829141) acc=(7.93147284e-11,0.0505941622,-0.158596203) cnt=2 sp=57.1365623
t6c=(0,0.0350254551,-0.119992562) acc=(5.05397946e-11,0.0536550358,-0.173213989) cnt=2 sp=44.9729576
t6c=(0,0.0348893143,-0.120032229) acc=(6.28900543e-11,0.0511025563,-0.164769977) cnt=2 sp=56.7350044
t6c=(0,0.0345607065,-0.120127253) acc=(6.34948066e-11,0.0493587889,-0.160047069) cnt=2 sp=57.2944756
t6c=(0,0.0342273004,-0.120222673) acc=(6.38439926e-11,0.0481945314,-0.157446384) cnt=2 sp=57.3715591
t6c=(0,0.0341738723,-0.120237872) acc=(8.470466e-11,0.0466125607,-0.150837272) cnt=2 sp=57.4402084
t6c=(0,0.0336334035,-0.120390169) acc=(5.53020719e-11,0.0503546409,-0.168641284) cnt=2 sp=45.2459908
t6c=(0,0.0335181504,-0.120422311) acc=(6.7069926e-11,0.0485208891,-0.16242376) cnt=2 sp=57.0617256
t6c=(0,0.0332067572,-0.120508559) acc=(6.72401648e-11,0.0471887887,-0.15894784) cnt=2 sp=57.5786743
t6c=(0,0.0328909643,-0.120595127) acc=(6.73461079e-11,0.0462655947,-0.157042995) cnt=2 sp=57.6498528
t6c=(0,0.0325791948,-0.120679729) acc=(6.77236323e-11,0.0455810241,-0.156021178) cnt=2 sp=57.7146072
t6c=(0,0.032271456,-0.120762378) acc=(6.82515225e-11,0.0450327247,-0.155494511) cnt=2 sp=57.7782402
t6c=(0,0.0319677927,-0.120843127) acc=(6.88579541e-11,0.0445630439,-0.155244961) cnt=2 sp=57.840786
t6c=(0,0.031667985,-0.120922036) acc=(6.95012589e-11,0.0441395752,-0.155150101) cnt=2 sp=57.9017677
t6c=(0,0.0310883,-0.121072374) acc=(4.91226539e-11,0.0443902127,-0.160490826) cnt=2 sp=45.6164169
t6c=(0,0.0309593976,-0.121105395) acc=(5.73376555e-11,0.0464132503,-0.169327259) cnt=2 sp=45.4055252
t6c=(0,0.0306115355,-0.121193789) acc=(4.62335482e-11,0.0485233553,-0.180683985) cnt=2 sp=45.4177437
t6c=(0,0.030547874,-0.121209837) acc=(6.53172169e-11,0.0459165163,-0.169642836) cnt=2 sp=57.7389412
t6c=(0,0.0304525122,-0.121233851) acc=(7.94080704e-11,0.0445395596,-0.163447216) cnt=2 sp=58.0937614
t6c=(0,0.0300639383,-0.12133079) acc=(6.6559841e-11,0.0443454273,-0.165495545) cnt=2 sp=45.7124634
t6c=(0,0.0299507808,-0.121358775) acc=(6.88774385e-11,0.0458090119,-0.17249243) cnt=2 sp=45.6213303
t6c=(0,0.0296147373,-0.121441215) acc=(5.43673613e-11,0.0475550555,-0.182810739) cnt=2 sp=45.6380539
t6c=(0,0.0295656174,-0.121453173) acc=(7.08899259e-11,0.0448490269,-0.170977056) cnt=2 sp=57.9703598
t6c=(0,0.0291638095,-0.121550292) acc=(6.06027173e-11,0.0439727865,-0.170000389) cnt=2 sp=45.1308861
t6c=(0,0.0290705822,-0.121572629) acc=(6.63104363e-11,0.0450809188,-0.17533356) cnt=2 sp=45.7524796
t6c=(0,0.0289180037,-0.121609002) acc=(6.41258019e-11,0.0469719246,-0.184711322) cnt=2 sp=45.7731133
t6c=(0,0.0285895336,-0.121686637) acc=(5.61671473e-11,0.0448119231,-0.178075194) cnt=2 sp=45.7584038
t6c=(0,0.0286489986,-0.121672645) acc=(7.26361055e-11,0.0455707759,-0.180271581) cnt=2 sp=45.2452774
t6c=(0,0.0285021458,-0.121707141) acc=(6.81844373e-11,0.0470189452,-0.187845573) cnt=2 sp=45.6603775
t6c=(0,0.0283533409,-0.121741898) acc=(6.90734275e-11,0.0449852124,-0.17995435) cnt=2 sp=45.7622681
t6c=(0,0.0284098033,-0.121728733) acc=(8.01469793e-11,0.0455237255,-0.18143487) cnt=2 sp=45.109745
t6c=(0,0.0282546859,-0.121764831) acc=(7.21823573e-11,0.0468160547,-0.188604161) cnt=2 sp=45.2955475
t6c=(0,0.0284005404,-0.121730894) acc=(9.1830453e-11,0.044071205,-0.174414545) cnt=2 sp=58.0328293
t6c=(0,0.0280130655,-0.121820644) acc=(7.38343831e-11,0.0428822078,-0.172160208) cnt=2 sp=45.3483276
t6c=(0,0.0278522763,-0.121857494) acc=(6.79380163e-11,0.0449142307,-0.182891369) cnt=2 sp=45.1177711
t6c=(0,0.0279823393,-0.121827699) acc=(8.81612353e-11,0.0427291021,-0.171256304) cnt=2 sp=57.47295
t6c=(0,0.0279003866,-0.121846497) acc=(9.26747706e-11,0.0413224101,-0.164701134) cnt=2 sp=57.7717133
t6c=(0,0.0275249425,-0.121931866) acc=(7.50029275e-11,0.0410183854,-0.166580617) cnt=2 sp=45.4529572
t6c=(0,0.0273694377,-0.121966854) acc=(6.90577179e-11,0.0434654839,-0.179489419) cnt=2 sp=45.2148361
t6c=(0,0.027502073,-0.121937022) acc=(8.89285173e-11,0.041648712,-0.169405997) cnt=2 sp=57.4728889
t6c=(0,0.0274284203,-0.121953614) acc=(9.36193831e-11,0.0404642597,-0.163722754) cnt=2 sp=57.8812752
t6c=(0,0.0270579141,-0.122036353) acc=(7.59579621e-11,0.0402600579,-0.166074172) cnt=2 sp=45.5553436
t6c=(0,0.0269080829,-0.122069471) acc=(7.00659392e-11,0.0427183881,-0.179239348) cnt=2 sp=45.3252068
t6c=(0,0.0270471741,-0.122038715) acc=(8.99159011e-11,0.0409850925,-0.169323131) cnt=2 sp=57.5814247
t6c=(0,0.0266878419,-0.122117817) acc=(7.43900219e-11,0.0403627083,-0.169379264) cnt=2 sp=45.6360321
t6c=(0,0.0265425555,-0.12214946) acc=(6.94233768e-11,0.0425642431,-0.181346223) cnt=2 sp=45.4148293
t6c=(0,0.0266870838,-0.122117974) acc=(8.99060132e-11,0.0407059565,-0.170552045) cnt=2 sp=57.674427
t6c=(0,0.0263313763,-0.122195169) acc=(7.46889564e-11,0.0400023088,-0.170139775) cnt=2 sp=45.7150078
t6c=(0,0.0264200792,-0.122176014) acc=(8.53990628e-11,0.0413800329,-0.175805196) cnt=2 sp=45.5019112
t6c=(0,0.0262800232,-0.122206219) acc=(7.65533539e-11,0.0430408977,-0.185380071) cnt=2 sp=45.466526
t6c=(0,0.0261373147,-0.122236833) acc=(7.40543252e-11,0.0413850732,-0.178811133) cnt=2 sp=45.4026413
t6c=(0,0.0260024071,-0.122265592) acc=(6.97834915e-11,0.0428786986,-0.187288001) cnt=2 sp=45.5242424
t6c=(0,0.0261553824,-0.122232959) acc=(9.06427641e-11,0.040598765,-0.173956364) cnt=2 sp=57.8127708
t6c=(0,0.0258050561,-0.12230739) acc=(7.55665461e-11,0.0396474078,-0.172185719) cnt=2 sp=45.8318138
t6c=(0,0.0256707761,-0.122335635) acc=(7.09524522e-11,0.0415993482,-0.18321009) cnt=2 sp=45.6308517
t6c=(0,0.0258283876,-0.12230248) acc=(9.16144174e-11,0.0397050381,-0.171704084) cnt=2 sp=57.9010658
t6c=(0,0.0254813619,-0.12237525) acc=(7.64055902e-11,0.0389478467,-0.170916781) cnt=2 sp=45.9037819
t6c=(0,0.0253511239,-0.122402288) acc=(7.1767009e-11,0.0409735069,-0.182462886) cnt=2 sp=45.7103271
t6c=(0,0.0252195951,-0.122429453) acc=(7.21059115e-11,0.0396738648,-0.1772293) cnt=2 sp=45.6326942
t6c=(0,0.0250959471,-0.122454859) acc=(6.93966204e-11,0.041273538,-0.186423734) cnt=2 sp=45.7520561
t6c=(0,0.0252626017,-0.122420579) acc=(9.13094669e-11,0.0392198525,-0.17357704) cnt=2 sp=58.0497971
t6c=(0,0.024921272,-0.122490533) acc=(7.67048508e-11,0.0383543819,-0.172074258) cnt=2 sp=46.0282936
t6c=(0,0.0247981269,-0.122515514) acc=(7.2459122e-11,0.0402744599,-0.183254689) cnt=2 sp=45.8478622
t6c=(0,0.0246733911,-0.122540705) acc=(7.30084396e-11,0.0389644019,-0.17775543) cnt=2 sp=45.7695045
t6c=(0,0.0245565698,-0.122564174) acc=(7.0448633e-11,0.04051039,-0.186820269) cnt=2 sp=45.8875961
t6c=(0,0.024731379,-0.122529007) acc=(9.2426955e-11,0.0385072231,-0.17386131) cnt=2 sp=58.1910286
t6c=(0,0.0243955571,-0.122596323) acc=(7.78005299e-11,0.0376476906,-0.172302544) cnt=2 sp=46.1452713
t6c=(0,0.0242790822,-0.122619443) acc=(7.36150932e-11,0.039525196,-0.183462515) cnt=2 sp=45.9769287
t6c=(0,0.0241607781,-0.122642793) acc=(7.4149617e-11,0.0382443257,-0.177936658) cnt=2 sp=45.8979263
t6c=(0,0.0240503177,-0.122664511) acc=(7.16186901e-11,0.0397604145,-0.18699652) cnt=2 sp=46.014801
t6c=(0,0.0239351429,-0.122687027) acc=(7.32037347e-11,0.0382559709,-0.180017322) cnt=2 sp=45.9533119
t6c=(0,0.0238275137,-0.122707985) acc=(7.12329917e-11,0.0396347456,-0.188318491) cnt=2 sp=46.0707397
t6c=(0,0.0237150993,-0.122729771) acc=(7.31803299e-11,0.0380607806,-0.180811107) cnt=2 sp=46.0084076
t6c=(0,0.0236102305,-0.122749977) acc=(7.14153667e-11,0.0393836573,-0.188838884) cnt=2 sp=46.1252022
t6c=(0,0.0235005692,-0.122771032) acc=(7.34823591e-11,0.037795689,-0.181137979) cnt=2 sp=46.0621872
t6c=(0,0.0233984049,-0.122790523) acc=(7.17955834e-11,0.0390923433,-0.189067885) cnt=2 sp=46.1784058
t6c=(0,0.0235908609,-0.12275371) acc=(9.43120859e-11,0.0371009558,-0.175251558) cnt=2 sp=58.4939651
t6c=(0,0.02326685,-0.122815534) acc=(7.98527078e-11,0.0362022929,-0.173241362) cnt=2 sp=46.3965263
t6c=(0,0.0231647938,-0.122834817) acc=(7.59085989e-11,0.0379611664,-0.184182927) cnt=2 sp=46.2538376
t6c=(0,0.023060387,-0.122854464) acc=(7.64882879e-11,0.0367242806,-0.1784807) cnt=2 sp=46.1732826
t6c=(0,0.0229637511,-0.122872554) acc=(7.40595293e-11,0.0381664336,-0.187466666) cnt=2 sp=46.2874947
t6c=(0,0.0228621736,-0.122891501) acc=(7.56013932e-11,0.0367336497,-0.180411518) cnt=2 sp=46.2219124
t6c=(0,0.0227680318,-0.12290898) acc=(7.36852107e-11,0.0380554572,-0.188690871) cnt=2 sp=46.3364677
t6c=(0,0.0226688739,-0.122927308) acc=(7.55599125e-11,0.0365618281,-0.181144401) cnt=2 sp=46.2702446
t6c=(0,0.0223385468,-0.12298777) acc=(5.76081578e-11,0.038449347,-0.195692211) cnt=2 sp=34.6326103
t6c=(0,0.0223537497,-0.122984998) acc=(6.45472911e-11,0.0388726518,-0.198257238) cnt=2 sp=45.6880379
t6c=(0,0.0222711619,-0.122999988) acc=(7.09359863e-11,0.0368213542,-0.186749861) cnt=2 sp=46.3255768
t6c=(0,0.022184955,-0.123015553) acc=(7.13204773e-11,0.0377621092,-0.192701593) cnt=2 sp=46.4798851
t6c=(0,0.0220931768,-0.123032063) acc=(7.47104045e-11,0.0360716395,-0.18353793) cnt=2 sp=46.4139442
t6c=(0,0.022008799,-0.123047188) acc=(7.38178477e-11,0.0371904559,-0.19072336) cnt=2 sp=46.5265312
t6c=(0,0.0219192207,-0.123063192) acc=(7.63194369e-11,0.0356426872,-0.182406291) cnt=2 sp=46.4575729
t6c=(0,0.0218370091,-0.123077795) acc=(7.4974249e-11,0.036821086,-0.190038711) cnt=2 sp=46.5695648
t6c=(0,0.0217495523,-0.123093285) acc=(7.71461159e-11,0.0353337564,-0.182026058) cnt=2 sp=46.4999809
t6c=(0,0.0216695387,-0.123107396) acc=(7.56399318e-11,0.0365289077,-0.189820886) cnt=2 sp=46.6114845
t6c=(0,0.0213437453,-0.123164289) acc=(6.15284768e-11,0.0355891585,-0.18818967) cnt=2 sp=46.5411987
t6c=(0,0.0212648585,-0.123177938) acc=(6.98378508e-11,0.0343495272,-0.18100144) cnt=2 sp=46.6127434
t6c=(0,0.0211911425,-0.123190641) acc=(7.1527298e-11,0.0356310159,-0.18923606) cnt=2 sp=46.7306023
t6c=(0,0.0211118758,-0.123204261) acc=(7.5721672e-11,0.0342877582,-0.181625083) cnt=2 sp=46.659008
t6c=(0,0.0210399963,-0.123216562) acc=(7.53220819e-11,0.0355023593,-0.189640477) cnt=2 sp=46.7687683
t6c=(0,0.0209626723,-0.123229727) acc=(7.80630283e-11,0.0341300741,-0.181875229) cnt=2 sp=46.6962433
t6c=(0,0.0206501111,-0.1232825) acc=(6.06233327e-11,0.0358378813,-0.196357191) cnt=2 sp=35.0292397
t6c=(0,0.0206661727,-0.12327981) acc=(6.64429137e-11,0.0361983404,-0.198854268) cnt=2 sp=45.4515915
t6c=(0,0.0206150357,-0.123288356) acc=(7.38279229e-11,0.0343514308,-0.187268347) cnt=2 sp=46.7025681
t6c=(0,0.0205504056,-0.123299144) acc=(7.46043158e-11,0.0352497734,-0.193203554) cnt=2 sp=46.8865852
t6c=(0,0.0204794277,-0.123310961) acc=(7.80861278e-11,0.0337148122,-0.183994591) cnt=2 sp=46.8163948
t6c=(0,0.0201719701,-0.123361632) acc=(6.10351769e-11,0.0352742411,-0.197773367) cnt=2 sp=35.1413918
t6c=(0,0.0201950148,-0.123357855) acc=(6.71640452e-11,0.0355673097,-0.199784517) cnt=2 sp=45.5872879
t6c=(0,0.0201497171,-0.123365253) acc=(7.46654197e-11,0.0337260552,-0.187854528) cnt=2 sp=46.8212547
t6c=(0,0.020091027,-0.123374842) acc=(7.55387142e-11,0.0345864445,-0.193616062) cnt=2 sp=47.0013924
t6c=(0,0.0197817814,-0.123424806) acc=(6.27755625e-11,0.033519771,-0.190632865) cnt=2 sp=46.9293823
t6c=(0,0.0197229702,-0.123434208) acc=(7.19635601e-11,0.0322899744,-0.182573229) cnt=2 sp=46.997345
t6c=(0,0.0196690317,-0.123442821) acc=(7.42213721e-11,0.0334408991,-0.190373376) cnt=2 sp=47.1103897
t6c=(0,0.019609265,-0.123452328) acc=(7.86504334e-11,0.032179784,-0.182432845) cnt=2 sp=47.0332031
t6c=(0,0.0193110667,-0.123499319) acc=(6.21114896e-11,0.0337525196,-0.196859285) cnt=2 sp=35.3429642
t6c=(0,0.0193466432,-0.123493753) acc=(6.86706872e-11,0.0341157876,-0.199301541) cnt=2 sp=45.831562
t6c=(0,0.0193119515,-0.123499177) acc=(7.62925834e-11,0.0324166492,-0.187652752) cnt=2 sp=47.0344391
t6c=(0,0.0190176815,-0.123544842) acc=(6.08561188e-11,0.0337232538,-0.200248867) cnt=2 sp=35.4079475
t6c=(0,0.0190575849,-0.123538695) acc=(6.81737236e-11,0.0339254923,-0.201438591) cnt=2 sp=45.9139481
t6c=(0,0.0190264825,-0.123543486) acc=(7.6259575e-11,0.0321473889,-0.188921213) cnt=2 sp=47.1068993
t6c=(0,0.0187352952,-0.123587973) acc=(6.10680187e-11,0.0333748125,-0.201093689) cnt=2 sp=35.4740791
t6c=(0,0.0187792983,-0.123581298) acc=(6.85798571e-11,0.0335431285,-0.201990962) cnt=2 sp=45.9939423
t6c=(0,0.0185049735,-0.123622678) acc=(6.02970382e-11,0.0321662053,-0.195793539) cnt=2 sp=47.1766548
t6c=(0,0.0184637513,-0.12362884) acc=(7.16944074e-11,0.0308039058,-0.185688332) cnt=2 sp=47.3070984
t6c=(0,0.0184261929,-0.12363445) acc=(7.51708834e-11,0.0317740515,-0.192432433) cnt=2 sp=47.4193459
t6c=(0,0.0181346685,-0.123677537) acc=(6.39246017e-11,0.0308776107,-0.190077186) cnt=2 sp=47.3377228
t6c=(0,0.0180970877,-0.123683043) acc=(7.41025435e-11,0.0298505388,-0.182397127) cnt=2 sp=47.4014053
t6c=(0,0.0178152435,-0.123723954) acc=(6.04223546e-11,0.031325791,-0.196984768) cnt=2 sp=35.6920662
t6c=(0,0.0178727526,-0.123715669) acc=(6.90710406e-11,0.0317288265,-0.199519321) cnt=2 sp=46.254406
t6c=(0,0.0178564601,-0.123718016) acc=(7.78266548e-11,0.0302200317,-0.187908351) cnt=2 sp=47.403492
t6c=(0,0.0175778698,-0.123757906) acc=(6.30307334e-11,0.0314165018,-0.200554162) cnt=2 sp=35.7448044
t6c=(0,0.0176389124,-0.123749211) acc=(7.09229134e-11,0.0316460021,-0.201761082) cnt=2 sp=46.3207588
t6c=(0,0.0173764136,-0.123786345) acc=(6.26312474e-11,0.0303735156,-0.195756286) cnt=2 sp=47.4618835
t6c=(0,0.0173497032,-0.1237901) acc=(7.40550815e-11,0.0291425698,-0.185761839) cnt=2 sp=47.58395
t6c=(0,0.017076008,-0.123828143) acc=(6.1002127e-11,0.0304115973,-0.199219152) cnt=2 sp=35.8643837
t6c=(0,0.017144464,-0.123818696) acc=(7.0146923e-11,0.0307264868,-0.200974196) cnt=2 sp=46.4624519
t6c=(0,0.016887119,-0.123854056) acc=(6.25646479e-11,0.0295378752,-0.195324853) cnt=2 sp=47.585247
t6c=(0,0.0168667529,-0.12385682) acc=(7.44507858e-11,0.0283882972,-0.185550392) cnt=2 sp=47.7037582
t6c=(0,0.0165983606,-0.123893075) acc=(6.16502335e-11,0.0296298154,-0.199125975) cnt=2 sp=35.9757423
t6c=(0,0.0166738741,-0.123882934) acc=(7.1011648e-11,0.0299599376,-0.200956643) cnt=2 sp=46.5966225
