slot=0 pass=0 n=2 ret=1 pos=(-2.0268,0.4242,-3.6056) vel=(-1707.3820,77.9189,703.9198)->(194.3944,-68.6522,161.3758) | s5 d=-0.0138 n=(1.000,0.000,0.000) m=-1685.3 | s9 d=-0.0069 n=(1.000,0.000,0.000) m=-1684.3
slot=0 pass=0 n=1 ret=1 pos=(-2.0150,0.4270,-3.5289) vel=(-202.5130,12.5352,166.5448)->(132.0797,-1.6498,107.2496) | s5 d=-0.0037 n=(1.000,0.000,0.000) m=-201.9
slot=0 pass=0 n=1 ret=1 pos=(-2.0116,0.4286,-3.4808) vel=(-118.7365,7.2100,91.7127)->(94.3932,-0.9956,52.8922) | s5 d=-0.0000 n=(1.000,0.000,0.000) m=-118.8
slot=0 pass=0 n=1 ret=1 pos=(-2.0125,0.4293,-3.4579) vel=(-92.3840,5.3539,63.8641)->(73.8630,-0.8060,31.0476) | s5 d=-0.0008 n=(1.000,0.000,0.000) m=-92.5
slot=0 pass=0 n=1 ret=1 pos=(-2.0119,0.4296,-3.4488) vel=(-65.5059,3.7018,42.7746)->(62.0464,-0.5771,19.2601) | s5 d=-0.0004 n=(1.000,0.000,0.000) m=-65.6
slot=0 pass=0 n=1 ret=1 pos=(-2.0120,0.4297,-3.4442) vel=(-55.5138,3.1154,35.6845)->(58.7706,-0.4924,15.8463) | s5 d=-0.0005 n=(1.000,0.000,0.000) m=-55.6
slot=0 pass=0 n=1 ret=1 pos=(-2.0115,0.4298,-3.4406) vel=(-45.4942,2.5351,28.7926)->(55.9420,-0.4091,12.6939) | s5 d=-0.0001 n=(1.000,0.000,0.000) m=-45.5
slot=0 pass=0 n=1 ret=1 pos=(-2.0119,0.4299,-3.4382) vel=(-45.9116,2.5597,29.0884)->(56.0829,-0.4123,12.8434) | s5 d=-0.0005 n=(1.000,0.000,0.000) m=-46.0
slot=0 pass=0 n=1 ret=1 pos=(-2.0120,0.4300,-3.4348) vel=(-45.8814,2.5538,28.9794)->(55.8383,-0.4121,12.7446) | s5 d=-0.0007 n=(1.000,0.000,0.000) m=-45.9
slot=0 pass=0 n=1 ret=1 pos=(-2.0114,0.4301,-3.4330) vel=(-35.7458,1.9794,22.3120)->(54.1360,-0.3299,9.9525) | s5 d=-0.0001 n=(1.000,0.000,0.000) m=-35.8
slot=0 pass=0 n=1 ret=1 pos=(-2.0122,0.4302,-3.4306) vel=(-45.8577,2.5509,28.9307)->(55.7513,-0.4115,12.7239) | s5 d=-0.0009 n=(1.000,0.000,0.000) m=-45.9
slot=0 pass=0 n=1 ret=1 pos=(-2.0113,0.4303,-3.4279) vel=(-46.0443,2.5573,28.9677)->(55.5638,-0.4128,12.7035) | s5 d=-0.0001 n=(1.000,0.000,0.000) m=-46.1
slot=0 pass=0 n=1 ret=1 pos=(-2.0116,0.4303,-3.4245) vel=(-46.1581,2.5597,28.9575)->(55.3598,-0.4138,12.6492) | s5 d=-0.0004 n=(1.000,0.000,0.000) m=-46.2
slot=0 pass=0 n=1 ret=1 pos=(-2.0121,0.4304,-3.4221) vel=(-46.2729,2.5674,29.0568)->(55.4503,-0.4145,12.7158) | s5 d=-0.0009 n=(1.000,0.000,0.000) m=-46.3
slot=0 pass=0 n=1 ret=1 pos=(-2.0113,0.4305,-3.4193) vel=(-46.2382,2.5614,28.9492)->(55.2218,-0.4139,12.6343) | s5 d=-0.0002 n=(1.000,0.000,0.000) m=-46.3
slot=0 pass=0 n=1 ret=1 pos=(-2.0116,0.4306,-3.4159) vel=(-46.3525,2.5639,28.9412)->(55.0246,-0.4149,12.5822) | s5 d=-0.0005 n=(1.000,0.000,0.000) m=-46.4
slot=0 pass=0 n=1 ret=1 pos=(-2.0111,0.4307,-3.4141) vel=(-36.1595,1.9900,22.3130)->(53.3354,-0.3325,9.8389) | s5 d=-0.0001 n=(1.000,0.000,0.000) m=-36.2
slot=0 pass=0 n=1 ret=1 pos=(-2.0120,0.4308,-3.4118) vel=(-46.3524,2.5629,28.9200)->(54.9740,-0.4145,12.5785) | s5 d=-0.0010 n=(1.000,0.000,0.000) m=-46.4
slot=0 pass=0 n=1 ret=1 pos=(-2.0113,0.4308,-3.4090) vel=(-46.4917,2.5669,28.9298)->(54.7912,-0.4154,12.5489) | s5 d=-0.0004 n=(1.000,0.000,0.000) m=-46.5
slot=0 pass=0 n=1 ret=1 pos=(-2.0117,0.4309,-3.4056) vel=(-46.6000,2.5692,28.9203)->(54.6010,-0.4163,12.4977) | s5 d=-0.0008 n=(1.000,0.000,0.000) m=-46.6
slot=0 pass=0 n=1 ret=1 pos=(-2.0113,0.4310,-3.4039) vel=(-36.3780,1.9956,22.3132)->(52.9189,-0.3337,9.7798) | s5 d=-0.0004 n=(1.000,0.000,0.000) m=-36.4
slot=0 pass=0 n=1 ret=1 pos=(-2.0112,0.4310,-3.4021) vel=(-36.2822,1.9887,22.2183)->(52.8031,-0.3328,9.7278) | s5 d=-0.0004 n=(1.000,0.000,0.000) m=-36.3
slot=0 pass=0 n=1 ret=1 pos=(-2.0111,0.4311,-3.4004) vel=(-36.3326,1.9899,22.2164)->(52.7015,-0.3331,9.7127) | s5 d=-0.0003 n=(1.000,0.000,0.000) m=-36.4
slot=0 pass=0 n=1 ret=1 pos=(-2.0111,0.4312,-3.3987) vel=(-36.3901,1.9915,22.2194)->(52.6022,-0.3334,9.6998) | s5 d=-0.0003 n=(1.000,0.000,0.000) m=-36.4
slot=0 pass=0 n=1 ret=1 pos=(-2.0110,0.4312,-3.3970) vel=(-36.4470,1.9931,22.2226)->(52.5047,-0.3337,9.6872) | s5 d=-0.0003 n=(1.000,0.000,0.000) m=-36.5
slot=0 pass=0 n=1 ret=1 pos=(-2.0110,0.4313,-3.3952) vel=(-36.5032,1.9947,22.2257)->(52.4087,-0.3340,9.6748) | s5 d=-0.0003 n=(1.000,0.000,0.000) m=-36.5
slot=0 pass=0 n=1 ret=1 pos=(-2.0110,0.4313,-3.3935) vel=(-36.5585,1.9963,22.2287)->(52.3143,-0.3343,9.6626) | s5 d=-0.0003 n=(1.000,0.000,0.000) m=-36.6
slot=0 pass=0 n=1 ret=1 pos=(-2.0110,0.4314,-3.3918) vel=(-36.6131,1.9978,22.2317)->(52.2215,-0.3346,9.6506) | s5 d=-0.0003 n=(1.000,0.000,0.000) m=-36.6
slot=0 pass=0 n=1 ret=1 pos=(-2.0110,0.4314,-3.3901) vel=(-36.6668,1.9993,22.2345)->(52.1301,-0.3349,9.6388) | s5 d=-0.0004 n=(1.000,0.000,0.000) m=-36.7
slot=0 pass=0 n=1 ret=1 pos=(-2.0111,0.4315,-3.3883) vel=(-36.7197,2.0008,22.2374)->(52.0403,-0.3352,9.6271) | s5 d=-0.0005 n=(1.000,0.000,0.000) m=-36.7
slot=0 pass=0 n=1 ret=1 pos=(-2.0111,0.4315,-3.3866) vel=(-36.7719,2.0023,22.2401)->(51.9520,-0.3355,9.6157) | s5 d=-0.0005 n=(1.000,0.000,0.000) m=-36.8
slot=0 pass=0 n=1 ret=1 pos=(-2.0112,0.4316,-3.3848) vel=(-36.8233,2.0038,22.2427)->(51.8650,-0.3358,9.6044) | s5 d=-0.0006 n=(1.000,0.000,0.000) m=-36.8
slot=0 pass=0 n=1 ret=1 pos=(-2.0113,0.4316,-3.3831) vel=(-36.8739,2.0052,22.2453)->(51.7795,-0.3360,9.5933) | s5 d=-0.0008 n=(1.000,0.000,0.000) m=-36.9
slot=0 pass=0 n=1 ret=1 pos=(-2.0105,0.4317,-3.3819) vel=(-36.9238,2.0066,22.2478)->(51.6980,-0.3361,9.5910) | s5 d=-0.0001 n=(1.000,0.000,0.000) m=-36.9
slot=0 pass=0 n=1 ret=1 pos=(-2.0106,0.4318,-3.3793) vel=(-47.3823,2.5836,28.8042)->(53.1667,-0.4196,12.2103) | s5 d=-0.0001 n=(1.000,0.000,0.000) m=-47.4
slot=0 pass=0 n=1 ret=1 pos=(-2.0113,0.4319,-3.3759) vel=(-47.5470,2.5895,28.8400)->(53.0185,-0.4209,12.1831) | s5 d=-0.0009 n=(1.000,0.000,0.000) m=-47.6
slot=0 pass=0 n=1 ret=1 pos=(-2.0112,0.4319,-3.3741) vel=(-37.2135,2.0171,22.3117)->(51.3626,-0.3380,9.5588) | s5 d=-0.0008 n=(1.000,0.000,0.000) m=-37.2
slot=0 pass=0 n=1 ret=1 pos=(-2.0105,0.4320,-3.3728) vel=(-37.1765,2.0138,22.2623)->(51.2808,-0.3374,9.5376) | s5 d=-0.0001 n=(1.000,0.000,0.000) m=-37.2
slot=0 pass=0 n=1 ret=1 pos=(-2.0106,0.4321,-3.3702) vel=(-47.6541,2.5901,28.7957)->(52.7581,-0.4208,12.1340) | s5 d=-0.0002 n=(1.000,0.000,0.000) m=-47.7
slot=0 pass=0 n=1 ret=1 pos=(-2.0104,0.4321,-3.3675) vel=(-47.7942,2.5948,28.8179)->(52.6165,-0.4216,12.1166) | s5 d=-0.0000 n=(1.000,0.000,0.000) m=-47.8
slot=0 pass=0 n=1 ret=1 pos=(-2.0113,0.4322,-3.3641) vel=(-47.8843,2.5967,28.8090)->(52.4631,-0.4223,12.0725) | s5 d=-0.0009 n=(1.000,0.000,0.000) m=-47.9
slot=0 pass=0 n=1 ret=1 pos=(-2.0103,0.4323,-3.3628) vel=(-37.5135,2.0248,22.3100)->(50.8195,-0.3391,9.4900) | s5 d=-0.0001 n=(1.000,0.000,0.000) m=-37.5
slot=0 pass=0 n=1 ret=1 pos=(-2.0105,0.4324,-3.3601) vel=(-47.9621,2.5976,28.7866)->(52.3017,-0.4222,12.0492) | s5 d=-0.0003 n=(1.000,0.000,0.000) m=-48.0
slot=0 pass=0 n=1 ret=1 pos=(-2.0104,0.4325,-3.3574) vel=(-48.0728,2.6007,28.7925)->(52.1624,-0.4227,12.0264) | s5 d=-0.0002 n=(1.000,0.000,0.000) m=-48.1
slot=0 pass=0 n=1 ret=1 pos=(-2.0103,0.4325,-3.3547) vel=(-48.1598,2.6026,28.7842)->(52.0208,-0.4230,11.9982) | s5 d=-0.0001 n=(1.000,0.000,0.000) m=-48.2
slot=0 pass=0 n=1 ret=1 pos=(-2.0102,0.4326,-3.3520) vel=(-48.2461,2.6044,28.7764)->(51.8816,-0.4233,11.9706) | s5 d=-0.0001 n=(1.000,0.000,0.000) m=-48.3
slot=0 pass=0 n=1 ret=1 pos=(-2.0101,0.4327,-3.3492) vel=(-48.3313,2.6062,28.7686)->(51.7447,-0.4236,11.9435) | s5 d=-0.0000 n=(1.000,0.000,0.000) m=-48.4
slot=0 pass=0 n=1 ret=1 pos=(-2.0101,0.4328,-3.3465) vel=(-48.4153,2.6080,28.7609)->(51.6099,-0.4239,11.9168) | s5 d=-0.0001 n=(1.000,0.000,0.000) m=-48.4
slot=0 pass=0 n=1 ret=1 pos=(-2.0101,0.4329,-3.3438) vel=(-48.4983,2.6098,28.7533)->(51.4774,-0.4242,11.8905) | s5 d=-0.0001 n=(1.000,0.000,0.000) m=-48.5
slot=0 pass=0 n=1 ret=1 pos=(-2.0102,0.4330,-3.3410) vel=(-48.5800,2.6115,28.7457)->(51.3469,-0.4245,11.8647) | s5 d=-0.0001 n=(1.000,0.000,0.000) m=-48.6
slot=0 pass=0 n=1 ret=1 pos=(-2.0102,0.4331,-3.3383) vel=(-48.6606,2.6132,28.7381)->(51.2186,-0.4247,11.8392) | s5 d=-0.0002 n=(1.000,0.000,0.000) m=-48.7
slot=0 pass=0 n=1 ret=1 pos=(-2.0103,0.4331,-3.3356) vel=(-48.7402,2.6149,28.7306)->(51.0923,-0.4250,11.8142) | s5 d=-0.0004 n=(1.000,0.000,0.000) m=-48.8
slot=0 pass=0 n=1 ret=1 pos=(-2.0104,0.4332,-3.3328) vel=(-48.8187,2.6166,28.7232)->(50.9680,-0.4252,11.7896) | s5 d=-0.0005 n=(1.000,0.000,0.000) m=-48.8
slot=0 pass=0 n=1 ret=1 pos=(-2.0105,0.4333,-3.3301) vel=(-48.8961,2.6183,28.7159)->(50.8456,-0.4255,11.7653) | s5 d=-0.0007 n=(1.000,0.000,0.000) m=-48.9
slot=0 pass=0 n=1 ret=1 pos=(-2.0107,0.4334,-3.3273) vel=(-48.9724,2.6199,28.7085)->(50.7252,-0.4257,11.7415) | s5 d=-0.0008 n=(1.000,0.000,0.000) m=-49.0
slot=0 pass=0 n=1 ret=1 pos=(-2.0109,0.4335,-3.3246) vel=(-49.0476,2.6215,28.7013)->(50.6067,-0.4259,11.7180) | s5 d=-0.0011 n=(1.000,0.000,0.000) m=-49.1
slot=0 pass=0 n=1 ret=1 pos=(-2.0100,0.4335,-3.3225) vel=(-38.5393,2.0465,22.2062)->(48.7239,-0.3426,9.1505) | s5 d=-0.0002 n=(1.000,0.000,0.000) m=-38.6
slot=0 pass=0 n=1 ret=1 pos=(-2.0106,0.4336,-3.3207) vel=(-38.7392,2.0567,22.3126)->(48.7032,-0.3440,9.1848) | s5 d=-0.0009 n=(1.000,0.000,0.000) m=-38.8
slot=0 pass=0 n=1 ret=1 pos=(-2.0104,0.4336,-3.3194) vel=(-38.7672,2.0576,22.3164)->(48.6700,-0.3439,9.1901) | s5 d=-0.0007 n=(1.000,0.000,0.000) m=-38.8
slot=0 pass=0 n=1 ret=1 pos=(-2.0099,0.4337,-3.3174) vel=(-38.7885,2.0549,22.2458)->(48.4232,-0.3437,9.1223) | s5 d=-0.0002 n=(1.000,0.000,0.000) m=-38.8
slot=0 pass=0 n=1 ret=1 pos=(-2.0097,0.4338,-3.3161) vel=(-38.9267,2.0618,22.3164)->(48.4042,-0.3444,9.1528) | s5 d=-0.0001 n=(1.000,0.000,0.000) m=-38.9
slot=0 pass=0 n=1 ret=1 pos=(-2.0105,0.4338,-3.3134) vel=(-49.5711,2.6353,28.7092)->(49.9358,-0.4277,11.6020) | s5 d=-0.0008 n=(1.000,0.000,0.000) m=-49.6
slot=0 pass=0 n=1 ret=1 pos=(-2.0097,0.4339,-3.3113) vel=(-38.9256,2.0561,22.1956)->(48.0479,-0.3437,9.0525) | s5 d=-0.0000 n=(1.000,0.000,0.000) m=-38.9
slot=0 pass=0 n=1 ret=1 pos=(-2.0104,0.4339,-3.3094) vel=(-39.0794,2.0651,22.3033)->(48.1108,-0.3450,9.0986) | s5 d=-0.0008 n=(1.000,0.000,0.000) m=-39.1
slot=0 pass=0 n=1 ret=1 pos=(-2.0103,0.4340,-3.3081) vel=(-39.0772,2.0658,22.3186)->(48.1618,-0.3449,9.1196) | s5 d=-0.0007 n=(1.000,0.000,0.000) m=-39.1
slot=0 pass=0 n=1 ret=1 pos=(-2.0099,0.4340,-3.3061) vel=(-39.0887,2.0626,22.2440)->(47.9215,-0.3446,9.0516) | s5 d=-0.0003 n=(1.000,0.000,0.000) m=-39.1
slot=0 pass=0 n=1 ret=1 pos=(-2.0098,0.4341,-3.3048) vel=(-38.7011,2.0426,22.0305)->(47.9350,-0.3415,8.9880) | s5 d=-0.0002 n=(1.000,0.000,0.000) m=-38.7
slot=0 pass=0 n=1 ret=1 pos=(-2.0106,0.4342,-3.3021) vel=(-49.7681,2.6386,28.6698)->(49.5833,-0.4280,11.5265) | s5 d=-0.0010 n=(1.000,0.000,0.000) m=-49.8
slot=0 pass=0 n=1 ret=1 pos=(-2.0099,0.4342,-3.3000) vel=(-39.1128,2.0605,22.1839)->(47.7061,-0.3442,9.0008) | s5 d=-0.0003 n=(1.000,0.000,0.000) m=-39.1
slot=0 pass=0 n=1 ret=1 pos=(-2.0097,0.4343,-3.2988) vel=(-38.5596,2.0316,21.8736)->(47.7058,-0.3399,8.9021) | s5 d=-0.0001 n=(1.000,0.000,0.000) m=-38.6
slot=0 pass=0 n=1 ret=1 pos=(-2.0104,0.4344,-3.2961) vel=(-49.2398,2.6055,28.2512)->(49.2411,-0.4230,11.3246) | s5 d=-0.0009 n=(1.000,0.000,0.000) m=-49.3
slot=0 pass=0 n=1 ret=1 pos=(-2.0097,0.4344,-3.2941) vel=(-39.0484,2.0548,22.0981)->(47.5601,-0.3433,8.9510) | s5 d=-0.0002 n=(1.000,0.000,0.000) m=-39.1
slot=0 pass=0 n=1 ret=1 pos=(-2.0096,0.4345,-3.2928) vel=(-38.6318,2.0333,21.8693)->(47.5734,-0.3400,8.8824) | s5 d=-0.0001 n=(1.000,0.000,0.000) m=-38.6
slot=0 pass=0 n=1 ret=1 pos=(-2.0103,0.4346,-3.2902) vel=(-49.2364,2.6025,28.1891)->(49.0924,-0.4225,11.2778) | s5 d=-0.0008 n=(1.000,0.000,0.000) m=-49.3
slot=0 pass=0 n=1 ret=1 pos=(-2.0096,0.4346,-3.2881) vel=(-38.6363,2.0306,21.8083)->(47.3838,-0.3398,8.8271) | s5 d=-0.0001 n=(1.000,0.000,0.000) m=-38.7
slot=0 pass=0 n=1 ret=1 pos=(-2.0104,0.4347,-3.2864) vel=(-38.7020,2.0349,21.8629)->(47.4367,-0.3404,8.8531) | s5 d=-0.0009 n=(1.000,0.000,0.000) m=-38.7
slot=0 pass=0 n=1 ret=1 pos=(-2.0102,0.4347,-3.2851) vel=(-38.6758,2.0342,21.8636)->(47.4839,-0.3401,8.8681) | s5 d=-0.0007 n=(1.000,0.000,0.000) m=-38.7
slot=0 pass=0 n=1 ret=1 pos=(-2.0099,0.4348,-3.2831) vel=(-38.6476,2.0302,21.7934)->(47.3210,-0.3397,8.8134) | s5 d=-0.0004 n=(1.000,0.000,0.000) m=-38.7
slot=0 pass=0 n=1 ret=1 pos=(-2.0098,0.4348,-3.2818) vel=(-38.7409,2.0360,21.8644)->(47.3793,-0.3403,8.8541) | s5 d=-0.0003 n=(1.000,0.000,0.000) m=-38.8
slot=0 pass=0 n=1 ret=1 pos=(-2.0106,0.4349,-3.2792) vel=(-49.3610,2.6052,28.1768)->(48.9007,-0.4227,11.2404) | s5 d=-0.0011 n=(1.000,0.000,0.000) m=-49.4
slot=0 pass=0 n=1 ret=1 pos=(-2.0098,0.4350,-3.2772) vel=(-38.6577,2.0286,21.7535)->(47.1867,-0.3394,8.7813) | s5 d=-0.0004 n=(1.000,0.000,0.000) m=-38.7
slot=0 pass=0 n=1 ret=1 pos=(-2.0097,0.4350,-3.2759) vel=(-38.8242,2.0383,21.8677)->(47.2525,-0.3405,8.8378) | s5 d=-0.0003 n=(1.000,0.000,0.000) m=-38.8
slot=0 pass=0 n=1 ret=1 pos=(-2.0106,0.4351,-3.2733) vel=(-49.4527,2.6074,28.1744)->(48.7766,-0.4230,11.2181) | s5 d=-0.0011 n=(1.000,0.000,0.000) m=-49.5
slot=0 pass=0 n=1 ret=1 pos=(-2.0099,0.4351,-3.2713) vel=(-38.7268,2.0303,21.7497)->(47.0622,-0.3395,8.7630) | s5 d=-0.0004 n=(1.000,0.000,0.000) m=-38.7
slot=0 pass=0 n=1 ret=1 pos=(-2.0098,0.4352,-3.2700) vel=(-38.9074,2.0407,21.8726)->(47.1309,-0.3408,8.8228) | s5 d=-0.0004 n=(1.000,0.000,0.000) m=-38.9
slot=0 pass=0 n=1 ret=1 pos=(-2.0095,0.4352,-3.2680) vel=(-38.8781,2.0367,21.8032)->(46.9727,-0.3403,8.7691) | s5 d=-0.0001 n=(1.000,0.000,0.000) m=-38.9
slot=0 pass=0 n=1 ret=1 pos=(-2.0095,0.4353,-3.2667) vel=(-38.9760,2.0428,21.8784)->(47.0364,-0.3410,8.8119) | s5 d=-0.0001 n=(1.000,0.000,0.000) m=-39.0
slot=0 pass=0 n=1 ret=1 pos=(-2.0104,0.4354,-3.2641) vel=(-49.6135,2.6115,28.1721)->(48.5648,-0.4234,11.1807) | s5 d=-0.0009 n=(1.000,0.000,0.000) m=-49.6
slot=0 pass=0 n=1 ret=1 pos=(-2.0097,0.4354,-3.2621) vel=(-38.8568,2.0337,21.7496)->(46.8503,-0.3398,8.7341) | s5 d=-0.0003 n=(1.000,0.000,0.000) m=-38.9
slot=0 pass=0 n=1 ret=1 pos=(-2.0097,0.4355,-3.2608) vel=(-39.0510,2.0449,21.8813)->(46.9232,-0.3412,8.7973) | s5 d=-0.0003 n=(1.000,0.000,0.000) m=-39.1
slot=0 pass=0 n=1 ret=1 pos=(-2.0094,0.4355,-3.2588) vel=(-39.0198,2.0408,21.8115)->(46.7674,-0.3408,8.7438) | s5 d=-0.0000 n=(1.000,0.000,0.000) m=-39.0
slot=0 pass=0 n=1 ret=1 pos=(-2.0094,0.4356,-3.2575) vel=(-39.1168,2.0469,21.8872)->(46.8342,-0.3414,8.7871) | s5 d=-0.0000 n=(1.000,0.000,0.000) m=-39.1
slot=0 pass=0 n=1 ret=1 pos=(-2.0104,0.4357,-3.2549) vel=(-49.7655,2.6154,28.1704)->(48.3668,-0.4237,11.1459) | s5 d=-0.0010 n=(1.000,0.000,0.000) m=-49.8
slot=0 pass=0 n=1 ret=1 pos=(-2.0097,0.4357,-3.2528) vel=(-38.9822,2.0371,21.7514)->(46.6523,-0.3401,8.7077) | s5 d=-0.0004 n=(1.000,0.000,0.000) m=-39.0
slot=0 pass=0 n=1 ret=1 pos=(-2.0097,0.4358,-3.2516) vel=(-39.1863,2.0488,21.8895)->(46.7290,-0.3416,8.7735) | s5 d=-0.0004 n=(1.000,0.000,0.000) m=-39.2
slot=0 pass=0 n=1 ret=1 pos=(-2.0095,0.4358,-3.2496) vel=(-39.1533,2.0447,21.8195)->(46.5757,-0.3411,8.7203) | s5 d=-0.0002 n=(1.000,0.000,0.000) m=-39.2
slot=0 pass=0 n=1 ret=1 pos=(-2.0096,0.4359,-3.2483) vel=(-39.2490,2.0507,21.8952)->(46.6451,-0.3418,8.7639) | s5 d=-0.0002 n=(1.000,0.000,0.000) m=-39.3
slot=0 pass=0 n=1 ret=1 pos=(-2.0094,0.4359,-3.2463) vel=(-39.2115,2.0464,21.8229)->(46.4926,-0.3413,8.7101) | s5 d=-0.0000 n=(1.000,0.000,0.000) m=-39.2
slot=0 pass=0 n=1 ret=1 pos=(-2.0094,0.4360,-3.2450) vel=(-39.3065,2.0524,21.8987)->(46.5633,-0.3420,8.7539) | s5 d=-0.0001 n=(1.000,0.000,0.000) m=-39.3
slot=0 pass=0 n=1 ret=1 pos=(-2.0104,0.4361,-3.2423) vel=(-49.9704,2.6206,28.1679)->(48.1015,-0.4242,11.0993) | s5 d=-0.0011 n=(1.000,0.000,0.000) m=-50.0
slot=0 pass=0 n=1 ret=1 pos=(-2.0099,0.4361,-3.2403) vel=(-39.1524,2.0417,21.7543)->(46.3873,-0.3405,8.6725) | s5 d=-0.0005 n=(1.000,0.000,0.000) m=-39.2
slot=0 pass=0 n=1 ret=1 pos=(-2.0099,0.4362,-3.2390) vel=(-39.3685,2.0541,21.9002)->(46.4689,-0.3421,8.7415) | s5 d=-0.0006 n=(1.000,0.000,0.000) m=-39.4
slot=0 pass=0 n=1 ret=1 pos=(-2.0098,0.4362,-3.2370) vel=(-39.3331,2.0499,21.8299)->(46.3190,-0.3416,8.6887) | s5 d=-0.0005 n=(1.000,0.000,0.000) m=-39.3
slot=0 pass=0 n=1 ret=1 pos=(-2.0098,0.4363,-3.2357) vel=(-39.4269,2.0559,21.9058)->(46.3920,-0.3423,8.7328) | s5 d=-0.0005 n=(1.000,0.000,0.000) m=-39.4
slot=0 pass=0 n=1 ret=1 pos=(-2.0097,0.4363,-3.2337) vel=(-39.3868,2.0515,21.8330)->(46.2427,-0.3418,8.6793) | s5 d=-0.0004 n=(1.000,0.000,0.000) m=-39.4
slot=0 pass=0 n=1 ret=1 pos=(-2.0098,0.4364,-3.2323) vel=(-39.4800,2.0574,21.9088)->(46.3168,-0.3425,8.7235) | s5 d=-0.0005 n=(1.000,0.000,0.000) m=-39.5
slot=0 pass=0 n=1 ret=1 pos=(-2.0097,0.4364,-3.2303) vel=(-39.4391,2.0530,21.8359)->(46.1684,-0.3419,8.6702) | s5 d=-0.0004 n=(1.000,0.000,0.000) m=-39.5
slot=0 pass=0 n=1 ret=1 pos=(-2.0098,0.4365,-3.2290) vel=(-39.5316,2.0589,21.9118)->(46.2436,-0.3426,8.7145) | s5 d=-0.0005 n=(1.000,0.000,0.000) m=-39.5
slot=0 pass=0 n=1 ret=1 pos=(-2.0097,0.4365,-3.2270) vel=(-39.4900,2.0545,21.8387)->(46.0962,-0.3421,8.6612) | s5 d=-0.0004 n=(1.000,0.000,0.000) m=-39.5
slot=0 pass=0 n=1 ret=1 pos=(-2.0098,0.4366,-3.2257) vel=(-39.5820,2.0604,21.9146)->(46.1723,-0.3427,8.7056) | s5 d=-0.0005 n=(1.000,0.000,0.000) m=-39.6
slot=0 pass=0 n=1 ret=1 pos=(-2.0097,0.4366,-3.2237) vel=(-39.5397,2.0559,21.8414)->(46.0257,-0.3422,8.6525) | s5 d=-0.0004 n=(1.000,0.000,0.000) m=-39.6
slot=0 pass=0 n=1 ret=1 pos=(-2.0098,0.4367,-3.2224) vel=(-39.6312,2.0618,21.9173)->(46.1029,-0.3429,8.6970) | s5 d=-0.0006 n=(1.000,0.000,0.000) m=-39.6
slot=0 pass=0 n=1 ret=1 pos=(-2.0098,0.4367,-3.2204) vel=(-39.5881,2.0573,21.8441)->(45.9572,-0.3423,8.6440) | s5 d=-0.0005 n=(1.000,0.000,0.000) m=-39.6
slot=0 pass=0 n=1 ret=1 pos=(-2.0099,0.4368,-3.2190) vel=(-39.6790,2.0632,21.9199)->(46.0353,-0.3430,8.6886) | s5 d=-0.0006 n=(1.000,0.000,0.000) m=-39.7
slot=0 pass=0 n=1 ret=1 pos=(-2.0098,0.4368,-3.2170) vel=(-39.6353,2.0587,21.8466)->(45.8905,-0.3424,8.6358) | s5 d=-0.0006 n=(1.000,0.000,0.000) m=-39.6
slot=0 pass=0 n=1 ret=1 pos=(-2.0100,0.4369,-3.2157) vel=(-39.7256,2.0645,21.9225)->(45.9695,-0.3431,8.6805) | s5 d=-0.0007 n=(1.000,0.000,0.000) m=-39.7
slot=0 pass=0 n=1 ret=1 pos=(-2.0100,0.4369,-3.2137) vel=(-39.6812,2.0600,21.8490)->(45.8255,-0.3425,8.6277) | s5 d=-0.0007 n=(1.000,0.000,0.000) m=-39.7
slot=0 pass=0 n=1 ret=1 pos=(-2.0101,0.4370,-3.2123) vel=(-39.7711,2.0658,21.9249)->(45.9055,-0.3432,8.6725) | s5 d=-0.0009 n=(1.000,0.000,0.000) m=-39.8
slot=0 pass=0 n=1 ret=1 pos=(-2.0101,0.4370,-3.2103) vel=(-39.7260,2.0613,21.8513)->(45.7622,-0.3427,8.6198) | s5 d=-0.0009 n=(1.000,0.000,0.000) m=-39.7
slot=0 pass=0 n=1 ret=1 pos=(-2.0093,0.4371,-3.2095) vel=(-29.4727,1.5234,16.0439)->(45.8115,-0.2690,6.6459) | s5 d=-0.0001 n=(1.000,0.000,0.000) m=-29.5
slot=0 pass=0 n=1 ret=1 pos=(-2.0095,0.4371,-3.2083) vel=(-38.8916,2.0171,21.3691)->(45.6822,-0.3362,8.4558) | s5 d=-0.0003 n=(1.000,0.000,0.000) m=-38.9
slot=0 pass=0 n=1 ret=1 pos=(-2.0095,0.4372,-3.2062) vel=(-39.7987,2.0627,21.8409)->(45.6193,-0.3427,8.5968) | s5 d=-0.0003 n=(1.000,0.000,0.000) m=-39.8
slot=0 pass=0 n=1 ret=1 pos=(-2.0097,0.4372,-3.2049) vel=(-39.9134,2.0699,21.9319)->(45.7044,-0.3436,8.6473) | s5 d=-0.0005 n=(1.000,0.000,0.000) m=-39.9
slot=0 pass=0 n=1 ret=1 pos=(-2.0097,0.4373,-3.2029) vel=(-39.8669,2.0653,21.8584)->(45.5637,-0.3430,8.5950) | s5 d=-0.0006 n=(1.000,0.000,0.000) m=-39.9
slot=0 pass=0 n=1 ret=1 pos=(-2.0099,0.4373,-3.2016) vel=(-39.9547,2.0711,21.9344)->(45.6475,-0.3437,8.6403) | s5 d=-0.0008 n=(1.000,0.000,0.000) m=-40.0
slot=0 pass=0 n=1 ret=1 pos=(-2.0100,0.4374,-3.1995) vel=(-39.9070,2.0665,21.8604)->(45.5074,-0.3431,8.5880) | s5 d=-0.0008 n=(1.000,0.000,0.000) m=-39.9
slot=0 pass=0 n=1 ret=1 pos=(-2.0093,0.4374,-3.1987) vel=(-29.6352,1.5287,16.0659)->(45.5434,-0.2695,6.6261) | s5 d=-0.0001 n=(1.000,0.000,0.000) m=-29.6
slot=0 pass=0 n=1 ret=1 pos=(-2.0095,0.4375,-3.1974) vel=(-39.0796,2.0229,21.3864)->(45.4344,-0.3367,8.4284) | s5 d=-0.0003 n=(1.000,0.000,0.000) m=-39.1
slot=0 pass=0 n=1 ret=1 pos=(-2.0096,0.4375,-3.1954) vel=(-39.9749,2.0678,21.8505)->(45.3745,-0.3431,8.5665) | s5 d=-0.0004 n=(1.000,0.000,0.000) m=-40.0
slot=0 pass=0 n=1 ret=1 pos=(-2.0098,0.4376,-3.1941) vel=(-40.0858,2.0749,21.9405)->(45.4630,-0.3440,8.6170) | s5 d=-0.0006 n=(1.000,0.000,0.000) m=-40.1
slot=0 pass=0 n=1 ret=1 pos=(-2.0099,0.4376,-3.1920) vel=(-40.0368,2.0702,21.8666)->(45.3252,-0.3434,8.5651) | s5 d=-0.0007 n=(1.000,0.000,0.000) m=-40.0
slot=0 pass=0 n=1 ret=1 pos=(-2.0092,0.4376,-3.1912) vel=(-29.7517,1.5325,16.0814)->(45.3519,-0.2699,6.6119) | s5 d=-0.0001 n=(1.000,0.000,0.000) m=-29.8
slot=0 pass=0 n=1 ret=1 pos=(-2.0094,0.4377,-3.1899) vel=(-39.2196,2.0273,21.4014)->(45.2579,-0.3371,8.4097) | s5 d=-0.0003 n=(1.000,0.000,0.000) m=-39.2
slot=0 pass=0 n=1 ret=1 pos=(-2.0096,0.4377,-3.1879) vel=(-40.1012,2.0714,21.8571)->(45.1995,-0.3434,8.5448) | s5 d=-0.0004 n=(1.000,0.000,0.000) m=-40.1
slot=0 pass=0 n=1 ret=1 pos=(-2.0098,0.4378,-3.1866) vel=(-40.2095,2.0784,21.9465)->(45.2904,-0.3442,8.5953) | s5 d=-0.0007 n=(1.000,0.000,0.000) m=-40.2
slot=0 pass=0 n=1 ret=1 pos=(-2.0100,0.4378,-3.1845) vel=(-40.1586,2.0737,21.8722)->(45.1549,-0.3436,8.5437) | s5 d=-0.0008 n=(1.000,0.000,0.000) m=-40.2
slot=0 pass=0 n=1 ret=1 pos=(-2.0093,0.4379,-3.1837) vel=(-29.8610,1.5361,16.0957)->(45.1730,-0.2702,6.5985) | s5 d=-0.0002 n=(1.000,0.000,0.000) m=-29.9
slot=0 pass=0 n=1 ret=1 pos=(-2.0096,0.4379,-3.1824) vel=(-39.3515,2.0314,21.4156)->(45.0928,-0.3375,8.3923) | s5 d=-0.0005 n=(1.000,0.000,0.000) m=-39.4
slot=0 pass=0 n=1 ret=1 pos=(-2.0098,0.4380,-3.1804) vel=(-40.2197,2.0749,21.8631)->(45.0360,-0.3437,8.5244) | s5 d=-0.0006 n=(1.000,0.000,0.000) m=-40.2
slot=0 pass=0 n=1 ret=1 pos=(-2.0091,0.4380,-3.1795) vel=(-29.9357,1.5385,16.1051)->(45.0503,-0.2704,6.5892) | s5 d=-0.0000 n=(1.000,0.000,0.000) m=-29.9
slot=0 pass=0 n=1 ret=1 pos=(-2.0094,0.4381,-3.1782) vel=(-39.4422,2.0342,21.4252)->(44.9795,-0.3377,8.3803) | s5 d=-0.0003 n=(1.000,0.000,0.000) m=-39.5
slot=0 pass=0 n=1 ret=1 pos=(-2.0096,0.4381,-3.1762) vel=(-40.3013,2.0772,21.8671)->(44.9237,-0.3438,8.5104) | s5 d=-0.0005 n=(1.000,0.000,0.000) m=-40.3
slot=0 pass=0 n=1 ret=1 pos=(-2.0099,0.4382,-3.1748) vel=(-40.4051,2.0840,21.9553)->(45.0183,-0.3447,8.5610) | s5 d=-0.0008 n=(1.000,0.000,0.000) m=-40.4
slot=0 pass=0 n=1 ret=1 pos=(-2.0092,0.4382,-3.1733) vel=(-40.3514,2.0791,21.8806)->(44.8881,-0.3438,8.5185) | s5 d=-0.0001 n=(1.000,0.000,0.000) m=-40.4
slot=0 pass=0 n=1 ret=1 pos=(-2.0094,0.4383,-3.1712) vel=(-40.4324,2.0814,21.8826)->(44.7696,-0.3442,8.4944) | s5 d=-0.0003 n=(1.000,0.000,0.000) m=-40.4
slot=0 pass=0 n=1 ret=1 pos=(-2.0097,0.4383,-3.1699) vel=(-40.5163,2.0871,21.9604)->(44.8648,-0.3449,8.5415) | s5 d=-0.0006 n=(1.000,0.000,0.000) m=-40.5
slot=0 pass=0 n=1 ret=1 pos=(-2.0099,0.4384,-3.1678) vel=(-40.4606,2.0822,21.8852)->(44.7344,-0.3443,8.4905) | s5 d=-0.0009 n=(1.000,0.000,0.000) m=-40.5
slot=0 pass=0 n=1 ret=1 pos=(-2.0093,0.4384,-3.1670) vel=(-30.1320,1.5449,16.1302)->(44.7320,-0.2710,6.5651) | s5 d=-0.0003 n=(1.000,0.000,0.000) m=-30.1
slot=0 pass=0 n=1 ret=1 pos=(-2.0097,0.4385,-3.1657) vel=(-39.6787,2.0416,21.4499)->(44.6856,-0.3383,8.3491) | s5 d=-0.0007 n=(1.000,0.000,0.000) m=-39.7
slot=0 pass=0 n=1 ret=1 pos=(-2.0100,0.4385,-3.1636) vel=(-40.5133,2.0833,21.8771)->(44.6323,-0.3443,8.4738) | s5 d=-0.0009 n=(1.000,0.000,0.000) m=-40.5
slot=0 pass=0 n=1 ret=1 pos=(-2.0094,0.4385,-3.1628) vel=(-30.1967,1.5470,16.1381)->(44.6268,-0.2711,6.5570) | s5 d=-0.0004 n=(1.000,0.000,0.000) m=-30.2
slot=0 pass=0 n=1 ret=1 pos=(-2.0098,0.4386,-3.1615) vel=(-39.7571,2.0441,21.4578)->(44.5884,-0.3385,8.3386) | s5 d=-0.0007 n=(1.000,0.000,0.000) m=-39.8
slot=0 pass=0 n=1 ret=1 pos=(-2.0091,0.4386,-3.1599) vel=(-40.5837,2.0853,21.8802)->(44.5379,-0.3442,8.4705) | s5 d=-0.0001 n=(1.000,0.000,0.000) m=-40.6
slot=0 pass=0 n=1 ret=1 pos=(-2.0094,0.4387,-3.1578) vel=(-40.6808,2.0884,21.8924)->(44.4256,-0.3447,8.4506) | s5 d=-0.0004 n=(1.000,0.000,0.000) m=-40.7
slot=0 pass=0 n=1 ret=1 pos=(-2.0098,0.4387,-3.1565) vel=(-40.7619,2.0941,21.9703)->(44.5256,-0.3454,8.4983) | s5 d=-0.0008 n=(1.000,0.000,0.000) m=-40.8
slot=0 pass=0 n=1 ret=1 pos=(-2.0092,0.4388,-3.1549) vel=(-40.7026,2.0891,21.8946)->(44.4015,-0.3445,8.4565) | s5 d=-0.0002 n=(1.000,0.000,0.000) m=-40.7
slot=0 pass=0 n=1 ret=1 pos=(-2.0095,0.4388,-3.1528) vel=(-40.7801,2.0912,21.8963)->(44.2893,-0.3448,8.4332) | s5 d=-0.0005 n=(1.000,0.000,0.000) m=-40.8
slot=0 pass=0 n=1 ret=1 pos=(-2.0099,0.4389,-3.1515) vel=(-40.8596,2.0969,21.9740)->(44.3912,-0.3455,8.4811) | s5 d=-0.0009 n=(1.000,0.000,0.000) m=-40.9
slot=0 pass=0 n=1 ret=1 pos=(-2.0093,0.4389,-3.1499) vel=(-40.7988,2.0918,21.8981)->(44.2687,-0.3446,8.4395) | s5 d=-0.0003 n=(1.000,0.000,0.000) m=-40.8
slot=0 pass=0 n=1 ret=1 pos=(-2.0096,0.4390,-3.1478) vel=(-40.8754,2.0939,21.8997)->(44.1582,-0.3450,8.4164) | s5 d=-0.0006 n=(1.000,0.000,0.000) m=-40.9
slot=0 pass=0 n=1 ret=1 pos=(-2.0092,0.4390,-3.1469) vel=(-30.5065,1.5570,16.1758)->(44.1290,-0.2719,6.5186) | s5 d=-0.0002 n=(1.000,0.000,0.000) m=-30.5
slot=0 pass=0 n=1 ret=1 pos=(-2.0096,0.4391,-3.1456) vel=(-40.1298,2.0556,21.4943)->(44.1280,-0.3394,8.2888) | s5 d=-0.0006 n=(1.000,0.000,0.000) m=-40.1
slot=0 pass=0 n=1 ret=1 pos=(-2.0091,0.4391,-3.1441) vel=(-40.9183,2.0948,21.8940)->(44.0813,-0.3448,8.4126) | s5 d=-0.0001 n=(1.000,0.000,0.000) m=-40.9
slot=0 pass=0 n=1 ret=1 pos=(-2.0095,0.4392,-3.1420) vel=(-41.0090,2.0976,21.9041)->(43.9746,-0.3452,8.3927) | s5 d=-0.0005 n=(1.000,0.000,0.000) m=-41.0
slot=0 pass=0 n=1 ret=1 pos=(-2.0090,0.4392,-3.1411) vel=(-30.6266,1.5608,16.1899)->(43.9369,-0.2722,6.5036) | s5 d=-0.0000 n=(1.000,0.000,0.000) m=-30.6
slot=0 pass=0 n=1 ret=1 pos=(-2.0095,0.4393,-3.1398) vel=(-40.2743,2.0601,21.5078)->(43.9500,-0.3398,8.2692) | s5 d=-0.0005 n=(1.000,0.000,0.000) m=-40.3
slot=0 pass=0 n=1 ret=1 pos=(-2.0090,0.4393,-3.1382) vel=(-41.0482,2.0984,21.8989)->(43.9048,-0.3450,8.3901) | s5 d=-0.0000 n=(1.000,0.000,0.000) m=-41.1
slot=0 pass=0 n=1 ret=1 pos=(-2.0094,0.4394,-3.1361) vel=(-41.1365,2.1012,21.9082)->(43.8003,-0.3454,8.3702) | s5 d=-0.0005 n=(1.000,0.000,0.000) m=-41.1
slot=0 pass=0 n=1 ret=1 pos=(-2.0090,0.4394,-3.1352) vel=(-30.7410,1.5645,16.2031)->(43.7550,-0.2725,6.4893) | s5 d=-0.0000 n=(1.000,0.000,0.000) m=-30.7
slot=0 pass=0 n=1 ret=1 pos=(-2.0095,0.4394,-3.1339) vel=(-40.4116,2.0643,21.5203)->(43.7814,-0.3401,8.2506) | s5 d=-0.0006 n=(1.000,0.000,0.000) m=-40.4
slot=0 pass=0 n=1 ret=1 pos=(-2.0091,0.4395,-3.1323) vel=(-41.1716,2.1019,21.9033)->(43.7375,-0.3452,8.3686) | s5 d=-0.0001 n=(1.000,0.000,0.000) m=-41.2
slot=0 pass=0 n=1 ret=1 pos=(-2.0095,0.4395,-3.1302) vel=(-41.2577,2.1046,21.9119)->(43.6351,-0.3456,8.3488) | s5 d=-0.0006 n=(1.000,0.000,0.000) m=-41.3
slot=0 pass=0 n=1 ret=1 pos=(-2.0091,0.4396,-3.1293) vel=(-30.8497,1.5680,16.2154)->(43.5823,-0.2728,6.4756) | s5 d=-0.0002 n=(1.000,0.000,0.000) m=-30.9
slot=0 pass=0 n=1 ret=1 pos=(-2.0097,0.4396,-3.1280) vel=(-40.5421,2.0683,21.5319)->(43.6214,-0.3403,8.2329) | s5 d=-0.0008 n=(1.000,0.000,0.000) m=-40.5
slot=0 pass=0 n=1 ret=1 pos=(-2.0092,0.4397,-3.1264) vel=(-41.2890,2.1052,21.9072)->(43.5787,-0.3453,8.3482) | s5 d=-0.0003 n=(1.000,0.000,0.000) m=-41.3
slot=0 pass=0 n=1 ret=1 pos=(-2.0098,0.4397,-3.1243) vel=(-41.3730,2.1078,21.9153)->(43.4783,-0.3457,8.3284) | s5 d=-0.0008 n=(1.000,0.000,0.000) m=-41.4
slot=0 pass=0 n=1 ret=1 pos=(-2.0094,0.4398,-3.1234) vel=(-30.9532,1.5713,16.2269)->(43.4188,-0.2730,6.4626) | s5 d=-0.0005 n=(1.000,0.000,0.000) m=-31.0
slot=0 pass=0 n=1 ret=1 pos=(-2.0091,0.4398,-3.1225) vel=(-30.2029,1.5322,15.8092)->(43.4642,-0.2679,6.3283) | s5 d=-0.0001 n=(1.000,0.000,0.000) m=-30.2
slot=0 pass=0 n=1 ret=1 pos=(-2.0097,0.4398,-3.1212) vel=(-40.5705,2.0662,21.4701)->(43.4065,-0.3397,8.1841) | s5 d=-0.0007 n=(1.000,0.000,0.000) m=-40.6
slot=0 pass=0 n=1 ret=1 pos=(-2.0093,0.4399,-3.1196) vel=(-41.4361,2.1093,21.9105)->(43.3765,-0.3455,8.3216) | s5 d=-0.0003 n=(1.000,0.000,0.000) m=-41.4
slot=0 pass=0 n=1 ret=1 pos=(-2.0098,0.4399,-3.1175) vel=(-41.5200,2.1119,21.9192)->(43.2788,-0.3459,8.3024) | s5 d=-0.0009 n=(1.000,0.000,0.000) m=-41.5
slot=0 pass=0 n=1 ret=1 pos=(-2.0095,0.4400,-3.1166) vel=(-31.0852,1.5754,16.2414)->(43.2109,-0.2733,6.4459) | s5 d=-0.0006 n=(1.000,0.000,0.000) m=-31.1
slot=0 pass=0 n=1 ret=1 pos=(-2.0092,0.4400,-3.1157) vel=(-30.3473,1.5371,15.8322)->(43.2552,-0.2683,6.3149) | s5 d=-0.0003 n=(1.000,0.000,0.000) m=-30.4
slot=0 pass=0 n=1 ret=1 pos=(-2.0098,0.4401,-3.1144) vel=(-40.7309,2.0712,21.4858)->(43.2163,-0.3400,8.1636) | s5 d=-0.0009 n=(1.000,0.000,0.000) m=-40.7
slot=0 pass=0 n=1 ret=1 pos=(-2.0095,0.4401,-3.1128) vel=(-41.5770,2.1132,21.9147)->(43.1874,-0.3457,8.2971) | s5 d=-0.0006 n=(1.000,0.000,0.000) m=-41.6
slot=0 pass=0 n=1 ret=1 pos=(-2.0091,0.4402,-3.1112) vel=(-41.6581,2.1157,21.9226)->(43.0939,-0.3459,8.2868) | s5 d=-0.0002 n=(1.000,0.000,0.000) m=-41.7
slot=0 pass=0 n=1 ret=1 pos=(-2.0097,0.4402,-3.1091) vel=(-41.7274,2.1176,21.9243)->(42.9988,-0.3462,8.2658) | s5 d=-0.0008 n=(1.000,0.000,0.000) m=-41.7
slot=0 pass=0 n=1 ret=1 pos=(-2.0094,0.4402,-3.1081) vel=(-31.2712,1.5813,16.2612)->(42.9191,-0.2737,6.4223) | s5 d=-0.0005 n=(1.000,0.000,0.000) m=-31.3
slot=0 pass=0 n=1 ret=1 pos=(-2.0092,0.4403,-3.1073) vel=(-30.5507,1.5440,15.8640)->(42.9622,-0.2688,6.2959) | s5 d=-0.0003 n=(1.000,0.000,0.000) m=-30.6
slot=0 pass=0 n=1 ret=1 pos=(-2.0089,0.4403,-3.1064) vel=(-30.4625,1.5389,15.8041)->(42.9294,-0.2681,6.2728) | s5 d=-0.0001 n=(1.000,0.000,0.000) m=-30.5
slot=0 pass=0 n=1 ret=1 pos=(-2.0096,0.4403,-3.1050) vel=(-40.9726,2.0782,21.4984)->(42.9022,-0.3404,8.1255) | s5 d=-0.0008 n=(1.000,0.000,0.000) m=-41.0
slot=0 pass=0 n=1 ret=1 pos=(-2.0093,0.4404,-3.1034) vel=(-41.8083,2.1196,21.9207)->(42.8771,-0.3460,8.2566) | s5 d=-0.0005 n=(1.000,0.000,0.000) m=-41.8
slot=0 pass=0 n=1 ret=1 pos=(-2.0090,0.4404,-3.1018) vel=(-41.8855,2.1220,21.9275)->(42.7873,-0.3461,8.2465) | s5 d=-0.0002 n=(1.000,0.000,0.000) m=-41.9
slot=0 pass=0 n=1 ret=1 pos=(-2.0097,0.4405,-3.0997) vel=(-41.9522,2.1238,21.9289)->(42.6961,-0.3464,8.2258) | s5 d=-0.0009 n=(1.000,0.000,0.000) m=-42.0
slot=0 pass=0 n=1 ret=1 pos=(-2.0095,0.4405,-3.0988) vel=(-31.4733,1.5877,16.2820)->(42.6041,-0.2740,6.3966) | s5 d=-0.0006 n=(1.000,0.000,0.000) m=-31.5
slot=0 pass=0 n=1 ret=1 pos=(-2.0093,0.4406,-3.0979) vel=(-30.7711,1.5514,15.8975)->(42.6461,-0.2693,6.2749) | s5 d=-0.0004 n=(1.000,0.000,0.000) m=-30.8
slot=0 pass=0 n=1 ret=1 pos=(-2.0091,0.4406,-3.0970) vel=(-30.6862,1.5466,15.8405)->(42.6162,-0.2686,6.2533) | s5 d=-0.0003 n=(1.000,0.000,0.000) m=-30.7
slot=0 pass=0 n=1 ret=1 pos=(-2.0089,0.4406,-3.0961) vel=(-30.6986,1.5467,15.8353)->(42.5740,-0.2686,6.2473) | s5 d=-0.0001 n=(1.000,0.000,0.000) m=-30.7
slot=0 pass=0 n=1 ret=1 pos=(-2.0097,0.4407,-3.0947) vel=(-41.2467,2.0866,21.5220)->(42.5764,-0.3409,8.0892) | s5 d=-0.0009 n=(1.000,0.000,0.000) m=-41.3
slot=0 pass=0 n=1 ret=1 pos=(-2.0095,0.4407,-3.0931) vel=(-42.0512,2.1263,21.9264)->(42.5534,-0.3462,8.2142) | s5 d=-0.0006 n=(1.000,0.000,0.000) m=-42.1
slot=0 pass=0 n=1 ret=1 pos=(-2.0092,0.4408,-3.0915) vel=(-42.1239,2.1285,21.9319)->(42.4677,-0.3463,8.2042) | s5 d=-0.0004 n=(1.000,0.000,0.000) m=-42.1
slot=0 pass=0 n=1 ret=1 pos=(-2.0090,0.4408,-3.0899) vel=(-42.1878,2.1303,21.9330)->(42.3824,-0.3464,8.1929) | s5 d=-0.0002 n=(1.000,0.000,0.000) m=-42.2
slot=0 pass=0 n=1 ret=1 pos=(-2.0088,0.4409,-3.0882) vel=(-42.2509,2.1320,21.9339)->(42.2980,-0.3464,8.1817) | s5 d=-0.0000 n=(1.000,0.000,0.000) m=-42.3
slot=0 pass=0 n=1 ret=1 pos=(-2.0096,0.4409,-3.0861) vel=(-42.3133,2.1337,21.9348)->(42.2131,-0.3467,8.1617) | s5 d=-0.0008 n=(1.000,0.000,0.000) m=-42.3
slot=0 pass=0 n=1 ret=1 pos=(-2.0094,0.4410,-3.0851) vel=(-31.7976,1.5979,16.3139)->(42.1022,-0.2746,6.3549) | s5 d=-0.0006 n=(1.000,0.000,0.000) m=-31.8
slot=0 pass=0 n=1 ret=1 pos=(-2.0094,0.4410,-3.0842) vel=(-31.1244,1.5633,15.9491)->(42.1429,-0.2701,6.2408) | s5 d=-0.0006 n=(1.000,0.000,0.000) m=-31.1
slot=0 pass=0 n=1 ret=1 pos=(-2.0093,0.4410,-3.0833) vel=(-31.0441,1.5587,15.8966)->(42.1180,-0.2695,6.2212) | s5 d=-0.0005 n=(1.000,0.000,0.000) m=-31.0
slot=0 pass=0 n=1 ret=1 pos=(-2.0092,0.4410,-3.0824) vel=(-31.0541,1.5588,15.8917)->(42.0821,-0.2694,6.2160) | s5 d=-0.0004 n=(1.000,0.000,0.000) m=-31.1
slot=0 pass=0 n=1 ret=1 pos=(-2.0091,0.4411,-3.0815) vel=(-31.0784,1.5596,15.8944)->(42.0451,-0.2695,6.2131) | s5 d=-0.0003 n=(1.000,0.000,0.000) m=-31.1
slot=0 pass=0 n=1 ret=1 pos=(-2.0090,0.4411,-3.0806) vel=(-31.1048,1.5604,15.8983)->(42.0082,-0.2695,6.2106) | s5 d=-0.0002 n=(1.000,0.000,0.000) m=-31.1
slot=0 pass=0 n=1 ret=1 pos=(-2.0090,0.4411,-3.0797) vel=(-31.1312,1.5613,15.9023)->(41.9717,-0.2696,6.2083) | s5 d=-0.0002 n=(1.000,0.000,0.000) m=-31.1
slot=0 pass=0 n=1 ret=1 pos=(-2.0089,0.4412,-3.0788) vel=(-31.1573,1.5622,15.9063)->(41.9357,-0.2697,6.2059) | s5 d=-0.0001 n=(1.000,0.000,0.000) m=-31.2
slot=0 pass=0 n=1 ret=1 pos=(-2.0089,0.4412,-3.0779) vel=(-31.1832,1.5631,15.9103)->(41.9003,-0.2697,6.2036) | s5 d=-0.0001 n=(1.000,0.000,0.000) m=-31.2
slot=0 pass=0 n=1 ret=1 pos=(-2.0088,0.4412,-3.0770) vel=(-31.2086,1.5640,15.9142)->(41.8653,-0.2698,6.2013) | s5 d=-0.0000 n=(1.000,0.000,0.000) m=-31.2
slot=0 pass=0 n=1 ret=1 pos=(-2.0097,0.4413,-3.0755) vel=(-41.7996,2.1034,21.5683)->(41.9297,-0.3417,8.0169) | s5 d=-0.0010 n=(1.000,0.000,0.000) m=-41.8
slot=0 pass=0 n=1 ret=1 pos=(-2.0096,0.4413,-3.0739) vel=(-42.5368,2.1397,21.9347)->(41.9104,-0.3466,8.1289) | s5 d=-0.0009 n=(1.000,0.000,0.000) m=-42.5
