slot=0 pass=0 n=2 ret=1 pos=(-2.0277,0.4243,-3.6038) vel=(-1708.0604,0.0000,706.3411)->(197.4344,-80.7370,155.7581) | s5 d=-0.0159 n=(1.000,0.000,0.000) m=-1686.0 | s9 d=-0.0159 n=(1.000,0.000,0.000) m=-1686.0
slot=0 pass=0 n=2 ret=1 pos=(-2.0140,0.4270,-3.5292) vel=(-200.4302,-0.0044,164.7403)->(117.3257,-24.4518,106.5582) | s5 d=-0.0040 n=(1.000,0.000,0.000) m=-199.9 | s9 d=-0.0040 n=(1.000,0.000,0.000) m=-199.9
slot=0 pass=0 n=2 ret=1 pos=(-2.0129,0.4284,-3.4845) vel=(-115.7923,-0.1094,89.1638)->(85.7586,-12.8815,51.3973) | s5 d=-0.0023 n=(1.000,0.000,0.000) m=-115.9 | s9 d=-0.0023 n=(1.000,0.000,0.000) m=-115.9
slot=0 pass=0 n=2 ret=1 pos=(-2.0119,0.4297,-3.4449) vel=(-105.7107,-0.1340,83.1103)->(86.3453,-12.2135,49.2929) | s5 d=-0.0006 n=(1.000,0.000,0.000) m=-105.9 | s9 d=-0.0006 n=(1.000,0.000,0.000) m=-105.9
slot=0 pass=0 n=2 ret=1 pos=(-2.0138,0.4308,-3.4063) vel=(-103.7473,-0.0390,80.0545)->(82.8649,-11.5192,45.2833) | s5 d=-0.0017 n=(1.000,0.000,0.000) m=-103.9 | s9 d=-0.0017 n=(1.000,0.000,0.000) m=-103.9
slot=0 pass=0 n=2 ret=1 pos=(-2.0129,0.4314,-3.3892) vel=(-73.7600,-0.0000,52.7794)->(68.0104,-7.3626,26.4950) | s5 d=-0.0004 n=(1.000,0.000,0.000) m=-73.9 | s9 d=-0.0004 n=(1.000,0.000,0.000) m=-73.9
slot=0 pass=0 n=2 ret=1 pos=(-2.0133,0.4317,-3.3818) vel=(-55.8892,0.0000,38.7555)->(61.9665,-5.3967,18.7674) | s5 d=-0.0009 n=(1.000,0.000,0.000) m=-56.0 | s9 d=-0.0009 n=(1.000,0.000,0.000) m=-56.0
slot=0 pass=0 n=2 ret=1 pos=(-2.0130,0.4318,-3.3787) vel=(-45.1735,0.0000,30.9275)->(59.4337,-4.3449,14.9102) | s5 d=-0.0006 n=(1.000,0.000,0.000) m=-45.2 | s9 d=-0.0006 n=(1.000,0.000,0.000) m=-45.2
slot=0 pass=0 n=2 ret=1 pos=(-2.0126,0.4319,-3.3748) vel=(-44.8345,0.0000,30.5702)->(59.0717,-4.2915,14.6704) | s5 d=-0.0004 n=(1.000,0.000,0.000) m=-44.9 | s9 d=-0.0004 n=(1.000,0.000,0.000) m=-44.9
slot=0 pass=0 n=2 ret=1 pos=(-2.0127,0.4320,-3.3720) vel=(-44.9480,0.0000,30.6501)->(59.0946,-4.3025,14.7205) | s5 d=-0.0006 n=(1.000,0.000,0.000) m=-45.0 | s9 d=-0.0006 n=(1.000,0.000,0.000) m=-45.0
slot=0 pass=0 n=2 ret=1 pos=(-2.0125,0.4321,-3.3681) vel=(-44.9487,0.0000,30.5395)->(58.8043,-4.2816,14.5998) | s5 d=-0.0004 n=(1.000,0.000,0.000) m=-45.0 | s9 d=-0.0004 n=(1.000,0.000,0.000) m=-45.0
slot=0 pass=0 n=2 ret=1 pos=(-2.0127,0.4322,-3.3653) vel=(-45.0762,0.0000,30.6311)->(58.8353,-4.2943,14.6565) | s5 d=-0.0006 n=(1.000,0.000,0.000) m=-45.1 | s9 d=-0.0006 n=(1.000,0.000,0.000) m=-45.1
slot=0 pass=0 n=2 ret=1 pos=(-2.0125,0.4323,-3.3614) vel=(-45.0752,0.0000,30.5213)->(58.5501,-4.2736,14.5374) | s5 d=-0.0005 n=(1.000,0.000,0.000) m=-45.1 | s9 d=-0.0005 n=(1.000,0.000,0.000) m=-45.1
slot=0 pass=0 n=2 ret=1 pos=(-2.0127,0.4324,-3.3586) vel=(-45.2010,0.0000,30.6135)->(58.5861,-4.2864,14.5952) | s5 d=-0.0007 n=(1.000,0.000,0.000) m=-45.3 | s9 d=-0.0007 n=(1.000,0.000,0.000) m=-45.3
slot=0 pass=0 n=2 ret=1 pos=(-2.0125,0.4325,-3.3548) vel=(-45.1978,0.0000,30.5038)->(58.3056,-4.2658,14.4775) | s5 d=-0.0006 n=(1.000,0.000,0.000) m=-45.3 | s9 d=-0.0006 n=(1.000,0.000,0.000) m=-45.3
slot=0 pass=0 n=2 ret=1 pos=(-2.0128,0.4326,-3.3520) vel=(-45.3220,0.0000,30.5967)->(58.3464,-4.2788,14.5365) | s5 d=-0.0009 n=(1.000,0.000,0.000) m=-45.4 | s9 d=-0.0009 n=(1.000,0.000,0.000) m=-45.4
slot=0 pass=0 n=2 ret=1 pos=(-2.0127,0.4327,-3.3482) vel=(-45.3165,0.0000,30.4872)->(58.0704,-4.2583,14.4201) | s5 d=-0.0009 n=(1.000,0.000,0.000) m=-45.4 | s9 d=-0.0009 n=(1.000,0.000,0.000) m=-45.4
slot=0 pass=0 n=2 ret=1 pos=(-2.0119,0.4328,-3.3461) vel=(-35.3726,0.0000,23.5127)->(56.6101,-3.3602,11.2440) | s5 d=-0.0002 n=(1.000,0.000,0.000) m=-35.4 | s9 d=-0.0002 n=(1.000,0.000,0.000) m=-35.4
slot=0 pass=0 n=2 ret=1 pos=(-2.0124,0.4329,-3.3435) vel=(-44.8432,0.0000,30.0910)->(57.8295,-4.2039,14.2182) | s5 d=-0.0007 n=(1.000,0.000,0.000) m=-44.9 | s9 d=-0.0007 n=(1.000,0.000,0.000) m=-44.9
slot=0 pass=0 n=2 ret=1 pos=(-2.0124,0.4330,-3.3397) vel=(-45.4851,0.0000,30.4415)->(57.6824,-4.2436,14.3181) | s5 d=-0.0007 n=(1.000,0.000,0.000) m=-45.5 | s9 d=-0.0007 n=(1.000,0.000,0.000) m=-45.5
slot=0 pass=0 n=2 ret=1 pos=(-2.0117,0.4331,-3.3376) vel=(-35.5421,0.0000,23.5041)->(56.2337,-3.3523,11.1776) | s5 d=-0.0001 n=(1.000,0.000,0.000) m=-35.6 | s9 d=-0.0001 n=(1.000,0.000,0.000) m=-35.6
slot=0 pass=0 n=2 ret=1 pos=(-2.0122,0.4332,-3.3351) vel=(-45.0532,0.0000,30.0817)->(57.4643,-4.1943,14.1370) | s5 d=-0.0007 n=(1.000,0.000,0.000) m=-45.1 | s9 d=-0.0007 n=(1.000,0.000,0.000) m=-45.1
slot=0 pass=0 n=2 ret=1 pos=(-2.0123,0.4333,-3.3313) vel=(-45.6738,0.0000,30.4176)->(57.3204,-4.2321,14.2310) | s5 d=-0.0008 n=(1.000,0.000,0.000) m=-45.7 | s9 d=-0.0008 n=(1.000,0.000,0.000) m=-45.7
slot=0 pass=0 n=2 ret=1 pos=(-2.0116,0.4333,-3.3292) vel=(-35.7052,0.0000,23.4970)->(55.8776,-3.3448,11.1153) | s5 d=-0.0002 n=(1.000,0.000,0.000) m=-35.7 | s9 d=-0.0002 n=(1.000,0.000,0.000) m=-35.7
slot=0 pass=0 n=2 ret=1 pos=(-2.0122,0.4334,-3.3266) vel=(-45.2538,0.0000,30.0730)->(57.1188,-4.1851,14.0605) | s5 d=-0.0008 n=(1.000,0.000,0.000) m=-45.3 | s9 d=-0.0008 n=(1.000,0.000,0.000) m=-45.3
slot=0 pass=0 n=2 ret=1 pos=(-2.0113,0.4335,-3.3235) vel=(-45.8538,0.0000,30.3951)->(56.9829,-4.2218,14.1619) | s5 d=-0.0000 n=(1.000,0.000,0.000) m=-45.9 | s9 d=-0.0000 n=(1.000,0.000,0.000) m=-45.9
slot=0 pass=0 n=2 ret=1 pos=(-2.0115,0.4336,-3.3198) vel=(-45.9867,0.0000,30.3917)->(56.7599,-4.2156,14.1009) | s5 d=-0.0003 n=(1.000,0.000,0.000) m=-46.0 | s9 d=-0.0003 n=(1.000,0.000,0.000) m=-46.0
slot=0 pass=0 n=2 ret=1 pos=(-2.0120,0.4337,-3.3170) vel=(-46.1051,0.0000,30.4914)->(56.8306,-4.2300,14.1682) | s5 d=-0.0008 n=(1.000,0.000,0.000) m=-46.2 | s9 d=-0.0008 n=(1.000,0.000,0.000) m=-46.2
slot=0 pass=0 n=2 ret=1 pos=(-2.0112,0.4338,-3.3139) vel=(-46.0855,0.0000,30.3828)->(56.5879,-4.2107,14.0729) | s5 d=-0.0000 n=(1.000,0.000,0.000) m=-46.1 | s9 d=-0.0000 n=(1.000,0.000,0.000) m=-46.1
slot=0 pass=0 n=2 ret=1 pos=(-2.0115,0.4339,-3.3101) vel=(-46.1944,0.0000,30.3651)->(56.3683,-4.2028,14.0070) | s5 d=-0.0004 n=(1.000,0.000,0.000) m=-46.2 | s9 d=-0.0004 n=(1.000,0.000,0.000) m=-46.2
slot=0 pass=0 n=2 ret=1 pos=(-2.0121,0.4340,-3.3074) vel=(-46.3090,0.0000,30.4649)->(56.4461,-4.2174,14.0756) | s5 d=-0.0010 n=(1.000,0.000,0.000) m=-46.4 | s9 d=-0.0010 n=(1.000,0.000,0.000) m=-46.4
slot=0 pass=0 n=2 ret=1 pos=(-2.0113,0.4341,-3.3043) vel=(-46.2857,0.0000,30.3566)->(56.2102,-4.1983,13.9822) | s5 d=-0.0003 n=(1.000,0.000,0.000) m=-46.3 | s9 d=-0.0003 n=(1.000,0.000,0.000) m=-46.3
slot=0 pass=0 n=2 ret=1 pos=(-2.0116,0.4342,-3.3005) vel=(-46.3923,0.0000,30.3395)->(55.9976,-4.1906,13.9182) | s5 d=-0.0007 n=(1.000,0.000,0.000) m=-46.4 | s9 d=-0.0007 n=(1.000,0.000,0.000) m=-46.4
slot=0 pass=0 n=2 ret=1 pos=(-2.0112,0.4343,-3.2985) vel=(-36.3173,0.0000,23.4720)->(54.5740,-3.3170,10.8886) | s5 d=-0.0003 n=(1.000,0.000,0.000) m=-36.3 | s9 d=-0.0003 n=(1.000,0.000,0.000) m=-36.3
slot=0 pass=0 n=2 ret=1 pos=(-2.0110,0.4343,-3.2966) vel=(-35.8285,0.0000,23.1039)->(54.4149,-3.2689,10.7126) | s5 d=-0.0001 n=(1.000,0.000,0.000) m=-35.9 | s9 d=-0.0001 n=(1.000,0.000,0.000) m=-35.9
slot=0 pass=0 n=2 ret=1 pos=(-2.0118,0.4344,-3.2940) vel=(-46.0243,0.0000,30.0012)->(55.7215,-4.1427,13.7379) | s5 d=-0.0010 n=(1.000,0.000,0.000) m=-46.1 | s9 d=-0.0010 n=(1.000,0.000,0.000) m=-46.1
slot=0 pass=0 n=2 ret=1 pos=(-2.0112,0.4345,-3.2909) vel=(-46.5916,0.0000,30.3031)->(55.6055,-4.1768,13.8330) | s5 d=-0.0004 n=(1.000,0.000,0.000) m=-46.6 | s9 d=-0.0004 n=(1.000,0.000,0.000) m=-46.6
slot=0 pass=0 n=2 ret=1 pos=(-2.0117,0.4346,-3.2872) vel=(-46.7107,0.0000,30.2982)->(55.4068,-4.1708,13.7769) | s5 d=-0.0009 n=(1.000,0.000,0.000) m=-46.8 | s9 d=-0.0009 n=(1.000,0.000,0.000) m=-46.8
slot=0 pass=0 n=2 ret=1 pos=(-2.0114,0.4347,-3.2851) vel=(-36.5967,0.0000,23.4608)->(53.9932,-3.3043,10.7881) | s5 d=-0.0007 n=(1.000,0.000,0.000) m=-36.6 | s9 d=-0.0007 n=(1.000,0.000,0.000) m=-36.6
slot=0 pass=0 n=2 ret=1 pos=(-2.0112,0.4348,-3.2832) vel=(-36.1334,0.0000,23.1150)->(53.8452,-3.2593,10.6244) | s5 d=-0.0006 n=(1.000,0.000,0.000) m=-36.2 | s9 d=-0.0006 n=(1.000,0.000,0.000) m=-36.2
slot=0 pass=0 n=2 ret=1 pos=(-2.0111,0.4348,-3.2813) vel=(-36.1502,0.0000,23.0876)->(53.7285,-3.2536,10.5944) | s5 d=-0.0005 n=(1.000,0.000,0.000) m=-36.2 | s9 d=-0.0005 n=(1.000,0.000,0.000) m=-36.2
slot=0 pass=0 n=2 ret=1 pos=(-2.0110,0.4349,-3.2795) vel=(-36.2078,0.0000,23.0878)->(53.6161,-3.2515,10.5761) | s5 d=-0.0005 n=(1.000,0.000,0.000) m=-36.2 | s9 d=-0.0005 n=(1.000,0.000,0.000) m=-36.2
slot=0 pass=0 n=2 ret=1 pos=(-2.0109,0.4349,-3.2776) vel=(-36.2682,0.0000,23.0903)->(53.5057,-3.2496,10.5592) | s5 d=-0.0004 n=(1.000,0.000,0.000) m=-36.3 | s9 d=-0.0004 n=(1.000,0.000,0.000) m=-36.3
slot=0 pass=0 n=2 ret=1 pos=(-2.0109,0.4350,-3.2757) vel=(-36.3281,0.0000,23.0929)->(53.3972,-3.2477,10.5427) | s5 d=-0.0004 n=(1.000,0.000,0.000) m=-36.4 | s9 d=-0.0004 n=(1.000,0.000,0.000) m=-36.4
slot=0 pass=0 n=2 ret=1 pos=(-2.0109,0.4351,-3.2738) vel=(-36.3871,0.0000,23.0955)->(53.2906,-3.2459,10.5264) | s5 d=-0.0004 n=(1.000,0.000,0.000) m=-36.4 | s9 d=-0.0004 n=(1.000,0.000,0.000) m=-36.4
slot=0 pass=0 n=2 ret=1 pos=(-2.0108,0.4351,-3.2719) vel=(-36.4453,0.0000,23.0980)->(53.1858,-3.2442,10.5104) | s5 d=-0.0004 n=(1.000,0.000,0.000) m=-36.5 | s9 d=-0.0004 n=(1.000,0.000,0.000) m=-36.5
slot=0 pass=0 n=2 ret=1 pos=(-2.0108,0.4352,-3.2700) vel=(-36.5026,0.0000,23.1004)->(53.0827,-3.2424,10.4947) | s5 d=-0.0005 n=(1.000,0.000,0.000) m=-36.5 | s9 d=-0.0005 n=(1.000,0.000,0.000) m=-36.5
slot=0 pass=0 n=2 ret=1 pos=(-2.0109,0.4352,-3.2681) vel=(-36.5591,0.0000,23.1028)->(52.9812,-3.2406,10.4792) | s5 d=-0.0005 n=(1.000,0.000,0.000) m=-36.6 | s9 d=-0.0005 n=(1.000,0.000,0.000) m=-36.6
slot=0 pass=0 n=2 ret=1 pos=(-2.0109,0.4353,-3.2662) vel=(-36.6148,0.0000,23.1052)->(52.8816,-3.2389,10.4640) | s5 d=-0.0006 n=(1.000,0.000,0.000) m=-36.6 | s9 d=-0.0006 n=(1.000,0.000,0.000) m=-36.6
slot=0 pass=0 n=2 ret=1 pos=(-2.0110,0.4354,-3.2643) vel=(-36.6696,0.0000,23.1074)->(52.7835,-3.2372,10.4490) | s5 d=-0.0007 n=(1.000,0.000,0.000) m=-36.7 | s9 d=-0.0007 n=(1.000,0.000,0.000) m=-36.7
slot=0 pass=0 n=2 ret=1 pos=(-2.0110,0.4354,-3.2624) vel=(-36.7236,0.0000,23.1095)->(52.6871,-3.2355,10.4342) | s5 d=-0.0008 n=(1.000,0.000,0.000) m=-36.8 | s9 d=-0.0008 n=(1.000,0.000,0.000) m=-36.8
slot=0 pass=0 n=2 ret=1 pos=(-2.0103,0.4355,-3.2610) vel=(-36.7768,0.0000,23.1116)->(52.5949,-3.2341,10.4276) | s5 d=-0.0001 n=(1.000,0.000,0.000) m=-36.8 | s9 d=-0.0001 n=(1.000,0.000,0.000) m=-36.8
slot=0 pass=0 n=2 ret=1 pos=(-2.0102,0.4356,-3.2582) vel=(-47.1229,0.0000,29.8700)->(53.7309,-4.0763,13.2726) | s5 d=-0.0001 n=(1.000,0.000,0.000) m=-47.2 | s9 d=-0.0001 n=(1.000,0.000,0.000) m=-47.2
slot=0 pass=0 n=2 ret=1 pos=(-2.0111,0.4357,-3.2545) vel=(-47.6813,0.0000,30.1695)->(53.6440,-4.1098,13.3571) | s5 d=-0.0010 n=(1.000,0.000,0.000) m=-47.7 | s9 d=-0.0010 n=(1.000,0.000,0.000) m=-47.7
slot=0 pass=0 n=2 ret=1 pos=(-2.0102,0.4357,-3.2530) vel=(-37.4557,0.0000,23.4267)->(52.2635,-3.2652,10.4978) | s5 d=-0.0002 n=(1.000,0.000,0.000) m=-37.5 | s9 d=-0.0002 n=(1.000,0.000,0.000) m=-37.5
slot=0 pass=0 n=2 ret=1 pos=(-2.0102,0.4358,-3.2501) vel=(-47.3842,0.0000,29.8844)->(53.3823,-4.0689,13.2061) | s5 d=-0.0002 n=(1.000,0.000,0.000) m=-47.4 | s9 d=-0.0002 n=(1.000,0.000,0.000) m=-47.4
slot=0 pass=0 n=2 ret=1 pos=(-2.0101,0.4359,-3.2471) vel=(-47.8840,0.0000,30.1455)->(53.2959,-4.0980,13.2878) | s5 d=-0.0001 n=(1.000,0.000,0.000) m=-47.9 | s9 d=-0.0001 n=(1.000,0.000,0.000) m=-47.9
slot=0 pass=0 n=2 ret=1 pos=(-2.0100,0.4360,-3.2441) vel=(-47.9799,0.0000,30.1385)->(53.1408,-4.0930,13.2528) | s5 d=-0.0000 n=(1.000,0.000,0.000) m=-48.0 | s9 d=-0.0000 n=(1.000,0.000,0.000) m=-48.0
slot=0 pass=0 n=2 ret=1 pos=(-2.0110,0.4361,-3.2403) vel=(-48.0682,0.0000,30.1274)->(52.9824,-4.0871,13.2034) | s5 d=-0.0010 n=(1.000,0.000,0.000) m=-48.1 | s9 d=-0.0010 n=(1.000,0.000,0.000) m=-48.1
slot=0 pass=0 n=2 ret=1 pos=(-2.0101,0.4362,-3.2388) vel=(-37.7887,0.0000,23.4130)->(51.6112,-3.2498,10.3857) | s5 d=-0.0003 n=(1.000,0.000,0.000) m=-37.8 | s9 d=-0.0003 n=(1.000,0.000,0.000) m=-37.8
slot=0 pass=0 n=2 ret=1 pos=(-2.0103,0.4363,-3.2360) vel=(-47.7855,0.0000,29.8624)->(52.7467,-4.0494,13.0667) | s5 d=-0.0005 n=(1.000,0.000,0.000) m=-47.8 | s9 d=-0.0005 n=(1.000,0.000,0.000) m=-47.8
slot=0 pass=0 n=2 ret=1 pos=(-2.0103,0.4363,-3.2330) vel=(-48.2488,0.0000,30.1009)->(52.6650,-4.0756,13.1398) | s5 d=-0.0005 n=(1.000,0.000,0.000) m=-48.3 | s9 d=-0.0005 n=(1.000,0.000,0.000) m=-48.3
slot=0 pass=0 n=2 ret=1 pos=(-2.0103,0.4364,-3.2300) vel=(-48.3378,0.0000,30.0931)->(52.5198,-4.0708,13.1068) | s5 d=-0.0006 n=(1.000,0.000,0.000) m=-48.4 | s9 d=-0.0006 n=(1.000,0.000,0.000) m=-48.4
slot=0 pass=0 n=2 ret=1 pos=(-2.0103,0.4365,-3.2269) vel=(-48.4211,0.0000,30.0824)->(52.3762,-4.0656,13.0731) | s5 d=-0.0006 n=(1.000,0.000,0.000) m=-48.5 | s9 d=-0.0006 n=(1.000,0.000,0.000) m=-48.5
slot=0 pass=0 n=2 ret=1 pos=(-2.0103,0.4366,-3.2239) vel=(-48.5030,0.0000,30.0716)->(52.2348,-4.0604,13.0398) | s5 d=-0.0007 n=(1.000,0.000,0.000) m=-48.5 | s9 d=-0.0007 n=(1.000,0.000,0.000) m=-48.5
slot=0 pass=0 n=2 ret=1 pos=(-2.0104,0.4367,-3.2209) vel=(-48.5836,0.0000,30.0608)->(52.0958,-4.0553,13.0070) | s5 d=-0.0008 n=(1.000,0.000,0.000) m=-48.6 | s9 d=-0.0008 n=(1.000,0.000,0.000) m=-48.6
slot=0 pass=0 n=2 ret=1 pos=(-2.0105,0.4368,-3.2179) vel=(-48.6624,0.0000,30.0497)->(51.9588,-4.0501,12.9746) | s5 d=-0.0010 n=(1.000,0.000,0.000) m=-48.7 | s9 d=-0.0010 n=(1.000,0.000,0.000) m=-48.7
slot=0 pass=0 n=2 ret=1 pos=(-2.0095,0.4369,-3.2156) vel=(-38.3022,0.0000,23.2910)->(50.3303,-3.2072,10.1227) | s5 d=-0.0001 n=(1.000,0.000,0.000) m=-38.3 | s9 d=-0.0001 n=(1.000,0.000,0.000) m=-38.3
slot=0 pass=0 n=2 ret=1 pos=(-2.0100,0.4369,-3.2136) vel=(-38.1309,0.0000,23.1629)->(50.2602,-3.1905,10.0628) | s5 d=-0.0006 n=(1.000,0.000,0.000) m=-38.2 | s9 d=-0.0006 n=(1.000,0.000,0.000) m=-38.2
slot=0 pass=0 n=2 ret=1 pos=(-2.0097,0.4370,-3.2122) vel=(-38.1501,0.0000,23.1550)->(50.2058,-3.1885,10.0588) | s5 d=-0.0003 n=(1.000,0.000,0.000) m=-38.2 | s9 d=-0.0003 n=(1.000,0.000,0.000) m=-38.2
slot=0 pass=0 n=2 ret=1 pos=(-2.0101,0.4371,-3.2093) vel=(-48.6268,0.0000,29.7955)->(51.3968,-4.0044,12.7648) | s5 d=-0.0007 n=(1.000,0.000,0.000) m=-48.7 | s9 d=-0.0007 n=(1.000,0.000,0.000) m=-48.7
slot=0 pass=0 n=2 ret=1 pos=(-2.0104,0.4372,-3.2063) vel=(-48.9351,0.0000,29.9743)->(51.3999,-4.0256,12.8316) | s5 d=-0.0010 n=(1.000,0.000,0.000) m=-49.0 | s9 d=-0.0010 n=(1.000,0.000,0.000) m=-49.0
slot=0 pass=0 n=2 ret=1 pos=(-2.0095,0.4372,-3.2040) vel=(-38.4564,0.0000,23.2234)->(49.8635,-3.1888,10.0217) | s5 d=-0.0001 n=(1.000,0.000,0.000) m=-38.5 | s9 d=-0.0001 n=(1.000,0.000,0.000) m=-38.5
slot=0 pass=0 n=2 ret=1 pos=(-2.0100,0.4373,-3.2021) vel=(-38.3862,0.0000,23.1617)->(49.8072,-3.1803,9.9894) | s5 d=-0.0007 n=(1.000,0.000,0.000) m=-38.4 | s9 d=-0.0007 n=(1.000,0.000,0.000) m=-38.4
slot=0 pass=0 n=2 ret=1 pos=(-2.0097,0.4374,-3.2006) vel=(-38.4082,0.0000,23.1578)->(49.7601,-3.1790,9.9881) | s5 d=-0.0005 n=(1.000,0.000,0.000) m=-38.4 | s9 d=-0.0005 n=(1.000,0.000,0.000) m=-38.4
slot=0 pass=0 n=2 ret=1 pos=(-2.0103,0.4374,-3.1978) vel=(-48.9106,0.0000,29.7766)->(50.9603,-3.9899,12.6688) | s5 d=-0.0011 n=(1.000,0.000,0.000) m=-49.0 | s9 d=-0.0011 n=(1.000,0.000,0.000) m=-49.0
slot=0 pass=0 n=2 ret=1 pos=(-2.0094,0.4375,-3.1955) vel=(-38.0200,0.0000,22.8102)->(49.4263,-3.1304,9.7966) | s5 d=-0.0002 n=(1.000,0.000,0.000) m=-38.0 | s9 d=-0.0002 n=(1.000,0.000,0.000) m=-38.0
slot=0 pass=0 n=2 ret=1 pos=(-2.0100,0.4376,-3.1936) vel=(-38.5598,0.0000,23.1297)->(49.4128,-3.1677,9.9141) | s5 d=-0.0008 n=(1.000,0.000,0.000) m=-38.6 | s9 d=-0.0008 n=(1.000,0.000,0.000) m=-38.6
slot=0 pass=0 n=2 ret=1 pos=(-2.0098,0.4376,-3.1921) vel=(-38.5724,0.0000,23.1493)->(49.4503,-3.1710,9.9352) | s5 d=-0.0006 n=(1.000,0.000,0.000) m=-38.6 | s9 d=-0.0006 n=(1.000,0.000,0.000) m=-38.6
slot=0 pass=0 n=2 ret=1 pos=(-2.0093,0.4377,-3.1899) vel=(-38.5982,0.0000,23.0773)->(49.1954,-3.1566,9.8597) | s5 d=-0.0002 n=(1.000,0.000,0.000) m=-38.6 | s9 d=-0.0002 n=(1.000,0.000,0.000) m=-38.6
slot=0 pass=0 n=2 ret=1 pos=(-2.0099,0.4377,-3.1880) vel=(-38.1533,0.0000,22.8122)->(49.1987,-3.1256,9.7613) | s5 d=-0.0007 n=(1.000,0.000,0.000) m=-38.2 | s9 d=-0.0007 n=(1.000,0.000,0.000) m=-38.2
slot=0 pass=0 n=2 ret=1 pos=(-2.0097,0.4378,-3.1866) vel=(-38.5043,0.0000,23.0415)->(49.2564,-3.1539,9.8637) | s5 d=-0.0005 n=(1.000,0.000,0.000) m=-38.5 | s9 d=-0.0005 n=(1.000,0.000,0.000) m=-38.5
slot=0 pass=0 n=2 ret=1 pos=(-2.0092,0.4378,-3.1844) vel=(-38.6177,0.0000,23.0522)->(49.0892,-3.1512,9.8333) | s5 d=-0.0001 n=(1.000,0.000,0.000) m=-38.6 | s9 d=-0.0001 n=(1.000,0.000,0.000) m=-38.6
slot=0 pass=0 n=2 ret=1 pos=(-2.0098,0.4379,-3.1825) vel=(-38.0531,0.0000,22.7131)->(49.0852,-3.1114,9.7065) | s5 d=-0.0007 n=(1.000,0.000,0.000) m=-38.1 | s9 d=-0.0007 n=(1.000,0.000,0.000) m=-38.1
slot=0 pass=0 n=2 ret=1 pos=(-2.0095,0.4380,-3.1812) vel=(-38.2080,0.0000,22.8196)->(49.1274,-3.1250,9.7604) | s5 d=-0.0004 n=(1.000,0.000,0.000) m=-38.2 | s9 d=-0.0004 n=(1.000,0.000,0.000) m=-38.2
slot=0 pass=0 n=2 ret=1 pos=(-2.0102,0.4381,-3.1783) vel=(-49.0672,0.0000,29.6393)->(50.4192,-3.9583,12.5086) | s5 d=-0.0011 n=(1.000,0.000,0.000) m=-49.1 | s9 d=-0.0011 n=(1.000,0.000,0.000) m=-49.1
slot=0 pass=0 n=2 ret=1 pos=(-2.0094,0.4381,-3.1761) vel=(-38.2851,0.0000,22.7942)->(48.9174,-3.1171,9.7101) | s5 d=-0.0003 n=(1.000,0.000,0.000) m=-38.3 | s9 d=-0.0003 n=(1.000,0.000,0.000) m=-38.3
slot=0 pass=0 n=2 ret=1 pos=(-2.0091,0.4382,-3.1747) vel=(-38.0825,0.0000,22.6797)->(48.9389,-3.1044,9.6785) | s5 d=-0.0000 n=(1.000,0.000,0.000) m=-38.1 | s9 d=-0.0000 n=(1.000,0.000,0.000) m=-38.1
slot=0 pass=0 n=2 ret=1 pos=(-2.0097,0.4383,-3.1719) vel=(-48.6287,0.0000,29.2775)->(50.1490,-3.9082,12.3225) | s5 d=-0.0006 n=(1.000,0.000,0.000) m=-48.7 | s9 d=-0.0006 n=(1.000,0.000,0.000) m=-48.7
slot=0 pass=0 n=2 ret=1 pos=(-2.0101,0.4383,-3.1690) vel=(-48.8896,0.0000,29.4260)->(50.1502,-3.9256,12.3767) | s5 d=-0.0010 n=(1.000,0.000,0.000) m=-48.9 | s9 d=-0.0010 n=(1.000,0.000,0.000) m=-48.9
slot=0 pass=0 n=2 ret=1 pos=(-2.0093,0.4384,-3.1668) vel=(-38.4082,0.0000,22.7938)->(48.7037,-3.1122,9.6762) | s5 d=-0.0003 n=(1.000,0.000,0.000) m=-38.4 | s9 d=-0.0003 n=(1.000,0.000,0.000) m=-38.4
slot=0 pass=0 n=2 ret=1 pos=(-2.0090,0.4385,-3.1654) vel=(-38.1985,0.0000,22.6763)->(48.7276,-3.0992,9.6440) | s5 d=-0.0000 n=(1.000,0.000,0.000) m=-38.2 | s9 d=-0.0000 n=(1.000,0.000,0.000) m=-38.2
slot=0 pass=0 n=2 ret=1 pos=(-2.0097,0.4385,-3.1626) vel=(-48.6704,0.0000,29.2080)->(49.9255,-3.8937,12.2526) | s5 d=-0.0007 n=(1.000,0.000,0.000) m=-48.7 | s9 d=-0.0007 n=(1.000,0.000,0.000) m=-48.7
slot=0 pass=0 n=2 ret=1 pos=(-2.0101,0.4386,-3.1597) vel=(-49.0239,0.0000,29.4161)->(49.9451,-3.9186,12.3319) | s5 d=-0.0011 n=(1.000,0.000,0.000) m=-49.1 | s9 d=-0.0011 n=(1.000,0.000,0.000) m=-49.1
slot=0 pass=0 n=2 ret=1 pos=(-2.0093,0.4387,-3.1575) vel=(-38.5279,0.0000,22.7944)->(48.5002,-3.1077,9.6443) | s5 d=-0.0004 n=(1.000,0.000,0.000) m=-38.5 | s9 d=-0.0004 n=(1.000,0.000,0.000) m=-38.5
slot=0 pass=0 n=2 ret=1 pos=(-2.0091,0.4388,-3.1561) vel=(-38.3245,0.0000,22.6822)->(48.5273,-3.0954,9.6147) | s5 d=-0.0002 n=(1.000,0.000,0.000) m=-38.3 | s9 d=-0.0002 n=(1.000,0.000,0.000) m=-38.3
slot=0 pass=0 n=2 ret=1 pos=(-2.0098,0.4388,-3.1533) vel=(-48.8020,0.0000,29.2003)->(49.7289,-3.8872,12.2106) | s5 d=-0.0008 n=(1.000,0.000,0.000) m=-48.8 | s9 d=-0.0008 n=(1.000,0.000,0.000) m=-48.8
slot=0 pass=0 n=2 ret=1 pos=(-2.0091,0.4389,-3.1511) vel=(-38.6224,0.0000,22.7946)->(48.3397,-3.1040,9.6190) | s5 d=-0.0002 n=(1.000,0.000,0.000) m=-38.6 | s9 d=-0.0002 n=(1.000,0.000,0.000) m=-38.6
slot=0 pass=0 n=2 ret=1 pos=(-2.0089,0.4390,-3.1497) vel=(-38.4261,0.0000,22.6879)->(48.3694,-3.0924,9.5920) | s5 d=-0.0000 n=(1.000,0.000,0.000) m=-38.4 | s9 d=-0.0000 n=(1.000,0.000,0.000) m=-38.4
slot=0 pass=0 n=2 ret=1 pos=(-2.0097,0.4390,-3.1469) vel=(-48.9123,0.0000,29.1980)->(49.5748,-3.8825,12.1791) | s5 d=-0.0007 n=(1.000,0.000,0.000) m=-48.9 | s9 d=-0.0007 n=(1.000,0.000,0.000) m=-48.9
slot=0 pass=0 n=2 ret=1 pos=(-2.0090,0.4391,-3.1446) vel=(-38.7144,0.0000,22.7953)->(48.1856,-3.1005,9.5949) | s5 d=-0.0001 n=(1.000,0.000,0.000) m=-38.7 | s9 d=-0.0001 n=(1.000,0.000,0.000) m=-38.7
slot=0 pass=0 n=2 ret=1 pos=(-2.0097,0.4392,-3.1427) vel=(-38.5247,0.0000,22.6937)->(48.2155,-3.0894,9.5624) | s5 d=-0.0008 n=(1.000,0.000,0.000) m=-38.5 | s9 d=-0.0008 n=(1.000,0.000,0.000) m=-38.5
slot=0 pass=0 n=2 ret=1 pos=(-2.0096,0.4392,-3.1414) vel=(-38.4883,0.0000,22.6853)->(48.2557,-3.0895,9.5731) | s5 d=-0.0007 n=(1.000,0.000,0.000) m=-38.5 | s9 d=-0.0007 n=(1.000,0.000,0.000) m=-38.5
slot=0 pass=0 n=2 ret=1 pos=(-2.0092,0.4393,-3.1392) vel=(-38.4580,0.0000,22.6096)->(48.0867,-3.0767,9.5113) | s5 d=-0.0003 n=(1.000,0.000,0.000) m=-38.5 | s9 d=-0.0003 n=(1.000,0.000,0.000) m=-38.5
slot=0 pass=0 n=2 ret=1 pos=(-2.0091,0.4393,-3.1378) vel=(-38.5565,0.0000,22.6841)->(48.1359,-3.0866,9.5539) | s5 d=-0.0002 n=(1.000,0.000,0.000) m=-38.6 | s9 d=-0.0002 n=(1.000,0.000,0.000) m=-38.6
slot=0 pass=0 n=2 ret=1 pos=(-2.0098,0.4394,-3.1350) vel=(-49.0758,0.0000,29.1948)->(49.3483,-3.8756,12.1328) | s5 d=-0.0010 n=(1.000,0.000,0.000) m=-49.1 | s9 d=-0.0010 n=(1.000,0.000,0.000) m=-49.1
slot=0 pass=0 n=2 ret=1 pos=(-2.0092,0.4395,-3.1328) vel=(-38.8505,0.0000,22.7964)->(47.9591,-3.0954,9.5596) | s5 d=-0.0004 n=(1.000,0.000,0.000) m=-38.9 | s9 d=-0.0004 n=(1.000,0.000,0.000) m=-38.9
slot=0 pass=0 n=2 ret=1 pos=(-2.0091,0.4395,-3.1314) vel=(-38.6706,0.0000,22.7023)->(47.9950,-3.0855,9.5384) | s5 d=-0.0003 n=(1.000,0.000,0.000) m=-38.7 | s9 d=-0.0003 n=(1.000,0.000,0.000) m=-38.7
slot=0 pass=0 n=2 ret=1 pos=(-2.0099,0.4396,-3.1286) vel=(-49.1792,0.0000,29.1945)->(49.2100,-3.8715,12.1052) | s5 d=-0.0011 n=(1.000,0.000,0.000) m=-49.2 | s9 d=-0.0011 n=(1.000,0.000,0.000) m=-49.2
slot=0 pass=0 n=2 ret=1 pos=(-2.0093,0.4397,-3.1264) vel=(-38.9343,0.0000,22.7970)->(47.8203,-3.0922,9.5379) | s5 d=-0.0005 n=(1.000,0.000,0.000) m=-39.0 | s9 d=-0.0005 n=(1.000,0.000,0.000) m=-39.0
slot=0 pass=0 n=2 ret=1 pos=(-2.0092,0.4397,-3.1250) vel=(-38.7605,0.0000,22.7075)->(47.8585,-3.0829,9.5189) | s5 d=-0.0004 n=(1.000,0.000,0.000) m=-38.8 | s9 d=-0.0004 n=(1.000,0.000,0.000) m=-38.8
slot=0 pass=0 n=2 ret=1 pos=(-2.0089,0.4398,-3.1229) vel=(-38.7176,0.0000,22.6257)->(47.6939,-3.0694,9.4557) | s5 d=-0.0001 n=(1.000,0.000,0.000) m=-38.7 | s9 d=-0.0001 n=(1.000,0.000,0.000) m=-38.7
slot=0 pass=0 n=2 ret=1 pos=(-2.0089,0.4398,-3.1215) vel=(-38.8135,0.0000,22.7003)->(47.7488,-3.0795,9.4991) | s5 d=-0.0001 n=(1.000,0.000,0.000) m=-38.8 | s9 d=-0.0001 n=(1.000,0.000,0.000) m=-38.8
slot=0 pass=0 n=2 ret=1 pos=(-2.0097,0.4399,-3.1186) vel=(-49.3545,0.0000,29.1917)->(48.9710,-3.8642,12.0566) | s5 d=-0.0009 n=(1.000,0.000,0.000) m=-49.4 | s9 d=-0.0009 n=(1.000,0.000,0.000) m=-49.4
slot=0 pass=0 n=2 ret=1 pos=(-2.0092,0.4400,-3.1164) vel=(-39.0793,0.0000,22.7979)->(47.5811,-3.0867,9.5005) | s5 d=-0.0004 n=(1.000,0.000,0.000) m=-39.1 | s9 d=-0.0004 n=(1.000,0.000,0.000) m=-39.1
slot=0 pass=0 n=2 ret=1 pos=(-2.0091,0.4400,-3.1150) vel=(-38.9160,0.0000,22.7165)->(47.6233,-3.0785,9.4852) | s5 d=-0.0004 n=(1.000,0.000,0.000) m=-38.9 | s9 d=-0.0004 n=(1.000,0.000,0.000) m=-38.9
slot=0 pass=0 n=2 ret=1 pos=(-2.0089,0.4401,-3.1129) vel=(-38.8720,0.0000,22.6349)->(47.4618,-3.0651,9.4228) | s5 d=-0.0001 n=(1.000,0.000,0.000) m=-38.9 | s9 d=-0.0001 n=(1.000,0.000,0.000) m=-38.9
slot=0 pass=0 n=2 ret=1 pos=(-2.0088,0.4401,-3.1115) vel=(-38.9664,0.0000,22.7097)->(47.5200,-3.0752,9.4665) | s5 d=-0.0001 n=(1.000,0.000,0.000) m=-39.0 | s9 d=-0.0001 n=(1.000,0.000,0.000) m=-39.0
slot=0 pass=0 n=2 ret=1 pos=(-2.0098,0.4402,-3.1086) vel=(-49.5204,0.0000,29.1896)->(48.7480,-3.8573,12.0116) | s5 d=-0.0010 n=(1.000,0.000,0.000) m=-49.6 | s9 d=-0.0010 n=(1.000,0.000,0.000) m=-49.6
slot=0 pass=0 n=2 ret=1 pos=(-2.0092,0.4403,-3.1064) vel=(-39.2154,0.0000,22.7986)->(47.3577,-3.0815,9.4656) | s5 d=-0.0006 n=(1.000,0.000,0.000) m=-39.2 | s9 d=-0.0006 n=(1.000,0.000,0.000) m=-39.2
slot=0 pass=0 n=2 ret=1 pos=(-2.0092,0.4403,-3.1050) vel=(-39.0620,0.0000,22.7246)->(47.4036,-3.0742,9.4537) | s5 d=-0.0006 n=(1.000,0.000,0.000) m=-39.1 | s9 d=-0.0006 n=(1.000,0.000,0.000) m=-39.1
slot=0 pass=0 n=2 ret=1 pos=(-2.0090,0.4404,-3.1029) vel=(-39.0170,0.0000,22.6434)->(47.2449,-3.0609,9.3919) | s5 d=-0.0004 n=(1.000,0.000,0.000) m=-39.0 | s9 d=-0.0004 n=(1.000,0.000,0.000) m=-39.0
slot=0 pass=0 n=2 ret=1 pos=(-2.0091,0.4405,-3.1014) vel=(-39.1099,0.0000,22.7182)->(47.3061,-3.0712,9.4361) | s5 d=-0.0004 n=(1.000,0.000,0.000) m=-39.1 | s9 d=-0.0004 n=(1.000,0.000,0.000) m=-39.1
slot=0 pass=0 n=2 ret=1 pos=(-2.0089,0.4405,-3.0993) vel=(-39.0798,0.0000,22.6464)->(47.1497,-3.0590,9.3780) | s5 d=-0.0002 n=(1.000,0.000,0.000) m=-39.1 | s9 d=-0.0002 n=(1.000,0.000,0.000) m=-39.1
slot=0 pass=0 n=2 ret=1 pos=(-2.0089,0.4406,-3.0979) vel=(-39.1730,0.0000,22.7219)->(47.2124,-3.0694,9.4227) | s5 d=-0.0003 n=(1.000,0.000,0.000) m=-39.2 | s9 d=-0.0003 n=(1.000,0.000,0.000) m=-39.2
slot=0 pass=0 n=2 ret=1 pos=(-2.0087,0.4406,-3.0957) vel=(-39.1420,0.0000,22.6499)->(47.0572,-3.0573,9.3648) | s5 d=-0.0001 n=(1.000,0.000,0.000) m=-39.2 | s9 d=-0.0001 n=(1.000,0.000,0.000) m=-39.2
slot=0 pass=0 n=2 ret=1 pos=(-2.0088,0.4407,-3.0943) vel=(-39.2345,0.0000,22.7254)->(47.1211,-3.0676,9.4096) | s5 d=-0.0002 n=(1.000,0.000,0.000) m=-39.3 | s9 d=-0.0002 n=(1.000,0.000,0.000) m=-39.3
slot=0 pass=0 n=2 ret=1 pos=(-2.0086,0.4407,-3.0922) vel=(-39.2027,0.0000,22.6533)->(46.9671,-3.0555,9.3519) | s5 d=-0.0000 n=(1.000,0.000,0.000) m=-39.2 | s9 d=-0.0000 n=(1.000,0.000,0.000) m=-39.2
slot=0 pass=0 n=2 ret=1 pos=(-2.0087,0.4408,-3.0907) vel=(-39.2945,0.0000,22.7288)->(47.0323,-3.0659,9.3969) | s5 d=-0.0001 n=(1.000,0.000,0.000) m=-39.3 | s9 d=-0.0001 n=(1.000,0.000,0.000) m=-39.3
slot=0 pass=0 n=2 ret=1 pos=(-2.0097,0.4409,-3.0879) vel=(-49.8763,0.0000,29.1843)->(48.2725,-3.8426,11.9153) | s5 d=-0.0011 n=(1.000,0.000,0.000) m=-49.9 | s9 d=-0.0011 n=(1.000,0.000,0.000) m=-49.9
slot=0 pass=0 n=2 ret=1 pos=(-2.0093,0.4409,-3.0857) vel=(-39.5078,0.0000,22.7995)->(46.8816,-3.0702,9.3909) | s5 d=-0.0007 n=(1.000,0.000,0.000) m=-39.5 | s9 d=-0.0007 n=(1.000,0.000,0.000) m=-39.5
slot=0 pass=0 n=2 ret=1 pos=(-2.0094,0.4410,-3.0842) vel=(-39.3752,0.0000,22.7412)->(46.9354,-3.0650,9.3861) | s5 d=-0.0008 n=(1.000,0.000,0.000) m=-39.4 | s9 d=-0.0008 n=(1.000,0.000,0.000) m=-39.4
slot=0 pass=0 n=2 ret=1 pos=(-2.0093,0.4410,-3.0821) vel=(-39.3279,0.0000,22.6606)->(46.7827,-3.0519,9.3257) | s5 d=-0.0007 n=(1.000,0.000,0.000) m=-39.3 | s9 d=-0.0007 n=(1.000,0.000,0.000) m=-39.3
slot=0 pass=0 n=2 ret=1 pos=(-2.0094,0.4411,-3.0807) vel=(-39.4176,0.0000,22.7356)->(46.8506,-3.0623,9.3709) | s5 d=-0.0008 n=(1.000,0.000,0.000) m=-39.4 | s9 d=-0.0008 n=(1.000,0.000,0.000) m=-39.4
slot=0 pass=0 n=2 ret=1 pos=(-2.0093,0.4412,-3.0785) vel=(-39.3831,0.0000,22.6630)->(46.6999,-3.0502,9.3136) | s5 d=-0.0007 n=(1.000,0.000,0.000) m=-39.4 | s9 d=-0.0007 n=(1.000,0.000,0.000) m=-39.4
slot=0 pass=0 n=2 ret=1 pos=(-2.0094,0.4412,-3.0771) vel=(-39.4730,0.0000,22.7386)->(46.7690,-3.0607,9.3591) | s5 d=-0.0009 n=(1.000,0.000,0.000) m=-39.5 | s9 d=-0.0009 n=(1.000,0.000,0.000) m=-39.5
slot=0 pass=0 n=2 ret=1 pos=(-2.0093,0.4413,-3.0749) vel=(-39.4377,0.0000,22.6659)->(46.6194,-3.0486,9.3021) | s5 d=-0.0008 n=(1.000,0.000,0.000) m=-39.5 | s9 d=-0.0008 n=(1.000,0.000,0.000) m=-39.5
slot=0 pass=0 n=2 ret=1 pos=(-2.0085,0.4413,-3.0740) vel=(-29.2919,0.0000,16.6623)->(46.8874,-2.3668,7.1511) | s5 d=-0.0000 n=(1.000,0.000,0.000) m=-29.3 | s9 d=-0.0000 n=(1.000,0.000,0.000) m=-29.3
slot=0 pass=0 n=2 ret=1 pos=(-2.0087,0.4414,-3.0727) vel=(-38.9377,0.0000,22.3569)->(46.5630,-3.0120,9.1905) | s5 d=-0.0002 n=(1.000,0.000,0.000) m=-39.0 | s9 d=-0.0002 n=(1.000,0.000,0.000) m=-39.0
slot=0 pass=0 n=2 ret=1 pos=(-2.0086,0.4414,-3.0705) vel=(-39.5117,0.0000,22.6490)->(46.4520,-3.0426,9.2699) | s5 d=-0.0002 n=(1.000,0.000,0.000) m=-39.5 | s9 d=-0.0002 n=(1.000,0.000,0.000) m=-39.5
slot=0 pass=0 n=2 ret=1 pos=(-2.0088,0.4415,-3.0691) vel=(-39.6356,0.0000,22.7459)->(46.5266,-3.0557,9.3237) | s5 d=-0.0003 n=(1.000,0.000,0.000) m=-39.7 | s9 d=-0.0003 n=(1.000,0.000,0.000) m=-39.7
slot=0 pass=0 n=2 ret=1 pos=(-2.0088,0.4415,-3.0669) vel=(-39.6001,0.0000,22.6741)->(46.3802,-3.0438,9.2676) | s5 d=-0.0003 n=(1.000,0.000,0.000) m=-39.6 | s9 d=-0.0003 n=(1.000,0.000,0.000) m=-39.6
slot=0 pass=0 n=2 ret=1 pos=(-2.0089,0.4416,-3.0655) vel=(-39.6876,0.0000,22.7497)->(46.4537,-3.0543,9.3136) | s5 d=-0.0005 n=(1.000,0.000,0.000) m=-39.7 | s9 d=-0.0005 n=(1.000,0.000,0.000) m=-39.7
slot=0 pass=0 n=2 ret=1 pos=(-2.0089,0.4416,-3.0633) vel=(-39.6493,0.0000,22.6766)->(46.3081,-3.0423,9.2572) | s5 d=-0.0005 n=(1.000,0.000,0.000) m=-39.7 | s9 d=-0.0005 n=(1.000,0.000,0.000) m=-39.7
slot=0 pass=0 n=2 ret=1 pos=(-2.0091,0.4417,-3.0619) vel=(-39.7362,0.0000,22.7522)->(46.3826,-3.0529,9.3034) | s5 d=-0.0007 n=(1.000,0.000,0.000) m=-39.8 | s9 d=-0.0007 n=(1.000,0.000,0.000) m=-39.8
slot=0 pass=0 n=2 ret=1 pos=(-2.0091,0.4417,-3.0597) vel=(-39.6973,0.0000,22.6789)->(46.2379,-3.0409,9.2470) | s5 d=-0.0007 n=(1.000,0.000,0.000) m=-39.7 | s9 d=-0.0007 n=(1.000,0.000,0.000) m=-39.7
slot=0 pass=0 n=2 ret=1 pos=(-2.0093,0.4418,-3.0582) vel=(-39.7836,0.0000,22.7546)->(46.3135,-3.0515,9.2934) | s5 d=-0.0009 n=(1.000,0.000,0.000) m=-39.8 | s9 d=-0.0009 n=(1.000,0.000,0.000) m=-39.8
slot=0 pass=0 n=2 ret=1 pos=(-2.0084,0.4419,-3.0566) vel=(-39.7439,0.0000,22.6812)->(46.1719,-3.0396,9.2451) | s5 d=-0.0000 n=(1.000,0.000,0.000) m=-39.8 | s9 d=-0.0000 n=(1.000,0.000,0.000) m=-39.8
slot=0 pass=0 n=2 ret=1 pos=(-2.0085,0.4419,-3.0544) vel=(-39.8269,0.0000,22.6812)->(46.0376,-3.0362,9.2165) | s5 d=-0.0001 n=(1.000,0.000,0.000) m=-39.8 | s9 d=-0.0001 n=(1.000,0.000,0.000) m=-39.8
slot=0 pass=0 n=2 ret=1 pos=(-2.0087,0.4420,-3.0530) vel=(-39.9183,0.0000,22.7609)->(46.1164,-3.0474,9.2647) | s5 d=-0.0003 n=(1.000,0.000,0.000) m=-39.9 | s9 d=-0.0003 n=(1.000,0.000,0.000) m=-39.9
slot=0 pass=0 n=2 ret=1 pos=(-2.0088,0.4420,-3.0508) vel=(-39.8771,0.0000,22.6874)->(45.9751,-3.0354,9.2089) | s5 d=-0.0004 n=(1.000,0.000,0.000) m=-39.9 | s9 d=-0.0004 n=(1.000,0.000,0.000) m=-39.9
slot=0 pass=0 n=2 ret=1 pos=(-2.0090,0.4421,-3.0493) vel=(-39.9614,0.0000,22.7631)->(46.0543,-3.0461,9.2557) | s5 d=-0.0006 n=(1.000,0.000,0.000) m=-40.0 | s9 d=-0.0006 n=(1.000,0.000,0.000) m=-40.0
slot=0 pass=0 n=2 ret=1 pos=(-2.0091,0.4421,-3.0472) vel=(-39.9192,0.0000,22.6893)->(45.9138,-3.0341,9.2000) | s5 d=-0.0007 n=(1.000,0.000,0.000) m=-39.9 | s9 d=-0.0007 n=(1.000,0.000,0.000) m=-39.9
slot=0 pass=0 n=2 ret=1 pos=(-2.0084,0.4422,-3.0462) vel=(-29.7225,0.0000,16.7209)->(46.1466,-2.3601,7.0864) | s5 d=-0.0001 n=(1.000,0.000,0.000) m=-29.7 | s9 d=-0.0001 n=(1.000,0.000,0.000) m=-29.7
slot=0 pass=0 n=2 ret=1 pos=(-2.0086,0.4422,-3.0449) vel=(-38.8400,0.0000,22.0465)->(45.8403,-2.9593,8.9694) | s5 d=-0.0002 n=(1.000,0.000,0.000) m=-38.9 | s9 d=-0.0002 n=(1.000,0.000,0.000) m=-38.9
slot=0 pass=0 n=2 ret=1 pos=(-2.0087,0.4423,-3.0427) vel=(-39.9473,0.0000,22.6527)->(45.7675,-3.0263,9.1643) | s5 d=-0.0004 n=(1.000,0.000,0.000) m=-40.0 | s9 d=-0.0004 n=(1.000,0.000,0.000) m=-40.0
slot=0 pass=0 n=2 ret=1 pos=(-2.0090,0.4423,-3.0413) vel=(-40.0957,0.0000,22.7672)->(45.8536,-3.0416,9.2257) | s5 d=-0.0007 n=(1.000,0.000,0.000) m=-40.1 | s9 d=-0.0007 n=(1.000,0.000,0.000) m=-40.1
slot=0 pass=0 n=2 ret=1 pos=(-2.0091,0.4424,-3.0391) vel=(-40.0551,0.0000,22.6952)->(45.7156,-3.0299,9.1711) | s5 d=-0.0008 n=(1.000,0.000,0.000) m=-40.1 | s9 d=-0.0008 n=(1.000,0.000,0.000) m=-40.1
slot=0 pass=0 n=2 ret=1 pos=(-2.0085,0.4424,-3.0382) vel=(-29.8444,0.0000,16.7369)->(45.9389,-2.3581,7.0680) | s5 d=-0.0002 n=(1.000,0.000,0.000) m=-29.9 | s9 d=-0.0002 n=(1.000,0.000,0.000) m=-29.9
slot=0 pass=0 n=2 ret=1 pos=(-2.0087,0.4425,-3.0368) vel=(-38.9879,0.0000,22.0633)->(45.6479,-2.9566,8.9460) | s5 d=-0.0004 n=(1.000,0.000,0.000) m=-39.0 | s9 d=-0.0004 n=(1.000,0.000,0.000) m=-39.0
slot=0 pass=0 n=2 ret=1 pos=(-2.0088,0.4425,-3.0347) vel=(-40.0807,0.0000,22.6599)->(45.5775,-3.0224,9.1371) | s5 d=-0.0005 n=(1.000,0.000,0.000) m=-40.1 | s9 d=-0.0005 n=(1.000,0.000,0.000) m=-40.1
slot=0 pass=0 n=2 ret=1 pos=(-2.0092,0.4426,-3.0332) vel=(-40.2255,0.0000,22.7730)->(45.6660,-3.0376,9.1983) | s5 d=-0.0009 n=(1.000,0.000,0.000) m=-40.2 | s9 d=-0.0009 n=(1.000,0.000,0.000) m=-40.2
slot=0 pass=0 n=2 ret=1 pos=(-2.0084,0.4426,-3.0315) vel=(-40.1829,0.0000,22.7007)->(45.5327,-3.0261,9.1521) | s5 d=-0.0001 n=(1.000,0.000,0.000) m=-40.2 | s9 d=-0.0001 n=(1.000,0.000,0.000) m=-40.2
slot=0 pass=0 n=2 ret=1 pos=(-2.0086,0.4427,-3.0293) vel=(-40.2618,0.0000,22.7004)->(45.4069,-3.0228,9.1247) | s5 d=-0.0003 n=(1.000,0.000,0.000) m=-40.3 | s9 d=-0.0003 n=(1.000,0.000,0.000) m=-40.3
slot=0 pass=0 n=2 ret=1 pos=(-2.0089,0.4428,-3.0279) vel=(-40.3478,0.0000,22.7800)->(45.4945,-3.0341,9.1739) | s5 d=-0.0007 n=(1.000,0.000,0.000) m=-40.4 | s9 d=-0.0007 n=(1.000,0.000,0.000) m=-40.4
slot=0 pass=0 n=2 ret=1 pos=(-2.0091,0.4428,-3.0257) vel=(-40.3004,0.0000,22.7056)->(45.3610,-3.0222,9.1193) | s5 d=-0.0009 n=(1.000,0.000,0.000) m=-40.3 | s9 d=-0.0009 n=(1.000,0.000,0.000) m=-40.3
slot=0 pass=0 n=2 ret=1 pos=(-2.0085,0.4428,-3.0247) vel=(-30.0637,0.0000,16.7650)->(45.5674,-2.3544,7.0349) | s5 d=-0.0003 n=(1.000,0.000,0.000) m=-30.1 | s9 d=-0.0003 n=(1.000,0.000,0.000) m=-30.1
slot=0 pass=0 n=2 ret=1 pos=(-2.0088,0.4429,-3.0234) vel=(-39.2543,0.0000,22.0927)->(45.3033,-2.9515,8.9039) | s5 d=-0.0006 n=(1.000,0.000,0.000) m=-39.3 | s9 d=-0.0006 n=(1.000,0.000,0.000) m=-39.3
slot=0 pass=0 n=2 ret=1 pos=(-2.0091,0.4430,-3.0212) vel=(-40.3207,0.0000,22.6720)->(45.2370,-3.0153,9.0882) | s5 d=-0.0008 n=(1.000,0.000,0.000) m=-40.3 | s9 d=-0.0008 n=(1.000,0.000,0.000) m=-40.3
slot=0 pass=0 n=2 ret=1 pos=(-2.0085,0.4430,-3.0202) vel=(-30.1351,0.0000,16.7725)->(45.4420,-2.3529,7.0229) | s5 d=-0.0003 n=(1.000,0.000,0.000) m=-30.1 | s9 d=-0.0003 n=(1.000,0.000,0.000) m=-30.1
slot=0 pass=0 n=2 ret=1 pos=(-2.0088,0.4430,-3.0189) vel=(-39.3444,0.0000,22.1022)->(45.1864,-2.9497,8.8894) | s5 d=-0.0006 n=(1.000,0.000,0.000) m=-39.4 | s9 d=-0.0006 n=(1.000,0.000,0.000) m=-39.4
slot=0 pass=0 n=2 ret=1 pos=(-2.0091,0.4431,-3.0167) vel=(-40.4023,0.0000,22.6758)->(45.1215,-3.0128,9.0715) | s5 d=-0.0009 n=(1.000,0.000,0.000) m=-40.4 | s9 d=-0.0009 n=(1.000,0.000,0.000) m=-40.4
slot=0 pass=0 n=2 ret=1 pos=(-2.0085,0.4431,-3.0158) vel=(-30.2071,0.0000,16.7815)->(45.3210,-2.3517,7.0120) | s5 d=-0.0003 n=(1.000,0.000,0.000) m=-30.2 | s9 d=-0.0003 n=(1.000,0.000,0.000) m=-30.2
slot=0 pass=0 n=2 ret=1 pos=(-2.0089,0.4432,-3.0144) vel=(-39.4317,0.0000,22.1115)->(45.0741,-2.9480,8.8756) | s5 d=-0.0007 n=(1.000,0.000,0.000) m=-39.4 | s9 d=-0.0007 n=(1.000,0.000,0.000) m=-39.4
slot=0 pass=0 n=2 ret=1 pos=(-2.0082,0.4432,-3.0127) vel=(-40.4809,0.0000,22.6795)->(45.0127,-3.0106,9.0635) | s5 d=-0.0000 n=(1.000,0.000,0.000) m=-40.5 | s9 d=-0.0000 n=(1.000,0.000,0.000) m=-40.5
slot=0 pass=0 n=2 ret=1 pos=(-2.0085,0.4433,-3.0105) vel=(-40.6133,0.0000,22.7122)->(44.8974,-3.0113,9.0491) | s5 d=-0.0004 n=(1.000,0.000,0.000) m=-40.6 | s9 d=-0.0004 n=(1.000,0.000,0.000) m=-40.6
slot=0 pass=0 n=2 ret=1 pos=(-2.0090,0.4433,-3.0090) vel=(-40.6976,0.0000,22.7933)->(44.9923,-3.0229,9.0998) | s5 d=-0.0008 n=(1.000,0.000,0.000) m=-40.7 | s9 d=-0.0008 n=(1.000,0.000,0.000) m=-40.7
slot=0 pass=0 n=2 ret=1 pos=(-2.0083,0.4434,-3.0073) vel=(-40.6453,0.0000,22.7183)->(44.8673,-3.0113,9.0543) | s5 d=-0.0002 n=(1.000,0.000,0.000) m=-40.7 | s9 d=-0.0002 n=(1.000,0.000,0.000) m=-40.7
slot=0 pass=0 n=2 ret=1 pos=(-2.0087,0.4435,-3.0051) vel=(-40.7193,0.0000,22.7175)->(44.7501,-3.0081,9.0279) | s5 d=-0.0005 n=(1.000,0.000,0.000) m=-40.7 | s9 d=-0.0005 n=(1.000,0.000,0.000) m=-40.7
slot=0 pass=0 n=2 ret=1 pos=(-2.0082,0.4435,-3.0042) vel=(-30.4439,0.0000,16.8115)->(44.9289,-2.3476,6.9769) | s5 d=-0.0000 n=(1.000,0.000,0.000) m=-30.5 | s9 d=-0.0000 n=(1.000,0.000,0.000) m=-30.5
slot=0 pass=0 n=2 ret=1 pos=(-2.0086,0.4435,-3.0028) vel=(-39.7161,0.0000,22.1412)->(44.7102,-2.9424,8.8304) | s5 d=-0.0005 n=(1.000,0.000,0.000) m=-39.7 | s9 d=-0.0005 n=(1.000,0.000,0.000) m=-39.7
slot=0 pass=0 n=2 ret=1 pos=(-2.0089,0.4436,-3.0006) vel=(-40.7366,0.0000,22.6907)->(44.6508,-3.0025,9.0032) | s5 d=-0.0008 n=(1.000,0.000,0.000) m=-40.8 | s9 d=-0.0008 n=(1.000,0.000,0.000) m=-40.8
slot=0 pass=0 n=2 ret=1 pos=(-2.0085,0.4436,-2.9996) vel=(-30.5019,0.0000,16.8174)->(44.8287,-2.3464,6.9673) | s5 d=-0.0004 n=(1.000,0.000,0.000) m=-30.5 | s9 d=-0.0004 n=(1.000,0.000,0.000) m=-30.5
slot=0 pass=0 n=2 ret=1 pos=(-2.0089,0.4437,-2.9982) vel=(-39.7888,0.0000,22.1483)->(44.6167,-2.9408,8.8186) | s5 d=-0.0008 n=(1.000,0.000,0.000) m=-39.8 | s9 d=-0.0008 n=(1.000,0.000,0.000) m=-39.8
slot=0 pass=0 n=2 ret=1 pos=(-2.0084,0.4437,-2.9966) vel=(-40.8024,0.0000,22.6934)->(44.5605,-3.0007,8.9978) | s5 d=-0.0003 n=(1.000,0.000,0.000) m=-40.8 | s9 d=-0.0003 n=(1.000,0.000,0.000) m=-40.8
slot=0 pass=0 n=2 ret=1 pos=(-2.0088,0.4438,-2.9943) vel=(-40.9269,0.0000,22.7229)->(44.4508,-3.0010,8.9830) | s5 d=-0.0007 n=(1.000,0.000,0.000) m=-40.9 | s9 d=-0.0007 n=(1.000,0.000,0.000) m=-40.9
slot=0 pass=0 n=2 ret=1 pos=(-2.0083,0.4438,-2.9934) vel=(-30.6318,0.0000,16.8336)->(44.6165,-2.3441,6.9482) | s5 d=-0.0002 n=(1.000,0.000,0.000) m=-30.6 | s9 d=-0.0002 n=(1.000,0.000,0.000) m=-30.6
slot=0 pass=0 n=2 ret=1 pos=(-2.0088,0.4439,-2.9920) vel=(-39.9437,0.0000,22.1638)->(44.4197,-2.9376,8.7939) | s5 d=-0.0007 n=(1.000,0.000,0.000) m=-40.0 | s9 d=-0.0007 n=(1.000,0.000,0.000) m=-40.0
slot=0 pass=0 n=2 ret=1 pos=(-2.0083,0.4439,-2.9903) vel=(-40.9416,0.0000,22.6989)->(44.3657,-2.9963,8.9693) | s5 d=-0.0002 n=(1.000,0.000,0.000) m=-41.0 | s9 d=-0.0002 n=(1.000,0.000,0.000) m=-41.0
slot=0 pass=0 n=2 ret=1 pos=(-2.0087,0.4440,-2.9881) vel=(-41.0626,0.0000,22.7270)->(44.2583,-2.9965,8.9544) | s5 d=-0.0007 n=(1.000,0.000,0.000) m=-41.1 | s9 d=-0.0007 n=(1.000,0.000,0.000) m=-41.1
slot=0 pass=0 n=2 ret=1 pos=(-2.0083,0.4440,-2.9871) vel=(-30.7532,0.0000,16.8476)->(44.4156,-2.3418,6.9296) | s5 d=-0.0003 n=(1.000,0.000,0.000) m=-30.8 | s9 d=-0.0003 n=(1.000,0.000,0.000) m=-30.8
slot=0 pass=0 n=2 ret=1 pos=(-2.0088,0.4441,-2.9857) vel=(-40.0905,0.0000,22.1779)->(44.2328,-2.9345,8.7703) | s5 d=-0.0008 n=(1.000,0.000,0.000) m=-40.1 | s9 d=-0.0008 n=(1.000,0.000,0.000) m=-40.1
slot=0 pass=0 n=2 ret=1 pos=(-2.0083,0.4441,-2.9840) vel=(-41.0740,0.0000,22.7039)->(44.1809,-2.9920,8.9422) | s5 d=-0.0003 n=(1.000,0.000,0.000) m=-41.1 | s9 d=-0.0003 n=(1.000,0.000,0.000) m=-41.1
slot=0 pass=0 n=2 ret=1 pos=(-2.0088,0.4442,-2.9818) vel=(-41.1919,0.0000,22.7308)->(44.0759,-2.9922,8.9272) | s5 d=-0.0008 n=(1.000,0.000,0.000) m=-41.2 | s9 d=-0.0008 n=(1.000,0.000,0.000) m=-41.2
slot=0 pass=0 n=2 ret=1 pos=(-2.0084,0.4442,-2.9808) vel=(-30.8687,0.0000,16.8606)->(44.2253,-2.3395,6.9119) | s5 d=-0.0004 n=(1.000,0.000,0.000) m=-30.9 | s9 d=-0.0004 n=(1.000,0.000,0.000) m=-30.9
slot=0 pass=0 n=2 ret=1 pos=(-2.0081,0.4443,-2.9799) vel=(-29.8688,0.0000,16.2841)->(44.3157,-2.2772,6.7183) | s5 d=-0.0001 n=(1.000,0.000,0.000) m=-29.9 | s9 d=-0.0001 n=(1.000,0.000,0.000) m=-29.9
slot=0 pass=0 n=2 ret=1 pos=(-2.0086,0.4443,-2.9785) vel=(-40.0707,0.0000,22.0763)->(43.9830,-2.9168,8.6975) | s5 d=-0.0006 n=(1.000,0.000,0.000) m=-40.1 | s9 d=-0.0006 n=(1.000,0.000,0.000) m=-40.1
slot=0 pass=0 n=2 ret=1 pos=(-2.0082,0.4444,-2.9768) vel=(-41.2330,0.0000,22.7038)->(43.9444,-2.9859,8.9053) | s5 d=-0.0002 n=(1.000,0.000,0.000) m=-41.2 | s9 d=-0.0002 n=(1.000,0.000,0.000) m=-41.2
slot=0 pass=0 n=2 ret=1 pos=(-2.0087,0.4444,-2.9745) vel=(-41.3569,0.0000,22.7349)->(43.8429,-2.9866,8.8922) | s5 d=-0.0007 n=(1.000,0.000,0.000) m=-41.4 | s9 d=-0.0007 n=(1.000,0.000,0.000) m=-41.4
slot=0 pass=0 n=2 ret=1 pos=(-2.0083,0.4444,-2.9736) vel=(-31.0167,0.0000,16.8770)->(43.9826,-2.3366,6.8891) | s5 d=-0.0004 n=(1.000,0.000,0.000) m=-31.0 | s9 d=-0.0004 n=(1.000,0.000,0.000) m=-31.0
slot=0 pass=0 n=2 ret=1 pos=(-2.0080,0.4445,-2.9726) vel=(-30.0316,0.0000,16.3115)->(44.0706,-2.2756,6.7001) | s5 d=-0.0000 n=(1.000,0.000,0.000) m=-30.0 | s9 d=-0.0000 n=(1.000,0.000,0.000) m=-30.0
slot=0 pass=0 n=2 ret=1 pos=(-2.0086,0.4445,-2.9712) vel=(-40.2534,0.0000,22.0962)->(43.7601,-2.9134,8.6704) | s5 d=-0.0006 n=(1.000,0.000,0.000) m=-40.3 | s9 d=-0.0006 n=(1.000,0.000,0.000) m=-40.3
slot=0 pass=0 n=2 ret=1 pos=(-2.0082,0.4446,-2.9695) vel=(-41.3927,0.0000,22.7093)->(43.7238,-2.9807,8.8728) | s5 d=-0.0002 n=(1.000,0.000,0.000) m=-41.4 | s9 d=-0.0002 n=(1.000,0.000,0.000) m=-41.4
slot=0 pass=0 n=2 ret=1 pos=(-2.0088,0.4446,-2.9673) vel=(-41.5123,0.0000,22.7386)->(43.6250,-2.9813,8.8595) | s5 d=-0.0008 n=(1.000,0.000,0.000) m=-41.5 | s9 d=-0.0008 n=(1.000,0.000,0.000) m=-41.5
slot=0 pass=0 n=2 ret=1 pos=(-2.0085,0.4447,-2.9663) vel=(-31.1557,0.0000,16.8920)->(43.7556,-2.3338,6.8677) | s5 d=-0.0005 n=(1.000,0.000,0.000) m=-31.2 | s9 d=-0.0005 n=(1.000,0.000,0.000) m=-31.2
slot=0 pass=0 n=2 ret=1 pos=(-2.0082,0.4447,-2.9654) vel=(-30.1844,0.0000,16.3367)->(43.8416,-2.2740,6.6830) | s5 d=-0.0002 n=(1.000,0.000,0.000) m=-30.2 | s9 d=-0.0002 n=(1.000,0.000,0.000) m=-30.2
slot=0 pass=0 n=2 ret=1 pos=(-2.0088,0.4448,-2.9640) vel=(-40.4245,0.0000,22.1143)->(43.5515,-2.9100,8.6448) | s5 d=-0.0008 n=(1.000,0.000,0.000) m=-40.4 | s9 d=-0.0008 n=(1.000,0.000,0.000) m=-40.4
slot=0 pass=0 n=2 ret=1 pos=(-2.0084,0.4448,-2.9623) vel=(-41.5426,0.0000,22.7141)->(43.5173,-2.9758,8.8422) | s5 d=-0.0005 n=(1.000,0.000,0.000) m=-41.6 | s9 d=-0.0005 n=(1.000,0.000,0.000) m=-41.6
slot=0 pass=0 n=2 ret=1 pos=(-2.0081,0.4449,-2.9605) vel=(-41.6583,0.0000,22.7418)->(43.4231,-2.9764,8.8369) | s5 d=-0.0002 n=(1.000,0.000,0.000) m=-41.7 | s9 d=-0.0002 n=(1.000,0.000,0.000) m=-41.7
slot=0 pass=0 n=2 ret=1 pos=(-2.0088,0.4449,-2.9583) vel=(-41.7289,0.0000,22.7442)->(43.3252,-2.9739,8.8146) | s5 d=-0.0008 n=(1.000,0.000,0.000) m=-41.7 | s9 d=-0.0008 n=(1.000,0.000,0.000) m=-41.7
slot=0 pass=0 n=2 ret=1 pos=(-2.0085,0.4450,-2.9573) vel=(-31.3480,0.0000,16.9123)->(43.4434,-2.3298,6.8380) | s5 d=-0.0006 n=(1.000,0.000,0.000) m=-31.4 | s9 d=-0.0006 n=(1.000,0.000,0.000) m=-31.4
