  [keep-awake] display-sleep suppressed + wake nudge sent
=== scenario_launch  pid=34480  track=0 mode=10 cars=4 ===
  attaching ASAP...
  [agent] ready
    phase=0  (waiting for menu (phase 1))
    phase=1  (waiting for menu (phase 1))
  [setup] set track=0 mode=10 cars=4 car=0 rule=0 team=0
  [statediff] statediff armed (tick 0x004c1be0, car 1, rec@0x8822a4)
  [statediff] aistep armed (FUN_00416250 @0x00416250)
  [launch] poke DAT_00771968 = 2 -> 1
    phase=2  (waiting for race running (phase 3))
    phase=3  (waiting for race running (phase 3))

  *** RACE RUNNING (phase 3) ***
  [ctrl-slots] ctrl slot table was [0,0,0,0] -> [0,1,2,3]
  car spawn fired: 12   grounded=4  airflag=0
  vel=[0, 0, 0]  fwd=[-8.742277657347586e-08, 0, -1]

  VERDICT: launcher reached a running race and spawned a car. [OK]

  racing 60s — pulsing control 4 (confirm/accel) to skip the start intro + continue rounds...
    +  4s  ph=3  spawnFired=12  p0.grounded=4 airflag=0  vel=[0, 0, 0]       +  9s  ph=3  spawnFired=12  p0.grounded=4 airflag=0  vel=[0, 0, 0]       + 13s  ph=3  spawnFired=12  p0.grounded=4 airflag=0  vel=[0, 0, 0]       + 18s  ph=3  spawnFired=12  p0.grounded=4 airflag=0  vel=[-10.6, 0, -774.6]       + 23s  ph=3  spawnFired=12  p0.grounded=4 airflag=0  vel=[200.0, -33.2, -24.6]       + 28s  ph=3  spawnFired=12  p0.grounded=4 airflag=0  vel=[0, 0, 0]       + 33s  ph=3  spawnFired=12  p0.grounded=4 airflag=0  vel=[0, 0, 0]       + 37s  ph=3  spawnFired=12  p0.grounded=4 airflag=0  vel=[0, 0, 0]       + 42s  ph=3  spawnFired=12  p0.grounded=4 airflag=0  vel=[0, 0, 0]       + 47s  ph=3  spawnFired=12  p0.grounded=4 airflag=0  vel=[0, 0, 0]       + 52s  ph=3  spawnFired=12  p0.grounded=4 airflag=0  vel=[0, 0, 0]       + 57s  ph=3  spawnFired=12  p0.grounded=4 airflag=0  vel=[0, 0, 0]   
  [statediff] agent: {"armed":true,"frames":3632,"car":1,"err":null,"ai":false,"aiErr":null}
  [statediff] 3632 frames -> verify\d3_ai_20260926\o_inputs.msd  (distinct payloads=2795, nonzero=3632)
  [statediff] aistep agent: {"armed":true,"calls":6259,"pending":6259,"err":null}
  [statediff] aistep 6259 calls -> verify\d3_ai_20260926\o_inputs.msd.aistep.csv  (cars=[1, 2, 3], distinct blocks=3)
  [statediff] provenance -> verify\d3_ai_20260926\o_inputs.msd.provenance.json
