  [keep-awake] display-sleep suppressed + wake nudge sent
=== scenario_launch  pid=15636  track=0 mode=10 cars=4 ===
  attaching ASAP...
  [agent] ready
    phase=0  (waiting for menu (phase 1))
    phase=1  (waiting for menu (phase 1))
  [setup] set track=0 mode=10 cars=4 car=0 rule=0 team=0
  [statediff] statediff armed (tick 0x004c1be0, car 1, rec@0x8822a4)
  [statediff] aistep armed (FUN_00416250 @0x00416250)
  [launch] poke DAT_00771968 = 2 -> 1
    phase=2  (waiting for race running (phase 3))
    phase=3  (waiting for race running (phase 3))

  *** RACE RUNNING (phase 3) ***
  [ctrl-slots] ctrl slot table was [0,0,0,0] -> [0,1,2,3]
  car spawn fired: 12   grounded=4  airflag=0
  vel=[0, 0, 0]  fwd=[-8.742277657347586e-08, 0, -1]

  VERDICT: launcher reached a running race and spawned a car. [OK]

  racing 60s — pulsing control 4 (confirm/accel) to skip the start intro + continue rounds...
    +  4s  ph=3  spawnFired=12  p0.grounded=4 airflag=0  vel=[0, 0, 0]       +  9s  ph=3  spawnFired=12  p0.grounded=4 airflag=0  vel=[0, 0, 0]       + 13s  ph=3  spawnFired=12  p0.grounded=4 airflag=0  vel=[0, 0, 0]       + 18s  ph=3  spawnFired=12  p0.grounded=4 airflag=0  vel=[-9.0, 0, -661.0]       + 23s  ph=3  spawnFired=12  p0.grounded=4 airflag=0  vel=[0, 0, 0]       + 28s  ph=3  spawnFired=12  p0.grounded=4 airflag=0  vel=[0, 0, 0]       + 33s  ph=3  spawnFired=12  p0.grounded=4 airflag=0  vel=[0, 0, 0]       + 38s  ph=3  spawnFired=12  p0.grounded=4 airflag=0  vel=[0, 0, 0]       + 42s  ph=3  spawnFired=12  p0.grounded=4 airflag=0  vel=[0, 0, 0]       + 47s  ph=3  spawnFired=12  p0.grounded=4 airflag=0  vel=[0, 0, 0]       + 52s  ph=3  spawnFired=12  p0.grounded=4 airflag=0  vel=[0, 0, 0]       + 57s  ph=3  spawnFired=12  p0.grounded=4 airflag=0  vel=[0, 0, 0]   
  [statediff] agent: {"armed":true,"frames":3464,"car":1,"err":null,"ai":false,"aiErr":null}
  [statediff] 3464 frames -> verify\d3_ai_20260926\o_spread1.msd  (distinct payloads=2637, nonzero=3464)
  [statediff] aistep agent: {"armed":true,"calls":5238,"pending":5238,"err":null}
  [statediff] aistep 5239 calls -> verify\d3_ai_20260926\o_spread1.msd.aistep.csv  (cars=[1, 2, 3], distinct blocks=4)
  [statediff] provenance -> verify\d3_ai_20260926\o_spread1.msd.provenance.json
