
=== B17 region map [winmain-entry] 0x00400000..0x009FFFFF ===
  0x00400000 +0x007DD000  COMMIT  IMAGE   protect=0x008
  --- totals: free=0KB commit=8052KB reserve=0KB ---
  B17-GRAN [winmain-entry] 0x00420000 COMMIT   .text getters (0x0042b8b0/c0, credits 0x0042d5a0)
  B17-GRAN [winmain-entry] 0x00470000 COMMIT   .text Im2D draws (0x00472c60/2f40, 0x004730b0)
  B17-GRAN [winmain-entry] 0x005C0000 COMMIT   .rdata scale consts (1/640 @5cd5a8, 1/480 @5cc560)
  B17-GRAN [winmain-entry] 0x00630000 COMMIT   .data boot params (0x00636ae8) + timer (0x0063d558)
  B17-GRAN [winmain-entry] 0x00670000 COMMIT   .data race-state array (0x0067ea10)
  B17-GRAN [winmain-entry] 0x007D0000 COMMIT   .data RW device slot (*(0x007d3ff8)) — B15 bridge
  B17-GRAN [winmain-entry] 0x007F0000 COMMIT   .bss big buffer (0x007f0f60) + input (0x007f1044)
  B17-GRAN [winmain-entry] 0x00890000 COMMIT   .bss menu-entry array + vtx buffer (0x00898a20/ac0)
B17-TLS: reserved 0/0 needed granules at TLS time (seen-free; the rest were already occupied by kernel-early NLS)
B17-PAD: image-pad arena [0x001DD600 .. 0x00BDD5FF] (exe owns the MASHED RVA range)
Frontend.piz loaded OK
  path:    original/TOASTART/Common/Frontend.piz
  size:    1257472 bytes
  version: 3
  entries: 2
  mode:    raw

  name                                                             offset     length         id
  ------------------------------------------------------------ ---------- ---------- ----------
  TEXTURES.TXD                                                 0x00001000 0x000FBCE8 0x00001AC2
  MAIN.BSP                                                     0x000FD000 0x00035BF8 0x00000AE1

TEXTURES.TXD extracted to extracted/TEXTURES.TXD (1031400 bytes)
RWS chunk tree:
[0] 0x00000023 (?) size=0x000FBCDC version=0x1803FFFF @ 0x00000000

  total chunks: 1 (containers: 0)

TXD decode (Milestone B3):
  OK: 8 textures, deviceId=1

  #   name                     w     h  bpp fmt   mips palette
  --- -------------------- ----- ----- ---- ----- ---- -------
  0   skydomegs               32    32    8 PAL8     6 yes    
  1   Shad_groundgs          128   128    8 PAL8     8 yes    
  2   Shad_car               256   256   32 ARGB     9 -      
  3   Shad_bild              256   256   32 ARGB     9 -      
  4   rendergs                64    32   32 ARGB     7 -      
  5   main                   256   256    8 PAL8     9 yes    
  6   Gravel                 128   128   32 ARGB     8 -      
  7   carbase                256   256    8 PAL8     9 yes    

=== B17 region map [pre-initd3d9] 0x00400000..0x009FFFFF ===
  0x00400000 +0x007DD000  COMMIT  IMAGE   protect=0x008
  --- totals: free=0KB commit=8052KB reserve=0KB ---
  B17-GRAN [pre-initd3d9] 0x00420000 COMMIT   .text getters (0x0042b8b0/c0, credits 0x0042d5a0)
  B17-GRAN [pre-initd3d9] 0x00470000 COMMIT   .text Im2D draws (0x00472c60/2f40, 0x004730b0)
  B17-GRAN [pre-initd3d9] 0x005C0000 COMMIT   .rdata scale consts (1/640 @5cd5a8, 1/480 @5cc560)
  B17-GRAN [pre-initd3d9] 0x00630000 COMMIT   .data boot params (0x00636ae8) + timer (0x0063d558)
  B17-GRAN [pre-initd3d9] 0x00670000 COMMIT   .data race-state array (0x0067ea10)
  B17-GRAN [pre-initd3d9] 0x007D0000 COMMIT   .data RW device slot (*(0x007d3ff8)) — B15 bridge
  B17-GRAN [pre-initd3d9] 0x007F0000 COMMIT   .bss big buffer (0x007f0f60) + input (0x007f1044)
  B17-GRAN [pre-initd3d9] 0x00890000 COMMIT   .bss menu-entry array + vtx buffer (0x00898a20/ac0)
InitD3D9: adapter mode 2560x1440 fmt=22 refresh=165
InitD3D9: CreateDevice(HAL/HW,depthA,vsdef) -> OK hr=0x00000000 OK

=== B17 region map [post-initd3d9] 0x00400000..0x009FFFFF ===
  0x00400000 +0x007DD000  COMMIT  IMAGE   protect=0x008
  --- totals: free=0KB commit=8052KB reserve=0KB ---
  B17-GRAN [post-initd3d9] 0x00420000 COMMIT   .text getters (0x0042b8b0/c0, credits 0x0042d5a0)
  B17-GRAN [post-initd3d9] 0x00470000 COMMIT   .text Im2D draws (0x00472c60/2f40, 0x004730b0)
  B17-GRAN [post-initd3d9] 0x005C0000 COMMIT   .rdata scale consts (1/640 @5cd5a8, 1/480 @5cc560)
  B17-GRAN [post-initd3d9] 0x00630000 COMMIT   .data boot params (0x00636ae8) + timer (0x0063d558)
  B17-GRAN [post-initd3d9] 0x00670000 COMMIT   .data race-state array (0x0067ea10)
  B17-GRAN [post-initd3d9] 0x007D0000 COMMIT   .data RW device slot (*(0x007d3ff8)) — B15 bridge
  B17-GRAN [post-initd3d9] 0x007F0000 COMMIT   .bss big buffer (0x007f0f60) + input (0x007f1044)
  B17-GRAN [post-initd3d9] 0x00890000 COMMIT   .bss menu-entry array + vtx buffer (0x00898a20/ac0)

Milestone B7: granule walk over 0x00500000..0x009FFFFF — 0 granules covered, 80 blocked (first blocked at 0x
Milestone B7: first blocked granule = 0x00500000
Milestone B7: g_mashed_data_mapped = false

Milestone B7: wedge status = INACTIVE (VirtualAlloc failed)

Milestone B10: frontend boot chain start
  [1] DataZeroFill (page-granular): zeroed 226212, skipped 0 bytes
  [2-pre] 0x00630000 state=0x00001000 protect=0x00000008
  [2] BootDefaultParamsInit OK
  [3] DefaultParam_SetField00/04/08 OK; readback 0x007f0f00=0x3F333333 04=0x3F333333 08=0x3F333333 (expect 0x3f333333)
  [4] RaceStateArrayZero OK; readback 0x0067ea10=0x00000000 0x0067ea14=0x00000000 (expect 0)
  [5] MenuEntryArrayInit OK; readback 0x00898ac0=0x00000000 (expect 0)
  [6] TimerSlotClear OK; readback 0x0063d558=0x00000000 (expect 0)
  [7] MainLoopInit AV'd (expected: tunnels into MASHED code section via FUN_00495110 etc.)
Milestone B10: frontend boot chain complete

Milestone B11: DirectInput8 + keyboard device acquired (cooperative = background+nonexclusive)

Milestone B14: MASHED input-globals wedge probe = OK (wrote 0xA5 to 0x007f1044, readback=0xA5)

Milestone B5: uploading 8 textures for atlas
  slot 0: 'skydomegs' 32x32 PAL8 mips=6 OK
  slot 1: 'Shad_groundgs' 128x128 PAL8 mips=8 OK
  slot 2: 'Shad_car' 256x256 ARGB mips=9 OK
  slot 3: 'Shad_bild' 256x256 ARGB mips=9 OK
  slot 4: 'rendergs' 64x32 ARGB mips=7 OK
  slot 5: 'main' 256x256 PAL8 mips=9 OK
  slot 6: 'Gravel' 128x128 ARGB mips=8 OK
  slot 7: 'carbase' 256x256 PAL8 mips=9 OK
  Milestone B5: 8/8 textures uploaded into atlas

Milestone B15: RW Im2D->D3D9 bridge install = OK (fake RW device at *(0x007d3ff8); HudIm2DQuad routes to D3D9)

Milestone B16: standalone RVA thunks — map_text=1 map_scale=1 scale_ok=1 thunks=6/6 (b8b0=1 b8c0=1 d5a0=1 f40=1 30b0=1 2c60=1)
Milestone B16: MenuChromeShellA ready = YES (real MASHED menu chrome via the B15 bridge)

B19a: original/TOASTART/Common/Perm.piz :: BACKGROUND.PNG decode+upload OK (340x240) -> slot 8 handle 2

B19a: original/TOASTART/Common/Font36.piz :: MASHEDNEWLOGO.PNG decode+upload OK (256x128) -> slot 9 handle 3

B19b: message table original/TOASTART/Common/Font36.piz/ENGLISH.DAT loaded (33626 bytes)
B19b: menu item id=33 "Single Player" 195x39 -> slot 10 handle 4
B19b: menu item id=34 "Multi Player" 175x39 -> slot 11 handle 5
B19b: menu item id=35 "Championship" 214x39 -> slot 12 handle 6
B19b: menu item id=36 "Time Trial" 148x39 -> slot 13 handle 7
B19b: menu item id=39 "Options" 120x39 -> slot 14 handle 8
B19b: 5 menu items ready

R2-5: badges.txd 'Button' 16x32 upload OK (dict has 23 textures)
R2-5: badges.txd 'Arrow' 16x16 upload OK
F38: badges.txd 'lock' 16x16 fmt=PAL4 upload OK (ok)
F38: badges.txd 'check' 16x16 fmt=PAL4 upload OK (ok)
F38: badges.txd 'dot' 16x16 fmt=PAL4 upload OK (ok)
F2 track previews: 24/24 loaded; veh 8/8
powerup icons: dict=11 loaded=11 ready=1
standings assets: iface=6/6 epp=5/5 panel=2/2 ready=1
F38: interface.txd 'MultiPlayer' 64x64 upload OK

#25 color-select: INTERFACE.TXD cars 10/10, vs OK, star OK (dict has 30 textures)

#10 input icons: PC.TXD decode OK, 2/2 (kbd+joypad)

loadicon: 256x128 decode+upload OK

B19a: original/TOASTART/Common/Font36.piz :: BIGE.BMP decode+upload OK (32x32) -> slot 57 handle 48
F1 frontend.mpg: RUNNING (512x512)
R2-2 gamesave load: LOADED (DEADBEEF save) (original/gamesave.bin)

B19 faithful font (FGDC20): load OK (height=33.0)

MenuStringTable (id->glyph-string): load OK size=33626 ids=677
  self-check id 0x21 len=13 "Single Player"
  self-check id 0x22 len=12 "Multi Player"
  self-check id 0x23 len=12 "Championship"
  self-check id 0x24 len=10 "Time Trial"
  self-check id 0x27 len=7 "Options"

B17-SUMMARY reached-main-loop chrome=YES thunks=6/6
CAPMODE tag=00_challengeselect.bmp mode=Frontend
NAV_DEMO phase=0 00_challengeselect ok=1 depth=1 screen=6 cur=0 nrec=3
  WS-E lights: ambient=0xFF595959 (RGB 89,89,89) sun=0xFFCCCCCC dir=(-0.947,-0.140,0.290)
D3D9 world.tris mat[0]=1245 tex=1
D3D9 world.tris mat[1]=595 tex=1
D3D9 world.tris mat[2]=567 tex=1
D3D9 world.tris mat[3]=192 tex=1
D3D9 world.tris mat[4]=86 tex=1
D3D9 world.tris mat[5]=470 tex=1
D3D9 world.tris mat[6]=828 tex=0
D3D9 world.tris mat[7]=230 tex=1
D3D9 world.tris mat[8]=60 tex=1
D3D9 world.tris mat[9]=218 tex=1
D3D9 world.tris mat[10]=332 tex=1
D3D9 world.tris mat[11]=40 tex=1
D3D9 world.tris mat[12]=404 tex=1
D3D9 world.tris mat[13]=38 tex=1
D3D9 world.tris mat[14]=488 tex=1
D3D9 world.tris mat[15]=816 tex=1
D3D9 world.tris mat[16]=2727 tex=1
D3D9 world.tris mat[17]=186 tex=1
D3D9 world.tris mat[18]=16 tex=0
D3D9 world.tris mat[19]=28 tex=1
D3D9 world.tris mat[20]=31 tex=1
D3D9 world.tris mat[21]=43 tex=1
D3D9 world.tris mat[22]=206 tex=1
D3D9 world.tris mat[23]=837 tex=1
D3D9 world.tris mat[24]=686 tex=1
D3D9 world.tris mat[25]=40 tex=1
D3D9 world.tris mat[26]=941 tex=1
D3D9 world.tris mat[27]=40 tex=1
D3D9 world.tris mat[28]=206 tex=1
D-S3-6 bake: dff=SkyDome_02.dff lt=no batch=0 baked_v0=0xFFFFFFFF
D-S3-6 bake: dff=SkyDome_01.dff lt=no batch=0 baked_v0=0xFFFFFFFF
D-S3-6 bake: dff=SkyDome_01.dff lt=no batch=1 baked_v0=0xFFFFFFFF
D-S3-6 bake: dff=Post_1.dff lt=YES batch=0 baked_v0=0xFF595959
D-S3-6 bake: dff=Trolly_1.dff lt=YES batch=0 baked_v0=0xFF595959
D-S3-6 bake: dff=CableCar.dff lt=YES batch=0 baked_v0=0xFF595959
D-S3-6 bake: dff=CableCar.dff lt=YES batch=1 baked_v0=0xFF595959
D-S3-6 bake: dff=Glass.dff lt=YES batch=0 baked_v0=0xFF595959
D-S3-6 bake: dff=Glass.dff lt=YES batch=1 baked_v0=0xFF949494
D-S3-6 bake: dff=Trunk.dff lt=YES batch=0 baked_v0=0xFF81878E
D-S3-6 bake: dff=Rock.dff lt=YES batch=0 baked_v0=0x00D3EDE5
D-S3-6 bake: dff=Edge.dff lt=YES batch=0 baked_v0=0xFFFFFFFF
D-S3-6 bake: dff=Edge.dff lt=YES batch=1 baked_v0=0xFFCBCBCB
D-S3-6 bake: dff=CamMan.dff lt=YES batch=0 baked_v0=0xFFFFFFFF
  F3 UV-anim: 0 .UVA rate(s); scrolling materials world=0 props=0 sky=0
  F2 copters: 2 flying, 2 models from original/TOASTART/Common\Perm.piz (0 gameplay/rule-5)
R4 track load OK: original/TOASTART/TRACKS/Neustein.piz — tris=12596 verts=13286 sectors=10 mats=29 textured=27 radius=221.37 props=8 (instances=58) gates=72
  CAM-DIAG bbox=[163.5,28.4,166.0 .. -206.8,0.2,-76.6] bbox_center=(-21.7,14.3,44.7) bbox_R=221.4 | gate_center=(-11.4,7.1,-1.8) gate_R=59.7
MATCH-SEED rule=0 participants=4 teams=0 seed=6 engine=1
MATCH-SEED rule=0 participants=4 teams=0 seed=6 engine=1
R4 pickups: 0 real powerup spawns (POWERUPS_GOLD.LUA)
CAPMODE tag=car_1_spawn.bmp mode=InRace
CAPMODE tag=01_grid.bmp mode=InRace
NAV_DEMO phase=1 01_grid ok=1 depth=1 screen=6 cur=0 nrec=3
RELIGHT_CAP tag=01_grid heading=-0.73813
CAPMODE tag=car_2_drive.bmp mode=InRace
CAPMODE tag=round1_go.bmp mode=InRace
CAPMODE tag=car_3_weave.bmp mode=InRace
CAPMODE tag=01_inrace_track.bmp mode=InRace
NAV_DEMO phase=1 01_inrace_track ok=1 depth=1 screen=6 cur=0 nrec=3
RELIGHT_CAP tag=01_inrace_track heading=-0.73813
R5 drive t=5.7s pos=(35.39, 7.00, 15.42) speed=433.05
CAPMODE tag=01_action.bmp mode=InRace
NAV_DEMO phase=1 01_action ok=1 depth=1 screen=6 cur=0 nrec=3
RELIGHT_CAP tag=01_action heading=-0.73813
CAPMODE tag=02_back_to_menu.bmp mode=Frontend
NAV_DEMO phase=2 02_back_to_menu ok=1 depth=1 screen=6 cur=0 nrec=3
NAV_DEMO phase=3 race-demo done ok=1 depth=1 screen=6 cur=0 nrec=3
