  [keep-awake] display-sleep suppressed + wake nudge sent
=== scenario_launch  pid=38748  track=0 mode=10 cars=4 ===
  attaching ASAP...
  [agent] ready
    phase=0  (waiting for menu (phase 1))
    phase=1  (waiting for menu (phase 1))
  [setup] set track=0 mode=10 cars=4 car=0 rule=0 team=0
  [statediff] statediff armed (tick 0x004c1be0, car 1, rec@0x8822a4)
  [statediff] aistep armed (FUN_00416250 @0x00416250)
  [launch] poke DAT_00771968 = 2 -> 1
    phase=2  (waiting for race running (phase 3))
    phase=3  (waiting for race running (phase 3))

  *** RACE RUNNING (phase 3) ***
  [ctrl-slots] ctrl slot table was [0,0,0,0] -> [0,1,2,3]
  car spawn fired: 12   grounded=4  airflag=0
  vel=[0, 0, 0]  fwd=[-8.742277657347586e-08, 0, -1]

  VERDICT: launcher reached a running race and spawned a car. [OK]

  racing 60s — pulsing control 4 (confirm/accel) to skip the start intro + continue rounds...

  [peek] +0.0s {"008989b0":0,"008989b4":1.5534236431121826,"008989b8":1.833030343055725,"008989bc":2.7495455741882324}

  [peek] +3.6s {"008989b0":0,"008989b4":1.5534236431121826,"008989b8":1.833030343055725,"008989bc":2.7495455741882324}

    +  4s  ph=3  spawnFired=12  p0.grounded=4 airflag=0  vel=[0, 0, 0]   
  [peek] +7.6s {"008989b0":0,"008989b4":1.5534236431121826,"008989b8":1.833030343055725,"008989bc":2.7495455741882324}

    +  9s  ph=3  spawnFired=12  p0.grounded=4 airflag=0  vel=[0, 0, 0]   
  [peek] +11.6s {"008989b0":0,"008989b4":1.5534236431121826,"008989b8":1.833030343055725,"008989bc":2.7495455741882324}

    + 14s  ph=3  spawnFired=12  p0.grounded=4 airflag=0  vel=[0, 0, 0]   
  [peek] +15.2s {"008989b0":0,"008989b4":1.5534236431121826,"008989b8":1.833030343055725,"008989bc":2.7495455741882324}

  [peek] +18.8s {"008989b0":4.107919216156006,"008989b4":0,"008989b8":3.778888702392578,"008989bc":2.0976178646087646}

    + 19s  ph=3  spawnFired=12  p0.grounded=4 airflag=0  vel=[-63.9, -0.0, -1037.1]   
  [peek] +22.4s {"008989b0":10.043903350830078,"008989b4":2.9201884269714355,"008989b8":0,"008989bc":1.3695346117019653}

    + 24s  ph=3  spawnFired=12  p0.grounded=4 airflag=0  vel=[-0.5, 0, -37.8]   
  [peek] +26.0s {"008989b0":10.043903350830078,"008989b4":2.9201884269714355,"008989b8":0,"008989bc":1.3695346117019653}
