i=0 j=2 pass=0 ret=0 cI=(0.5009,0.4748,-2.0025) cJ=(1.0691,0.5016,-1.2487) radSum=1.0170 noopp=0
i=0 j=2 pass=0 ret=0 cI=(0.5009,0.4748,-2.0025) cJ=(1.0691,0.5016,-1.2487) radSum=1.0170 noopp=0
i=0 j=2 pass=0 ret=0 cI=(0.5009,0.4748,-2.0025) cJ=(1.0573,0.4984,-1.3533) radSum=1.0170 noopp=0
i=0 j=2 pass=0 ret=0 cI=(0.5009,0.4748,-2.0025) cJ=(1.0573,0.4984,-1.3533) radSum=1.0170 noopp=0
i=0 j=2 pass=0 ret=0 cI=(0.5009,0.4748,-2.0025) cJ=(1.0447,0.4951,-1.4590) radSum=1.0170 noopp=0
i=0 j=2 pass=0 ret=0 cI=(0.5009,0.4748,-2.0025) cJ=(1.0447,0.4951,-1.4590) radSum=1.0170 noopp=0
i=0 j=2 pass=0 ret=0 cI=(0.5009,0.4748,-2.0025) cJ=(1.0314,0.4918,-1.5658) radSum=1.0170 noopp=0
i=0 j=2 pass=0 ret=0 cI=(0.5009,0.4748,-2.0025) cJ=(1.0314,0.4918,-1.5658) radSum=1.0170 noopp=0
i=0 j=2 pass=0 ret=0 cI=(0.5009,0.4748,-2.0025) cJ=(1.0173,0.4885,-1.6736) radSum=1.0170 noopp=0
i=0 j=2 pass=0 ret=0 cI=(0.5009,0.4748,-2.0025) cJ=(1.0173,0.4885,-1.6736) radSum=1.0170 noopp=0
i=0 j=2 pass=0 ret=1 cI=(0.5009,0.4748,-2.0025) cJ=(1.0024,0.4851,-1.7826) radSum=1.0170 noopp=0
i=0 j=2 pass=1 ret=0 cI=(0.4917,0.4748,-2.0275) cJ=(1.0024,0.4851,-1.7826) radSum=1.0170 noopp=0
i=0 j=2 pass=0 ret=0 cI=(0.4824,0.4748,-2.0524) cJ=(1.0024,0.4851,-1.7826) radSum=1.0170 noopp=0
i=0 j=2 pass=0 ret=0 cI=(0.4747,0.4733,-2.0774) cJ=(0.9869,0.4817,-1.8926) radSum=1.0170 noopp=0
i=0 j=2 pass=0 ret=0 cI=(0.4670,0.4733,-2.1025) cJ=(0.9869,0.4817,-1.8926) radSum=1.0170 noopp=0
i=0 j=2 pass=0 ret=0 cI=(0.4606,0.4717,-2.1274) cJ=(0.9707,0.4783,-2.0036) radSum=1.0170 noopp=0
i=0 j=2 pass=0 ret=0 cI=(0.4542,0.4717,-2.1523) cJ=(0.9707,0.4783,-2.0036) radSum=1.0170 noopp=0
i=0 j=2 pass=0 ret=0 cI=(0.4489,0.4701,-2.1771) cJ=(0.9538,0.4748,-2.1157) radSum=1.0170 noopp=0
i=0 j=2 pass=0 ret=0 cI=(0.4435,0.4701,-2.2020) cJ=(0.9538,0.4748,-2.1157) radSum=1.0170 noopp=0
i=0 j=2 pass=0 ret=0 cI=(0.4390,0.4686,-2.2268) cJ=(0.9363,0.4713,-2.2288) radSum=1.0170 noopp=0
i=0 j=2 pass=0 ret=0 cI=(0.4345,0.4686,-2.2515) cJ=(0.9363,0.4713,-2.2288) radSum=1.0170 noopp=0
i=0 j=2 pass=0 ret=1 cI=(0.4307,0.4670,-2.2762) cJ=(0.9181,0.4677,-2.3429) radSum=1.0170 noopp=0
i=0 j=2 pass=1 ret=0 cI=(0.4241,0.4670,-2.2884) cJ=(0.9181,0.4677,-2.3429) radSum=1.0170 noopp=0
i=0 j=2 pass=0 ret=0 cI=(0.4136,0.4670,-2.3253) cJ=(0.9181,0.4677,-2.3429) radSum=1.0170 noopp=0
i=0 j=2 pass=0 ret=0 cI=(0.4046,0.4647,-2.3622) cJ=(0.8994,0.4642,-2.4580) radSum=1.0170 noopp=0
i=0 j=2 pass=0 ret=0 cI=(0.3955,0.4647,-2.3990) cJ=(0.8994,0.4642,-2.4580) radSum=1.0170 noopp=0
i=0 j=2 pass=0 ret=0 cI=(0.3877,0.4624,-2.4357) cJ=(0.8801,0.4606,-2.5740) radSum=1.0170 noopp=0
i=0 j=2 pass=0 ret=0 cI=(0.3798,0.4624,-2.4724) cJ=(0.8801,0.4606,-2.5740) radSum=1.0170 noopp=0
i=0 j=2 pass=0 ret=0 cI=(0.3728,0.4601,-2.5089) cJ=(0.8603,0.4570,-2.6911) radSum=1.0170 noopp=0
i=0 j=2 pass=0 ret=0 cI=(0.3658,0.4601,-2.5454) cJ=(0.8603,0.4570,-2.6911) radSum=1.0170 noopp=0
i=0 j=2 pass=0 ret=0 cI=(0.3595,0.4579,-2.5817) cJ=(0.8400,0.4533,-2.8090) radSum=1.0170 noopp=0
i=0 j=2 pass=0 ret=0 cI=(0.3531,0.4579,-2.6181) cJ=(0.8400,0.4533,-2.8090) radSum=1.0170 noopp=0
i=0 j=2 pass=0 ret=0 cI=(0.3472,0.4556,-2.6542) cJ=(0.8191,0.4496,-2.9279) radSum=1.0170 noopp=0
i=0 j=2 pass=0 ret=0 cI=(0.3413,0.4556,-2.6904) cJ=(0.8191,0.4496,-2.9279) radSum=1.0170 noopp=0
i=0 j=2 pass=0 ret=0 cI=(0.3357,0.4533,-2.7263) cJ=(0.7978,0.4459,-3.0478) radSum=1.0170 noopp=0
i=0 j=2 pass=0 ret=0 cI=(0.3301,0.4533,-2.7623) cJ=(0.7978,0.4459,-3.0478) radSum=1.0170 noopp=0
i=0 j=2 pass=0 ret=0 cI=(0.3246,0.4511,-2.7980) cJ=(0.7760,0.4422,-3.1685) radSum=1.0170 noopp=0
i=0 j=2 pass=0 ret=0 cI=(0.3191,0.4511,-2.8337) cJ=(0.7760,0.4422,-3.1685) radSum=1.0170 noopp=0
i=0 j=2 pass=0 ret=0 cI=(0.3137,0.4488,-2.8692) cJ=(0.7539,0.4384,-3.2901) radSum=1.0170 noopp=0
i=0 j=2 pass=0 ret=0 cI=(0.3082,0.4488,-2.9047) cJ=(0.7539,0.4384,-3.2901) radSum=1.0170 noopp=0
i=0 j=2 pass=0 ret=0 cI=(0.3028,0.4466,-2.9400) cJ=(0.7314,0.4346,-3.4127) radSum=1.0170 noopp=0
i=0 j=2 pass=0 ret=0 cI=(0.2973,0.4466,-2.9753) cJ=(0.7314,0.4346,-3.4127) radSum=1.0170 noopp=0
i=0 j=2 pass=0 ret=0 cI=(0.2918,0.4444,-3.0103) cJ=(0.7087,0.4308,-3.5361) radSum=1.0170 noopp=0
i=0 j=2 pass=0 ret=0 cI=(0.2863,0.4444,-3.0454) cJ=(0.7087,0.4308,-3.5361) radSum=1.0170 noopp=0
i=0 j=2 pass=0 ret=0 cI=(0.2807,0.4422,-3.0802) cJ=(0.6859,0.4269,-3.6605) radSum=1.0170 noopp=0
i=0 j=2 pass=0 ret=0 cI=(0.2751,0.4422,-3.1150) cJ=(0.6859,0.4269,-3.6605) radSum=1.0170 noopp=0
i=0 j=2 pass=0 ret=0 cI=(0.2694,0.4401,-3.1495) cJ=(0.6629,0.4230,-3.7857) radSum=1.0170 noopp=0
i=0 j=2 pass=0 ret=0 cI=(0.2636,0.4401,-3.1841) cJ=(0.6629,0.4230,-3.7857) radSum=1.0170 noopp=0
i=0 j=2 pass=0 ret=0 cI=(0.2577,0.4379,-3.2184) cJ=(0.6396,0.4191,-3.9118) radSum=1.0170 noopp=0
i=0 j=3 pass=0 ret=0 cI=(0.2577,0.4379,-3.2184) cJ=(-0.6778,0.4526,-2.8419) radSum=1.0170 noopp=0
i=0 j=2 pass=0 ret=0 cI=(0.2519,0.4379,-3.2527) cJ=(0.6396,0.4191,-3.9118) radSum=1.0170 noopp=0
i=0 j=3 pass=0 ret=0 cI=(0.2519,0.4379,-3.2527) cJ=(-0.6778,0.4526,-2.8419) radSum=1.0170 noopp=0
i=0 j=2 pass=0 ret=0 cI=(0.2458,0.4358,-3.2867) cJ=(0.6161,0.4152,-4.0387) radSum=1.0170 noopp=0
i=0 j=3 pass=0 ret=0 cI=(0.2458,0.4358,-3.2867) cJ=(-0.6901,0.4486,-2.9707) radSum=1.0170 noopp=0
i=0 j=2 pass=0 ret=0 cI=(0.2398,0.4358,-3.3208) cJ=(0.6161,0.4152,-4.0387) radSum=1.0170 noopp=0
i=0 j=3 pass=0 ret=0 cI=(0.2398,0.4358,-3.3208) cJ=(-0.6901,0.4486,-2.9707) radSum=1.0170 noopp=0
i=0 j=2 pass=0 ret=0 cI=(0.2336,0.4336,-3.3546) cJ=(0.5924,0.4113,-4.1664) radSum=1.0170 noopp=0
i=0 j=3 pass=0 ret=0 cI=(0.2336,0.4336,-3.3546) cJ=(-0.7026,0.4446,-3.1002) radSum=1.0170 noopp=0
i=0 j=2 pass=0 ret=0 cI=(0.2274,0.4336,-3.3884) cJ=(0.5924,0.4113,-4.1664) radSum=1.0170 noopp=0
i=0 j=3 pass=0 ret=0 cI=(0.2274,0.4336,-3.3884) cJ=(-0.7026,0.4446,-3.1002) radSum=1.0170 noopp=0
i=0 j=2 pass=0 ret=0 cI=(0.2211,0.4315,-3.4220) cJ=(0.5686,0.4076,-4.2950) radSum=1.0170 noopp=0
i=0 j=3 pass=0 ret=0 cI=(0.2211,0.4315,-3.4220) cJ=(-0.7154,0.4405,-3.2306) radSum=1.0170 noopp=0
i=0 j=2 pass=0 ret=0 cI=(0.2148,0.4315,-3.4556) cJ=(0.5686,0.4076,-4.2950) radSum=1.0170 noopp=0
i=0 j=3 pass=0 ret=0 cI=(0.2148,0.4315,-3.4556) cJ=(-0.7154,0.4405,-3.2306) radSum=1.0170 noopp=0
i=0 j=2 pass=0 ret=0 cI=(0.2083,0.4294,-3.4889) cJ=(0.5448,0.4039,-4.4244) radSum=1.0170 noopp=0
i=0 j=3 pass=0 ret=0 cI=(0.2083,0.4294,-3.4889) cJ=(-0.7284,0.4364,-3.3618) radSum=1.0170 noopp=0
i=0 j=2 pass=0 ret=0 cI=(0.2018,0.4294,-3.5222) cJ=(0.5448,0.4039,-4.4244) radSum=1.0170 noopp=0
i=0 j=3 pass=0 ret=0 cI=(0.2018,0.4294,-3.5222) cJ=(-0.7284,0.4364,-3.3618) radSum=1.0170 noopp=0
i=0 j=3 pass=0 ret=0 cI=(0.1952,0.4273,-3.5553) cJ=(-0.7416,0.4323,-3.4938) radSum=1.0170 noopp=0
i=0 j=3 pass=0 ret=0 cI=(0.1886,0.4273,-3.5884) cJ=(-0.7416,0.4323,-3.4938) radSum=1.0170 noopp=0
i=0 j=3 pass=0 ret=0 cI=(0.1818,0.4253,-3.6212) cJ=(-0.7549,0.4282,-3.6265) radSum=1.0170 noopp=0
i=0 j=3 pass=0 ret=0 cI=(0.1751,0.4253,-3.6541) cJ=(-0.7549,0.4282,-3.6265) radSum=1.0170 noopp=0
i=0 j=3 pass=0 ret=0 cI=(0.1682,0.4232,-3.6867) cJ=(-0.7684,0.4241,-3.7601) radSum=1.0170 noopp=0
i=0 j=3 pass=0 ret=0 cI=(0.1613,0.4232,-3.7193) cJ=(-0.7684,0.4241,-3.7601) radSum=1.0170 noopp=0
i=0 j=3 pass=0 ret=0 cI=(0.1543,0.4212,-3.7517) cJ=(-0.7820,0.4199,-3.8943) radSum=1.0170 noopp=0
i=0 j=3 pass=0 ret=0 cI=(0.1473,0.4212,-3.7841) cJ=(-0.7820,0.4199,-3.8943) radSum=1.0170 noopp=0
i=0 j=3 pass=0 ret=0 cI=(0.1402,0.4191,-3.8163) cJ=(-0.7958,0.4157,-4.0293) radSum=1.0170 noopp=0
i=0 j=3 pass=0 ret=0 cI=(0.1331,0.4191,-3.8485) cJ=(-0.7958,0.4157,-4.0293) radSum=1.0170 noopp=0
i=0 j=3 pass=0 ret=0 cI=(0.1258,0.4171,-3.8804) cJ=(-0.8095,0.4116,-4.1651) radSum=1.0170 noopp=0
i=0 j=3 pass=0 ret=0 cI=(0.1186,0.4171,-3.9124) cJ=(-0.8095,0.4116,-4.1651) radSum=1.0170 noopp=0
i=0 j=3 pass=0 ret=0 cI=(0.1113,0.4151,-3.9441) cJ=(-0.8233,0.4076,-4.3015) radSum=1.0170 noopp=0
i=0 j=3 pass=0 ret=0 cI=(0.1040,0.4151,-3.9758) cJ=(-0.8233,0.4076,-4.3015) radSum=1.0170 noopp=0
i=0 j=3 pass=0 ret=0 cI=(0.0892,0.4132,-4.0388) cJ=(-0.8370,0.4034,-4.4387) radSum=1.0170 noopp=0
i=1 j=3 pass=0 ret=1 cI=(-1.2773,0.3314,-6.6564) cJ=(-0.9579,0.3640,-5.7034) radSum=1.0170 noopp=0
i=1 j=3 pass=1 ret=0 cI=(-1.2793,0.3314,-6.6663) cJ=(-0.9579,0.3640,-5.7034) radSum=1.0170 noopp=0
i=1 j=2 pass=0 ret=0 cI=(-1.3463,0.2477,-9.3519) cJ=(-0.3378,0.2524,-9.2740) radSum=1.0170 noopp=0
i=1 j=2 pass=0 ret=0 cI=(-1.3467,0.2426,-9.5156) cJ=(-0.3653,0.2476,-9.4302) radSum=1.0170 noopp=0
i=1 j=2 pass=0 ret=0 cI=(-1.3467,0.2426,-9.5976) cJ=(-0.3653,0.2476,-9.4302) radSum=1.0170 noopp=0
i=1 j=2 pass=0 ret=0 cI=(-1.3467,0.2375,-9.6799) cJ=(-0.3927,0.2427,-9.5871) radSum=1.0170 noopp=0
i=1 j=2 pass=0 ret=0 cI=(-1.3466,0.2375,-9.7622) cJ=(-0.3927,0.2427,-9.5871) radSum=1.0170 noopp=0
i=1 j=2 pass=0 ret=0 cI=(-1.3463,0.2323,-9.8447) cJ=(-0.4200,0.2378,-9.7448) radSum=1.0170 noopp=0
i=1 j=2 pass=0 ret=0 cI=(-1.3461,0.2323,-9.9272) cJ=(-0.4200,0.2378,-9.7448) radSum=1.0170 noopp=0
i=1 j=2 pass=0 ret=0 cI=(-1.3456,0.2272,-10.0100) cJ=(-0.4471,0.2329,-9.9030) radSum=1.0170 noopp=0
i=1 j=2 pass=0 ret=0 cI=(-1.3452,0.2272,-10.0928) cJ=(-0.4471,0.2329,-9.9030) radSum=1.0170 noopp=0
i=1 j=2 pass=0 ret=0 cI=(-1.3446,0.2220,-10.1758) cJ=(-0.4738,0.2279,-10.0620) radSum=1.0170 noopp=0
i=1 j=2 pass=0 ret=0 cI=(-1.3440,0.2220,-10.2588) cJ=(-0.4738,0.2279,-10.0620) radSum=1.0170 noopp=0
i=1 j=2 pass=0 ret=0 cI=(-1.3433,0.2168,-10.3421) cJ=(-0.5003,0.2230,-10.2216) radSum=1.0170 noopp=0
i=1 j=2 pass=0 ret=0 cI=(-1.3426,0.2168,-10.4253) cJ=(-0.5003,0.2230,-10.2216) radSum=1.0170 noopp=0
i=1 j=2 pass=0 ret=0 cI=(-1.3417,0.2116,-10.5089) cJ=(-0.5265,0.2180,-10.3819) radSum=1.0170 noopp=0
i=1 j=2 pass=0 ret=0 cI=(-1.3408,0.2116,-10.5924) cJ=(-0.5265,0.2180,-10.3819) radSum=1.0170 noopp=0
i=1 j=2 pass=0 ret=0 cI=(-1.3397,0.2064,-10.6761) cJ=(-0.5524,0.2130,-10.5427) radSum=1.0170 noopp=0
i=1 j=2 pass=0 ret=0 cI=(-1.3387,0.2064,-10.7598) cJ=(-0.5524,0.2130,-10.5427) radSum=1.0170 noopp=0
i=1 j=2 pass=0 ret=0 cI=(-1.3375,0.2012,-10.8438) cJ=(-0.5779,0.2079,-10.7042) radSum=1.0170 noopp=0
i=1 j=2 pass=0 ret=0 cI=(-1.3363,0.2012,-10.9277) cJ=(-0.5779,0.2079,-10.7042) radSum=1.0170 noopp=0
i=1 j=2 pass=0 ret=0 cI=(-1.3350,0.1959,-11.0119) cJ=(-0.6030,0.2029,-10.8663) radSum=1.0170 noopp=0
i=1 j=2 pass=0 ret=0 cI=(-1.3337,0.1959,-11.0961) cJ=(-0.6030,0.2029,-10.8663) radSum=1.0170 noopp=0
i=1 j=2 pass=0 ret=0 cI=(-1.3322,0.1906,-11.1804) cJ=(-0.6276,0.1978,-11.0291) radSum=1.0170 noopp=0
i=1 j=2 pass=0 ret=0 cI=(-1.3308,0.1906,-11.2648) cJ=(-0.6276,0.1978,-11.0291) radSum=1.0170 noopp=0
i=1 j=2 pass=0 ret=0 cI=(-1.3292,0.1854,-11.3494) cJ=(-0.6516,0.1927,-11.1924) radSum=1.0170 noopp=0
i=1 j=2 pass=0 ret=0 cI=(-1.3276,0.1854,-11.4340) cJ=(-0.6516,0.1927,-11.1924) radSum=1.0170 noopp=0
i=1 j=2 pass=0 ret=0 cI=(-1.3259,0.1801,-11.5188) cJ=(-0.6748,0.1876,-11.3563) radSum=1.0170 noopp=0
i=1 j=2 pass=0 ret=0 cI=(-1.3242,0.1801,-11.6036) cJ=(-0.6748,0.1876,-11.3563) radSum=1.0170 noopp=0
i=1 j=2 pass=0 ret=0 cI=(-1.3224,0.1748,-11.6886) cJ=(-0.6973,0.1825,-11.5208) radSum=1.0170 noopp=0
i=1 j=2 pass=0 ret=0 cI=(-1.3206,0.1748,-11.7736) cJ=(-0.6973,0.1825,-11.5208) radSum=1.0170 noopp=0
i=1 j=2 pass=0 ret=0 cI=(-1.3187,0.1695,-11.8587) cJ=(-0.7191,0.1774,-11.6859) radSum=1.0170 noopp=0
i=1 j=2 pass=0 ret=0 cI=(-1.3168,0.1695,-11.9439) cJ=(-0.7191,0.1774,-11.6859) radSum=1.0170 noopp=0
i=1 j=2 pass=0 ret=0 cI=(-1.3148,0.1641,-12.0293) cJ=(-0.7401,0.1722,-11.8515) radSum=1.0170 noopp=0
i=1 j=2 pass=0 ret=0 cI=(-1.3128,0.1641,-12.1147) cJ=(-0.7401,0.1722,-11.8515) radSum=1.0170 noopp=0
i=1 j=2 pass=0 ret=0 cI=(-1.3107,0.1588,-12.2002) cJ=(-0.7605,0.1670,-12.0177) radSum=1.0170 noopp=0
i=1 j=2 pass=0 ret=0 cI=(-1.3086,0.1588,-12.2858) cJ=(-0.7605,0.1670,-12.0177) radSum=1.0170 noopp=0
i=1 j=2 pass=0 ret=0 cI=(-1.3065,0.1535,-12.3715) cJ=(-0.7800,0.1618,-12.1844) radSum=1.0170 noopp=0
i=1 j=2 pass=0 ret=0 cI=(-1.3043,0.1535,-12.4572) cJ=(-0.7800,0.1618,-12.1844) radSum=1.0170 noopp=0
i=1 j=2 pass=0 ret=0 cI=(-1.3020,0.1481,-12.5431) cJ=(-0.7986,0.1566,-12.3517) radSum=1.0170 noopp=0
i=1 j=2 pass=0 ret=0 cI=(-1.2997,0.1481,-12.6290) cJ=(-0.7986,0.1566,-12.3517) radSum=1.0170 noopp=0
i=1 j=2 pass=0 ret=0 cI=(-1.2974,0.1427,-12.7151) cJ=(-0.8159,0.1514,-12.5194) radSum=1.0170 noopp=0
i=1 j=2 pass=0 ret=0 cI=(-1.2951,0.1427,-12.8012) cJ=(-0.8159,0.1514,-12.5194) radSum=1.0170 noopp=0
i=1 j=2 pass=0 ret=1 cI=(-1.2926,0.1374,-12.8874) cJ=(-0.8315,0.1462,-12.6876) radSum=1.0170 noopp=0
i=1 j=2 pass=1 ret=0 cI=(-1.2979,0.1374,-12.8837) cJ=(-0.8315,0.1462,-12.6876) radSum=1.0170 noopp=0
i=1 j=2 pass=0 ret=0 cI=(-1.3007,0.1374,-12.9662) cJ=(-0.8315,0.1462,-12.6876) radSum=1.0170 noopp=0
i=1 j=2 pass=0 ret=0 cI=(-1.3025,0.1322,-13.0488) cJ=(-0.8451,0.1409,-12.8563) radSum=1.0170 noopp=0
i=1 j=2 pass=0 ret=0 cI=(-1.3044,0.1322,-13.1314) cJ=(-0.8451,0.1409,-12.8563) radSum=1.0170 noopp=0
i=1 j=2 pass=0 ret=1 cI=(-1.3055,0.1270,-13.2116) cJ=(-0.8565,0.1356,-13.0253) radSum=1.0170 noopp=0
i=1 j=2 pass=1 ret=0 cI=(-1.3108,0.1270,-13.2113) cJ=(-0.8565,0.1356,-13.0253) radSum=1.0170 noopp=0
i=1 j=2 pass=0 ret=0 cI=(-1.3172,0.1270,-13.2911) cJ=(-0.8565,0.1356,-13.0253) radSum=1.0170 noopp=0
i=1 j=2 pass=0 ret=0 cI=(-1.3217,0.1221,-13.3711) cJ=(-0.8658,0.1304,-13.1948) radSum=1.0170 noopp=0
i=1 j=2 pass=0 ret=0 cI=(-1.3262,0.1221,-13.4512) cJ=(-0.8658,0.1304,-13.1948) radSum=1.0170 noopp=0
i=1 j=2 pass=0 ret=0 cI=(-1.3297,0.1170,-13.5288) cJ=(-0.8728,0.1251,-13.3646) radSum=1.0170 noopp=0
i=1 j=2 pass=0 ret=0 cI=(-1.3331,0.1170,-13.6064) cJ=(-0.8728,0.1251,-13.3646) radSum=1.0170 noopp=0
i=1 j=2 pass=0 ret=0 cI=(-1.3351,0.1122,-13.6843) cJ=(-0.8775,0.1198,-13.5348) radSum=1.0170 noopp=0
i=1 j=2 pass=0 ret=0 cI=(-1.3372,0.1122,-13.7622) cJ=(-0.8775,0.1198,-13.5348) radSum=1.0170 noopp=0
i=1 j=2 pass=0 ret=0 cI=(-1.3376,0.1073,-13.8403) cJ=(-0.8800,0.1144,-13.7052) radSum=1.0170 noopp=0
i=1 j=2 pass=0 ret=0 cI=(-1.3381,0.1073,-13.9183) cJ=(-0.8800,0.1144,-13.7052) radSum=1.0170 noopp=0
i=1 j=2 pass=0 ret=0 cI=(-1.3369,0.1024,-13.9966) cJ=(-0.8803,0.1091,-13.8758) radSum=1.0170 noopp=0
i=1 j=2 pass=0 ret=0 cI=(-1.3358,0.1024,-14.0748) cJ=(-0.8803,0.1091,-13.8758) radSum=1.0170 noopp=0
i=1 j=2 pass=0 ret=1 cI=(-1.3330,0.0976,-14.1531) cJ=(-0.8783,0.1038,-14.0467) radSum=1.0170 noopp=0
i=1 j=2 pass=1 ret=0 cI=(-1.3379,0.0976,-14.1538) cJ=(-0.8783,0.1038,-14.0467) radSum=1.0170 noopp=0
i=1 j=2 pass=0 ret=0 cI=(-1.3399,0.0976,-14.2328) cJ=(-0.8783,0.1038,-14.0467) radSum=1.0170 noopp=0
i=1 j=2 pass=0 ret=0 cI=(-1.3398,0.0926,-14.3118) cJ=(-0.8741,0.0984,-14.2177) radSum=1.0170 noopp=0
i=1 j=2 pass=0 ret=0 cI=(-1.3396,0.0926,-14.3908) cJ=(-0.8741,0.0984,-14.2177) radSum=1.0170 noopp=0
i=1 j=2 pass=0 ret=0 cI=(-1.3373,0.0877,-14.4698) cJ=(-0.8678,0.0931,-14.3890) radSum=1.0170 noopp=0
i=1 j=2 pass=0 ret=0 cI=(-1.3351,0.0877,-14.5487) cJ=(-0.8678,0.0931,-14.3890) radSum=1.0170 noopp=0
i=1 j=2 pass=0 ret=0 cI=(-1.3314,0.0828,-14.6250) cJ=(-0.8587,0.0878,-14.5602) radSum=1.0170 noopp=0
i=1 j=3 pass=0 ret=1 cI=(-1.3314,0.0828,-14.6250) cJ=(-1.2095,0.1173,-13.6162) radSum=1.0170 noopp=0
i=1 j=2 pass=1 ret=0 cI=(-1.3324,0.0828,-14.6370) cJ=(-0.8587,0.0878,-14.5602) radSum=1.0170 noopp=0
i=1 j=2 pass=0 ret=0 cI=(-1.3297,0.0828,-14.7252) cJ=(-0.8587,0.0878,-14.5602) radSum=1.0170 noopp=0
i=1 j=2 pass=0 ret=0 cI=(-1.3245,0.0773,-14.8135) cJ=(-0.8472,0.0824,-14.7314) radSum=1.0170 noopp=0
i=1 j=2 pass=0 ret=0 cI=(-1.3194,0.0773,-14.9018) cJ=(-0.8472,0.0824,-14.7314) radSum=1.0170 noopp=0
i=1 j=2 pass=0 ret=0 cI=(-1.3120,0.0718,-14.9896) cJ=(-0.8335,0.0771,-14.9027) radSum=1.0170 noopp=0
i=1 j=2 pass=0 ret=0 cI=(-1.3046,0.0718,-15.0774) cJ=(-0.8335,0.0771,-14.9027) radSum=1.0170 noopp=0
i=1 j=2 pass=0 ret=1 cI=(-1.2959,0.0663,-15.1622) cJ=(-0.8174,0.0717,-15.0739) radSum=1.0170 noopp=0
i=1 j=2 pass=1 ret=0 cI=(-1.3010,0.0663,-15.1601) cJ=(-0.8174,0.0717,-15.0739) radSum=1.0170 noopp=0
i=1 j=2 pass=0 ret=0 cI=(-1.3026,0.0663,-15.2395) cJ=(-0.8174,0.0717,-15.0739) radSum=1.0170 noopp=0
i=1 j=2 pass=0 ret=0 cI=(-1.3015,0.0612,-15.3181) cJ=(-0.7996,0.0664,-15.2453) radSum=1.0170 noopp=0
i=1 j=3 pass=0 ret=1 cI=(-1.3015,0.0612,-15.3181) cJ=(-1.1826,0.0956,-14.3107) radSum=1.0170 noopp=0
i=1 j=2 pass=1 ret=0 cI=(-1.3019,0.0612,-15.3293) cJ=(-0.7996,0.0664,-15.2453) radSum=1.0170 noopp=0
i=1 j=2 pass=0 ret=0 cI=(-1.3012,0.0612,-15.4191) cJ=(-0.7996,0.0664,-15.2453) radSum=1.0170 noopp=0
i=1 j=2 pass=0 ret=0 cI=(-1.2989,0.0556,-15.5058) cJ=(-0.7794,0.0610,-15.4164) radSum=1.0170 noopp=0
i=1 j=2 pass=0 ret=0 cI=(-1.2966,0.0556,-15.5926) cJ=(-0.7794,0.0610,-15.4164) radSum=1.0170 noopp=0
i=1 j=2 pass=0 ret=0 cI=(-1.2915,0.0502,-15.6785) cJ=(-0.7573,0.0557,-15.5876) radSum=1.0170 noopp=0
i=1 j=2 pass=0 ret=0 cI=(-1.2865,0.0502,-15.7643) cJ=(-0.7573,0.0557,-15.5876) radSum=1.0170 noopp=0
i=1 j=2 pass=0 ret=0 cI=(-1.2800,0.0448,-15.8470) cJ=(-0.7328,0.0504,-15.7586) radSum=1.0170 noopp=0
i=1 j=2 pass=0 ret=0 cI=(-1.2736,0.0448,-15.9297) cJ=(-0.7328,0.0504,-15.7586) radSum=1.0170 noopp=0
i=1 j=2 pass=0 ret=0 cI=(-1.2643,0.0397,-16.0114) cJ=(-0.7054,0.0450,-15.9292) radSum=1.0170 noopp=0
i=1 j=3 pass=0 ret=1 cI=(-1.2643,0.0397,-16.0114) cJ=(-1.1321,0.0739,-15.0070) radSum=1.0170 noopp=0
i=1 j=2 pass=1 ret=0 cI=(-1.2639,0.0397,-16.0208) cJ=(-0.7054,0.0450,-15.9292) radSum=1.0170 noopp=0
i=1 j=2 pass=0 ret=0 cI=(-1.2541,0.0397,-16.1120) cJ=(-0.7054,0.0450,-15.9292) radSum=1.0170 noopp=0
i=1 j=2 pass=0 ret=0 cI=(-1.2415,0.0340,-16.2023) cJ=(-0.6761,0.0397,-16.0997) radSum=1.0170 noopp=0
i=1 j=2 pass=0 ret=0 cI=(-1.2289,0.0340,-16.2925) cJ=(-0.6761,0.0397,-16.0997) radSum=1.0170 noopp=0
i=1 j=2 pass=0 ret=0 cI=(-1.2138,0.0284,-16.3815) cJ=(-0.6444,0.0344,-16.2699) radSum=1.0170 noopp=0
i=1 j=2 pass=0 ret=0 cI=(-1.1986,0.0284,-16.4705) cJ=(-0.6444,0.0344,-16.2699) radSum=1.0170 noopp=0
i=1 j=2 pass=0 ret=0 cI=(-1.1824,0.0228,-16.5560) cJ=(-0.6098,0.0291,-16.4399) radSum=1.0170 noopp=0
i=1 j=2 pass=0 ret=0 cI=(-1.1661,0.0228,-16.6416) cJ=(-0.6098,0.0291,-16.4399) radSum=1.0170 noopp=0
i=1 j=2 pass=0 ret=0 cI=(-1.1472,0.0175,-16.7258) cJ=(-0.5723,0.0238,-16.6096) radSum=1.0170 noopp=0
i=1 j=2 pass=0 ret=0 cI=(-1.1282,0.0175,-16.8101) cJ=(-0.5723,0.0238,-16.6096) radSum=1.0170 noopp=0
i=1 j=2 pass=0 ret=0 cI=(-1.1065,0.0122,-16.8931) cJ=(-0.5317,0.0185,-16.7789) radSum=1.0170 noopp=0
i=1 j=2 pass=0 ret=0 cI=(-1.0848,0.0122,-16.9761) cJ=(-0.5317,0.0185,-16.7789) radSum=1.0170 noopp=0
i=1 j=2 pass=0 ret=0 cI=(-1.0606,0.0070,-17.0578) cJ=(-0.4889,0.0132,-16.9481) radSum=1.0170 noopp=0
i=1 j=3 pass=0 ret=0 cI=(-1.0606,0.0070,-17.0578) cJ=(-0.9869,0.0414,-16.0497) radSum=1.0170 noopp=0
i=1 j=2 pass=0 ret=0 cI=(-1.0363,0.0070,-17.1396) cJ=(-0.4889,0.0132,-16.9481) radSum=1.0170 noopp=0
i=1 j=2 pass=0 ret=0 cI=(-1.0096,0.0019,-17.2201) cJ=(-0.4439,0.0079,-17.1172) radSum=1.0170 noopp=0
i=1 j=3 pass=0 ret=0 cI=(-1.0096,0.0019,-17.2201) cJ=(-0.9541,0.0359,-16.2233) radSum=1.0170 noopp=0
i=1 j=2 pass=0 ret=0 cI=(-0.9828,0.0019,-17.3006) cJ=(-0.4439,0.0079,-17.1172) radSum=1.0170 noopp=0
i=1 j=2 pass=0 ret=0 cI=(-0.9537,-0.0031,-17.3798) cJ=(-0.3974,0.0026,-17.2863) radSum=1.0170 noopp=0
i=1 j=3 pass=0 ret=0 cI=(-0.9537,-0.0031,-17.3798) cJ=(-0.9186,0.0305,-16.3967) radSum=1.0170 noopp=0
i=1 j=2 pass=0 ret=0 cI=(-0.9245,-0.0031,-17.4590) cJ=(-0.3974,0.0026,-17.2863) radSum=1.0170 noopp=0
i=1 j=2 pass=0 ret=1 cI=(-0.8929,-0.0080,-17.5370) cJ=(-0.3492,-0.0026,-17.4555) radSum=1.0170 noopp=0
i=1 j=3 pass=1 ret=0 cI=(-0.8929,-0.0080,-17.5370) cJ=(-0.8803,0.0251,-16.5696) radSum=1.0170 noopp=0
i=1 j=2 pass=1 ret=0 cI=(-0.8964,-0.0080,-17.5477) cJ=(-0.3492,-0.0026,-17.4555) radSum=1.0170 noopp=0
i=1 j=3 pass=1 ret=0 cI=(-0.8964,-0.0080,-17.5477) cJ=(-0.8803,0.0251,-16.5696) radSum=1.0170 noopp=0
i=1 j=2 pass=0 ret=1 cI=(-0.8756,-0.0080,-17.6307) cJ=(-0.3492,-0.0026,-17.4555) radSum=1.0170 noopp=0
i=1 j=2 pass=1 ret=0 cI=(-0.8814,-0.0080,-17.6296) cJ=(-0.3492,-0.0026,-17.4555) radSum=1.0170 noopp=0
i=1 j=2 pass=0 ret=1 cI=(-0.8642,-0.0133,-17.7100) cJ=(-0.3000,-0.0079,-17.6249) radSum=1.0170 noopp=0
i=1 j=3 pass=1 ret=0 cI=(-0.8642,-0.0133,-17.7100) cJ=(-0.8388,0.0197,-16.7420) radSum=1.0170 noopp=0
i=1 j=2 pass=1 ret=0 cI=(-0.8692,-0.0133,-17.7121) cJ=(-0.3000,-0.0079,-17.6249) radSum=1.0170 noopp=0
i=1 j=3 pass=1 ret=0 cI=(-0.8692,-0.0133,-17.7121) cJ=(-0.8388,0.0197,-16.7420) radSum=1.0170 noopp=0
i=1 j=2 pass=0 ret=0 cI=(-0.8570,-0.0133,-17.7947) cJ=(-0.3000,-0.0079,-17.6249) radSum=1.0170 noopp=0
i=1 j=2 pass=0 ret=0 cI=(-0.8447,-0.0185,-17.8745) cJ=(-0.2493,-0.0132,-17.7942) radSum=1.0170 noopp=0
i=1 j=3 pass=0 ret=0 cI=(-0.8447,-0.0185,-17.8745) cJ=(-0.7941,0.0143,-16.9137) radSum=1.0170 noopp=0
i=1 j=2 pass=0 ret=0 cI=(-0.8323,-0.0185,-17.9542) cJ=(-0.2493,-0.0132,-17.7942) radSum=1.0170 noopp=0
i=1 j=2 pass=0 ret=0 cI=(-0.8180,-0.0235,-18.0326) cJ=(-0.1963,-0.0185,-17.9630) radSum=1.0170 noopp=0
i=1 j=3 pass=0 ret=0 cI=(-0.8180,-0.0235,-18.0326) cJ=(-0.7459,0.0090,-17.0845) radSum=1.0170 noopp=0
i=1 j=2 pass=0 ret=0 cI=(-0.8037,-0.0235,-18.1110) cJ=(-0.1963,-0.0185,-17.9630) radSum=1.0170 noopp=0
i=1 j=2 pass=0 ret=0 cI=(-0.7892,-0.0193,-18.1865) cJ=(-0.1403,-0.0237,-18.1310) radSum=1.0170 noopp=0
i=1 j=3 pass=0 ret=0 cI=(-0.7892,-0.0193,-18.1865) cJ=(-0.6944,0.0037,-17.2544) radSum=1.0170 noopp=0
i=1 j=2 pass=0 ret=0 cI=(-0.7747,-0.0193,-18.2620) cJ=(-0.1403,-0.0237,-18.1310) radSum=1.0170 noopp=0
i=1 j=3 pass=0 ret=0 cI=(-0.7747,-0.0193,-18.2620) cJ=(-0.6944,0.0037,-17.2544) radSum=1.0170 noopp=0
i=1 j=2 pass=0 ret=0 cI=(-0.7581,-0.0117,-18.3359) cJ=(-0.0811,-0.0183,-18.2978) radSum=1.0170 noopp=0
i=1 j=3 pass=0 ret=0 cI=(-0.7581,-0.0117,-18.3359) cJ=(-0.6394,-0.0016,-17.4233) radSum=1.0170 noopp=0
i=1 j=2 pass=0 ret=0 cI=(-0.7415,-0.0117,-18.4098) cJ=(-0.0811,-0.0183,-18.2978) radSum=1.0170 noopp=0
i=1 j=3 pass=0 ret=0 cI=(-0.7415,-0.0117,-18.4098) cJ=(-0.6394,-0.0016,-17.4233) radSum=1.0170 noopp=0
i=1 j=2 pass=0 ret=0 cI=(-0.7247,-0.0052,-18.4807) cJ=(-0.0183,-0.0099,-18.4634) radSum=1.0170 noopp=0
i=1 j=3 pass=0 ret=0 cI=(-0.7247,-0.0052,-18.4807) cJ=(-0.5811,-0.0069,-17.5911) radSum=1.0170 noopp=0
i=1 j=2 pass=0 ret=0 cI=(-0.7078,-0.0052,-18.5515) cJ=(-0.0183,-0.0099,-18.4634) radSum=1.0170 noopp=0
i=1 j=3 pass=0 ret=0 cI=(-0.7078,-0.0052,-18.5515) cJ=(-0.5811,-0.0069,-17.5911) radSum=1.0170 noopp=0
i=1 j=2 pass=0 ret=0 cI=(-0.6887,-0.0016,-18.6206) cJ=(0.0485,-0.0015,-18.6271) radSum=1.0170 noopp=0
i=1 j=3 pass=0 ret=0 cI=(-0.6887,-0.0016,-18.6206) cJ=(-0.5193,-0.0121,-17.7576) radSum=1.0170 noopp=0
i=1 j=2 pass=0 ret=0 cI=(-0.6696,-0.0016,-18.6896) cJ=(0.0485,-0.0015,-18.6271) radSum=1.0170 noopp=0
i=1 j=3 pass=0 ret=0 cI=(-0.6696,-0.0016,-18.6896) cJ=(-0.5193,-0.0121,-17.7576) radSum=1.0170 noopp=0
i=1 j=2 pass=0 ret=0 cI=(-0.6482,0.0020,-18.7568) cJ=(0.1163,0.0061,-18.7841) radSum=1.0170 noopp=0
i=1 j=3 pass=0 ret=0 cI=(-0.6482,0.0020,-18.7568) cJ=(-0.4541,-0.0173,-17.9229) radSum=1.0170 noopp=0
i=1 j=2 pass=0 ret=0 cI=(-0.6268,0.0020,-18.8240) cJ=(0.1163,0.0061,-18.7841) radSum=1.0170 noopp=0
i=1 j=3 pass=0 ret=0 cI=(-0.6268,0.0020,-18.8240) cJ=(-0.4541,-0.0173,-17.9229) radSum=1.0170 noopp=0
i=1 j=2 pass=0 ret=0 cI=(-0.6032,0.0056,-18.8894) cJ=(0.1851,0.0104,-18.9345) radSum=1.0170 noopp=0
i=1 j=3 pass=0 ret=0 cI=(-0.6032,0.0056,-18.8894) cJ=(-0.3855,-0.0225,-18.0868) radSum=1.0170 noopp=0
i=1 j=2 pass=0 ret=0 cI=(-0.5796,0.0056,-18.9547) cJ=(0.1851,0.0104,-18.9345) radSum=1.0170 noopp=0
i=1 j=3 pass=0 ret=0 cI=(-0.5796,0.0056,-18.9547) cJ=(-0.3855,-0.0225,-18.0868) radSum=1.0170 noopp=0
i=1 j=2 pass=0 ret=0 cI=(-0.5538,0.0091,-19.0181) cJ=(0.2583,0.0146,-19.0826) radSum=1.0170 noopp=0
i=1 j=3 pass=0 ret=0 cI=(-0.5538,0.0091,-19.0181) cJ=(-0.3136,-0.0205,-18.2492) radSum=1.0170 noopp=0
i=1 j=2 pass=0 ret=0 cI=(-0.5279,0.0091,-19.0815) cJ=(0.2583,0.0146,-19.0826) radSum=1.0170 noopp=0
i=1 j=3 pass=0 ret=0 cI=(-0.5279,0.0091,-19.0815) cJ=(-0.3136,-0.0205,-18.2492) radSum=1.0170 noopp=0
i=1 j=2 pass=0 ret=0 cI=(-0.4999,0.0125,-19.1430) cJ=(0.3344,0.0187,-19.2295) radSum=1.0170 noopp=0
i=1 j=3 pass=0 ret=0 cI=(-0.4999,0.0125,-19.1430) cJ=(-0.2383,-0.0123,-18.4100) radSum=1.0170 noopp=0
i=1 j=2 pass=0 ret=0 cI=(-0.4719,0.0125,-19.2045) cJ=(0.3344,0.0187,-19.2295) radSum=1.0170 noopp=0
i=1 j=3 pass=0 ret=0 cI=(-0.4719,0.0125,-19.2045) cJ=(-0.2383,-0.0123,-18.4100) radSum=1.0170 noopp=0
i=1 j=2 pass=0 ret=0 cI=(-0.4417,0.0159,-19.2639) cJ=(0.4125,0.0228,-19.3761) radSum=1.0170 noopp=0
i=1 j=3 pass=0 ret=0 cI=(-0.4417,0.0159,-19.2639) cJ=(-0.1597,-0.0042,-18.5691) radSum=1.0170 noopp=0
i=1 j=2 pass=0 ret=0 cI=(-0.4115,0.0159,-19.3234) cJ=(0.4125,0.0228,-19.3761) radSum=1.0170 noopp=0
i=1 j=3 pass=0 ret=0 cI=(-0.4115,0.0159,-19.3234) cJ=(-0.1597,-0.0042,-18.5691) radSum=1.0170 noopp=0
i=1 j=2 pass=0 ret=0 cI=(-0.3791,0.0193,-19.3808) cJ=(0.4919,0.0270,-19.5228) radSum=1.0170 noopp=0
i=1 j=3 pass=0 ret=0 cI=(-0.3791,0.0193,-19.3808) cJ=(-0.0778,0.0031,-18.7265) radSum=1.0170 noopp=0
i=1 j=2 pass=0 ret=0 cI=(-0.3468,0.0193,-19.4382) cJ=(0.4919,0.0270,-19.5228) radSum=1.0170 noopp=0
i=1 j=3 pass=0 ret=0 cI=(-0.3468,0.0193,-19.4382) cJ=(-0.0778,0.0031,-18.7265) radSum=1.0170 noopp=0
i=1 j=2 pass=0 ret=0 cI=(-0.3122,0.0225,-19.4936) cJ=(0.5729,0.0311,-19.6692) radSum=1.0170 noopp=0
i=1 j=3 pass=0 ret=0 cI=(-0.3122,0.0225,-19.4936) cJ=(0.0074,0.0075,-18.8821) radSum=1.0170 noopp=0
i=1 j=2 pass=0 ret=0 cI=(-0.2777,0.0225,-19.5490) cJ=(0.5729,0.0311,-19.6692) radSum=1.0170 noopp=0
i=1 j=3 pass=0 ret=0 cI=(-0.2777,0.0225,-19.5490) cJ=(0.0074,0.0075,-18.8821) radSum=1.0170 noopp=0
i=1 j=2 pass=0 ret=0 cI=(-0.2410,0.0257,-19.6023) cJ=(0.6561,0.0352,-19.8149) radSum=1.0170 noopp=0
i=1 j=3 pass=0 ret=0 cI=(-0.2410,0.0257,-19.6023) cJ=(0.0959,0.0119,-19.0357) radSum=1.0170 noopp=0
i=1 j=2 pass=0 ret=0 cI=(-0.2044,0.0257,-19.6556) cJ=(0.6561,0.0352,-19.8149) radSum=1.0170 noopp=0
i=1 j=3 pass=0 ret=0 cI=(-0.2044,0.0257,-19.6556) cJ=(0.0959,0.0119,-19.0357) radSum=1.0170 noopp=0
i=1 j=2 pass=0 ret=1 cI=(-0.1656,0.0289,-19.7068) cJ=(0.7422,0.0375,-19.9592) radSum=1.0170 noopp=0
i=1 j=3 pass=1 ret=0 cI=(-0.1656,0.0289,-19.7068) cJ=(0.1876,0.0163,-19.1873) radSum=1.0170 noopp=0
i=1 j=2 pass=1 ret=0 cI=(-0.1662,0.0289,-19.7168) cJ=(0.7422,0.0375,-19.9592) radSum=1.0170 noopp=0
i=1 j=3 pass=1 ret=0 cI=(-0.1662,0.0289,-19.7168) cJ=(0.1876,0.0163,-19.1873) radSum=1.0170 noopp=0
i=1 j=2 pass=0 ret=0 cI=(-0.1317,0.0289,-19.7827) cJ=(0.7422,0.0375,-19.9592) radSum=1.0170 noopp=0
i=1 j=3 pass=0 ret=0 cI=(-0.1317,0.0289,-19.7827) cJ=(0.1876,0.0163,-19.1873) radSum=1.0170 noopp=0
i=1 j=2 pass=0 ret=1 cI=(-0.0952,0.0325,-19.8468) cJ=(0.8313,0.0375,-20.1019) radSum=1.0170 noopp=0
i=1 j=3 pass=1 ret=0 cI=(-0.0952,0.0325,-19.8468) cJ=(0.2826,0.0207,-19.3366) radSum=1.0170 noopp=0
i=1 j=2 pass=1 ret=0 cI=(-0.0983,0.0325,-19.8526) cJ=(0.8313,0.0375,-20.1019) radSum=1.0170 noopp=0
i=1 j=3 pass=1 ret=0 cI=(-0.0983,0.0325,-19.8526) cJ=(0.2826,0.0207,-19.3366) radSum=1.0170 noopp=0
i=1 j=2 pass=0 ret=0 cI=(-0.0684,0.0325,-19.9274) cJ=(0.8313,0.0375,-20.1019) radSum=1.0170 noopp=0
i=1 j=3 pass=0 ret=0 cI=(-0.0684,0.0325,-19.9274) cJ=(0.2826,0.0207,-19.3366) radSum=1.0170 noopp=0
i=1 j=2 pass=0 ret=1 cI=(-0.0377,0.0364,-20.0014) cJ=(0.9237,0.0375,-20.2424) radSum=1.0170 noopp=0
i=1 j=3 pass=1 ret=0 cI=(-0.0377,0.0364,-20.0014) cJ=(0.3808,0.0250,-19.4836) radSum=1.0170 noopp=0
i=1 j=2 pass=1 ret=0 cI=(-0.0422,0.0364,-20.0051) cJ=(0.9237,0.0375,-20.2424) radSum=1.0170 noopp=0
i=1 j=3 pass=1 ret=0 cI=(-0.0422,0.0364,-20.0051) cJ=(0.3808,0.0250,-19.4836) radSum=1.0170 noopp=0
i=1 j=2 pass=0 ret=0 cI=(-0.0193,0.0364,-20.0879) cJ=(0.9237,0.0375,-20.2424) radSum=1.0170 noopp=0
i=1 j=3 pass=0 ret=0 cI=(-0.0193,0.0364,-20.0879) cJ=(0.3808,0.0250,-19.4836) radSum=1.0170 noopp=0
i=1 j=3 pass=0 ret=0 cI=(0.0025,0.0375,-20.1690) cJ=(0.4824,0.0293,-19.6281) radSum=1.0170 noopp=0
i=1 j=2 pass=0 ret=0 cI=(0.0243,0.0375,-20.2502) cJ=(1.0195,0.0375,-20.3805) radSum=1.0170 noopp=0
i=1 j=3 pass=0 ret=0 cI=(0.0243,0.0375,-20.2502) cJ=(0.4824,0.0293,-19.6281) radSum=1.0170 noopp=0
i=2 j=3 pass=0 ret=0 cI=(1.0692,0.0375,-20.4481) cJ=(0.4824,0.0293,-19.6281) radSum=1.0170 noopp=0
i=1 j=3 pass=0 ret=0 cI=(0.0450,0.0375,-20.3295) cJ=(0.5871,0.0335,-19.7701) radSum=1.0170 noopp=0
i=1 j=3 pass=0 ret=0 cI=(0.0656,0.0375,-20.4089) cJ=(0.5871,0.0335,-19.7701) radSum=1.0170 noopp=0
i=2 j=3 pass=0 ret=1 cI=(1.1701,0.0375,-20.5819) cJ=(0.5871,0.0335,-19.7701) radSum=1.0170 noopp=0
i=2 j=3 pass=1 ret=0 cI=(1.1748,0.0375,-20.5899) cJ=(0.5871,0.0335,-19.7701) radSum=1.0170 noopp=0
i=1 j=3 pass=0 ret=0 cI=(0.0852,0.0375,-20.4867) cJ=(0.6951,0.0375,-19.9094) radSum=1.0170 noopp=0
i=1 j=3 pass=0 ret=0 cI=(0.1047,0.0375,-20.5644) cJ=(0.6951,0.0375,-19.9094) radSum=1.0170 noopp=0
i=1 j=3 pass=0 ret=0 cI=(0.1232,0.0375,-20.6406) cJ=(0.8061,0.0375,-20.0459) radSum=1.0170 noopp=0
i=1 j=3 pass=0 ret=0 cI=(0.1416,0.0375,-20.7167) cJ=(0.8061,0.0375,-20.0459) radSum=1.0170 noopp=0
i=1 j=3 pass=0 ret=0 cI=(0.1590,0.0375,-20.7914) cJ=(0.9203,0.0375,-20.1795) radSum=1.0170 noopp=0
i=1 j=3 pass=0 ret=0 cI=(0.1765,0.0375,-20.8661) cJ=(0.9203,0.0375,-20.1795) radSum=1.0170 noopp=0
i=2 j=3 pass=0 ret=0 cI=(1.9673,0.0375,-21.5141) cJ=(1.4069,0.0375,-20.6824) radSum=1.0170 noopp=0
i=2 j=3 pass=0 ret=0 cI=(2.0723,0.0375,-21.6229) cJ=(1.5357,0.0375,-20.7996) radSum=1.0170 noopp=0
i=2 j=3 pass=0 ret=0 cI=(2.1749,0.0375,-21.7255) cJ=(1.6671,0.0375,-20.9132) radSum=1.0170 noopp=0
i=2 j=3 pass=0 ret=0 cI=(2.2749,0.0375,-21.8223) cJ=(1.8012,0.0375,-21.0230) radSum=1.0170 noopp=0
i=2 j=3 pass=0 ret=0 cI=(2.3242,0.0375,-21.8693) cJ=(1.8012,0.0375,-21.0230) radSum=1.0170 noopp=0
i=2 j=3 pass=0 ret=0 cI=(2.3722,0.0375,-21.9136) cJ=(1.9377,0.0375,-21.1290) radSum=1.0170 noopp=0
i=2 j=3 pass=0 ret=0 cI=(2.4202,0.0375,-21.9579) cJ=(1.9377,0.0375,-21.1290) radSum=1.0170 noopp=0
i=2 j=3 pass=0 ret=0 cI=(2.4667,0.0375,-21.9995) cJ=(2.0766,0.0375,-21.2309) radSum=1.0170 noopp=0
i=2 j=3 pass=0 ret=0 cI=(2.5133,0.0375,-22.0412) cJ=(2.0766,0.0375,-21.2309) radSum=1.0170 noopp=0
i=2 j=3 pass=0 ret=0 cI=(2.5584,0.0375,-22.0802) cJ=(2.2179,0.0375,-21.3286) radSum=1.0170 noopp=0
i=2 j=3 pass=0 ret=0 cI=(2.6035,0.0375,-22.1192) cJ=(2.2179,0.0375,-21.3286) radSum=1.0170 noopp=0
i=2 j=3 pass=0 ret=0 cI=(2.6472,0.0375,-22.1554) cJ=(2.3613,0.0375,-21.4221) radSum=1.0170 noopp=0
i=2 j=3 pass=0 ret=0 cI=(2.6909,0.0375,-22.1916) cJ=(2.3613,0.0375,-21.4221) radSum=1.0170 noopp=0
i=2 j=3 pass=0 ret=0 cI=(2.7331,0.0375,-22.2247) cJ=(2.5068,0.0375,-21.5114) radSum=1.0170 noopp=0
i=2 j=3 pass=0 ret=0 cI=(2.7753,0.0375,-22.2579) cJ=(2.5068,0.0375,-21.5114) radSum=1.0170 noopp=0
i=2 j=3 pass=0 ret=0 cI=(2.8159,0.0375,-22.2879) cJ=(2.6541,0.0375,-21.5963) radSum=1.0170 noopp=0
i=2 j=3 pass=0 ret=0 cI=(2.8565,0.0375,-22.3178) cJ=(2.6541,0.0375,-21.5963) radSum=1.0170 noopp=0
i=2 j=3 pass=0 ret=0 cI=(2.8977,0.0375,-22.3442) cJ=(2.8031,0.0375,-21.6768) radSum=1.0170 noopp=0
i=2 j=3 pass=0 ret=0 cI=(2.9389,0.0375,-22.3707) cJ=(2.8031,0.0375,-21.6768) radSum=1.0170 noopp=0
i=2 j=3 pass=0 ret=0 cI=(2.9806,0.0375,-22.3934) cJ=(2.9537,0.0375,-21.7529) radSum=1.0170 noopp=0
i=2 j=3 pass=0 ret=0 cI=(3.0224,0.0375,-22.4161) cJ=(2.9537,0.0375,-21.7529) radSum=1.0170 noopp=0
i=2 j=3 pass=0 ret=0 cI=(3.0646,0.0375,-22.4353) cJ=(3.1056,0.0375,-21.8243) radSum=1.0170 noopp=0
i=2 j=3 pass=0 ret=0 cI=(3.1068,0.0375,-22.4545) cJ=(3.1056,0.0375,-21.8243) radSum=1.0170 noopp=0
i=2 j=3 pass=0 ret=0 cI=(3.1495,0.0375,-22.4704) cJ=(3.2588,0.0375,-21.8909) radSum=1.0170 noopp=0
i=2 j=3 pass=0 ret=0 cI=(3.1922,0.0375,-22.4862) cJ=(3.2588,0.0375,-21.8909) radSum=1.0170 noopp=0
i=2 j=3 pass=0 ret=0 cI=(3.2355,0.0375,-22.4991) cJ=(3.4131,0.0375,-21.9527) radSum=1.0170 noopp=0
i=2 j=3 pass=0 ret=0 cI=(3.2787,0.0375,-22.5120) cJ=(3.4131,0.0375,-21.9527) radSum=1.0170 noopp=0
i=2 j=3 pass=0 ret=0 cI=(3.3225,0.0375,-22.5221) cJ=(3.5684,0.0375,-22.0096) radSum=1.0170 noopp=0
i=2 j=3 pass=0 ret=0 cI=(3.3663,0.0375,-22.5321) cJ=(3.5684,0.0375,-22.0096) radSum=1.0170 noopp=0
i=2 j=3 pass=0 ret=1 cI=(3.4107,0.0375,-22.5396) cJ=(3.7245,0.0375,-22.0614) radSum=1.0170 noopp=0
i=2 j=3 pass=1 ret=0 cI=(3.4252,0.0375,-22.5504) cJ=(3.7245,0.0375,-22.0614) radSum=1.0170 noopp=0
i=2 j=3 pass=0 ret=0 cI=(3.4801,0.0375,-22.5733) cJ=(3.7245,0.0375,-22.0614) radSum=1.0170 noopp=0
i=2 j=3 pass=0 ret=1 cI=(3.5358,0.0375,-22.5931) cJ=(3.8813,0.0375,-22.1083) radSum=1.0170 noopp=0
i=2 j=3 pass=1 ret=0 cI=(3.5431,0.0375,-22.6012) cJ=(3.8813,0.0375,-22.1083) radSum=1.0170 noopp=0
i=2 j=3 pass=0 ret=0 cI=(3.6020,0.0375,-22.6337) cJ=(3.8813,0.0375,-22.1083) radSum=1.0170 noopp=0
i=2 j=3 pass=0 ret=0 cI=(3.6612,0.0375,-22.6636) cJ=(4.0387,0.0375,-22.1500) radSum=1.0170 noopp=0
i=2 j=3 pass=0 ret=0 cI=(3.7204,0.0375,-22.6936) cJ=(4.0387,0.0375,-22.1500) radSum=1.0170 noopp=0
i=2 j=3 pass=0 ret=0 cI=(3.7775,0.0375,-22.7217) cJ=(4.1966,0.0375,-22.1866) radSum=1.0170 noopp=0
i=2 j=3 pass=0 ret=0 cI=(3.8346,0.0375,-22.7498) cJ=(4.1966,0.0375,-22.1866) radSum=1.0170 noopp=0
i=2 j=3 pass=0 ret=0 cI=(3.8895,0.0375,-22.7757) cJ=(4.3549,0.0375,-22.2179) radSum=1.0170 noopp=0
i=2 j=3 pass=0 ret=0 cI=(3.9444,0.0375,-22.8017) cJ=(4.3549,0.0375,-22.2179) radSum=1.0170 noopp=0
i=2 j=3 pass=0 ret=0 cI=(3.9991,0.0375,-22.8247) cJ=(4.5133,0.0375,-22.2441) radSum=1.0170 noopp=0
i=2 j=3 pass=0 ret=0 cI=(4.0537,0.0375,-22.8477) cJ=(4.5133,0.0375,-22.2441) radSum=1.0170 noopp=0
i=2 j=3 pass=0 ret=0 cI=(4.1081,0.0375,-22.8676) cJ=(4.6720,0.0375,-22.2650) radSum=1.0170 noopp=0
i=2 j=3 pass=0 ret=0 cI=(4.1625,0.0375,-22.8876) cJ=(4.6720,0.0375,-22.2650) radSum=1.0170 noopp=0
i=2 j=3 pass=0 ret=0 cI=(4.2166,0.0375,-22.9045) cJ=(4.8306,0.0375,-22.2808) radSum=1.0170 noopp=0
i=2 j=3 pass=0 ret=0 cI=(4.2707,0.0375,-22.9215) cJ=(4.8306,0.0375,-22.2808) radSum=1.0170 noopp=0
i=2 j=3 pass=0 ret=0 cI=(4.3244,0.0375,-22.9353) cJ=(4.9893,0.0375,-22.2914) radSum=1.0170 noopp=0
i=2 j=3 pass=0 ret=0 cI=(4.3782,0.0375,-22.9491) cJ=(4.9893,0.0375,-22.2914) radSum=1.0170 noopp=0
i=2 j=3 pass=0 ret=0 cI=(4.4316,0.0375,-22.9599) cJ=(5.1478,0.0375,-22.2970) radSum=1.0170 noopp=0
i=2 j=3 pass=0 ret=0 cI=(4.4850,0.0375,-22.9706) cJ=(5.1478,0.0375,-22.2970) radSum=1.0170 noopp=0
i=2 j=3 pass=0 ret=0 cI=(4.5915,0.0375,-22.9859) cJ=(5.3062,0.0375,-22.2977) radSum=1.0170 noopp=0
i=0 j=3 pass=0 ret=1 cI=(0.5009,0.4748,-2.0025) cJ=(0.7141,0.5076,-1.0406) radSum=1.0170 noopp=0
i=0 j=3 pass=1 ret=0 cI=(0.5017,0.4748,-2.0308) cJ=(0.7141,0.5076,-1.0406) radSum=1.0170 noopp=0
i=0 j=3 pass=0 ret=1 cI=(0.4997,0.4730,-2.0897) cJ=(0.7206,0.5049,-1.1282) radSum=1.0170 noopp=0
i=0 j=3 pass=1 ret=0 cI=(0.4991,0.4730,-2.1039) cJ=(0.7206,0.5049,-1.1282) radSum=1.0170 noopp=0
i=0 j=3 pass=0 ret=1 cI=(0.4959,0.4703,-2.1927) cJ=(0.7262,0.5021,-1.2172) radSum=1.0170 noopp=0
i=0 j=3 pass=1 ret=0 cI=(0.4949,0.4703,-2.1998) cJ=(0.7262,0.5021,-1.2172) radSum=1.0170 noopp=0
i=0 j=3 pass=0 ret=1 cI=(0.5839,0.4428,-3.0706) cJ=(0.7426,0.4756,-2.0798) radSum=1.0170 noopp=0
i=0 j=3 pass=1 ret=0 cI=(0.5848,0.4428,-3.0809) cJ=(0.7426,0.4756,-2.0798) radSum=1.0170 noopp=0
i=0 j=3 pass=0 ret=1 cI=(0.6111,0.4394,-3.1894) cJ=(0.7408,0.4724,-2.1822) radSum=1.0170 noopp=0
i=0 j=2 pass=0 ret=0 cI=(0.7470,0.4256,-3.6309) cJ=(1.7329,0.4344,-3.3965) radSum=1.0170 noopp=0
i=0 j=2 pass=0 ret=0 cI=(0.7664,0.4256,-3.6832) cJ=(1.7329,0.4344,-3.3965) radSum=1.0170 noopp=0
i=0 j=2 pass=0 ret=0 cI=(0.7865,0.4223,-3.7344) cJ=(1.7105,0.4313,-3.4992) radSum=1.0170 noopp=0
i=0 j=2 pass=0 ret=0 cI=(0.8067,0.4223,-3.7856) cJ=(1.7105,0.4313,-3.4992) radSum=1.0170 noopp=0
i=0 j=2 pass=0 ret=0 cI=(0.8274,0.4191,-3.8359) cJ=(1.6884,0.4280,-3.6033) radSum=1.0170 noopp=0
