
=== B17 region map [winmain-entry] 0x00400000..0x009FFFFF ===
  0x00400000 +0x0079B000  COMMIT  IMAGE   protect=0x008
  --- totals: free=0KB commit=7788KB reserve=0KB ---
  B17-GRAN [winmain-entry] 0x00420000 COMMIT   .text getters (0x0042b8b0/c0, credits 0x0042d5a0)
  B17-GRAN [winmain-entry] 0x00470000 COMMIT   .text Im2D draws (0x00472c60/2f40, 0x004730b0)
  B17-GRAN [winmain-entry] 0x005C0000 COMMIT   .rdata scale consts (1/640 @5cd5a8, 1/480 @5cc560)
  B17-GRAN [winmain-entry] 0x00630000 COMMIT   .data boot params (0x00636ae8) + timer (0x0063d558)
  B17-GRAN [winmain-entry] 0x00670000 COMMIT   .data race-state array (0x0067ea10)
  B17-GRAN [winmain-entry] 0x007D0000 COMMIT   .data RW device slot (*(0x007d3ff8)) — B15 bridge
  B17-GRAN [winmain-entry] 0x007F0000 COMMIT   .bss big buffer (0x007f0f60) + input (0x007f1044)
  B17-GRAN [winmain-entry] 0x00890000 COMMIT   .bss menu-entry array + vtx buffer (0x00898a20/ac0)
B17-TLS: reserved 0/0 needed granules at TLS time (seen-free; the rest were already occupied by kernel-early NLS)
B17-PAD: image-pad arena [0x0019B2E0 .. 0x00B9B2DF] (exe owns the MASHED RVA range)
Frontend.piz loaded OK
  path:    original/TOASTART/Common/Frontend.piz
  size:    1257472 bytes
  version: 3
  entries: 2
  mode:    raw

  name                                                             offset     length         id
  ------------------------------------------------------------ ---------- ---------- ----------
  TEXTURES.TXD                                                 0x00001000 0x000FBCE8 0x00001AC2
  MAIN.BSP                                                     0x000FD000 0x00035BF8 0x00000AE1

TEXTURES.TXD extracted to extracted/TEXTURES.TXD (1031400 bytes)
RWS chunk tree:
[0] 0x00000023 (?) size=0x000FBCDC version=0x1803FFFF @ 0x00000000

  total chunks: 1 (containers: 0)

TXD decode (Milestone B3):
  OK: 8 textures, deviceId=1

  #   name                     w     h  bpp fmt   mips palette
  --- -------------------- ----- ----- ---- ----- ---- -------
  0   skydomegs               32    32    8 PAL8     6 yes    
  1   Shad_groundgs          128   128    8 PAL8     8 yes    
  2   Shad_car               256   256   32 ARGB     9 -      
  3   Shad_bild              256   256   32 ARGB     9 -      
  4   rendergs                64    32   32 ARGB     7 -      
  5   main                   256   256    8 PAL8     9 yes    
  6   Gravel                 128   128   32 ARGB     8 -      
  7   carbase                256   256    8 PAL8     9 yes    

=== B17 region map [pre-initd3d9] 0x00400000..0x009FFFFF ===
  0x00400000 +0x0079B000  COMMIT  IMAGE   protect=0x008
  --- totals: free=0KB commit=7788KB reserve=0KB ---
  B17-GRAN [pre-initd3d9] 0x00420000 COMMIT   .text getters (0x0042b8b0/c0, credits 0x0042d5a0)
  B17-GRAN [pre-initd3d9] 0x00470000 COMMIT   .text Im2D draws (0x00472c60/2f40, 0x004730b0)
  B17-GRAN [pre-initd3d9] 0x005C0000 COMMIT   .rdata scale consts (1/640 @5cd5a8, 1/480 @5cc560)
  B17-GRAN [pre-initd3d9] 0x00630000 COMMIT   .data boot params (0x00636ae8) + timer (0x0063d558)
  B17-GRAN [pre-initd3d9] 0x00670000 COMMIT   .data race-state array (0x0067ea10)
  B17-GRAN [pre-initd3d9] 0x007D0000 COMMIT   .data RW device slot (*(0x007d3ff8)) — B15 bridge
  B17-GRAN [pre-initd3d9] 0x007F0000 COMMIT   .bss big buffer (0x007f0f60) + input (0x007f1044)
  B17-GRAN [pre-initd3d9] 0x00890000 COMMIT   .bss menu-entry array + vtx buffer (0x00898a20/ac0)
InitD3D9: adapter mode 2560x1440 fmt=22 refresh=165
InitD3D9: CreateDevice(HAL/HW,depthA,vsdef) -> OK hr=0x00000000 OK

=== B17 region map [post-initd3d9] 0x00400000..0x009FFFFF ===
  0x00400000 +0x0079B000  COMMIT  IMAGE   protect=0x008
  --- totals: free=0KB commit=7788KB reserve=0KB ---
  B17-GRAN [post-initd3d9] 0x00420000 COMMIT   .text getters (0x0042b8b0/c0, credits 0x0042d5a0)
  B17-GRAN [post-initd3d9] 0x00470000 COMMIT   .text Im2D draws (0x00472c60/2f40, 0x004730b0)
  B17-GRAN [post-initd3d9] 0x005C0000 COMMIT   .rdata scale consts (1/640 @5cd5a8, 1/480 @5cc560)
  B17-GRAN [post-initd3d9] 0x00630000 COMMIT   .data boot params (0x00636ae8) + timer (0x0063d558)
  B17-GRAN [post-initd3d9] 0x00670000 COMMIT   .data race-state array (0x0067ea10)
  B17-GRAN [post-initd3d9] 0x007D0000 COMMIT   .data RW device slot (*(0x007d3ff8)) — B15 bridge
  B17-GRAN [post-initd3d9] 0x007F0000 COMMIT   .bss big buffer (0x007f0f60) + input (0x007f1044)
  B17-GRAN [post-initd3d9] 0x00890000 COMMIT   .bss menu-entry array + vtx buffer (0x00898a20/ac0)

Milestone B7: granule walk over 0x00500000..0x009FFFFF — 0 granules covered, 80 blocked (first blocked at 0x
Milestone B7: first blocked granule = 0x00500000
Milestone B7: g_mashed_data_mapped = false

Milestone B7: wedge status = INACTIVE (VirtualAlloc failed)

Milestone B10: frontend boot chain start
  [1] DataZeroFill (page-granular): zeroed 226212, skipped 0 bytes
  [2-pre] 0x00630000 state=0x00001000 protect=0x00000008
  [2] BootDefaultParamsInit OK
  [3] DefaultParam_SetField00/04/08 OK; readback 0x007f0f00=0x3F333333 04=0x3F333333 08=0x3F333333 (expect 0x3f333333)
  [4] RaceStateArrayZero OK; readback 0x0067ea10=0x00000000 0x0067ea14=0x00000000 (expect 0)
  [5] MenuEntryArrayInit OK; readback 0x00898ac0=0x00000000 (expect 0)
  [6] TimerSlotClear OK; readback 0x0063d558=0x00000000 (expect 0)
  [7] MainLoopInit AV'd (expected: tunnels into MASHED code section via FUN_00495110 etc.)
Milestone B10: frontend boot chain complete

Milestone B11: DirectInput8 + keyboard device acquired (cooperative = background+nonexclusive)

Milestone B14: MASHED input-globals wedge probe = OK (wrote 0xA5 to 0x007f1044, readback=0xA5)

Milestone B5: uploading 8 textures for atlas
  slot 0: 'skydomegs' 32x32 PAL8 mips=6 OK
  slot 1: 'Shad_groundgs' 128x128 PAL8 mips=8 OK
  slot 2: 'Shad_car' 256x256 ARGB mips=9 OK
  slot 3: 'Shad_bild' 256x256 ARGB mips=9 OK
  slot 4: 'rendergs' 64x32 ARGB mips=7 OK
  slot 5: 'main' 256x256 PAL8 mips=9 OK
  slot 6: 'Gravel' 128x128 ARGB mips=8 OK
  slot 7: 'carbase' 256x256 PAL8 mips=9 OK
  Milestone B5: 8/8 textures uploaded into atlas

Milestone B15: RW Im2D->D3D9 bridge install = OK (fake RW device at *(0x007d3ff8); HudIm2DQuad routes to D3D9)

Milestone B16: standalone RVA thunks — map_text=1 map_scale=1 scale_ok=1 thunks=6/6 (b8b0=1 b8c0=1 d5a0=1 f40=1 30b0=1 2c60=1)
Milestone B16: MenuChromeShellA ready = YES (real MASHED menu chrome via the B15 bridge)

B19a: original/TOASTART/Common/Perm.piz :: BACKGROUND.PNG decode+upload OK (340x240) -> slot 8 handle 2

B19a: original/TOASTART/Common/Font36.piz :: MASHEDNEWLOGO.PNG decode+upload OK (256x128) -> slot 9 handle 3

B19b: message table original/TOASTART/Common/Font36.piz/ENGLISH.DAT loaded (33626 bytes)
B19b: menu item id=33 "Single Player" 195x39 -> slot 10 handle 4
B19b: menu item id=34 "Multi Player" 175x39 -> slot 11 handle 5
B19b: menu item id=35 "Championship" 214x39 -> slot 12 handle 6
B19b: menu item id=36 "Time Trial" 148x39 -> slot 13 handle 7
B19b: menu item id=39 "Options" 120x39 -> slot 14 handle 8
B19b: 5 menu items ready

R2-5: badges.txd 'Button' 16x32 upload OK (dict has 23 textures)
R2-5: badges.txd 'Arrow' 16x16 upload OK
F2 track previews: 24/24 loaded; veh 3/8

#25 color-select: INTERFACE.TXD cars 10/10, vs OK, star OK (dict has 30 textures)

#10 input icons: PC.TXD decode OK, 2/2 (kbd+joypad)

loadicon: 256x128 decode+upload OK

B19a: original/TOASTART/Common/Font36.piz :: BIGE.BMP decode+upload OK (32x32) -> slot 57 handle 48
F1 frontend.mpg: RUNNING (512x512)
R2-2 gamesave load: LOADED (DEADBEEF save)

B19 faithful font (FGDC20): load OK (height=33.0)

MenuStringTable (id->glyph-string): load OK size=20894 ids=449
  self-check id 0x21 len=13 "Single Player"
  self-check id 0x22 len=12 "Multi Player"
  self-check id 0x23 len=12 "Championship"
  self-check id 0x24 len=10 "Time Trial"
  self-check id 0x27 len=7 "Options"

B17-SUMMARY reached-main-loop chrome=YES thunks=6/6
CAPMODE tag=00_challengeselect.bmp mode=Frontend
NAV_DEMO phase=0 00_challengeselect ok=1 depth=1 screen=6 cur=0 nrec=3
  WS-E lights: ambient=0xFF334D4D (RGB 51,77,77) sun=0xFF99B3B3 dir=(-0.977,-0.138,0.161)
D3D9 world.tris mat[0]=955 tex=1
D3D9 world.tris mat[1]=162 tex=1
D3D9 world.tris mat[2]=523 tex=1
D3D9 world.tris mat[3]=1660 tex=1
D3D9 world.tris mat[4]=1914 tex=1
D3D9 world.tris mat[5]=8197 tex=1
D3D9 world.tris mat[6]=22 tex=0
D3D9 world.tris mat[7]=596 tex=1
D3D9 world.tris mat[8]=541 tex=1
D3D9 world.tris mat[9]=48 tex=1
D3D9 world.tris mat[10]=1131 tex=1
D3D9 world.tris mat[11]=196 tex=1
D3D9 world.tris mat[12]=535 tex=1
D-S3-6 bake: dff=sky.dff lt=no batch=0 baked_v0=0x00FFFFFF
D-S3-6 bake: dff=WhiteTyre.dff lt=YES batch=0 baked_v0=0xFF334D4D
D-S3-6 bake: dff=RedTyre.dff lt=YES batch=0 baked_v0=0xFF334D4D
D-S3-6 bake: dff=Crate02.dff lt=YES batch=0 baked_v0=0xFF334D4D
D-S3-6 bake: dff=sea.dff lt=YES batch=0 baked_v0=0xFF3E5B59
D-S3-6 bake: dff=Freighter.dff lt=YES batch=0 baked_v0=0xFF467373
D-S3-6 bake: dff=FishingBoat.dff lt=YES batch=0 baked_v0=0xFF467373
D-S3-6 bake: dff=CamMan.dff lt=YES batch=0 baked_v0=0xFFFFFFFF
  F3 UV-anim: 2 .UVA rate(s); scrolling materials world=0 props=1 sky=1
  F2 copters: 6 flying, 3 models from original/TOASTART/Common\Perm.piz (1 gameplay/rule-5)
R4 track load OK: original/TOASTART/TRACKS/Arctic.piz — tris=16480 verts=16229 sectors=12 mats=13 textured=12 radius=80.46 props=7 (instances=23) gates=94
  CAM-DIAG bbox=[32.3,14.2,57.2 .. -62.3,-5.3,-73.0] bbox_center=(-15.0,4.4,-7.9) bbox_R=80.5 | gate_center=(-4.6,0.4,-4.0) gate_R=55.4
R4 pickups: 18 real powerup spawns (POWERUPS_GOLD.LUA)
PLAY-DEMO td=0.00 steer=+0.00 car_yaw=1.5498 pos=(-25.2,15.8) speed=0.00
PLAY-DEMO td=0.28 steer=+0.00 car_yaw=1.5498 pos=(-25.2,15.8) speed=0.00
PLAY-DEMO td=0.56 steer=+0.00 car_yaw=1.5498 pos=(-25.2,15.8) speed=0.00
CAPMODE tag=car_1_spawn.bmp mode=InRace
PLAY-DEMO td=0.84 steer=+0.00 car_yaw=1.5498 pos=(-25.2,15.8) speed=0.00
SIMHZ render_fps=45.0 sim_hz=59.0 (frames=45 steps=59 span=1.00s cfg=60)
PLAY-DEMO td=1.11 steer=+0.00 car_yaw=1.5498 pos=(-25.2,15.8) speed=0.00
PLAY-DEMO td=1.38 steer=+0.00 car_yaw=1.5498 pos=(-25.2,15.8) speed=0.00
PLAY-DEMO td=1.64 steer=+0.00 car_yaw=1.5498 pos=(-25.2,15.8) speed=0.00
CAPMODE tag=01_grid.bmp mode=InRace
NAV_DEMO phase=1 01_grid ok=1 depth=1 screen=6 cur=0 nrec=3
RELIGHT_CAP tag=01_grid heading=1.54978
PLAY-DEMO td=1.91 steer=+0.00 car_yaw=1.5498 pos=(-25.2,15.8) speed=0.00
SIMHZ render_fps=45.0 sim_hz=60.0 (frames=45 steps=60 span=1.00s cfg=60)
PLAY-DEMO td=2.17 steer=+0.00 car_yaw=1.5498 pos=(-25.2,15.8) speed=0.00
CAPMODE tag=car_2_drive.bmp mode=InRace
PLAY-DEMO td=2.44 steer=+0.00 car_yaw=1.5498 pos=(-25.2,15.8) speed=0.00
PLAY-DEMO td=2.70 steer=+0.00 car_yaw=1.5498 pos=(-25.2,15.8) speed=0.00
PLAY-DEMO td=2.98 steer=+0.00 car_yaw=1.5498 pos=(-25.2,15.8) speed=0.00
SIMHZ render_fps=46.0 sim_hz=60.0 (frames=46 steps=60 span=1.00s cfg=60)
CAPMODE tag=round1_go.bmp mode=InRace
PLAY-DEMO td=3.25 steer=+0.00 car_yaw=1.5498 pos=(-25.2,15.9) speed=281.54
PLAY-DEMO td=3.52 steer=+0.00 car_yaw=1.5498 pos=(-25.2,16.2) speed=633.34
CAPMODE tag=car_3_weave.bmp mode=InRace
PLAY-DEMO td=3.80 steer=+0.00 car_yaw=1.5498 pos=(-25.2,16.9) speed=1248.59
SIMHZ render_fps=43.0 sim_hz=60.0 (frames=43 steps=60 span=1.00s cfg=60)
PLAY-DEMO td=4.05 steer=+0.50 car_yaw=1.4644 pos=(-25.2,17.9) speed=1750.75
CAPMODE tag=01_inrace_track.bmp mode=InRace
NAV_DEMO phase=1 01_inrace_track ok=1 depth=1 screen=6 cur=0 nrec=3
RELIGHT_CAP tag=01_inrace_track heading=1.22973
PLAY-DEMO td=4.31 steer=+0.50 car_yaw=1.1230 pos=(-24.9,19.3) speed=2205.32
PLAY-DEMO td=4.58 steer=+0.50 car_yaw=1.6316 pos=(-24.3,20.9) speed=1444.07
PLAY-DEMO td=4.84 steer=+0.50 car_yaw=1.2913 pos=(-24.3,22.2) speed=2049.32
SIMHZ render_fps=42.4 sim_hz=60.1 (frames=43 steps=61 span=1.01s cfg=60)
PLAY-DEMO td=5.11 steer=+0.50 car_yaw=1.4738 pos=(-24.3,23.4) speed=1633.27
PLAY-DEMO td=5.38 steer=+0.50 car_yaw=1.6376 pos=(-24.3,24.7) speed=1383.20
PLAY-DEMO td=5.66 steer=+0.50 car_yaw=1.2992 pos=(-24.3,26.0) speed=2091.27
PLAY-DEMO td=5.92 steer=+0.50 car_yaw=1.5152 pos=(-24.4,27.4) speed=1826.00
SIMHZ render_fps=44.0 sim_hz=60.0 (frames=44 steps=60 span=1.00s cfg=60)
PLAY-DEMO td=6.19 steer=+0.50 car_yaw=1.9275 pos=(-24.3,28.9) speed=1270.56
PLAY-DEMO td=6.45 steer=+0.50 car_yaw=1.5741 pos=(-24.6,30.2) speed=2142.71
R6 ROUND END winner=car3 scores=[0,1,0,2]
CAPMODE tag=round1_result.bmp mode=InRace
R6 round 1 OVER t=6.6s winner=car3 (wins now: c0=0 c1=1 c2=0 c3=2)
CAPMODE tag=01_action.bmp mode=InRace
NAV_DEMO phase=1 01_action ok=1 depth=1 screen=6 cur=0 nrec=3
RELIGHT_CAP tag=01_action heading=1.33939
PLAY-DEMO td=6.70 steer=+0.50 car_yaw=1.2754 pos=(-24.5,31.8) speed=2735.97
PLAY-DEMO td=6.97 steer=+0.50 car_yaw=2.8198 pos=(-25.1,33.0) speed=2022.75
SIMHZ render_fps=43.0 sim_hz=60.0 (frames=43 steps=60 span=1.00s cfg=60)
PLAY-DEMO td=7.23 steer=+0.50 car_yaw=2.4997 pos=(-26.5,33.6) speed=2681.95
PLAY-DEMO td=7.50 steer=+0.50 car_yaw=2.1734 pos=(-28.3,35.2) speed=3531.57
PLAY-DEMO td=7.77 steer=+0.50 car_yaw=1.8644 pos=(-29.7,37.3) speed=3765.21
R5 drive t=7.8s pos=(-29.68, -0.70, 37.32) speed=3765.21
SIMHZ render_fps=42.0 sim_hz=60.0 (frames=42 steps=60 span=1.00s cfg=60)
PLAY-DEMO td=8.05 steer=+0.50 car_yaw=1.5016 pos=(-30.3,40.2) speed=3893.47
PLAY-DEMO td=8.33 steer=+0.50 car_yaw=1.1389 pos=(-29.9,43.3) speed=3969.82
PLAY-DEMO td=8.61 steer=+0.50 car_yaw=0.7762 pos=(-28.4,46.0) speed=4012.86
PLAY-DEMO td=8.88 steer=+0.50 car_yaw=0.4561 pos=(-26.3,47.8) speed=4034.53
CAPMODE tag=car_4_chase.bmp mode=InRace
SIMHZ render_fps=42.3 sim_hz=60.0 (frames=43 steps=61 span=1.02s cfg=60)
PLAY-DEMO td=9.14 steer=-0.50 car_yaw=0.5201 pos=(-23.5,49.2) speed=4121.07
PLAY-DEMO td=9.41 steer=-0.50 car_yaw=0.8615 pos=(-20.9,50.9) speed=4134.87
PLAY-DEMO td=9.67 steer=-0.50 car_yaw=1.5498 pos=(-25.2,15.8) speed=0.00
PLAY-DEMO td=9.94 steer=-0.50 car_yaw=1.5498 pos=(-25.2,15.8) speed=0.00
SIMHZ render_fps=84.0 sim_hz=60.0 (frames=84 steps=60 span=1.00s cfg=60)
PLAY-DEMO td=10.20 steer=-0.50 car_yaw=1.5498 pos=(-25.2,15.8) speed=0.00
PLAY-DEMO td=10.47 steer=-0.50 car_yaw=1.5498 pos=(-25.2,15.8) speed=0.00
PLAY-DEMO td=10.73 steer=-0.50 car_yaw=1.5498 pos=(-25.2,15.8) speed=0.00
PLAY-DEMO td=11.00 steer=-0.50 car_yaw=1.5498 pos=(-25.2,15.8) speed=0.00
SIMHZ render_fps=152.0 sim_hz=60.0 (frames=152 steps=60 span=1.00s cfg=60)
PLAY-DEMO td=11.27 steer=-0.50 car_yaw=1.5498 pos=(-25.2,15.8) speed=0.00
PLAY-DEMO td=11.53 steer=-0.50 car_yaw=1.5498 pos=(-25.2,15.8) speed=0.00
PLAY-DEMO td=11.80 steer=-0.50 car_yaw=1.5498 pos=(-25.2,15.8) speed=0.00
SIMHZ render_fps=156.0 sim_hz=60.0 (frames=156 steps=60 span=1.00s cfg=60)
PLAY-DEMO td=12.06 steer=-0.50 car_yaw=1.5498 pos=(-25.2,15.8) speed=0.00
PLAY-DEMO td=12.33 steer=-0.50 car_yaw=1.5498 pos=(-25.2,15.8) speed=0.00
PLAY-DEMO td=12.59 steer=-0.50 car_yaw=1.5498 pos=(-25.2,15.8) speed=0.00
CAPMODE tag=round2_go.bmp mode=InRace
PLAY-DEMO td=12.86 steer=-0.50 car_yaw=1.1749 pos=(-25.2,15.8) speed=211.92
SIMHZ render_fps=154.0 sim_hz=60.0 (frames=154 steps=60 span=1.00s cfg=60)
PLAY-DEMO td=13.13 steer=-0.50 car_yaw=1.2689 pos=(-25.1,16.1) speed=645.58
PLAY-DEMO td=13.39 steer=-0.50 car_yaw=1.4624 pos=(-24.9,16.7) speed=1079.33
PLAY-DEMO td=13.66 steer=-0.50 car_yaw=1.7513 pos=(-24.9,17.7) speed=1474.85
PLAY-DEMO td=13.92 steer=-0.50 car_yaw=2.0924 pos=(-25.3,18.9) speed=1936.45
SIMHZ render_fps=154.0 sim_hz=60.0 (frames=154 steps=60 span=1.00s cfg=60)
PLAY-DEMO td=14.19 steer=+1.00 car_yaw=1.7315 pos=(-26.0,20.2) speed=2275.41
PLAY-DEMO td=14.45 steer=+1.00 car_yaw=1.0515 pos=(-26.1,21.9) speed=2334.16
PLAY-DEMO td=14.72 steer=+1.00 car_yaw=0.3715 pos=(-25.1,23.3) speed=2331.96
PLAY-DEMO td=14.98 steer=+1.00 car_yaw=1.4832 pos=(-24.4,23.8) speed=1463.19
SIMHZ render_fps=153.0 sim_hz=60.0 (frames=153 steps=60 span=1.00s cfg=60)
PLAY-DEMO td=15.25 steer=+1.00 car_yaw=1.6093 pos=(-24.3,25.0) speed=1140.71
R6 ROUND END winner=car1 scores=[0,3,1,0]
CAPMODE tag=round2_result.bmp mode=InRace
R6 round 2 OVER t=15.5s winner=car1 (wins now: c0=0 c1=3 c2=1 c3=0)
PLAY-DEMO td=15.52 steer=+1.00 car_yaw=1.7182 pos=(-24.3,26.1) speed=961.78
PLAY-DEMO td=15.78 steer=+1.00 car_yaw=1.8687 pos=(-24.3,27.3) speed=810.64
CAPMODE tag=car_5_chase.bmp mode=InRace
SIMHZ render_fps=137.0 sim_hz=60.0 (frames=137 steps=60 span=1.00s cfg=60)
PLAY-DEMO td=16.05 steer=+1.00 car_yaw=1.3597 pos=(-24.3,28.1) speed=1455.27
PLAY-DEMO td=16.31 steer=+1.00 car_yaw=1.6709 pos=(-24.4,29.2) speed=1243.14
PLAY-DEMO td=16.58 steer=+1.00 car_yaw=1.0191 pos=(-24.3,30.3) speed=1774.49
PLAY-DEMO td=16.84 steer=+1.00 car_yaw=1.7310 pos=(-24.6,31.3) speed=1477.81
SIMHZ render_fps=135.0 sim_hz=60.0 (frames=135 steps=60 span=1.00s cfg=60)
PLAY-DEMO td=17.11 steer=+1.00 car_yaw=1.0091 pos=(-24.5,32.7) speed=2046.60
PLAY-DEMO td=17.38 steer=+1.00 car_yaw=3.0322 pos=(-24.8,33.3) speed=1504.59
PLAY-DEMO td=17.64 steer=+1.00 car_yaw=2.3521 pos=(-26.0,33.7) speed=2042.02
PLAY-DEMO td=17.91 steer=+1.00 car_yaw=1.6721 pos=(-27.0,35.0) speed=2426.27
SIMHZ render_fps=137.0 sim_hz=60.0 (frames=137 steps=60 span=1.00s cfg=60)
PLAY-DEMO td=18.17 steer=+1.00 car_yaw=0.9921 pos=(-26.9,36.9) speed=2700.64
PLAY-DEMO td=18.44 steer=+1.00 car_yaw=0.3120 pos=(-25.7,38.5) speed=2821.17
PLAY-DEMO td=18.70 steer=+1.00 car_yaw=1.5498 pos=(-25.2,15.8) speed=0.00
PLAY-DEMO td=18.97 steer=+1.00 car_yaw=1.5498 pos=(-25.2,15.8) speed=0.00
SIMHZ render_fps=135.0 sim_hz=60.0 (frames=135 steps=60 span=1.00s cfg=60)
PLAY-DEMO td=19.23 steer=-1.00 car_yaw=1.5498 pos=(-25.2,15.8) speed=0.00
PLAY-DEMO td=19.50 steer=-1.00 car_yaw=1.5498 pos=(-25.2,15.8) speed=0.00
PLAY-DEMO td=19.77 steer=-1.00 car_yaw=1.5498 pos=(-25.2,15.8) speed=0.00
SIMHZ render_fps=145.0 sim_hz=60.0 (frames=145 steps=60 span=1.00s cfg=60)
PLAY-DEMO td=20.03 steer=-1.00 car_yaw=1.5498 pos=(-25.2,15.8) speed=0.00
PLAY-DEMO td=20.30 steer=-1.00 car_yaw=1.5498 pos=(-25.2,15.8) speed=0.00
PLAY-DEMO td=20.56 steer=-1.00 car_yaw=1.5498 pos=(-25.2,15.8) speed=0.00
PLAY-DEMO td=20.83 steer=-1.00 car_yaw=1.5498 pos=(-25.2,15.8) speed=0.00
SIMHZ render_fps=132.0 sim_hz=60.0 (frames=132 steps=60 span=1.00s cfg=60)
PLAY-DEMO td=21.09 steer=-1.00 car_yaw=1.5498 pos=(-25.2,15.8) speed=0.00
PLAY-DEMO td=21.36 steer=-1.00 car_yaw=1.5498 pos=(-25.2,15.8) speed=0.00
CAPMODE tag=round3_go.bmp mode=InRace
PLAY-DEMO td=21.64 steer=-1.00 car_yaw=0.2455 pos=(-25.2,15.8) speed=159.74
PLAY-DEMO td=21.91 steer=-1.00 car_yaw=0.4184 pos=(-24.9,15.9) speed=595.85
SIMHZ render_fps=45.0 sim_hz=60.0 (frames=45 steps=60 span=1.00s cfg=60)
PLAY-DEMO td=22.17 steer=-1.00 car_yaw=0.7499 pos=(-24.5,16.2) speed=984.91
PLAY-DEMO td=22.45 steer=-1.00 car_yaw=1.8924 pos=(-24.3,17.0) speed=852.97
PLAY-DEMO td=22.72 steer=-1.00 car_yaw=2.3873 pos=(-24.7,17.7) speed=1353.76
PLAY-DEMO td=23.00 steer=-1.00 car_yaw=3.0964 pos=(-25.8,18.3) speed=1734.41
SIMHZ render_fps=43.3 sim_hz=60.0 (frames=44 steps=61 span=1.02s cfg=60)
PLAY-DEMO td=23.27 steer=-1.00 car_yaw=-2.5067 pos=(-27.1,18.2) speed=1956.31
PLAY-DEMO td=23.55 steer=-1.00 car_yaw=-1.7842 pos=(-28.2,17.1) speed=2135.40
PLAY-DEMO td=23.81 steer=-1.00 car_yaw=-1.1041 pos=(-28.3,15.5) speed=2317.57
SIMHZ render_fps=44.3 sim_hz=60.1 (frames=45 steps=61 span=1.01s cfg=60)
PLAY-DEMO td=24.08 steer=-1.00 car_yaw=-0.4241 pos=(-27.4,14.0) speed=2420.47
R6 ROUND END winner=car1 scores=[0,5,2,0]
CAPMODE tag=round3_result.bmp mode=InRace
R6 round 3 OVER t=24.3s winner=car1 (wins now: c0=0 c1=5 c2=2 c3=0)
PLAY-DEMO td=24.34 steer=-1.00 car_yaw=0.2559 pos=(-25.7,13.4) speed=2465.14
PLAY-DEMO td=24.61 steer=-1.00 car_yaw=0.9360 pos=(-24.0,14.0) speed=2523.75
PLAY-DEMO td=24.88 steer=-1.00 car_yaw=2.2720 pos=(-24.8,16.2) speed=1864.93
SIMHZ render_fps=44.0 sim_hz=60.0 (frames=44 steps=60 span=1.00s cfg=60)
PLAY-DEMO td=25.16 steer=-1.00 car_yaw=2.9520 pos=(-26.0,17.1) speed=2273.12
PLAY-DEMO td=25.42 steer=-1.00 car_yaw=-2.6512 pos=(-27.7,17.2) speed=2505.01
PLAY-DEMO td=25.69 steer=-1.00 car_yaw=-1.9286 pos=(-29.3,16.1) speed=2709.92
PLAY-DEMO td=25.94 steer=-1.00 car_yaw=-1.3336 pos=(-29.9,14.4) speed=2802.90
SIMHZ render_fps=44.3 sim_hz=60.0 (frames=45 steps=61 span=1.02s cfg=60)
PLAY-DEMO td=26.22 steer=-1.00 car_yaw=-0.6111 pos=(-29.2,12.4) speed=2828.38
PLAY-DEMO td=26.48 steer=-1.00 car_yaw=0.0690 pos=(-27.5,11.3) speed=2806.87
PLAY-DEMO td=26.75 steer=-1.00 car_yaw=0.7490 pos=(-25.5,11.5) speed=2777.98
PLAY-DEMO td=27.02 steer=-1.00 car_yaw=1.4290 pos=(-24.1,12.9) speed=2761.40
SIMHZ render_fps=44.3 sim_hz=60.0 (frames=45 steps=61 span=1.02s cfg=60)
PLAY-DEMO td=27.30 steer=-1.00 car_yaw=1.7453 pos=(-24.3,14.6) speed=1079.09
PLAY-DEMO td=27.56 steer=-1.00 car_yaw=1.5498 pos=(-25.2,15.8) speed=0.00
PLAY-DEMO td=27.84 steer=-1.00 car_yaw=1.5498 pos=(-25.2,15.8) speed=0.00
SIMHZ render_fps=46.0 sim_hz=60.0 (frames=46 steps=60 span=1.00s cfg=60)
PLAY-DEMO td=28.13 steer=-1.00 car_yaw=1.5498 pos=(-25.2,15.8) speed=0.00
PLAY-DEMO td=28.41 steer=-1.00 car_yaw=1.5498 pos=(-25.2,15.8) speed=0.00
PLAY-DEMO td=28.67 steer=-1.00 car_yaw=1.5498 pos=(-25.2,15.8) speed=0.00
PLAY-DEMO td=28.95 steer=-1.00 car_yaw=1.5498 pos=(-25.2,15.8) speed=0.00
SIMHZ render_fps=46.0 sim_hz=60.0 (frames=46 steps=60 span=1.00s cfg=60)
PLAY-DEMO td=29.23 steer=-1.00 car_yaw=1.5498 pos=(-25.2,15.8) speed=0.00
PLAY-DEMO td=29.52 steer=-1.00 car_yaw=1.5498 pos=(-25.2,15.8) speed=0.00
PLAY-DEMO td=29.80 steer=-1.00 car_yaw=1.5498 pos=(-25.2,15.8) speed=0.00
CAPMODE tag=02_back_to_menu.bmp mode=Frontend
NAV_DEMO phase=2 02_back_to_menu ok=1 depth=1 screen=6 cur=0 nrec=3
NAV_DEMO phase=3 race-demo done ok=1 depth=1 screen=6 cur=0 nrec=3
