
=== B17 region map [winmain-entry] 0x00400000..0x009FFFFF ===
  0x00400000 +0x0079B000  COMMIT  IMAGE   protect=0x008
  --- totals: free=0KB commit=7788KB reserve=0KB ---
  B17-GRAN [winmain-entry] 0x00420000 COMMIT   .text getters (0x0042b8b0/c0, credits 0x0042d5a0)
  B17-GRAN [winmain-entry] 0x00470000 COMMIT   .text Im2D draws (0x00472c60/2f40, 0x004730b0)
  B17-GRAN [winmain-entry] 0x005C0000 COMMIT   .rdata scale consts (1/640 @5cd5a8, 1/480 @5cc560)
  B17-GRAN [winmain-entry] 0x00630000 COMMIT   .data boot params (0x00636ae8) + timer (0x0063d558)
  B17-GRAN [winmain-entry] 0x00670000 COMMIT   .data race-state array (0x0067ea10)
  B17-GRAN [winmain-entry] 0x007D0000 COMMIT   .data RW device slot (*(0x007d3ff8)) — B15 bridge
  B17-GRAN [winmain-entry] 0x007F0000 COMMIT   .bss big buffer (0x007f0f60) + input (0x007f1044)
  B17-GRAN [winmain-entry] 0x00890000 COMMIT   .bss menu-entry array + vtx buffer (0x00898a20/ac0)
B17-TLS: reserved 0/0 needed granules at TLS time (seen-free; the rest were already occupied by kernel-early NLS)
B17-PAD: image-pad arena [0x0019B2E0 .. 0x00B9B2DF] (exe owns the MASHED RVA range)
Frontend.piz loaded OK
  path:    original/TOASTART/Common/Frontend.piz
  size:    1257472 bytes
  version: 3
  entries: 2
  mode:    raw

  name                                                             offset     length         id
  ------------------------------------------------------------ ---------- ---------- ----------
  TEXTURES.TXD                                                 0x00001000 0x000FBCE8 0x00001AC2
  MAIN.BSP                                                     0x000FD000 0x00035BF8 0x00000AE1

TEXTURES.TXD extracted to extracted/TEXTURES.TXD (1031400 bytes)
RWS chunk tree:
[0] 0x00000023 (?) size=0x000FBCDC version=0x1803FFFF @ 0x00000000

  total chunks: 1 (containers: 0)

TXD decode (Milestone B3):
  OK: 8 textures, deviceId=1

  #   name                     w     h  bpp fmt   mips palette
  --- -------------------- ----- ----- ---- ----- ---- -------
  0   skydomegs               32    32    8 PAL8     6 yes    
  1   Shad_groundgs          128   128    8 PAL8     8 yes    
  2   Shad_car               256   256   32 ARGB     9 -      
  3   Shad_bild              256   256   32 ARGB     9 -      
  4   rendergs                64    32   32 ARGB     7 -      
  5   main                   256   256    8 PAL8     9 yes    
  6   Gravel                 128   128   32 ARGB     8 -      
  7   carbase                256   256    8 PAL8     9 yes    

=== B17 region map [pre-initd3d9] 0x00400000..0x009FFFFF ===
  0x00400000 +0x0079B000  COMMIT  IMAGE   protect=0x008
  --- totals: free=0KB commit=7788KB reserve=0KB ---
  B17-GRAN [pre-initd3d9] 0x00420000 COMMIT   .text getters (0x0042b8b0/c0, credits 0x0042d5a0)
  B17-GRAN [pre-initd3d9] 0x00470000 COMMIT   .text Im2D draws (0x00472c60/2f40, 0x004730b0)
  B17-GRAN [pre-initd3d9] 0x005C0000 COMMIT   .rdata scale consts (1/640 @5cd5a8, 1/480 @5cc560)
  B17-GRAN [pre-initd3d9] 0x00630000 COMMIT   .data boot params (0x00636ae8) + timer (0x0063d558)
  B17-GRAN [pre-initd3d9] 0x00670000 COMMIT   .data race-state array (0x0067ea10)
  B17-GRAN [pre-initd3d9] 0x007D0000 COMMIT   .data RW device slot (*(0x007d3ff8)) — B15 bridge
  B17-GRAN [pre-initd3d9] 0x007F0000 COMMIT   .bss big buffer (0x007f0f60) + input (0x007f1044)
  B17-GRAN [pre-initd3d9] 0x00890000 COMMIT   .bss menu-entry array + vtx buffer (0x00898a20/ac0)
InitD3D9: adapter mode 2560x1440 fmt=22 refresh=165
InitD3D9: CreateDevice(HAL/HW,depthA,vsdef) -> OK hr=0x00000000 OK

=== B17 region map [post-initd3d9] 0x00400000..0x009FFFFF ===
  0x00400000 +0x0079B000  COMMIT  IMAGE   protect=0x008
  --- totals: free=0KB commit=7788KB reserve=0KB ---
  B17-GRAN [post-initd3d9] 0x00420000 COMMIT   .text getters (0x0042b8b0/c0, credits 0x0042d5a0)
  B17-GRAN [post-initd3d9] 0x00470000 COMMIT   .text Im2D draws (0x00472c60/2f40, 0x004730b0)
  B17-GRAN [post-initd3d9] 0x005C0000 COMMIT   .rdata scale consts (1/640 @5cd5a8, 1/480 @5cc560)
  B17-GRAN [post-initd3d9] 0x00630000 COMMIT   .data boot params (0x00636ae8) + timer (0x0063d558)
  B17-GRAN [post-initd3d9] 0x00670000 COMMIT   .data race-state array (0x0067ea10)
  B17-GRAN [post-initd3d9] 0x007D0000 COMMIT   .data RW device slot (*(0x007d3ff8)) — B15 bridge
  B17-GRAN [post-initd3d9] 0x007F0000 COMMIT   .bss big buffer (0x007f0f60) + input (0x007f1044)
  B17-GRAN [post-initd3d9] 0x00890000 COMMIT   .bss menu-entry array + vtx buffer (0x00898a20/ac0)

Milestone B7: granule walk over 0x00500000..0x009FFFFF — 0 granules covered, 80 blocked (first blocked at 0x
Milestone B7: first blocked granule = 0x00500000
Milestone B7: g_mashed_data_mapped = false

Milestone B7: wedge status = INACTIVE (VirtualAlloc failed)

Milestone B10: frontend boot chain start
  [1] DataZeroFill (page-granular): zeroed 226212, skipped 0 bytes
  [2-pre] 0x00630000 state=0x00001000 protect=0x00000008
  [2] BootDefaultParamsInit OK
  [3] DefaultParam_SetField00/04/08 OK; readback 0x007f0f00=0x3F333333 04=0x3F333333 08=0x3F333333 (expect 0x3f333333)
  [4] RaceStateArrayZero OK; readback 0x0067ea10=0x00000000 0x0067ea14=0x00000000 (expect 0)
  [5] MenuEntryArrayInit OK; readback 0x00898ac0=0x00000000 (expect 0)
  [6] TimerSlotClear OK; readback 0x0063d558=0x00000000 (expect 0)
  [7] MainLoopInit AV'd (expected: tunnels into MASHED code section via FUN_00495110 etc.)
Milestone B10: frontend boot chain complete

Milestone B11: DirectInput8 + keyboard device acquired (cooperative = background+nonexclusive)

Milestone B14: MASHED input-globals wedge probe = OK (wrote 0xA5 to 0x007f1044, readback=0xA5)

Milestone B5: uploading 8 textures for atlas
  slot 0: 'skydomegs' 32x32 PAL8 mips=6 OK
  slot 1: 'Shad_groundgs' 128x128 PAL8 mips=8 OK
  slot 2: 'Shad_car' 256x256 ARGB mips=9 OK
  slot 3: 'Shad_bild' 256x256 ARGB mips=9 OK
  slot 4: 'rendergs' 64x32 ARGB mips=7 OK
  slot 5: 'main' 256x256 PAL8 mips=9 OK
  slot 6: 'Gravel' 128x128 ARGB mips=8 OK
  slot 7: 'carbase' 256x256 PAL8 mips=9 OK
  Milestone B5: 8/8 textures uploaded into atlas

Milestone B15: RW Im2D->D3D9 bridge install = OK (fake RW device at *(0x007d3ff8); HudIm2DQuad routes to D3D9)

Milestone B16: standalone RVA thunks — map_text=1 map_scale=1 scale_ok=1 thunks=6/6 (b8b0=1 b8c0=1 d5a0=1 f40=1 30b0=1 2c60=1)
Milestone B16: MenuChromeShellA ready = YES (real MASHED menu chrome via the B15 bridge)

B19a: original/TOASTART/Common/Perm.piz :: BACKGROUND.PNG decode+upload OK (340x240) -> slot 8 handle 2

B19a: original/TOASTART/Common/Font36.piz :: MASHEDNEWLOGO.PNG decode+upload OK (256x128) -> slot 9 handle 3

B19b: message table original/TOASTART/Common/Font36.piz/ENGLISH.DAT loaded (33626 bytes)
B19b: menu item id=33 "Single Player" 195x39 -> slot 10 handle 4
B19b: menu item id=34 "Multi Player" 175x39 -> slot 11 handle 5
B19b: menu item id=35 "Championship" 214x39 -> slot 12 handle 6
B19b: menu item id=36 "Time Trial" 148x39 -> slot 13 handle 7
B19b: menu item id=39 "Options" 120x39 -> slot 14 handle 8
B19b: 5 menu items ready

R2-5: badges.txd 'Button' 16x32 upload OK (dict has 23 textures)
R2-5: badges.txd 'Arrow' 16x16 upload OK
F2 track previews: 24/24 loaded; veh 3/8

#25 color-select: INTERFACE.TXD cars 10/10, vs OK, star OK (dict has 30 textures)

#10 input icons: PC.TXD decode OK, 2/2 (kbd+joypad)

loadicon: 256x128 decode+upload OK

B19a: original/TOASTART/Common/Font36.piz :: BIGE.BMP decode+upload OK (32x32) -> slot 57 handle 48
F1 frontend.mpg: RUNNING (512x512)
R2-2 gamesave load: LOADED (DEADBEEF save)

B19 faithful font (FGDC20): load OK (height=33.0)

MenuStringTable (id->glyph-string): load OK size=20894 ids=449
  self-check id 0x21 len=13 "Single Player"
  self-check id 0x22 len=12 "Multi Player"
  self-check id 0x23 len=12 "Championship"
  self-check id 0x24 len=10 "Time Trial"
  self-check id 0x27 len=7 "Options"

B17-SUMMARY reached-main-loop chrome=YES thunks=6/6
CAPMODE tag=00_challengeselect.bmp mode=Frontend
NAV_DEMO phase=0 00_challengeselect ok=1 depth=1 screen=6 cur=0 nrec=3
  WS-E lights: ambient=0xFF334D4D (RGB 51,77,77) sun=0xFF99B3B3 dir=(-0.977,-0.138,0.161)
D3D9 world.tris mat[0]=955 tex=1
D3D9 world.tris mat[1]=162 tex=1
D3D9 world.tris mat[2]=523 tex=1
D3D9 world.tris mat[3]=1660 tex=1
D3D9 world.tris mat[4]=1914 tex=1
D3D9 world.tris mat[5]=8197 tex=1
D3D9 world.tris mat[6]=22 tex=0
D3D9 world.tris mat[7]=596 tex=1
D3D9 world.tris mat[8]=541 tex=1
D3D9 world.tris mat[9]=48 tex=1
D3D9 world.tris mat[10]=1131 tex=1
D3D9 world.tris mat[11]=196 tex=1
D3D9 world.tris mat[12]=535 tex=1
D-S3-6 bake: dff=sky.dff lt=no batch=0 baked_v0=0x00FFFFFF
D-S3-6 bake: dff=WhiteTyre.dff lt=YES batch=0 baked_v0=0xFF334D4D
D-S3-6 bake: dff=RedTyre.dff lt=YES batch=0 baked_v0=0xFF334D4D
D-S3-6 bake: dff=Crate02.dff lt=YES batch=0 baked_v0=0xFF334D4D
D-S3-6 bake: dff=sea.dff lt=YES batch=0 baked_v0=0xFF3E5B59
D-S3-6 bake: dff=Freighter.dff lt=YES batch=0 baked_v0=0xFF467373
D-S3-6 bake: dff=FishingBoat.dff lt=YES batch=0 baked_v0=0xFF467373
D-S3-6 bake: dff=CamMan.dff lt=YES batch=0 baked_v0=0xFFFFFFFF
  F3 UV-anim: 2 .UVA rate(s); scrolling materials world=0 props=1 sky=1
  F2 copters: 6 flying, 3 models from original/TOASTART/Common\Perm.piz (1 gameplay/rule-5)
R4 track load OK: original/TOASTART/TRACKS/Arctic.piz — tris=16480 verts=16229 sectors=12 mats=13 textured=12 radius=80.46 props=7 (instances=23) gates=94
  CAM-DIAG bbox=[32.3,14.2,57.2 .. -62.3,-5.3,-73.0] bbox_center=(-15.0,4.4,-7.9) bbox_R=80.5 | gate_center=(-4.6,0.4,-4.0) gate_R=55.4
R4 pickups: 18 real powerup spawns (POWERUPS_GOLD.LUA)
PLAY-DEMO td=0.00 steer=+0.00 car_yaw=1.5498 pos=(-25.2,15.8) speed=0.00
PLAY-DEMO td=0.27 steer=+0.00 car_yaw=1.5498 pos=(-25.2,15.8) speed=0.00
PLAY-DEMO td=0.52 steer=+0.00 car_yaw=1.5498 pos=(-25.2,15.8) speed=0.00
PLAY-DEMO td=0.78 steer=+0.00 car_yaw=1.5498 pos=(-25.2,15.8) speed=0.00
CAPMODE tag=car_1_spawn.bmp mode=InRace
SIMHZ render_fps=170.0 sim_hz=59.0 (frames=170 steps=59 span=1.00s cfg=60)
PLAY-DEMO td=1.05 steer=+0.00 car_yaw=1.5498 pos=(-25.2,15.8) speed=0.00
PLAY-DEMO td=1.31 steer=+0.00 car_yaw=1.5498 pos=(-25.2,15.8) speed=0.00
PLAY-DEMO td=1.58 steer=+0.00 car_yaw=1.5498 pos=(-25.2,15.8) speed=0.00
PLAY-DEMO td=1.84 steer=+0.00 car_yaw=1.5498 pos=(-25.2,15.8) speed=0.00
CAPMODE tag=01_grid.bmp mode=InRace
NAV_DEMO phase=1 01_grid ok=1 depth=1 screen=6 cur=0 nrec=3
RELIGHT_CAP tag=01_grid heading=1.54978
R5 drive t=1.9s pos=(-25.21, 0.04, 15.78) speed=0.00
SIMHZ render_fps=180.0 sim_hz=60.0 (frames=180 steps=60 span=1.00s cfg=60)
PLAY-DEMO td=2.11 steer=+0.00 car_yaw=1.5498 pos=(-25.2,15.8) speed=0.00
CAPMODE tag=car_2_drive.bmp mode=InRace
PLAY-DEMO td=2.38 steer=+0.00 car_yaw=1.5498 pos=(-25.2,15.8) speed=0.00
PLAY-DEMO td=2.63 steer=+0.00 car_yaw=1.5498 pos=(-25.2,15.8) speed=0.00
PLAY-DEMO td=2.89 steer=+0.00 car_yaw=1.5498 pos=(-25.2,15.8) speed=0.00
SIMHZ render_fps=180.0 sim_hz=60.0 (frames=180 steps=60 span=1.00s cfg=60)
CAPMODE tag=round1_go.bmp mode=InRace
PLAY-DEMO td=3.16 steer=+0.00 car_yaw=1.5498 pos=(-25.2,15.8) speed=41.81
PLAY-DEMO td=3.42 steer=+0.00 car_yaw=1.5498 pos=(-25.2,16.0) speed=129.41
CAPMODE tag=car_3_weave.bmp mode=InRace
PLAY-DEMO td=3.69 steer=+0.00 car_yaw=1.5498 pos=(-25.2,16.4) speed=254.90
PLAY-DEMO td=3.95 steer=+0.00 car_yaw=1.5498 pos=(-25.2,17.0) speed=342.10
SIMHZ render_fps=180.0 sim_hz=60.0 (frames=180 steps=60 span=1.00s cfg=60)
PLAY-DEMO td=4.22 steer=+0.50 car_yaw=1.5406 pos=(-25.2,17.8) speed=458.30
CAPMODE tag=01_inrace_track.bmp mode=InRace
NAV_DEMO phase=1 01_inrace_track ok=1 depth=1 screen=6 cur=0 nrec=3
RELIGHT_CAP tag=01_inrace_track heading=1.53803
PLAY-DEMO td=4.49 steer=+0.50 car_yaw=1.5269 pos=(-25.1,19.0) speed=612.98
PLAY-DEMO td=4.75 steer=+0.50 car_yaw=1.5131 pos=(-25.0,20.5) speed=817.59
SIMHZ render_fps=180.0 sim_hz=60.0 (frames=180 steps=60 span=1.00s cfg=60)
PLAY-DEMO td=5.02 steer=+0.50 car_yaw=1.4993 pos=(-24.9,22.6) speed=1085.80
PLAY-DEMO td=5.28 steer=+0.50 car_yaw=1.4862 pos=(-24.7,25.2) speed=1396.80
PLAY-DEMO td=5.55 steer=+0.50 car_yaw=1.4752 pos=(-24.4,28.4) speed=1698.35
PLAY-DEMO td=5.81 steer=+0.50 car_yaw=2.0914 pos=(-24.9,31.0) speed=1254.32
SIMHZ render_fps=180.0 sim_hz=60.0 (frames=180 steps=60 span=1.00s cfg=60)
PLAY-DEMO td=6.08 steer=+0.50 car_yaw=2.0797 pos=(-26.3,33.7) speed=1560.98
PLAY-DEMO td=6.34 steer=+0.50 car_yaw=2.0750 pos=(-27.9,36.5) speed=1882.42
PLAY-DEMO td=6.61 steer=+0.50 car_yaw=2.1000 pos=(-29.5,39.2) speed=2211.97
R6 ROUND END winner=car3 scores=[0,1,0,2]
CAPMODE tag=round1_result.bmp mode=InRace
R6 round 1 OVER t=6.6s winner=car3 (wins now: c0=0 c1=1 c2=0 c3=2)
CAPMODE tag=01_action.bmp mode=InRace
NAV_DEMO phase=1 01_action ok=1 depth=1 screen=6 cur=0 nrec=3
RELIGHT_CAP tag=01_action heading=2.09978
PLAY-DEMO td=6.88 steer=+0.50 car_yaw=2.0942 pos=(-31.1,42.0) speed=2468.92
SIMHZ render_fps=180.0 sim_hz=60.0 (frames=180 steps=60 span=1.00s cfg=60)
PLAY-DEMO td=7.14 steer=+0.50 car_yaw=2.0869 pos=(-32.7,44.8) speed=2705.50
PLAY-DEMO td=7.41 steer=+0.50 car_yaw=2.0801 pos=(-34.3,47.6) speed=2921.61
PLAY-DEMO td=7.67 steer=+0.50 car_yaw=2.0740 pos=(-35.7,50.2) speed=3105.51
PLAY-DEMO td=7.94 steer=+0.50 car_yaw=2.0677 pos=(-37.2,53.0) speed=3282.12
SIMHZ render_fps=180.0 sim_hz=60.0 (frames=180 steps=60 span=1.00s cfg=60)
PLAY-DEMO td=8.19 steer=+0.50 car_yaw=2.0621 pos=(-38.7,55.7) speed=3430.09
PLAY-DEMO td=8.45 steer=+0.50 car_yaw=2.0562 pos=(-40.2,58.5) speed=3570.23
PLAY-DEMO td=8.72 steer=+0.50 car_yaw=-1.0674 pos=(-40.0,58.3) speed=2311.99
PLAY-DEMO td=8.99 steer=+0.50 car_yaw=-1.0749 pos=(-38.5,55.5) speed=2560.95
SIMHZ render_fps=180.0 sim_hz=60.0 (frames=180 steps=60 span=1.00s cfg=60)
CAPMODE tag=car_4_chase.bmp mode=InRace
PLAY-DEMO td=9.25 steer=-0.50 car_yaw=-1.0710 pos=(-37.0,52.7) speed=2789.63
PLAY-DEMO td=9.52 steer=-0.50 car_yaw=-1.0643 pos=(-35.4,49.9) speed=2997.74
PLAY-DEMO td=9.78 steer=-0.50 car_yaw=1.5498 pos=(-25.2,15.8) speed=0.00
SIMHZ render_fps=180.0 sim_hz=60.0 (frames=180 steps=60 span=1.00s cfg=60)
PLAY-DEMO td=10.05 steer=-0.50 car_yaw=1.5498 pos=(-25.2,15.8) speed=0.00
PLAY-DEMO td=10.31 steer=-0.50 car_yaw=1.5498 pos=(-25.2,15.8) speed=0.00
PLAY-DEMO td=10.58 steer=-0.50 car_yaw=1.5498 pos=(-25.2,15.8) speed=0.00
PLAY-DEMO td=10.84 steer=-0.50 car_yaw=1.5498 pos=(-25.2,15.8) speed=0.00
SIMHZ render_fps=180.0 sim_hz=60.0 (frames=180 steps=60 span=1.00s cfg=60)
PLAY-DEMO td=11.11 steer=-0.50 car_yaw=1.5498 pos=(-25.2,15.8) speed=0.00
PLAY-DEMO td=11.38 steer=-0.50 car_yaw=1.5498 pos=(-25.2,15.8) speed=0.00
PLAY-DEMO td=11.64 steer=-0.50 car_yaw=1.5498 pos=(-25.2,15.8) speed=0.00
PLAY-DEMO td=11.91 steer=-0.50 car_yaw=1.5498 pos=(-25.2,15.8) speed=0.00
SIMHZ render_fps=180.0 sim_hz=60.0 (frames=180 steps=60 span=1.00s cfg=60)
PLAY-DEMO td=12.17 steer=-0.50 car_yaw=1.5498 pos=(-25.2,15.8) speed=0.00
PLAY-DEMO td=12.44 steer=-0.50 car_yaw=1.5498 pos=(-25.2,15.8) speed=0.00
CAPMODE tag=round2_go.bmp mode=InRace
PLAY-DEMO td=12.70 steer=-0.50 car_yaw=1.5498 pos=(-25.2,16.1) speed=13.13
PLAY-DEMO td=12.97 steer=-0.50 car_yaw=1.5505 pos=(-25.2,16.3) speed=96.25
SIMHZ render_fps=180.0 sim_hz=60.0 (frames=180 steps=60 span=1.00s cfg=60)
PLAY-DEMO td=13.24 steer=-0.50 car_yaw=1.5537 pos=(-25.2,16.6) speed=208.61
PLAY-DEMO td=13.50 steer=-0.50 car_yaw=1.5623 pos=(-25.2,17.2) speed=306.56
PLAY-DEMO td=13.77 steer=-0.50 car_yaw=1.5777 pos=(-25.2,17.9) speed=410.10
SIMHZ render_fps=180.0 sim_hz=60.0 (frames=180 steps=60 span=1.00s cfg=60)
PLAY-DEMO td=14.03 steer=+1.00 car_yaw=1.5894 pos=(-25.2,18.9) speed=547.79
PLAY-DEMO td=14.30 steer=+1.00 car_yaw=1.5651 pos=(-25.2,20.3) speed=724.46
PLAY-DEMO td=14.56 steer=+1.00 car_yaw=1.5377 pos=(-25.2,22.1) speed=954.61
PLAY-DEMO td=14.83 steer=+1.00 car_yaw=1.5100 pos=(-25.1,24.5) speed=1244.60
SIMHZ render_fps=180.0 sim_hz=60.0 (frames=180 steps=60 span=1.00s cfg=60)
PLAY-DEMO td=15.09 steer=+1.00 car_yaw=1.4856 pos=(-24.8,27.5) speed=1540.19
PLAY-DEMO td=15.36 steer=+1.00 car_yaw=1.4647 pos=(-24.5,30.6) speed=1824.15
R6 ROUND END winner=car1 scores=[0,3,1,0]
CAPMODE tag=round2_result.bmp mode=InRace
R6 round 2 OVER t=15.5s winner=car1 (wins now: c0=0 c1=3 c2=1 c3=0)
PLAY-DEMO td=15.63 steer=+1.00 car_yaw=-3.1249 pos=(-24.8,33.0) speed=1282.80
PLAY-DEMO td=15.89 steer=+1.00 car_yaw=-3.1472 pos=(-27.9,33.0) speed=1577.15
SIMHZ render_fps=180.0 sim_hz=60.0 (frames=180 steps=60 span=1.00s cfg=60)
CAPMODE tag=car_5_chase.bmp mode=InRace
PLAY-DEMO td=16.16 steer=+1.00 car_yaw=-3.1678 pos=(-31.1,33.1) speed=1859.41
PLAY-DEMO td=16.42 steer=+1.00 car_yaw=-0.0279 pos=(-29.7,33.0) speed=1362.81
PLAY-DEMO td=16.69 steer=+1.00 car_yaw=-0.0506 pos=(-26.6,32.9) speed=1654.18
PLAY-DEMO td=16.95 steer=+1.00 car_yaw=3.0048 pos=(-25.1,32.9) speed=1194.30
SIMHZ render_fps=180.0 sim_hz=60.0 (frames=180 steps=60 span=1.00s cfg=60)
PLAY-DEMO td=17.22 steer=+1.00 car_yaw=2.9808 pos=(-28.0,33.3) speed=1491.56
PLAY-DEMO td=17.49 steer=+1.00 car_yaw=2.9594 pos=(-31.1,33.9) speed=1777.68
PLAY-DEMO td=17.75 steer=+1.00 car_yaw=2.9405 pos=(-34.3,34.5) speed=2049.70
SIMHZ render_fps=180.0 sim_hz=60.0 (frames=180 steps=60 span=1.00s cfg=60)
PLAY-DEMO td=18.02 steer=+1.00 car_yaw=2.9233 pos=(-37.4,35.1) speed=2305.24
PLAY-DEMO td=18.28 steer=+1.00 car_yaw=2.9073 pos=(-40.5,35.9) speed=2542.59
PLAY-DEMO td=18.55 steer=+1.00 car_yaw=1.5498 pos=(-25.2,15.8) speed=0.00
PLAY-DEMO td=18.81 steer=+1.00 car_yaw=1.5498 pos=(-25.2,15.8) speed=0.00
SIMHZ render_fps=181.0 sim_hz=60.0 (frames=181 steps=60 span=1.00s cfg=60)
PLAY-DEMO td=19.08 steer=-1.00 car_yaw=1.5498 pos=(-25.2,15.8) speed=0.00
PLAY-DEMO td=19.34 steer=-1.00 car_yaw=1.5498 pos=(-25.2,15.8) speed=0.00
PLAY-DEMO td=19.61 steer=-1.00 car_yaw=1.5498 pos=(-25.2,15.8) speed=0.00
PLAY-DEMO td=19.88 steer=-1.00 car_yaw=1.5498 pos=(-25.2,15.8) speed=0.00
SIMHZ render_fps=180.0 sim_hz=60.0 (frames=180 steps=60 span=1.00s cfg=60)
PLAY-DEMO td=20.13 steer=-1.00 car_yaw=1.5498 pos=(-25.2,15.8) speed=0.00
PLAY-DEMO td=20.39 steer=-1.00 car_yaw=1.5498 pos=(-25.2,15.8) speed=0.00
PLAY-DEMO td=20.66 steer=-1.00 car_yaw=1.5498 pos=(-25.2,15.8) speed=0.00
PLAY-DEMO td=20.92 steer=-1.00 car_yaw=1.5498 pos=(-25.2,15.8) speed=0.00
SIMHZ render_fps=179.0 sim_hz=60.0 (frames=179 steps=60 span=1.00s cfg=60)
PLAY-DEMO td=21.19 steer=-1.00 car_yaw=1.5498 pos=(-25.2,15.8) speed=0.00
PLAY-DEMO td=21.45 steer=-1.00 car_yaw=1.5498 pos=(-25.2,15.8) speed=0.00
CAPMODE tag=round3_go.bmp mode=InRace
PLAY-DEMO td=21.72 steer=-1.00 car_yaw=1.5515 pos=(-25.2,16.2) speed=70.46
PLAY-DEMO td=21.99 steer=-1.00 car_yaw=1.5611 pos=(-25.2,16.5) speed=169.80
SIMHZ render_fps=180.0 sim_hz=60.0 (frames=180 steps=60 span=1.00s cfg=60)
PLAY-DEMO td=22.25 steer=-1.00 car_yaw=1.6007 pos=(-25.2,17.0) speed=280.46
PLAY-DEMO td=22.52 steer=-1.00 car_yaw=1.6284 pos=(-25.2,17.7) speed=371.71
PLAY-DEMO td=22.78 steer=-1.00 car_yaw=1.6555 pos=(-25.3,18.6) speed=492.59
SIMHZ render_fps=180.0 sim_hz=60.0 (frames=180 steps=60 span=1.00s cfg=60)
PLAY-DEMO td=23.05 steer=-1.00 car_yaw=1.6827 pos=(-25.4,19.8) speed=651.80
PLAY-DEMO td=23.31 steer=-1.00 car_yaw=1.7101 pos=(-25.6,21.4) speed=859.98
PLAY-DEMO td=23.58 steer=-1.00 car_yaw=1.7379 pos=(-26.0,23.5) speed=1129.66
PLAY-DEMO td=23.84 steer=-1.00 car_yaw=1.7640 pos=(-26.5,26.3) speed=1428.66
SIMHZ render_fps=180.0 sim_hz=60.0 (frames=180 steps=60 span=1.00s cfg=60)
PLAY-DEMO td=24.11 steer=-1.00 car_yaw=1.7861 pos=(-27.1,29.4) speed=1717.29
R6 ROUND END winner=car1 scores=[0,5,2,0]
CAPMODE tag=round3_result.bmp mode=InRace
R6 round 3 OVER t=24.3s winner=car1 (wins now: c0=0 c1=5 c2=2 c3=0)
PLAY-DEMO td=24.38 steer=-1.00 car_yaw=1.8055 pos=(-27.8,32.5) speed=1992.43
PLAY-DEMO td=24.64 steer=-1.00 car_yaw=1.8343 pos=(-28.6,35.6) speed=2284.36
PLAY-DEMO td=24.91 steer=-1.00 car_yaw=1.8573 pos=(-29.5,38.7) speed=2528.76
SIMHZ render_fps=180.0 sim_hz=60.0 (frames=180 steps=60 span=1.00s cfg=60)
PLAY-DEMO td=25.17 steer=-1.00 car_yaw=1.8715 pos=(-30.4,41.5) speed=2734.85
PLAY-DEMO td=25.44 steer=-1.00 car_yaw=1.8859 pos=(-31.3,44.6) speed=2935.75
PLAY-DEMO td=25.70 steer=-1.00 car_yaw=1.8997 pos=(-32.3,47.6) speed=3117.23
PLAY-DEMO td=25.97 steer=-1.00 car_yaw=1.9131 pos=(-33.4,50.6) speed=3279.86
SIMHZ render_fps=180.0 sim_hz=60.0 (frames=180 steps=60 span=1.00s cfg=60)
PLAY-DEMO td=26.24 steer=-1.00 car_yaw=1.9260 pos=(-34.5,53.6) speed=3424.53
PLAY-DEMO td=26.50 steer=-1.00 car_yaw=1.9387 pos=(-35.6,56.6) speed=3552.41
PLAY-DEMO td=26.77 steer=-1.00 car_yaw=1.9512 pos=(-36.8,59.6) speed=3664.81
SIMHZ render_fps=181.0 sim_hz=60.0 (frames=181 steps=60 span=1.00s cfg=60)
PLAY-DEMO td=27.03 steer=-1.00 car_yaw=-1.1740 pos=(-35.8,57.2) speed=2421.72
PLAY-DEMO td=27.30 steer=-1.00 car_yaw=-1.1585 pos=(-34.5,54.3) speed=2649.81
PLAY-DEMO td=27.56 steer=-1.00 car_yaw=1.5498 pos=(-25.2,15.8) speed=0.00
PLAY-DEMO td=27.83 steer=-1.00 car_yaw=1.5498 pos=(-25.2,15.8) speed=0.00
SIMHZ render_fps=180.0 sim_hz=60.0 (frames=180 steps=60 span=1.00s cfg=60)
PLAY-DEMO td=28.09 steer=-1.00 car_yaw=1.5498 pos=(-25.2,15.8) speed=0.00
PLAY-DEMO td=28.36 steer=-1.00 car_yaw=1.5498 pos=(-25.2,15.8) speed=0.00
PLAY-DEMO td=28.63 steer=-1.00 car_yaw=1.5498 pos=(-25.2,15.8) speed=0.00
PLAY-DEMO td=28.89 steer=-1.00 car_yaw=1.5498 pos=(-25.2,15.8) speed=0.00
SIMHZ render_fps=179.0 sim_hz=60.0 (frames=179 steps=60 span=1.00s cfg=60)
PLAY-DEMO td=29.16 steer=-1.00 car_yaw=1.5498 pos=(-25.2,15.8) speed=0.00
PLAY-DEMO td=29.42 steer=-1.00 car_yaw=1.5498 pos=(-25.2,15.8) speed=0.00
PLAY-DEMO td=29.69 steer=-1.00 car_yaw=1.5498 pos=(-25.2,15.8) speed=0.00
PLAY-DEMO td=29.95 steer=-1.00 car_yaw=1.5498 pos=(-25.2,15.8) speed=0.00
SIMHZ render_fps=180.0 sim_hz=60.0 (frames=180 steps=60 span=1.00s cfg=60)
CAPMODE tag=02_back_to_menu.bmp mode=Frontend
NAV_DEMO phase=2 02_back_to_menu ok=1 depth=1 screen=6 cur=0 nrec=3
NAV_DEMO phase=3 race-demo done ok=1 depth=1 screen=6 cur=0 nrec=3
