
=== B17 region map [winmain-entry] 0x00400000..0x009FFFFF ===
  0x00400000 +0x0079B000  COMMIT  IMAGE   protect=0x008
  --- totals: free=0KB commit=7788KB reserve=0KB ---
  B17-GRAN [winmain-entry] 0x00420000 COMMIT   .text getters (0x0042b8b0/c0, credits 0x0042d5a0)
  B17-GRAN [winmain-entry] 0x00470000 COMMIT   .text Im2D draws (0x00472c60/2f40, 0x004730b0)
  B17-GRAN [winmain-entry] 0x005C0000 COMMIT   .rdata scale consts (1/640 @5cd5a8, 1/480 @5cc560)
  B17-GRAN [winmain-entry] 0x00630000 COMMIT   .data boot params (0x00636ae8) + timer (0x0063d558)
  B17-GRAN [winmain-entry] 0x00670000 COMMIT   .data race-state array (0x0067ea10)
  B17-GRAN [winmain-entry] 0x007D0000 COMMIT   .data RW device slot (*(0x007d3ff8)) — B15 bridge
  B17-GRAN [winmain-entry] 0x007F0000 COMMIT   .bss big buffer (0x007f0f60) + input (0x007f1044)
  B17-GRAN [winmain-entry] 0x00890000 COMMIT   .bss menu-entry array + vtx buffer (0x00898a20/ac0)
B17-TLS: reserved 0/0 needed granules at TLS time (seen-free; the rest were already occupied by kernel-early NLS)
B17-PAD: image-pad arena [0x0019B2E0 .. 0x00B9B2DF] (exe owns the MASHED RVA range)
Frontend.piz loaded OK
  path:    original/TOASTART/Common/Frontend.piz
  size:    1257472 bytes
  version: 3
  entries: 2
  mode:    raw

  name                                                             offset     length         id
  ------------------------------------------------------------ ---------- ---------- ----------
  TEXTURES.TXD                                                 0x00001000 0x000FBCE8 0x00001AC2
  MAIN.BSP                                                     0x000FD000 0x00035BF8 0x00000AE1

TEXTURES.TXD extracted to extracted/TEXTURES.TXD (1031400 bytes)
RWS chunk tree:
[0] 0x00000023 (?) size=0x000FBCDC version=0x1803FFFF @ 0x00000000

  total chunks: 1 (containers: 0)

TXD decode (Milestone B3):
  OK: 8 textures, deviceId=1

  #   name                     w     h  bpp fmt   mips palette
  --- -------------------- ----- ----- ---- ----- ---- -------
  0   skydomegs               32    32    8 PAL8     6 yes    
  1   Shad_groundgs          128   128    8 PAL8     8 yes    
  2   Shad_car               256   256   32 ARGB     9 -      
  3   Shad_bild              256   256   32 ARGB     9 -      
  4   rendergs                64    32   32 ARGB     7 -      
  5   main                   256   256    8 PAL8     9 yes    
  6   Gravel                 128   128   32 ARGB     8 -      
  7   carbase                256   256    8 PAL8     9 yes    

=== B17 region map [pre-initd3d9] 0x00400000..0x009FFFFF ===
  0x00400000 +0x0079B000  COMMIT  IMAGE   protect=0x008
  --- totals: free=0KB commit=7788KB reserve=0KB ---
  B17-GRAN [pre-initd3d9] 0x00420000 COMMIT   .text getters (0x0042b8b0/c0, credits 0x0042d5a0)
  B17-GRAN [pre-initd3d9] 0x00470000 COMMIT   .text Im2D draws (0x00472c60/2f40, 0x004730b0)
  B17-GRAN [pre-initd3d9] 0x005C0000 COMMIT   .rdata scale consts (1/640 @5cd5a8, 1/480 @5cc560)
  B17-GRAN [pre-initd3d9] 0x00630000 COMMIT   .data boot params (0x00636ae8) + timer (0x0063d558)
  B17-GRAN [pre-initd3d9] 0x00670000 COMMIT   .data race-state array (0x0067ea10)
  B17-GRAN [pre-initd3d9] 0x007D0000 COMMIT   .data RW device slot (*(0x007d3ff8)) — B15 bridge
  B17-GRAN [pre-initd3d9] 0x007F0000 COMMIT   .bss big buffer (0x007f0f60) + input (0x007f1044)
  B17-GRAN [pre-initd3d9] 0x00890000 COMMIT   .bss menu-entry array + vtx buffer (0x00898a20/ac0)
InitD3D9: adapter mode 2560x1440 fmt=22 refresh=165
InitD3D9: CreateDevice(HAL/HW,depthA,vsdef) -> OK hr=0x00000000 OK

=== B17 region map [post-initd3d9] 0x00400000..0x009FFFFF ===
  0x00400000 +0x0079B000  COMMIT  IMAGE   protect=0x008
  --- totals: free=0KB commit=7788KB reserve=0KB ---
  B17-GRAN [post-initd3d9] 0x00420000 COMMIT   .text getters (0x0042b8b0/c0, credits 0x0042d5a0)
  B17-GRAN [post-initd3d9] 0x00470000 COMMIT   .text Im2D draws (0x00472c60/2f40, 0x004730b0)
  B17-GRAN [post-initd3d9] 0x005C0000 COMMIT   .rdata scale consts (1/640 @5cd5a8, 1/480 @5cc560)
  B17-GRAN [post-initd3d9] 0x00630000 COMMIT   .data boot params (0x00636ae8) + timer (0x0063d558)
  B17-GRAN [post-initd3d9] 0x00670000 COMMIT   .data race-state array (0x0067ea10)
  B17-GRAN [post-initd3d9] 0x007D0000 COMMIT   .data RW device slot (*(0x007d3ff8)) — B15 bridge
  B17-GRAN [post-initd3d9] 0x007F0000 COMMIT   .bss big buffer (0x007f0f60) + input (0x007f1044)
  B17-GRAN [post-initd3d9] 0x00890000 COMMIT   .bss menu-entry array + vtx buffer (0x00898a20/ac0)

Milestone B7: granule walk over 0x00500000..0x009FFFFF — 0 granules covered, 80 blocked (first blocked at 0x
Milestone B7: first blocked granule = 0x00500000
Milestone B7: g_mashed_data_mapped = false

Milestone B7: wedge status = INACTIVE (VirtualAlloc failed)

Milestone B10: frontend boot chain start
  [1] DataZeroFill (page-granular): zeroed 226212, skipped 0 bytes
  [2-pre] 0x00630000 state=0x00001000 protect=0x00000008
  [2] BootDefaultParamsInit OK
  [3] DefaultParam_SetField00/04/08 OK; readback 0x007f0f00=0x3F333333 04=0x3F333333 08=0x3F333333 (expect 0x3f333333)
  [4] RaceStateArrayZero OK; readback 0x0067ea10=0x00000000 0x0067ea14=0x00000000 (expect 0)
  [5] MenuEntryArrayInit OK; readback 0x00898ac0=0x00000000 (expect 0)
  [6] TimerSlotClear OK; readback 0x0063d558=0x00000000 (expect 0)
  [7] MainLoopInit AV'd (expected: tunnels into MASHED code section via FUN_00495110 etc.)
Milestone B10: frontend boot chain complete

Milestone B11: DirectInput8 + keyboard device acquired (cooperative = background+nonexclusive)

Milestone B14: MASHED input-globals wedge probe = OK (wrote 0xA5 to 0x007f1044, readback=0xA5)

Milestone B5: uploading 8 textures for atlas
  slot 0: 'skydomegs' 32x32 PAL8 mips=6 OK
  slot 1: 'Shad_groundgs' 128x128 PAL8 mips=8 OK
  slot 2: 'Shad_car' 256x256 ARGB mips=9 OK
  slot 3: 'Shad_bild' 256x256 ARGB mips=9 OK
  slot 4: 'rendergs' 64x32 ARGB mips=7 OK
  slot 5: 'main' 256x256 PAL8 mips=9 OK
  slot 6: 'Gravel' 128x128 ARGB mips=8 OK
  slot 7: 'carbase' 256x256 PAL8 mips=9 OK
  Milestone B5: 8/8 textures uploaded into atlas

Milestone B15: RW Im2D->D3D9 bridge install = OK (fake RW device at *(0x007d3ff8); HudIm2DQuad routes to D3D9)

Milestone B16: standalone RVA thunks — map_text=1 map_scale=1 scale_ok=1 thunks=6/6 (b8b0=1 b8c0=1 d5a0=1 f40=1 30b0=1 2c60=1)
Milestone B16: MenuChromeShellA ready = YES (real MASHED menu chrome via the B15 bridge)

B19a: original/TOASTART/Common/Perm.piz :: BACKGROUND.PNG decode+upload OK (340x240) -> slot 8 handle 2

B19a: original/TOASTART/Common/Font36.piz :: MASHEDNEWLOGO.PNG decode+upload OK (256x128) -> slot 9 handle 3

B19b: message table original/TOASTART/Common/Font36.piz/ENGLISH.DAT loaded (33626 bytes)
B19b: menu item id=33 "Single Player" 195x39 -> slot 10 handle 4
B19b: menu item id=34 "Multi Player" 175x39 -> slot 11 handle 5
B19b: menu item id=35 "Championship" 214x39 -> slot 12 handle 6
B19b: menu item id=36 "Time Trial" 148x39 -> slot 13 handle 7
B19b: menu item id=39 "Options" 120x39 -> slot 14 handle 8
B19b: 5 menu items ready

R2-5: badges.txd 'Button' 16x32 upload OK (dict has 23 textures)
R2-5: badges.txd 'Arrow' 16x16 upload OK
F2 track previews: 24/24 loaded; veh 3/8

#25 color-select: INTERFACE.TXD cars 10/10, vs OK, star OK (dict has 30 textures)

#10 input icons: PC.TXD decode OK, 2/2 (kbd+joypad)

loadicon: 256x128 decode+upload OK

B19a: original/TOASTART/Common/Font36.piz :: BIGE.BMP decode+upload OK (32x32) -> slot 57 handle 48
F1 frontend.mpg: RUNNING (512x512)
R2-2 gamesave load: LOADED (DEADBEEF save)

B19 faithful font (FGDC20): load OK (height=33.0)

MenuStringTable (id->glyph-string): load OK size=20894 ids=449
  self-check id 0x21 len=13 "Single Player"
  self-check id 0x22 len=12 "Multi Player"
  self-check id 0x23 len=12 "Championship"
  self-check id 0x24 len=10 "Time Trial"
  self-check id 0x27 len=7 "Options"

B17-SUMMARY reached-main-loop chrome=YES thunks=6/6
CAPMODE tag=00_challengeselect.bmp mode=Frontend
NAV_DEMO phase=0 00_challengeselect ok=1 depth=1 screen=6 cur=0 nrec=3
  WS-E lights: ambient=0xFF334D4D (RGB 51,77,77) sun=0xFF99B3B3 dir=(-0.977,-0.138,0.161)
D3D9 world.tris mat[0]=955 tex=1
D3D9 world.tris mat[1]=162 tex=1
D3D9 world.tris mat[2]=523 tex=1
D3D9 world.tris mat[3]=1660 tex=1
D3D9 world.tris mat[4]=1914 tex=1
D3D9 world.tris mat[5]=8197 tex=1
D3D9 world.tris mat[6]=22 tex=0
D3D9 world.tris mat[7]=596 tex=1
D3D9 world.tris mat[8]=541 tex=1
D3D9 world.tris mat[9]=48 tex=1
D3D9 world.tris mat[10]=1131 tex=1
D3D9 world.tris mat[11]=196 tex=1
D3D9 world.tris mat[12]=535 tex=1
D-S3-6 bake: dff=sky.dff lt=no batch=0 baked_v0=0x00FFFFFF
D-S3-6 bake: dff=WhiteTyre.dff lt=YES batch=0 baked_v0=0xFF334D4D
D-S3-6 bake: dff=RedTyre.dff lt=YES batch=0 baked_v0=0xFF334D4D
D-S3-6 bake: dff=Crate02.dff lt=YES batch=0 baked_v0=0xFF334D4D
D-S3-6 bake: dff=sea.dff lt=YES batch=0 baked_v0=0xFF3E5B59
D-S3-6 bake: dff=Freighter.dff lt=YES batch=0 baked_v0=0xFF467373
D-S3-6 bake: dff=FishingBoat.dff lt=YES batch=0 baked_v0=0xFF467373
D-S3-6 bake: dff=CamMan.dff lt=YES batch=0 baked_v0=0xFFFFFFFF
  F3 UV-anim: 2 .UVA rate(s); scrolling materials world=0 props=1 sky=1
  F2 copters: 6 flying, 3 models from original/TOASTART/Common\Perm.piz (1 gameplay/rule-5)
R4 track load OK: original/TOASTART/TRACKS/Arctic.piz — tris=16480 verts=16229 sectors=12 mats=13 textured=12 radius=80.46 props=7 (instances=23) gates=94
  CAM-DIAG bbox=[32.3,14.2,57.2 .. -62.3,-5.3,-73.0] bbox_center=(-15.0,4.4,-7.9) bbox_R=80.5 | gate_center=(-4.6,0.4,-4.0) gate_R=55.4
R4 pickups: 18 real powerup spawns (POWERUPS_GOLD.LUA)
PLAY-DEMO td=0.00 steer=+0.00 car_yaw=1.5498 pos=(-25.2,15.8) speed=0.00
PLAY-DEMO td=0.27 steer=+0.00 car_yaw=1.5498 pos=(-25.2,15.8) speed=0.00
PLAY-DEMO td=0.52 steer=+0.00 car_yaw=1.5498 pos=(-25.2,15.8) speed=0.00
PLAY-DEMO td=0.78 steer=+0.00 car_yaw=1.5498 pos=(-25.2,15.8) speed=0.00
CAPMODE tag=car_1_spawn.bmp mode=InRace
SIMHZ render_fps=52.0 sim_hz=60.0 (frames=52 steps=60 span=1.00s cfg=60)
PLAY-DEMO td=1.05 steer=+0.00 car_yaw=1.5498 pos=(-25.2,15.8) speed=0.00
PLAY-DEMO td=1.31 steer=+0.00 car_yaw=1.5498 pos=(-25.2,15.8) speed=0.00
PLAY-DEMO td=1.58 steer=+0.00 car_yaw=1.5498 pos=(-25.2,15.8) speed=0.00
PLAY-DEMO td=1.84 steer=+0.00 car_yaw=1.5498 pos=(-25.2,15.8) speed=0.00
CAPMODE tag=01_grid.bmp mode=InRace
NAV_DEMO phase=1 01_grid ok=1 depth=1 screen=6 cur=0 nrec=3
RELIGHT_CAP tag=01_grid heading=1.54978
SIMHZ render_fps=55.0 sim_hz=60.0 (frames=55 steps=60 span=1.00s cfg=60)
PLAY-DEMO td=2.11 steer=+0.00 car_yaw=1.5498 pos=(-25.2,15.8) speed=0.00
CAPMODE tag=car_2_drive.bmp mode=InRace
PLAY-DEMO td=2.38 steer=+0.00 car_yaw=1.5498 pos=(-25.2,15.8) speed=0.00
PLAY-DEMO td=2.63 steer=+0.00 car_yaw=1.5498 pos=(-25.2,15.8) speed=0.00
PLAY-DEMO td=2.89 steer=+0.00 car_yaw=1.5498 pos=(-25.2,15.8) speed=0.00
SIMHZ render_fps=54.0 sim_hz=60.0 (frames=54 steps=60 span=1.00s cfg=60)
CAPMODE tag=round1_go.bmp mode=InRace
PLAY-DEMO td=3.17 steer=+0.00 car_yaw=1.5498 pos=(-25.2,15.8) speed=171.18
PLAY-DEMO td=3.44 steer=+0.00 car_yaw=1.5498 pos=(-25.2,16.1) speed=512.29
CAPMODE tag=car_3_weave.bmp mode=InRace
PLAY-DEMO td=3.72 steer=+0.00 car_yaw=1.5498 pos=(-25.2,16.7) speed=1209.69
PLAY-DEMO td=3.99 steer=+0.00 car_yaw=1.5498 pos=(-25.2,18.0) speed=2157.47
SIMHZ render_fps=50.2 sim_hz=59.1 (frames=51 steps=60 span=1.02s cfg=60)
PLAY-DEMO td=4.25 steer=+0.50 car_yaw=1.2084 pos=(-24.8,19.8) speed=2858.77
CAPMODE tag=01_inrace_track.bmp mode=InRace
NAV_DEMO phase=1 01_inrace_track ok=1 depth=1 screen=6 cur=0 nrec=3
RELIGHT_CAP tag=01_inrace_track heading=1.20839
PLAY-DEMO td=4.52 steer=+0.50 car_yaw=1.5847 pos=(-24.4,21.7) speed=1925.24
PLAY-DEMO td=4.78 steer=+0.50 car_yaw=1.6906 pos=(-24.3,23.4) speed=1446.80
SIMHZ render_fps=52.0 sim_hz=61.0 (frames=52 steps=61 span=1.00s cfg=60)
PLAY-DEMO td=5.05 steer=+0.50 car_yaw=1.3711 pos=(-24.3,24.7) speed=2237.84
PLAY-DEMO td=5.31 steer=+0.50 car_yaw=1.4833 pos=(-24.3,26.1) speed=1975.66
PLAY-DEMO td=5.58 steer=+0.50 car_yaw=1.6538 pos=(-24.4,27.6) speed=1726.99
PLAY-DEMO td=5.86 steer=+0.50 car_yaw=1.3124 pos=(-24.3,29.2) speed=2516.53
SIMHZ render_fps=51.0 sim_hz=60.0 (frames=51 steps=60 span=1.00s cfg=60)
PLAY-DEMO td=6.13 steer=+0.50 car_yaw=1.7312 pos=(-24.6,30.7) speed=2113.96
PLAY-DEMO td=6.41 steer=+0.50 car_yaw=1.3898 pos=(-24.7,32.5) speed=2823.05
R5 drive t=6.5s pos=(-24.48, 0.04, 33.33) speed=3041.41
R6 ROUND END winner=car3 scores=[0,1,0,2]
CAPMODE tag=round1_result.bmp mode=InRace
R6 round 1 OVER t=6.6s winner=car3 (wins now: c0=0 c1=1 c2=0 c3=2)
PLAY-DEMO td=6.67 steer=+0.50 car_yaw=-2.6441 pos=(-24.6,34.0) speed=1873.75
CAPMODE tag=01_action.bmp mode=InRace
NAV_DEMO phase=1 01_action ok=1 depth=1 screen=6 cur=0 nrec=3
RELIGHT_CAP tag=01_action heading=-2.64415
PLAY-DEMO td=6.95 steer=+0.50 car_yaw=-3.0069 pos=(-26.3,33.4) speed=2676.16
SIMHZ render_fps=51.2 sim_hz=59.1 (frames=52 steps=60 span=1.02s cfg=60)
PLAY-DEMO td=7.22 steer=+0.50 car_yaw=2.9349 pos=(-28.5,33.4) speed=3243.80
PLAY-DEMO td=7.49 steer=+0.50 car_yaw=2.5935 pos=(-30.9,34.3) speed=3641.47
PLAY-DEMO td=7.75 steer=+0.50 car_yaw=2.2521 pos=(-33.1,36.0) speed=3905.11
SIMHZ render_fps=52.0 sim_hz=60.0 (frames=52 steps=60 span=1.00s cfg=60)
PLAY-DEMO td=8.03 steer=+0.50 car_yaw=1.9108 pos=(-34.6,38.6) speed=4073.54
PLAY-DEMO td=8.30 steer=+0.50 car_yaw=1.5480 pos=(-35.2,41.7) speed=4183.63
PLAY-DEMO td=8.56 steer=+0.50 car_yaw=1.2066 pos=(-34.7,44.8) speed=4246.23
PLAY-DEMO td=8.83 steer=+0.50 car_yaw=0.8653 pos=(-33.2,47.6) speed=4284.32
CAPMODE tag=car_4_chase.bmp mode=InRace
SIMHZ render_fps=52.0 sim_hz=60.0 (frames=52 steps=60 span=1.00s cfg=60)
PLAY-DEMO td=9.11 steer=-0.50 car_yaw=0.8226 pos=(-30.9,49.8) speed=4317.12
PLAY-DEMO td=9.38 steer=-0.50 car_yaw=1.1640 pos=(-29.1,52.4) speed=4327.35
PLAY-DEMO td=9.64 steer=-0.50 car_yaw=1.5498 pos=(-25.2,15.8) speed=0.00
PLAY-DEMO td=9.91 steer=-0.50 car_yaw=1.5498 pos=(-25.2,15.8) speed=0.00
SIMHZ render_fps=54.0 sim_hz=61.0 (frames=54 steps=61 span=1.00s cfg=60)
PLAY-DEMO td=10.17 steer=-0.50 car_yaw=1.5498 pos=(-25.2,15.8) speed=0.00
PLAY-DEMO td=10.44 steer=-0.50 car_yaw=1.5498 pos=(-25.2,15.8) speed=0.00
PLAY-DEMO td=10.70 steer=-0.50 car_yaw=1.5498 pos=(-25.2,15.8) speed=0.00
PLAY-DEMO td=10.97 steer=-0.50 car_yaw=1.5498 pos=(-25.2,15.8) speed=0.00
SIMHZ render_fps=54.0 sim_hz=59.0 (frames=54 steps=59 span=1.00s cfg=60)
PLAY-DEMO td=11.24 steer=-0.50 car_yaw=1.5498 pos=(-25.2,15.8) speed=0.00
PLAY-DEMO td=11.50 steer=-0.50 car_yaw=1.5498 pos=(-25.2,15.8) speed=0.00
PLAY-DEMO td=11.77 steer=-0.50 car_yaw=1.5498 pos=(-25.2,15.8) speed=0.00
SIMHZ render_fps=54.0 sim_hz=60.0 (frames=54 steps=60 span=1.00s cfg=60)
PLAY-DEMO td=12.03 steer=-0.50 car_yaw=1.5498 pos=(-25.2,15.8) speed=0.00
PLAY-DEMO td=12.30 steer=-0.50 car_yaw=1.5498 pos=(-25.2,15.8) speed=0.00
PLAY-DEMO td=12.56 steer=-0.50 car_yaw=1.5498 pos=(-25.2,15.8) speed=0.00
CAPMODE tag=round2_go.bmp mode=InRace
PLAY-DEMO td=12.83 steer=-0.50 car_yaw=1.4996 pos=(-25.2,15.8) speed=215.55
SIMHZ render_fps=53.2 sim_hz=60.1 (frames=54 steps=61 span=1.01s cfg=60)
PLAY-DEMO td=13.09 steer=-0.50 car_yaw=1.5911 pos=(-25.2,16.1) speed=588.80
PLAY-DEMO td=13.36 steer=-0.50 car_yaw=1.7809 pos=(-25.3,16.7) speed=1290.13
PLAY-DEMO td=13.63 steer=-0.50 car_yaw=2.1161 pos=(-25.7,17.9) speed=2152.91
PLAY-DEMO td=13.89 steer=-0.50 car_yaw=2.4575 pos=(-26.9,19.3) speed=2852.83
SIMHZ render_fps=51.0 sim_hz=60.0 (frames=51 steps=60 span=1.00s cfg=60)
PLAY-DEMO td=14.16 steer=+1.00 car_yaw=2.1605 pos=(-28.7,20.8) speed=3302.37
PLAY-DEMO td=14.42 steer=+1.00 car_yaw=1.4804 pos=(-29.5,23.2) speed=3519.00
PLAY-DEMO td=14.69 steer=+1.00 car_yaw=0.8004 pos=(-28.6,25.6) speed=3650.26
PLAY-DEMO td=14.95 steer=+1.00 car_yaw=0.1204 pos=(-26.3,27.0) speed=3727.95
SIMHZ render_fps=52.2 sim_hz=60.0 (frames=53 steps=61 span=1.02s cfg=60)
PLAY-DEMO td=15.22 steer=+1.00 car_yaw=1.6497 pos=(-24.5,27.0) speed=2072.67
R6 ROUND END winner=car1 scores=[0,3,1,0]
CAPMODE tag=round2_result.bmp mode=InRace
R6 round 2 OVER t=15.4s winner=car1 (wins now: c0=0 c1=3 c2=1 c3=0)
PLAY-DEMO td=15.49 steer=+1.00 car_yaw=1.8779 pos=(-24.3,28.8) speed=1419.10
PLAY-DEMO td=15.75 steer=+1.00 car_yaw=1.2002 pos=(-24.3,30.1) speed=2182.80
CAPMODE tag=car_5_chase.bmp mode=InRace
PLAY-DEMO td=16.03 steer=+1.00 car_yaw=1.6215 pos=(-24.6,31.4) speed=1859.38
SIMHZ render_fps=52.0 sim_hz=61.0 (frames=52 steps=61 span=1.00s cfg=60)
PLAY-DEMO td=16.30 steer=+1.00 car_yaw=-3.0830 pos=(-24.3,33.2) speed=1317.90
PLAY-DEMO td=16.56 steer=+1.00 car_yaw=2.5301 pos=(-25.5,33.5) speed=2102.42
PLAY-DEMO td=16.83 steer=+1.00 car_yaw=1.8926 pos=(-26.6,34.7) speed=2674.02
SIMHZ render_fps=52.0 sim_hz=59.0 (frames=52 steps=59 span=1.00s cfg=60)
PLAY-DEMO td=17.09 steer=+1.00 car_yaw=1.2126 pos=(-26.7,36.8) speed=3110.27
PLAY-DEMO td=17.34 steer=+1.00 car_yaw=0.5750 pos=(-25.4,38.7) speed=3383.17
PLAY-DEMO td=17.61 steer=+1.00 car_yaw=-0.1050 pos=(-23.0,39.4) speed=3568.06
PLAY-DEMO td=17.88 steer=+1.00 car_yaw=-0.7850 pos=(-20.5,38.5) speed=3679.50
SIMHZ render_fps=52.2 sim_hz=60.0 (frames=53 steps=61 span=1.02s cfg=60)
PLAY-DEMO td=18.14 steer=+1.00 car_yaw=-1.4651 pos=(-19.2,36.2) speed=3745.01
PLAY-DEMO td=18.41 steer=+1.00 car_yaw=-0.0200 pos=(-17.3,35.9) speed=734.46
PLAY-DEMO td=18.67 steer=+1.00 car_yaw=1.5498 pos=(-25.2,15.8) speed=0.00
PLAY-DEMO td=18.94 steer=+1.00 car_yaw=1.5498 pos=(-25.2,15.8) speed=0.00
SIMHZ render_fps=54.0 sim_hz=60.0 (frames=54 steps=60 span=1.00s cfg=60)
PLAY-DEMO td=19.20 steer=-1.00 car_yaw=1.5498 pos=(-25.2,15.8) speed=0.00
PLAY-DEMO td=19.49 steer=-1.00 car_yaw=1.5498 pos=(-25.2,15.8) speed=0.00
PLAY-DEMO td=19.75 steer=-1.00 car_yaw=1.5498 pos=(-25.2,15.8) speed=0.00
PLAY-DEMO td=20.03 steer=-1.00 car_yaw=1.5498 pos=(-25.2,15.8) speed=0.00
SIMHZ render_fps=55.0 sim_hz=60.0 (frames=55 steps=60 span=1.00s cfg=60)
PLAY-DEMO td=20.30 steer=-1.00 car_yaw=1.5498 pos=(-25.2,15.8) speed=0.00
PLAY-DEMO td=20.58 steer=-1.00 car_yaw=1.5498 pos=(-25.2,15.8) speed=0.00
PLAY-DEMO td=20.84 steer=-1.00 car_yaw=1.5498 pos=(-25.2,15.8) speed=0.00
SIMHZ render_fps=55.0 sim_hz=60.0 (frames=55 steps=60 span=1.00s cfg=60)
PLAY-DEMO td=21.11 steer=-1.00 car_yaw=1.5498 pos=(-25.2,15.8) speed=0.00
PLAY-DEMO td=21.38 steer=-1.00 car_yaw=1.5498 pos=(-25.2,15.8) speed=0.00
CAPMODE tag=round3_go.bmp mode=InRace
PLAY-DEMO td=21.64 steer=-1.00 car_yaw=-0.0334 pos=(-25.2,15.8) speed=206.04
PLAY-DEMO td=21.91 steer=-1.00 car_yaw=0.1269 pos=(-24.9,15.8) speed=532.53
SIMHZ render_fps=52.0 sim_hz=60.0 (frames=52 steps=60 span=1.00s cfg=60)
PLAY-DEMO td=22.17 steer=-1.00 car_yaw=0.4973 pos=(-24.3,16.0) speed=1203.66
PLAY-DEMO td=22.44 steer=-1.00 car_yaw=2.0489 pos=(-24.4,16.9) speed=1314.87
PLAY-DEMO td=22.70 steer=-1.00 car_yaw=2.7186 pos=(-25.3,17.8) speed=2098.91
PLAY-DEMO td=22.97 steer=-1.00 car_yaw=-2.9270 pos=(-26.9,18.0) speed=2671.73
SIMHZ render_fps=52.0 sim_hz=60.0 (frames=52 steps=60 span=1.00s cfg=60)
PLAY-DEMO td=23.24 steer=-1.00 car_yaw=-2.2470 pos=(-28.8,17.0) speed=3109.18
PLAY-DEMO td=23.50 steer=-1.00 car_yaw=-1.5670 pos=(-29.7,14.8) speed=3397.36
PLAY-DEMO td=23.77 steer=-1.00 car_yaw=-0.8869 pos=(-29.1,12.4) speed=3577.30
PLAY-DEMO td=24.03 steer=-1.00 car_yaw=-0.1644 pos=(-26.8,10.8) speed=3690.63
SIMHZ render_fps=52.0 sim_hz=60.0 (frames=52 steps=60 span=1.00s cfg=60)
R6 ROUND END winner=car1 scores=[0,5,2,0]
CAPMODE tag=round3_result.bmp mode=InRace
R6 round 3 OVER t=24.3s winner=car1 (wins now: c0=0 c1=5 c2=2 c3=0)
PLAY-DEMO td=24.31 steer=-1.00 car_yaw=0.5156 pos=(-24.1,11.0) speed=3752.10
PLAY-DEMO td=24.58 steer=-1.00 car_yaw=1.1957 pos=(-22.1,12.9) speed=3787.62
PLAY-DEMO td=24.84 steer=-1.00 car_yaw=-2.5891 pos=(-23.5,13.0) speed=2452.81
SIMHZ render_fps=52.0 sim_hz=60.0 (frames=52 steps=60 span=1.00s cfg=60)
PLAY-DEMO td=25.11 steer=-1.00 car_yaw=-1.9090 pos=(-24.8,11.5) speed=2958.15
PLAY-DEMO td=25.38 steer=-1.00 car_yaw=-1.2290 pos=(-25.0,9.2) speed=3299.90
PLAY-DEMO td=25.64 steer=-1.00 car_yaw=-0.5490 pos=(-23.6,7.2) speed=3517.34
PLAY-DEMO td=25.91 steer=-1.00 car_yaw=1.8223 pos=(-21.6,6.9) speed=1918.32
SIMHZ render_fps=53.0 sim_hz=60.0 (frames=53 steps=60 span=1.00s cfg=60)
PLAY-DEMO td=26.17 steer=-1.00 car_yaw=2.5023 pos=(-22.5,8.3) speed=2572.84
PLAY-DEMO td=26.44 steer=-1.00 car_yaw=-3.1008 pos=(-24.4,9.0) speed=3041.52
PLAY-DEMO td=26.72 steer=-1.00 car_yaw=-2.4208 pos=(-26.6,8.3) speed=3353.97
PLAY-DEMO td=26.99 steer=-1.00 car_yaw=-1.6983 pos=(-28.0,6.1) speed=3560.08
SIMHZ render_fps=52.0 sim_hz=61.0 (frames=52 steps=61 span=1.00s cfg=60)
PLAY-DEMO td=27.25 steer=-1.00 car_yaw=-1.0182 pos=(-27.7,3.5) speed=3675.36
PLAY-DEMO td=27.52 steer=-1.00 car_yaw=1.5498 pos=(-25.2,15.8) speed=0.00
PLAY-DEMO td=27.80 steer=-1.00 car_yaw=1.5498 pos=(-25.2,15.8) speed=0.00
PLAY-DEMO td=28.06 steer=-1.00 car_yaw=1.5498 pos=(-25.2,15.8) speed=0.00
SIMHZ render_fps=54.0 sim_hz=59.0 (frames=54 steps=59 span=1.00s cfg=60)
PLAY-DEMO td=28.33 steer=-1.00 car_yaw=1.5498 pos=(-25.2,15.8) speed=0.00
PLAY-DEMO td=28.59 steer=-1.00 car_yaw=1.5498 pos=(-25.2,15.8) speed=0.00
PLAY-DEMO td=28.86 steer=-1.00 car_yaw=1.5498 pos=(-25.2,15.8) speed=0.00
SIMHZ render_fps=55.0 sim_hz=60.0 (frames=55 steps=60 span=1.00s cfg=60)
PLAY-DEMO td=29.13 steer=-1.00 car_yaw=1.5498 pos=(-25.2,15.8) speed=0.00
PLAY-DEMO td=29.39 steer=-1.00 car_yaw=1.5498 pos=(-25.2,15.8) speed=0.00
PLAY-DEMO td=29.67 steer=-1.00 car_yaw=1.5498 pos=(-25.2,15.8) speed=0.00
PLAY-DEMO td=29.94 steer=-1.00 car_yaw=1.5498 pos=(-25.2,15.8) speed=0.00
CAPMODE tag=02_back_to_menu.bmp mode=Frontend
NAV_DEMO phase=2 02_back_to_menu ok=1 depth=1 screen=6 cur=0 nrec=3
NAV_DEMO phase=3 race-demo done ok=1 depth=1 screen=6 cur=0 nrec=3
