
=== B17 region map [winmain-entry] 0x00400000..0x009FFFFF ===
  0x00400000 +0x0079B000  COMMIT  IMAGE   protect=0x008
  --- totals: free=0KB commit=7788KB reserve=0KB ---
  B17-GRAN [winmain-entry] 0x00420000 COMMIT   .text getters (0x0042b8b0/c0, credits 0x0042d5a0)
  B17-GRAN [winmain-entry] 0x00470000 COMMIT   .text Im2D draws (0x00472c60/2f40, 0x004730b0)
  B17-GRAN [winmain-entry] 0x005C0000 COMMIT   .rdata scale consts (1/640 @5cd5a8, 1/480 @5cc560)
  B17-GRAN [winmain-entry] 0x00630000 COMMIT   .data boot params (0x00636ae8) + timer (0x0063d558)
  B17-GRAN [winmain-entry] 0x00670000 COMMIT   .data race-state array (0x0067ea10)
  B17-GRAN [winmain-entry] 0x007D0000 COMMIT   .data RW device slot (*(0x007d3ff8)) — B15 bridge
  B17-GRAN [winmain-entry] 0x007F0000 COMMIT   .bss big buffer (0x007f0f60) + input (0x007f1044)
  B17-GRAN [winmain-entry] 0x00890000 COMMIT   .bss menu-entry array + vtx buffer (0x00898a20/ac0)
B17-TLS: reserved 0/0 needed granules at TLS time (seen-free; the rest were already occupied by kernel-early NLS)
B17-PAD: image-pad arena [0x0019B2E0 .. 0x00B9B2DF] (exe owns the MASHED RVA range)
Frontend.piz loaded OK
  path:    original/TOASTART/Common/Frontend.piz
  size:    1257472 bytes
  version: 3
  entries: 2
  mode:    raw

  name                                                             offset     length         id
  ------------------------------------------------------------ ---------- ---------- ----------
  TEXTURES.TXD                                                 0x00001000 0x000FBCE8 0x00001AC2
  MAIN.BSP                                                     0x000FD000 0x00035BF8 0x00000AE1

TEXTURES.TXD extracted to extracted/TEXTURES.TXD (1031400 bytes)
RWS chunk tree:
[0] 0x00000023 (?) size=0x000FBCDC version=0x1803FFFF @ 0x00000000

  total chunks: 1 (containers: 0)

TXD decode (Milestone B3):
  OK: 8 textures, deviceId=1

  #   name                     w     h  bpp fmt   mips palette
  --- -------------------- ----- ----- ---- ----- ---- -------
  0   skydomegs               32    32    8 PAL8     6 yes    
  1   Shad_groundgs          128   128    8 PAL8     8 yes    
  2   Shad_car               256   256   32 ARGB     9 -      
  3   Shad_bild              256   256   32 ARGB     9 -      
  4   rendergs                64    32   32 ARGB     7 -      
  5   main                   256   256    8 PAL8     9 yes    
  6   Gravel                 128   128   32 ARGB     8 -      
  7   carbase                256   256    8 PAL8     9 yes    

=== B17 region map [pre-initd3d9] 0x00400000..0x009FFFFF ===
  0x00400000 +0x0079B000  COMMIT  IMAGE   protect=0x008
  --- totals: free=0KB commit=7788KB reserve=0KB ---
  B17-GRAN [pre-initd3d9] 0x00420000 COMMIT   .text getters (0x0042b8b0/c0, credits 0x0042d5a0)
  B17-GRAN [pre-initd3d9] 0x00470000 COMMIT   .text Im2D draws (0x00472c60/2f40, 0x004730b0)
  B17-GRAN [pre-initd3d9] 0x005C0000 COMMIT   .rdata scale consts (1/640 @5cd5a8, 1/480 @5cc560)
  B17-GRAN [pre-initd3d9] 0x00630000 COMMIT   .data boot params (0x00636ae8) + timer (0x0063d558)
  B17-GRAN [pre-initd3d9] 0x00670000 COMMIT   .data race-state array (0x0067ea10)
  B17-GRAN [pre-initd3d9] 0x007D0000 COMMIT   .data RW device slot (*(0x007d3ff8)) — B15 bridge
  B17-GRAN [pre-initd3d9] 0x007F0000 COMMIT   .bss big buffer (0x007f0f60) + input (0x007f1044)
  B17-GRAN [pre-initd3d9] 0x00890000 COMMIT   .bss menu-entry array + vtx buffer (0x00898a20/ac0)
InitD3D9: adapter mode 2560x1440 fmt=22 refresh=165
InitD3D9: CreateDevice(HAL/HW,depthA,vsdef) -> OK hr=0x00000000 OK

=== B17 region map [post-initd3d9] 0x00400000..0x009FFFFF ===
  0x00400000 +0x0079B000  COMMIT  IMAGE   protect=0x008
  --- totals: free=0KB commit=7788KB reserve=0KB ---
  B17-GRAN [post-initd3d9] 0x00420000 COMMIT   .text getters (0x0042b8b0/c0, credits 0x0042d5a0)
  B17-GRAN [post-initd3d9] 0x00470000 COMMIT   .text Im2D draws (0x00472c60/2f40, 0x004730b0)
  B17-GRAN [post-initd3d9] 0x005C0000 COMMIT   .rdata scale consts (1/640 @5cd5a8, 1/480 @5cc560)
  B17-GRAN [post-initd3d9] 0x00630000 COMMIT   .data boot params (0x00636ae8) + timer (0x0063d558)
  B17-GRAN [post-initd3d9] 0x00670000 COMMIT   .data race-state array (0x0067ea10)
  B17-GRAN [post-initd3d9] 0x007D0000 COMMIT   .data RW device slot (*(0x007d3ff8)) — B15 bridge
  B17-GRAN [post-initd3d9] 0x007F0000 COMMIT   .bss big buffer (0x007f0f60) + input (0x007f1044)
  B17-GRAN [post-initd3d9] 0x00890000 COMMIT   .bss menu-entry array + vtx buffer (0x00898a20/ac0)

Milestone B7: granule walk over 0x00500000..0x009FFFFF — 0 granules covered, 80 blocked (first blocked at 0x
Milestone B7: first blocked granule = 0x00500000
Milestone B7: g_mashed_data_mapped = false

Milestone B7: wedge status = INACTIVE (VirtualAlloc failed)

Milestone B10: frontend boot chain start
  [1] DataZeroFill (page-granular): zeroed 226212, skipped 0 bytes
  [2-pre] 0x00630000 state=0x00001000 protect=0x00000008
  [2] BootDefaultParamsInit OK
  [3] DefaultParam_SetField00/04/08 OK; readback 0x007f0f00=0x3F333333 04=0x3F333333 08=0x3F333333 (expect 0x3f333333)
  [4] RaceStateArrayZero OK; readback 0x0067ea10=0x00000000 0x0067ea14=0x00000000 (expect 0)
  [5] MenuEntryArrayInit OK; readback 0x00898ac0=0x00000000 (expect 0)
  [6] TimerSlotClear OK; readback 0x0063d558=0x00000000 (expect 0)
  [7] MainLoopInit AV'd (expected: tunnels into MASHED code section via FUN_00495110 etc.)
Milestone B10: frontend boot chain complete

Milestone B11: DirectInput8 + keyboard device acquired (cooperative = background+nonexclusive)

Milestone B14: MASHED input-globals wedge probe = OK (wrote 0xA5 to 0x007f1044, readback=0xA5)

Milestone B5: uploading 8 textures for atlas
  slot 0: 'skydomegs' 32x32 PAL8 mips=6 OK
  slot 1: 'Shad_groundgs' 128x128 PAL8 mips=8 OK
  slot 2: 'Shad_car' 256x256 ARGB mips=9 OK
  slot 3: 'Shad_bild' 256x256 ARGB mips=9 OK
  slot 4: 'rendergs' 64x32 ARGB mips=7 OK
  slot 5: 'main' 256x256 PAL8 mips=9 OK
  slot 6: 'Gravel' 128x128 ARGB mips=8 OK
  slot 7: 'carbase' 256x256 PAL8 mips=9 OK
  Milestone B5: 8/8 textures uploaded into atlas

Milestone B15: RW Im2D->D3D9 bridge install = OK (fake RW device at *(0x007d3ff8); HudIm2DQuad routes to D3D9)

Milestone B16: standalone RVA thunks — map_text=1 map_scale=1 scale_ok=1 thunks=6/6 (b8b0=1 b8c0=1 d5a0=1 f40=1 30b0=1 2c60=1)
Milestone B16: MenuChromeShellA ready = YES (real MASHED menu chrome via the B15 bridge)

B19a: original/TOASTART/Common/Perm.piz :: BACKGROUND.PNG decode+upload OK (340x240) -> slot 8 handle 2

B19a: original/TOASTART/Common/Font36.piz :: MASHEDNEWLOGO.PNG decode+upload OK (256x128) -> slot 9 handle 3

B19b: message table original/TOASTART/Common/Font36.piz/ENGLISH.DAT loaded (33626 bytes)
B19b: menu item id=33 "Single Player" 195x39 -> slot 10 handle 4
B19b: menu item id=34 "Multi Player" 175x39 -> slot 11 handle 5
B19b: menu item id=35 "Championship" 214x39 -> slot 12 handle 6
B19b: menu item id=36 "Time Trial" 148x39 -> slot 13 handle 7
B19b: menu item id=39 "Options" 120x39 -> slot 14 handle 8
B19b: 5 menu items ready

R2-5: badges.txd 'Button' 16x32 upload OK (dict has 23 textures)
R2-5: badges.txd 'Arrow' 16x16 upload OK
F2 track previews: 24/24 loaded; veh 3/8

#25 color-select: INTERFACE.TXD cars 10/10, vs OK, star OK (dict has 30 textures)

#10 input icons: PC.TXD decode OK, 2/2 (kbd+joypad)

loadicon: 256x128 decode+upload OK

B19a: original/TOASTART/Common/Font36.piz :: BIGE.BMP decode+upload OK (32x32) -> slot 57 handle 48
F1 frontend.mpg: RUNNING (512x512)
R2-2 gamesave load: LOADED (DEADBEEF save)

B19 faithful font (FGDC20): load OK (height=33.0)

MenuStringTable (id->glyph-string): load OK size=20894 ids=449
  self-check id 0x21 len=13 "Single Player"
  self-check id 0x22 len=12 "Multi Player"
  self-check id 0x23 len=12 "Championship"
  self-check id 0x24 len=10 "Time Trial"
  self-check id 0x27 len=7 "Options"

B17-SUMMARY reached-main-loop chrome=YES thunks=6/6
CAPMODE tag=00_challengeselect.bmp mode=Frontend
NAV_DEMO phase=0 00_challengeselect ok=1 depth=1 screen=6 cur=0 nrec=3
  WS-E lights: ambient=0xFF334D4D (RGB 51,77,77) sun=0xFF99B3B3 dir=(-0.977,-0.138,0.161)
D3D9 world.tris mat[0]=955 tex=1
D3D9 world.tris mat[1]=162 tex=1
D3D9 world.tris mat[2]=523 tex=1
D3D9 world.tris mat[3]=1660 tex=1
D3D9 world.tris mat[4]=1914 tex=1
D3D9 world.tris mat[5]=8197 tex=1
D3D9 world.tris mat[6]=22 tex=0
D3D9 world.tris mat[7]=596 tex=1
D3D9 world.tris mat[8]=541 tex=1
D3D9 world.tris mat[9]=48 tex=1
D3D9 world.tris mat[10]=1131 tex=1
D3D9 world.tris mat[11]=196 tex=1
D3D9 world.tris mat[12]=535 tex=1
D-S3-6 bake: dff=sky.dff lt=no batch=0 baked_v0=0x00FFFFFF
D-S3-6 bake: dff=WhiteTyre.dff lt=YES batch=0 baked_v0=0xFF334D4D
D-S3-6 bake: dff=RedTyre.dff lt=YES batch=0 baked_v0=0xFF334D4D
D-S3-6 bake: dff=Crate02.dff lt=YES batch=0 baked_v0=0xFF334D4D
D-S3-6 bake: dff=sea.dff lt=YES batch=0 baked_v0=0xFF3E5B59
D-S3-6 bake: dff=Freighter.dff lt=YES batch=0 baked_v0=0xFF467373
D-S3-6 bake: dff=FishingBoat.dff lt=YES batch=0 baked_v0=0xFF467373
D-S3-6 bake: dff=CamMan.dff lt=YES batch=0 baked_v0=0xFFFFFFFF
  F3 UV-anim: 2 .UVA rate(s); scrolling materials world=0 props=1 sky=1
  F2 copters: 6 flying, 3 models from original/TOASTART/Common\Perm.piz (1 gameplay/rule-5)
R4 track load OK: original/TOASTART/TRACKS/Arctic.piz — tris=16480 verts=16229 sectors=12 mats=13 textured=12 radius=80.46 props=7 (instances=23) gates=94
  CAM-DIAG bbox=[32.3,14.2,57.2 .. -62.3,-5.3,-73.0] bbox_center=(-15.0,4.4,-7.9) bbox_R=80.5 | gate_center=(-4.6,0.4,-4.0) gate_R=55.4
R4 pickups: 18 real powerup spawns (POWERUPS_GOLD.LUA)
PLAY-DEMO td=0.00 steer=+0.00 car_yaw=1.5498 pos=(-25.2,15.8) speed=0.00
PLAY-DEMO td=0.28 steer=+0.00 car_yaw=1.5498 pos=(-25.2,15.8) speed=0.00
PLAY-DEMO td=0.56 steer=+0.00 car_yaw=1.5498 pos=(-25.2,15.8) speed=0.00
CAPMODE tag=car_1_spawn.bmp mode=InRace
PLAY-DEMO td=0.83 steer=+0.00 car_yaw=1.5498 pos=(-25.2,15.8) speed=0.00
SIMHZ render_fps=54.0 sim_hz=60.0 (frames=54 steps=60 span=1.00s cfg=60)
PLAY-DEMO td=1.09 steer=+0.00 car_yaw=1.5498 pos=(-25.2,15.8) speed=0.00
PLAY-DEMO td=1.36 steer=+0.00 car_yaw=1.5498 pos=(-25.2,15.8) speed=0.00
PLAY-DEMO td=1.63 steer=+0.00 car_yaw=1.5498 pos=(-25.2,15.8) speed=0.00
CAPMODE tag=01_grid.bmp mode=InRace
NAV_DEMO phase=1 01_grid ok=1 depth=1 screen=6 cur=0 nrec=3
RELIGHT_CAP tag=01_grid heading=1.54978
PLAY-DEMO td=1.89 steer=+0.00 car_yaw=1.5498 pos=(-25.2,15.8) speed=0.00
SIMHZ render_fps=54.0 sim_hz=59.0 (frames=54 steps=59 span=1.00s cfg=60)
PLAY-DEMO td=2.16 steer=+0.00 car_yaw=1.5498 pos=(-25.2,15.8) speed=0.00
CAPMODE tag=car_2_drive.bmp mode=InRace
PLAY-DEMO td=2.42 steer=+0.00 car_yaw=1.5498 pos=(-25.2,15.8) speed=0.00
PLAY-DEMO td=2.69 steer=+0.00 car_yaw=1.5498 pos=(-25.2,15.8) speed=0.00
PLAY-DEMO td=2.95 steer=+0.00 car_yaw=1.5498 pos=(-25.2,15.8) speed=0.00
SIMHZ render_fps=55.0 sim_hz=61.0 (frames=55 steps=61 span=1.00s cfg=60)
CAPMODE tag=round1_go.bmp mode=InRace
PLAY-DEMO td=3.22 steer=+0.00 car_yaw=1.5498 pos=(-25.2,15.8) speed=244.45
PLAY-DEMO td=3.50 steer=+0.00 car_yaw=1.5498 pos=(-25.2,16.1) speed=603.57
CAPMODE tag=car_3_weave.bmp mode=InRace
PLAY-DEMO td=3.77 steer=+0.00 car_yaw=1.5498 pos=(-25.2,16.9) speed=1444.19
SIMHZ render_fps=51.0 sim_hz=60.0 (frames=51 steps=60 span=1.00s cfg=60)
PLAY-DEMO td=4.03 steer=+0.50 car_yaw=1.5071 pos=(-25.2,18.2) speed=2256.40
CAPMODE tag=01_inrace_track.bmp mode=InRace
NAV_DEMO phase=1 01_inrace_track ok=1 depth=1 screen=6 cur=0 nrec=3
RELIGHT_CAP tag=01_inrace_track heading=1.20839
PLAY-DEMO td=4.30 steer=+0.50 car_yaw=1.1444 pos=(-24.7,20.2) speed=2969.16
PLAY-DEMO td=4.58 steer=+0.50 car_yaw=1.5207 pos=(-24.4,22.0) speed=2078.95
PLAY-DEMO td=4.84 steer=+0.50 car_yaw=1.6272 pos=(-24.3,23.6) speed=1614.94
SIMHZ render_fps=51.0 sim_hz=59.0 (frames=51 steps=59 span=1.00s cfg=60)
PLAY-DEMO td=5.11 steer=+0.50 car_yaw=1.7345 pos=(-24.3,25.2) speed=1317.80
PLAY-DEMO td=5.38 steer=+0.50 car_yaw=1.3766 pos=(-24.3,26.6) speed=2225.55
PLAY-DEMO td=5.66 steer=+0.50 car_yaw=1.5684 pos=(-24.4,28.0) speed=1939.47
PLAY-DEMO td=5.92 steer=+0.50 car_yaw=2.0074 pos=(-24.3,29.7) speed=1416.72
SIMHZ render_fps=52.0 sim_hz=61.0 (frames=52 steps=61 span=1.00s cfg=60)
PLAY-DEMO td=6.19 steer=+0.50 car_yaw=1.6672 pos=(-24.7,31.0) speed=2260.55
R5 drive t=6.4s pos=(-24.61, 0.04, 32.80) speed=2898.73
PLAY-DEMO td=6.47 steer=+0.50 car_yaw=1.3258 pos=(-24.6,32.9) speed=2935.48
R6 ROUND END winner=car3 scores=[0,1,0,2]
CAPMODE tag=round1_result.bmp mode=InRace
R6 round 1 OVER t=6.6s winner=car3 (wins now: c0=0 c1=1 c2=0 c3=2)
CAPMODE tag=01_action.bmp mode=InRace
NAV_DEMO phase=1 01_action ok=1 depth=1 screen=6 cur=0 nrec=3
RELIGHT_CAP tag=01_action heading=-2.62281
PLAY-DEMO td=6.75 steer=+0.50 car_yaw=-2.7295 pos=(-25.0,33.8) speed=2079.88
SIMHZ render_fps=51.0 sim_hz=59.0 (frames=51 steps=59 span=1.00s cfg=60)
PLAY-DEMO td=7.02 steer=+0.50 car_yaw=-3.0709 pos=(-26.7,33.3) speed=2796.64
PLAY-DEMO td=7.28 steer=+0.50 car_yaw=2.8496 pos=(-29.1,33.5) speed=3357.95
PLAY-DEMO td=7.55 steer=+0.50 car_yaw=2.5295 pos=(-31.3,34.5) speed=3699.89
PLAY-DEMO td=7.83 steer=+0.50 car_yaw=2.1668 pos=(-33.5,36.6) speed=3954.75
SIMHZ render_fps=52.2 sim_hz=60.0 (frames=53 steps=61 span=1.02s cfg=60)
PLAY-DEMO td=8.09 steer=+0.50 car_yaw=1.8254 pos=(-34.8,39.3) speed=4104.70
PLAY-DEMO td=8.36 steer=+0.50 car_yaw=1.4840 pos=(-35.2,42.3) speed=4197.83
PLAY-DEMO td=8.62 steer=+0.50 car_yaw=1.1426 pos=(-34.5,45.4) speed=4254.89
PLAY-DEMO td=8.89 steer=+0.50 car_yaw=0.8012 pos=(-32.8,48.0) speed=4289.57
CAPMODE tag=car_4_chase.bmp mode=InRace
SIMHZ render_fps=52.2 sim_hz=60.1 (frames=53 steps=61 span=1.01s cfg=60)
PLAY-DEMO td=9.16 steer=-0.50 car_yaw=0.8866 pos=(-30.5,50.2) speed=4319.81
PLAY-DEMO td=9.42 steer=-0.50 car_yaw=1.2280 pos=(-28.8,53.0) speed=4328.66
PLAY-DEMO td=9.69 steer=-0.50 car_yaw=1.5498 pos=(-25.2,15.8) speed=0.00
PLAY-DEMO td=9.95 steer=-0.50 car_yaw=1.5498 pos=(-25.2,15.8) speed=0.00
SIMHZ render_fps=53.0 sim_hz=60.0 (frames=53 steps=60 span=1.00s cfg=60)
PLAY-DEMO td=10.23 steer=-0.50 car_yaw=1.5498 pos=(-25.2,15.8) speed=0.00
PLAY-DEMO td=10.50 steer=-0.50 car_yaw=1.5498 pos=(-25.2,15.8) speed=0.00
PLAY-DEMO td=10.78 steer=-0.50 car_yaw=1.5498 pos=(-25.2,15.8) speed=0.00
SIMHZ render_fps=55.0 sim_hz=60.0 (frames=55 steps=60 span=1.00s cfg=60)
PLAY-DEMO td=11.05 steer=-0.50 car_yaw=1.5498 pos=(-25.2,15.8) speed=0.00
PLAY-DEMO td=11.31 steer=-0.50 car_yaw=1.5498 pos=(-25.2,15.8) speed=0.00
PLAY-DEMO td=11.58 steer=-0.50 car_yaw=1.5498 pos=(-25.2,15.8) speed=0.00
PLAY-DEMO td=11.84 steer=-0.50 car_yaw=1.5498 pos=(-25.2,15.8) speed=0.00
SIMHZ render_fps=55.0 sim_hz=61.0 (frames=55 steps=61 span=1.00s cfg=60)
PLAY-DEMO td=12.11 steer=-0.50 car_yaw=1.5498 pos=(-25.2,15.8) speed=0.00
PLAY-DEMO td=12.38 steer=-0.50 car_yaw=1.5498 pos=(-25.2,15.8) speed=0.00
PLAY-DEMO td=12.64 steer=-0.50 car_yaw=1.4841 pos=(-25.2,15.8) speed=13.12
CAPMODE tag=round2_go.bmp mode=InRace
PLAY-DEMO td=12.92 steer=-0.50 car_yaw=1.5182 pos=(-25.2,15.9) speed=307.06
SIMHZ render_fps=53.0 sim_hz=60.0 (frames=53 steps=60 span=1.00s cfg=60)
PLAY-DEMO td=13.20 steer=-0.50 car_yaw=1.6385 pos=(-25.2,16.3) speed=770.32
PLAY-DEMO td=13.47 steer=-0.50 car_yaw=1.9240 pos=(-25.4,17.2) speed=1684.32
PLAY-DEMO td=13.73 steer=-0.50 car_yaw=2.2654 pos=(-26.1,18.5) speed=2481.53
PLAY-DEMO td=14.02 steer=+1.00 car_yaw=2.5430 pos=(-27.7,19.9) speed=3100.00
SIMHZ render_fps=50.0 sim_hz=59.0 (frames=50 steps=59 span=1.00s cfg=60)
PLAY-DEMO td=14.28 steer=+1.00 car_yaw=1.8204 pos=(-29.3,21.9) speed=3424.02
PLAY-DEMO td=14.56 steer=+1.00 car_yaw=1.1404 pos=(-29.2,24.5) speed=3593.01
PLAY-DEMO td=14.83 steer=+1.00 car_yaw=0.4604 pos=(-27.6,26.5) speed=3694.28
SIMHZ render_fps=51.2 sim_hz=60.0 (frames=52 steps=61 span=1.02s cfg=60)
PLAY-DEMO td=15.09 steer=+1.00 car_yaw=-0.2622 pos=(-24.7,27.0) speed=3756.34
PLAY-DEMO td=15.36 steer=+1.00 car_yaw=1.3097 pos=(-24.4,27.8) speed=2403.23
R6 ROUND END winner=car1 scores=[0,3,1,0]
CAPMODE tag=round2_result.bmp mode=InRace
R6 round 2 OVER t=15.4s winner=car1 (wins now: c0=0 c1=3 c2=1 c3=0)
PLAY-DEMO td=15.64 steer=+1.00 car_yaw=1.4977 pos=(-24.4,29.5) speed=1870.31
PLAY-DEMO td=15.91 steer=+1.00 car_yaw=1.9190 pos=(-24.5,30.9) speed=1513.07
CAPMODE tag=car_5_chase.bmp mode=InRace
SIMHZ render_fps=51.0 sim_hz=60.0 (frames=51 steps=60 span=1.00s cfg=60)
PLAY-DEMO td=16.17 steer=+1.00 car_yaw=1.2390 pos=(-24.5,32.3) speed=2256.24
PLAY-DEMO td=16.44 steer=+1.00 car_yaw=2.8701 pos=(-24.9,33.2) speed=1732.35
PLAY-DEMO td=16.72 steer=+1.00 car_yaw=2.1901 pos=(-26.2,34.0) speed=2427.60
PLAY-DEMO td=16.98 steer=+1.00 car_yaw=1.5101 pos=(-26.8,35.9) speed=2940.02
SIMHZ render_fps=53.0 sim_hz=61.0 (frames=53 steps=61 span=1.00s cfg=60)
PLAY-DEMO td=17.27 steer=+1.00 car_yaw=0.7875 pos=(-26.0,38.1) speed=3304.67
PLAY-DEMO td=17.53 steer=+1.00 car_yaw=0.1075 pos=(-23.8,39.4) speed=3519.75
PLAY-DEMO td=17.80 steer=+1.00 car_yaw=-0.5725 pos=(-21.3,39.0) speed=3650.71
SIMHZ render_fps=52.0 sim_hz=59.0 (frames=52 steps=59 span=1.00s cfg=60)
PLAY-DEMO td=18.06 steer=+1.00 car_yaw=-1.2526 pos=(-19.4,37.0) speed=3728.20
PLAY-DEMO td=18.33 steer=+1.00 car_yaw=-0.0321 pos=(-17.8,35.9) speed=1175.63
PLAY-DEMO td=18.59 steer=+1.00 car_yaw=1.5498 pos=(-25.2,15.8) speed=0.00
PLAY-DEMO td=18.86 steer=+1.00 car_yaw=1.5498 pos=(-25.2,15.8) speed=0.00
SIMHZ render_fps=53.1 sim_hz=60.0 (frames=54 steps=61 span=1.02s cfg=60)
PLAY-DEMO td=19.12 steer=-1.00 car_yaw=1.5498 pos=(-25.2,15.8) speed=0.00
PLAY-DEMO td=19.39 steer=-1.00 car_yaw=1.5498 pos=(-25.2,15.8) speed=0.00
PLAY-DEMO td=19.66 steer=-1.00 car_yaw=1.5498 pos=(-25.2,15.8) speed=0.00
PLAY-DEMO td=19.94 steer=-1.00 car_yaw=1.5498 pos=(-25.2,15.8) speed=0.00
SIMHZ render_fps=55.0 sim_hz=60.0 (frames=55 steps=60 span=1.00s cfg=60)
PLAY-DEMO td=20.22 steer=-1.00 car_yaw=1.5498 pos=(-25.2,15.8) speed=0.00
PLAY-DEMO td=20.48 steer=-1.00 car_yaw=1.5498 pos=(-25.2,15.8) speed=0.00
PLAY-DEMO td=20.75 steer=-1.00 car_yaw=1.5498 pos=(-25.2,15.8) speed=0.00
PLAY-DEMO td=21.02 steer=-1.00 car_yaw=1.5498 pos=(-25.2,15.8) speed=0.00
SIMHZ render_fps=54.0 sim_hz=60.0 (frames=54 steps=60 span=1.00s cfg=60)
PLAY-DEMO td=21.28 steer=-1.00 car_yaw=1.5498 pos=(-25.2,15.8) speed=0.00
CAPMODE tag=round3_go.bmp mode=InRace
PLAY-DEMO td=21.56 steer=-1.00 car_yaw=-0.0544 pos=(-25.2,15.8) speed=103.91
PLAY-DEMO td=21.83 steer=-1.00 car_yaw=0.0614 pos=(-25.0,15.8) speed=409.68
SIMHZ render_fps=53.0 sim_hz=60.0 (frames=53 steps=60 span=1.00s cfg=60)
PLAY-DEMO td=22.09 steer=-1.00 car_yaw=0.3479 pos=(-24.5,15.9) speed=939.55
PLAY-DEMO td=22.36 steer=-1.00 car_yaw=1.8841 pos=(-24.3,16.6) speed=1040.50
PLAY-DEMO td=22.63 steer=-1.00 car_yaw=2.5061 pos=(-24.9,17.5) speed=1872.28
PLAY-DEMO td=22.89 steer=-1.00 car_yaw=-3.0971 pos=(-26.5,18.1) speed=2534.94
SIMHZ render_fps=52.0 sim_hz=61.0 (frames=52 steps=61 span=1.00s cfg=60)
PLAY-DEMO td=23.16 steer=-1.00 car_yaw=-2.4170 pos=(-28.4,17.4) speed=3015.34
PLAY-DEMO td=23.44 steer=-1.00 car_yaw=-1.6945 pos=(-29.7,15.3) speed=3352.80
PLAY-DEMO td=23.70 steer=-1.00 car_yaw=-1.0144 pos=(-29.3,12.8) speed=3550.00
PLAY-DEMO td=23.97 steer=-1.00 car_yaw=-0.3344 pos=(-27.4,11.0) speed=3669.35
SIMHZ render_fps=51.2 sim_hz=59.1 (frames=52 steps=60 span=1.01s cfg=60)
PLAY-DEMO td=24.23 steer=-1.00 car_yaw=0.3031 pos=(-24.9,10.8) speed=3736.34
R6 ROUND END winner=car1 scores=[0,5,2,0]
CAPMODE tag=round3_result.bmp mode=InRace
R6 round 3 OVER t=24.3s winner=car1 (wins now: c0=0 c1=5 c2=2 c3=0)
PLAY-DEMO td=24.50 steer=-1.00 car_yaw=1.0257 pos=(-22.5,12.3) speed=3780.50
PLAY-DEMO td=24.78 steer=-1.00 car_yaw=-2.7591 pos=(-23.1,13.1) speed=2297.71
PLAY-DEMO td=25.05 steer=-1.00 car_yaw=-2.0365 pos=(-24.7,11.9) speed=2876.86
SIMHZ render_fps=51.0 sim_hz=60.0 (frames=51 steps=60 span=1.00s cfg=60)
PLAY-DEMO td=25.33 steer=-1.00 car_yaw=-1.3565 pos=(-25.1,9.7) speed=3246.57
PLAY-DEMO td=25.59 steer=-1.00 car_yaw=-0.6765 pos=(-24.0,7.5) speed=3484.13
PLAY-DEMO td=25.86 steer=-1.00 car_yaw=0.0036 pos=(-21.6,6.4) speed=3629.92
SIMHZ render_fps=52.0 sim_hz=60.0 (frames=52 steps=60 span=1.00s cfg=60)
PLAY-DEMO td=26.13 steer=-1.00 car_yaw=2.3748 pos=(-22.2,8.1) speed=2464.99
PLAY-DEMO td=26.39 steer=-1.00 car_yaw=3.0548 pos=(-24.0,9.0) speed=2966.66
PLAY-DEMO td=26.67 steer=-1.00 car_yaw=-2.5483 pos=(-26.2,8.6) speed=3305.46
PLAY-DEMO td=26.95 steer=-1.00 car_yaw=-1.8258 pos=(-27.9,6.5) speed=3531.07
SIMHZ render_fps=53.0 sim_hz=61.0 (frames=53 steps=61 span=1.00s cfg=60)
PLAY-DEMO td=27.22 steer=-1.00 car_yaw=-1.1032 pos=(-27.8,3.8) speed=3664.02
PLAY-DEMO td=27.50 steer=-1.00 car_yaw=1.5498 pos=(-25.2,15.8) speed=0.00
PLAY-DEMO td=27.77 steer=-1.00 car_yaw=1.5498 pos=(-25.2,15.8) speed=0.00
PLAY-DEMO td=28.05 steer=-1.00 car_yaw=1.5498 pos=(-25.2,15.8) speed=0.00
SIMHZ render_fps=54.0 sim_hz=59.0 (frames=54 steps=59 span=1.00s cfg=60)
PLAY-DEMO td=28.31 steer=-1.00 car_yaw=1.5498 pos=(-25.2,15.8) speed=0.00
PLAY-DEMO td=28.58 steer=-1.00 car_yaw=1.5498 pos=(-25.2,15.8) speed=0.00
PLAY-DEMO td=28.84 steer=-1.00 car_yaw=1.5498 pos=(-25.2,15.8) speed=0.00
SIMHZ render_fps=55.0 sim_hz=60.0 (frames=55 steps=60 span=1.00s cfg=60)
PLAY-DEMO td=29.11 steer=-1.00 car_yaw=1.5498 pos=(-25.2,15.8) speed=0.00
PLAY-DEMO td=29.38 steer=-1.00 car_yaw=1.5498 pos=(-25.2,15.8) speed=0.00
PLAY-DEMO td=29.64 steer=-1.00 car_yaw=1.5498 pos=(-25.2,15.8) speed=0.00
PLAY-DEMO td=29.92 steer=-1.00 car_yaw=1.5498 pos=(-25.2,15.8) speed=0.00
CAPMODE tag=02_back_to_menu.bmp mode=Frontend
NAV_DEMO phase=2 02_back_to_menu ok=1 depth=1 screen=6 cur=0 nrec=3
NAV_DEMO phase=3 race-demo done ok=1 depth=1 screen=6 cur=0 nrec=3
