
=== B17 region map [winmain-entry] 0x00400000..0x009FFFFF ===
  0x00400000 +0x0079B000  COMMIT  IMAGE   protect=0x008
  --- totals: free=0KB commit=7788KB reserve=0KB ---
  B17-GRAN [winmain-entry] 0x00420000 COMMIT   .text getters (0x0042b8b0/c0, credits 0x0042d5a0)
  B17-GRAN [winmain-entry] 0x00470000 COMMIT   .text Im2D draws (0x00472c60/2f40, 0x004730b0)
  B17-GRAN [winmain-entry] 0x005C0000 COMMIT   .rdata scale consts (1/640 @5cd5a8, 1/480 @5cc560)
  B17-GRAN [winmain-entry] 0x00630000 COMMIT   .data boot params (0x00636ae8) + timer (0x0063d558)
  B17-GRAN [winmain-entry] 0x00670000 COMMIT   .data race-state array (0x0067ea10)
  B17-GRAN [winmain-entry] 0x007D0000 COMMIT   .data RW device slot (*(0x007d3ff8)) — B15 bridge
  B17-GRAN [winmain-entry] 0x007F0000 COMMIT   .bss big buffer (0x007f0f60) + input (0x007f1044)
  B17-GRAN [winmain-entry] 0x00890000 COMMIT   .bss menu-entry array + vtx buffer (0x00898a20/ac0)
B17-TLS: reserved 0/0 needed granules at TLS time (seen-free; the rest were already occupied by kernel-early NLS)
B17-PAD: image-pad arena [0x0019B2E0 .. 0x00B9B2DF] (exe owns the MASHED RVA range)
Frontend.piz loaded OK
  path:    original/TOASTART/Common/Frontend.piz
  size:    1257472 bytes
  version: 3
  entries: 2
  mode:    raw

  name                                                             offset     length         id
  ------------------------------------------------------------ ---------- ---------- ----------
  TEXTURES.TXD                                                 0x00001000 0x000FBCE8 0x00001AC2
  MAIN.BSP                                                     0x000FD000 0x00035BF8 0x00000AE1

TEXTURES.TXD extracted to extracted/TEXTURES.TXD (1031400 bytes)
RWS chunk tree:
[0] 0x00000023 (?) size=0x000FBCDC version=0x1803FFFF @ 0x00000000

  total chunks: 1 (containers: 0)

TXD decode (Milestone B3):
  OK: 8 textures, deviceId=1

  #   name                     w     h  bpp fmt   mips palette
  --- -------------------- ----- ----- ---- ----- ---- -------
  0   skydomegs               32    32    8 PAL8     6 yes    
  1   Shad_groundgs          128   128    8 PAL8     8 yes    
  2   Shad_car               256   256   32 ARGB     9 -      
  3   Shad_bild              256   256   32 ARGB     9 -      
  4   rendergs                64    32   32 ARGB     7 -      
  5   main                   256   256    8 PAL8     9 yes    
  6   Gravel                 128   128   32 ARGB     8 -      
  7   carbase                256   256    8 PAL8     9 yes    

=== B17 region map [pre-initd3d9] 0x00400000..0x009FFFFF ===
  0x00400000 +0x0079B000  COMMIT  IMAGE   protect=0x008
  --- totals: free=0KB commit=7788KB reserve=0KB ---
  B17-GRAN [pre-initd3d9] 0x00420000 COMMIT   .text getters (0x0042b8b0/c0, credits 0x0042d5a0)
  B17-GRAN [pre-initd3d9] 0x00470000 COMMIT   .text Im2D draws (0x00472c60/2f40, 0x004730b0)
  B17-GRAN [pre-initd3d9] 0x005C0000 COMMIT   .rdata scale consts (1/640 @5cd5a8, 1/480 @5cc560)
  B17-GRAN [pre-initd3d9] 0x00630000 COMMIT   .data boot params (0x00636ae8) + timer (0x0063d558)
  B17-GRAN [pre-initd3d9] 0x00670000 COMMIT   .data race-state array (0x0067ea10)
  B17-GRAN [pre-initd3d9] 0x007D0000 COMMIT   .data RW device slot (*(0x007d3ff8)) — B15 bridge
  B17-GRAN [pre-initd3d9] 0x007F0000 COMMIT   .bss big buffer (0x007f0f60) + input (0x007f1044)
  B17-GRAN [pre-initd3d9] 0x00890000 COMMIT   .bss menu-entry array + vtx buffer (0x00898a20/ac0)
InitD3D9: adapter mode 2560x1440 fmt=22 refresh=165
InitD3D9: CreateDevice(HAL/HW,depthA,vsdef) -> OK hr=0x00000000 OK

=== B17 region map [post-initd3d9] 0x00400000..0x009FFFFF ===
  0x00400000 +0x0079B000  COMMIT  IMAGE   protect=0x008
  --- totals: free=0KB commit=7788KB reserve=0KB ---
  B17-GRAN [post-initd3d9] 0x00420000 COMMIT   .text getters (0x0042b8b0/c0, credits 0x0042d5a0)
  B17-GRAN [post-initd3d9] 0x00470000 COMMIT   .text Im2D draws (0x00472c60/2f40, 0x004730b0)
  B17-GRAN [post-initd3d9] 0x005C0000 COMMIT   .rdata scale consts (1/640 @5cd5a8, 1/480 @5cc560)
  B17-GRAN [post-initd3d9] 0x00630000 COMMIT   .data boot params (0x00636ae8) + timer (0x0063d558)
  B17-GRAN [post-initd3d9] 0x00670000 COMMIT   .data race-state array (0x0067ea10)
  B17-GRAN [post-initd3d9] 0x007D0000 COMMIT   .data RW device slot (*(0x007d3ff8)) — B15 bridge
  B17-GRAN [post-initd3d9] 0x007F0000 COMMIT   .bss big buffer (0x007f0f60) + input (0x007f1044)
  B17-GRAN [post-initd3d9] 0x00890000 COMMIT   .bss menu-entry array + vtx buffer (0x00898a20/ac0)

Milestone B7: granule walk over 0x00500000..0x009FFFFF — 0 granules covered, 80 blocked (first blocked at 0x
Milestone B7: first blocked granule = 0x00500000
Milestone B7: g_mashed_data_mapped = false

Milestone B7: wedge status = INACTIVE (VirtualAlloc failed)

Milestone B10: frontend boot chain start
  [1] DataZeroFill (page-granular): zeroed 226212, skipped 0 bytes
  [2-pre] 0x00630000 state=0x00001000 protect=0x00000008
  [2] BootDefaultParamsInit OK
  [3] DefaultParam_SetField00/04/08 OK; readback 0x007f0f00=0x3F333333 04=0x3F333333 08=0x3F333333 (expect 0x3f333333)
  [4] RaceStateArrayZero OK; readback 0x0067ea10=0x00000000 0x0067ea14=0x00000000 (expect 0)
  [5] MenuEntryArrayInit OK; readback 0x00898ac0=0x00000000 (expect 0)
  [6] TimerSlotClear OK; readback 0x0063d558=0x00000000 (expect 0)
  [7] MainLoopInit AV'd (expected: tunnels into MASHED code section via FUN_00495110 etc.)
Milestone B10: frontend boot chain complete

Milestone B11: DirectInput8 + keyboard device acquired (cooperative = background+nonexclusive)

Milestone B14: MASHED input-globals wedge probe = OK (wrote 0xA5 to 0x007f1044, readback=0xA5)

Milestone B5: uploading 8 textures for atlas
  slot 0: 'skydomegs' 32x32 PAL8 mips=6 OK
  slot 1: 'Shad_groundgs' 128x128 PAL8 mips=8 OK
  slot 2: 'Shad_car' 256x256 ARGB mips=9 OK
  slot 3: 'Shad_bild' 256x256 ARGB mips=9 OK
  slot 4: 'rendergs' 64x32 ARGB mips=7 OK
  slot 5: 'main' 256x256 PAL8 mips=9 OK
  slot 6: 'Gravel' 128x128 ARGB mips=8 OK
  slot 7: 'carbase' 256x256 PAL8 mips=9 OK
  Milestone B5: 8/8 textures uploaded into atlas

Milestone B15: RW Im2D->D3D9 bridge install = OK (fake RW device at *(0x007d3ff8); HudIm2DQuad routes to D3D9)

Milestone B16: standalone RVA thunks — map_text=1 map_scale=1 scale_ok=1 thunks=6/6 (b8b0=1 b8c0=1 d5a0=1 f40=1 30b0=1 2c60=1)
Milestone B16: MenuChromeShellA ready = YES (real MASHED menu chrome via the B15 bridge)

B19a: original/TOASTART/Common/Perm.piz :: BACKGROUND.PNG decode+upload OK (340x240) -> slot 8 handle 2

B19a: original/TOASTART/Common/Font36.piz :: MASHEDNEWLOGO.PNG decode+upload OK (256x128) -> slot 9 handle 3

B19b: message table original/TOASTART/Common/Font36.piz/ENGLISH.DAT loaded (33626 bytes)
B19b: menu item id=33 "Single Player" 195x39 -> slot 10 handle 4
B19b: menu item id=34 "Multi Player" 175x39 -> slot 11 handle 5
B19b: menu item id=35 "Championship" 214x39 -> slot 12 handle 6
B19b: menu item id=36 "Time Trial" 148x39 -> slot 13 handle 7
B19b: menu item id=39 "Options" 120x39 -> slot 14 handle 8
B19b: 5 menu items ready

R2-5: badges.txd 'Button' 16x32 upload OK (dict has 23 textures)
R2-5: badges.txd 'Arrow' 16x16 upload OK
F2 track previews: 24/24 loaded; veh 3/8

#25 color-select: INTERFACE.TXD cars 10/10, vs OK, star OK (dict has 30 textures)

#10 input icons: PC.TXD decode OK, 2/2 (kbd+joypad)

loadicon: 256x128 decode+upload OK

B19a: original/TOASTART/Common/Font36.piz :: BIGE.BMP decode+upload OK (32x32) -> slot 57 handle 48
F1 frontend.mpg: RUNNING (512x512)
R2-2 gamesave load: LOADED (DEADBEEF save)

B19 faithful font (FGDC20): load OK (height=33.0)

MenuStringTable (id->glyph-string): load OK size=20894 ids=449
  self-check id 0x21 len=13 "Single Player"
  self-check id 0x22 len=12 "Multi Player"
  self-check id 0x23 len=12 "Championship"
  self-check id 0x24 len=10 "Time Trial"
  self-check id 0x27 len=7 "Options"

B17-SUMMARY reached-main-loop chrome=YES thunks=6/6
CAPMODE tag=00_challengeselect.bmp mode=Frontend
NAV_DEMO phase=0 00_challengeselect ok=1 depth=1 screen=6 cur=0 nrec=3
  WS-E lights: ambient=0xFF334D4D (RGB 51,77,77) sun=0xFF99B3B3 dir=(-0.977,-0.138,0.161)
D3D9 world.tris mat[0]=955 tex=1
D3D9 world.tris mat[1]=162 tex=1
D3D9 world.tris mat[2]=523 tex=1
D3D9 world.tris mat[3]=1660 tex=1
D3D9 world.tris mat[4]=1914 tex=1
D3D9 world.tris mat[5]=8197 tex=1
D3D9 world.tris mat[6]=22 tex=0
D3D9 world.tris mat[7]=596 tex=1
D3D9 world.tris mat[8]=541 tex=1
D3D9 world.tris mat[9]=48 tex=1
D3D9 world.tris mat[10]=1131 tex=1
D3D9 world.tris mat[11]=196 tex=1
D3D9 world.tris mat[12]=535 tex=1
D-S3-6 bake: dff=sky.dff lt=no batch=0 baked_v0=0x00FFFFFF
D-S3-6 bake: dff=WhiteTyre.dff lt=YES batch=0 baked_v0=0xFF334D4D
D-S3-6 bake: dff=RedTyre.dff lt=YES batch=0 baked_v0=0xFF334D4D
D-S3-6 bake: dff=Crate02.dff lt=YES batch=0 baked_v0=0xFF334D4D
D-S3-6 bake: dff=sea.dff lt=YES batch=0 baked_v0=0xFF3E5B59
D-S3-6 bake: dff=Freighter.dff lt=YES batch=0 baked_v0=0xFF467373
D-S3-6 bake: dff=FishingBoat.dff lt=YES batch=0 baked_v0=0xFF467373
D-S3-6 bake: dff=CamMan.dff lt=YES batch=0 baked_v0=0xFFFFFFFF
  F3 UV-anim: 2 .UVA rate(s); scrolling materials world=0 props=1 sky=1
  F2 copters: 6 flying, 3 models from original/TOASTART/Common\Perm.piz (1 gameplay/rule-5)
R4 track load OK: original/TOASTART/TRACKS/Arctic.piz — tris=16480 verts=16229 sectors=12 mats=13 textured=12 radius=80.46 props=7 (instances=23) gates=94
  CAM-DIAG bbox=[32.3,14.2,57.2 .. -62.3,-5.3,-73.0] bbox_center=(-15.0,4.4,-7.9) bbox_R=80.5 | gate_center=(-4.6,0.4,-4.0) gate_R=55.4
R4 pickups: 18 real powerup spawns (POWERUPS_GOLD.LUA)
PLAY-DEMO td=0.00 steer=+0.00 car_yaw=1.5498 pos=(-25.2,15.8) speed=0.00
PLAY-DEMO td=0.27 steer=+0.00 car_yaw=1.5498 pos=(-25.2,15.8) speed=0.00
PLAY-DEMO td=0.52 steer=+0.00 car_yaw=1.5498 pos=(-25.2,15.8) speed=0.00
PLAY-DEMO td=0.78 steer=+0.00 car_yaw=1.5498 pos=(-25.2,15.8) speed=0.00
CAPMODE tag=car_1_spawn.bmp mode=InRace
SIMHZ render_fps=53.0 sim_hz=60.0 (frames=53 steps=60 span=1.00s cfg=60)
PLAY-DEMO td=1.06 steer=+0.00 car_yaw=1.5498 pos=(-25.2,15.8) speed=0.00
PLAY-DEMO td=1.33 steer=+0.00 car_yaw=1.5498 pos=(-25.2,15.8) speed=0.00
PLAY-DEMO td=1.59 steer=+0.00 car_yaw=1.5498 pos=(-25.2,15.8) speed=0.00
PLAY-DEMO td=1.86 steer=+0.00 car_yaw=1.5498 pos=(-25.2,15.8) speed=0.00
CAPMODE tag=01_grid.bmp mode=InRace
NAV_DEMO phase=1 01_grid ok=1 depth=1 screen=6 cur=0 nrec=3
RELIGHT_CAP tag=01_grid heading=1.54978
SIMHZ render_fps=55.0 sim_hz=59.0 (frames=55 steps=59 span=1.00s cfg=60)
PLAY-DEMO td=2.12 steer=+0.00 car_yaw=1.5498 pos=(-25.2,15.8) speed=0.00
CAPMODE tag=car_2_drive.bmp mode=InRace
PLAY-DEMO td=2.39 steer=+0.00 car_yaw=1.5498 pos=(-25.2,15.8) speed=0.00
PLAY-DEMO td=2.66 steer=+0.00 car_yaw=1.5498 pos=(-25.2,15.8) speed=0.00
PLAY-DEMO td=2.92 steer=+0.00 car_yaw=1.5498 pos=(-25.2,15.8) speed=0.00
SIMHZ render_fps=56.0 sim_hz=61.0 (frames=56 steps=61 span=1.00s cfg=60)
CAPMODE tag=round1_go.bmp mode=InRace
PLAY-DEMO td=3.19 steer=+0.00 car_yaw=1.5498 pos=(-25.2,15.8) speed=191.06
PLAY-DEMO td=3.45 steer=+0.00 car_yaw=1.5498 pos=(-25.2,16.1) speed=539.26
CAPMODE tag=car_3_weave.bmp mode=InRace
PLAY-DEMO td=3.72 steer=+0.00 car_yaw=1.5498 pos=(-25.2,16.6) speed=1070.53
PLAY-DEMO td=3.98 steer=+0.00 car_yaw=1.5498 pos=(-25.2,17.7) speed=1658.40
SIMHZ render_fps=50.2 sim_hz=59.1 (frames=51 steps=60 span=1.02s cfg=60)
PLAY-DEMO td=4.27 steer=+0.50 car_yaw=1.2084 pos=(-25.0,19.1) speed=2111.90
CAPMODE tag=01_inrace_track.bmp mode=InRace
NAV_DEMO phase=1 01_inrace_track ok=1 depth=1 screen=6 cur=0 nrec=3
RELIGHT_CAP tag=01_inrace_track heading=1.20839
PLAY-DEMO td=4.53 steer=+0.50 car_yaw=1.6919 pos=(-24.3,20.9) speed=1327.90
PLAY-DEMO td=4.80 steer=+0.50 car_yaw=1.3781 pos=(-24.3,22.0) speed=1914.72
SIMHZ render_fps=52.0 sim_hz=61.0 (frames=52 steps=61 span=1.00s cfg=60)
PLAY-DEMO td=5.06 steer=+0.50 car_yaw=1.5198 pos=(-24.3,23.2) speed=1532.76
PLAY-DEMO td=5.33 steer=+0.50 car_yaw=1.6755 pos=(-24.3,24.5) speed=1244.35
PLAY-DEMO td=5.59 steer=+0.50 car_yaw=1.3244 pos=(-24.3,25.8) speed=2002.72
PLAY-DEMO td=5.86 steer=+0.50 car_yaw=1.5563 pos=(-24.4,27.0) speed=1680.67
SIMHZ render_fps=51.2 sim_hz=59.1 (frames=52 steps=60 span=1.01s cfg=60)
PLAY-DEMO td=6.13 steer=+0.50 car_yaw=1.9013 pos=(-24.3,28.5) speed=1217.08
PLAY-DEMO td=6.39 steer=+0.50 car_yaw=1.5739 pos=(-24.5,29.7) speed=2002.73
R5 drive t=6.4s pos=(-24.52, 0.04, 29.94) speed=2144.05
R6 ROUND END winner=car3 scores=[0,1,0,2]
CAPMODE tag=round1_result.bmp mode=InRace
R6 round 1 OVER t=6.6s winner=car3 (wins now: c0=0 c1=1 c2=0 c3=2)
PLAY-DEMO td=6.67 steer=+0.50 car_yaw=1.2112 pos=(-24.3,31.5) speed=2718.07
CAPMODE tag=01_action.bmp mode=InRace
NAV_DEMO phase=1 01_action ok=1 depth=1 screen=6 cur=0 nrec=3
RELIGHT_CAP tag=01_action heading=1.21121
PLAY-DEMO td=6.94 steer=+0.50 car_yaw=2.2087 pos=(-25.2,32.6) speed=2142.25
SIMHZ render_fps=52.0 sim_hz=61.0 (frames=52 steps=61 span=1.00s cfg=60)
PLAY-DEMO td=7.20 steer=+0.50 car_yaw=1.8673 pos=(-26.1,34.2) speed=2787.16
PLAY-DEMO td=7.48 steer=+0.50 car_yaw=1.5046 pos=(-26.5,36.5) speed=3270.02
PLAY-DEMO td=7.75 steer=+0.50 car_yaw=1.1632 pos=(-26.1,39.0) speed=3564.62
PLAY-DEMO td=8.02 steer=+0.50 car_yaw=0.8432 pos=(-25.0,41.2) speed=3737.92
SIMHZ render_fps=51.0 sim_hz=60.0 (frames=51 steps=60 span=1.00s cfg=60)
PLAY-DEMO td=8.28 steer=+0.50 car_yaw=0.5018 pos=(-23.0,43.2) speed=3849.19
PLAY-DEMO td=8.55 steer=+0.50 car_yaw=0.1604 pos=(-20.4,44.4) speed=3912.68
PLAY-DEMO td=8.80 steer=+0.50 car_yaw=-0.1434 pos=(-17.5,44.8) speed=3967.46
CAPMODE tag=car_4_chase.bmp mode=InRace
SIMHZ render_fps=52.0 sim_hz=60.0 (frames=52 steps=60 span=1.00s cfg=60)
PLAY-DEMO td=9.08 steer=-0.50 car_yaw=-0.2402 pos=(-14.7,44.3) speed=3978.14
PLAY-DEMO td=9.34 steer=-0.50 car_yaw=0.0959 pos=(-11.8,43.9) speed=4038.92
PLAY-DEMO td=9.61 steer=-0.50 car_yaw=0.4586 pos=(-8.7,44.4) speed=4030.04
PLAY-DEMO td=9.88 steer=-0.50 car_yaw=1.5498 pos=(-25.2,15.8) speed=0.00
SIMHZ render_fps=53.0 sim_hz=60.0 (frames=53 steps=60 span=1.00s cfg=60)
PLAY-DEMO td=10.13 steer=-0.50 car_yaw=1.5498 pos=(-25.2,15.8) speed=0.00
PLAY-DEMO td=10.39 steer=-0.50 car_yaw=1.5498 pos=(-25.2,15.8) speed=0.00
PLAY-DEMO td=10.66 steer=-0.50 car_yaw=1.5498 pos=(-25.2,15.8) speed=0.00
PLAY-DEMO td=10.92 steer=-0.50 car_yaw=1.5498 pos=(-25.2,15.8) speed=0.00
SIMHZ render_fps=54.0 sim_hz=60.0 (frames=54 steps=60 span=1.00s cfg=60)
PLAY-DEMO td=11.19 steer=-0.50 car_yaw=1.5498 pos=(-25.2,15.8) speed=0.00
PLAY-DEMO td=11.45 steer=-0.50 car_yaw=1.5498 pos=(-25.2,15.8) speed=0.00
PLAY-DEMO td=11.70 steer=-0.50 car_yaw=1.5498 pos=(-25.2,15.8) speed=0.00
PLAY-DEMO td=11.97 steer=-0.50 car_yaw=1.5498 pos=(-25.2,15.8) speed=0.00
SIMHZ render_fps=54.0 sim_hz=59.0 (frames=54 steps=59 span=1.00s cfg=60)
PLAY-DEMO td=12.23 steer=-0.50 car_yaw=1.5498 pos=(-25.2,15.8) speed=0.00
PLAY-DEMO td=12.50 steer=-0.50 car_yaw=1.5498 pos=(-25.2,15.8) speed=0.00
CAPMODE tag=round2_go.bmp mode=InRace
PLAY-DEMO td=12.77 steer=-0.50 car_yaw=0.4857 pos=(-25.2,15.8) speed=124.12
SIMHZ render_fps=53.0 sim_hz=61.0 (frames=53 steps=61 span=1.00s cfg=60)
PLAY-DEMO td=13.03 steer=-0.50 car_yaw=0.5549 pos=(-25.0,15.9) speed=527.99
PLAY-DEMO td=13.30 steer=-0.50 car_yaw=0.7077 pos=(-24.6,16.2) speed=929.93
PLAY-DEMO td=13.56 steer=-0.50 car_yaw=1.7256 pos=(-24.3,17.0) speed=744.05
PLAY-DEMO td=13.83 steer=-0.50 car_yaw=1.9633 pos=(-24.5,17.7) speed=1281.25
SIMHZ render_fps=50.0 sim_hz=60.0 (frames=50 steps=60 span=1.00s cfg=60)
PLAY-DEMO td=14.09 steer=+1.00 car_yaw=1.8882 pos=(-25.0,18.6) speed=1735.67
PLAY-DEMO td=14.36 steer=+1.00 car_yaw=1.1656 pos=(-25.1,20.1) speed=2001.62
PLAY-DEMO td=14.61 steer=+1.00 car_yaw=0.5706 pos=(-24.5,21.2) speed=2098.11
PLAY-DEMO td=14.88 steer=+1.00 car_yaw=1.2878 pos=(-24.3,22.4) speed=1507.88
SIMHZ render_fps=49.2 sim_hz=59.1 (frames=50 steps=60 span=1.02s cfg=60)
PLAY-DEMO td=15.14 steer=+1.00 car_yaw=1.3593 pos=(-24.3,23.5) speed=1304.54
PLAY-DEMO td=15.41 steer=+1.00 car_yaw=1.3912 pos=(-24.3,24.5) speed=1214.41
R6 ROUND END winner=car1 scores=[0,3,1,0]
CAPMODE tag=round2_result.bmp mode=InRace
R6 round 2 OVER t=15.5s winner=car1 (wins now: c0=0 c1=3 c2=1 c3=0)
PLAY-DEMO td=15.67 steer=+1.00 car_yaw=1.4459 pos=(-24.3,25.4) speed=1072.76
PLAY-DEMO td=15.94 steer=+1.00 car_yaw=1.5515 pos=(-24.3,26.2) speed=951.51
CAPMODE tag=car_5_chase.bmp mode=InRace
SIMHZ render_fps=50.0 sim_hz=60.0 (frames=50 steps=60 span=1.00s cfg=60)
PLAY-DEMO td=16.20 steer=+1.00 car_yaw=1.7139 pos=(-24.3,27.1) speed=807.94
PLAY-DEMO td=16.47 steer=+1.00 car_yaw=1.9145 pos=(-24.3,28.1) speed=637.04
PLAY-DEMO td=16.73 steer=+1.00 car_yaw=1.5249 pos=(-24.3,28.8) speed=1106.43
PLAY-DEMO td=17.00 steer=+1.00 car_yaw=1.9392 pos=(-24.3,29.8) speed=842.98
SIMHZ render_fps=51.0 sim_hz=60.0 (frames=51 steps=60 span=1.00s cfg=60)
PLAY-DEMO td=17.27 steer=+1.00 car_yaw=1.4952 pos=(-24.4,30.5) speed=1263.34
PLAY-DEMO td=17.53 steer=+1.00 car_yaw=2.3939 pos=(-24.3,31.7) speed=894.23
PLAY-DEMO td=17.80 steer=+1.00 car_yaw=1.8673 pos=(-24.8,32.4) speed=1445.35
SIMHZ render_fps=52.0 sim_hz=61.0 (frames=52 steps=61 span=1.00s cfg=60)
PLAY-DEMO td=18.08 steer=+1.00 car_yaw=1.1895 pos=(-24.9,33.6) speed=1837.55
PLAY-DEMO td=18.34 steer=+1.00 car_yaw=-2.3261 pos=(-24.3,34.9) speed=1070.15
PLAY-DEMO td=18.61 steer=+1.00 car_yaw=1.5498 pos=(-25.2,15.8) speed=0.00
PLAY-DEMO td=18.88 steer=+1.00 car_yaw=1.5498 pos=(-25.2,15.8) speed=0.00
SIMHZ render_fps=53.0 sim_hz=60.0 (frames=53 steps=60 span=1.00s cfg=60)
PLAY-DEMO td=19.14 steer=-1.00 car_yaw=1.5498 pos=(-25.2,15.8) speed=0.00
PLAY-DEMO td=19.41 steer=-1.00 car_yaw=1.5498 pos=(-25.2,15.8) speed=0.00
PLAY-DEMO td=19.67 steer=-1.00 car_yaw=1.5498 pos=(-25.2,15.8) speed=0.00
PLAY-DEMO td=19.94 steer=-1.00 car_yaw=1.5498 pos=(-25.2,15.8) speed=0.00
SIMHZ render_fps=54.0 sim_hz=60.0 (frames=54 steps=60 span=1.00s cfg=60)
PLAY-DEMO td=20.20 steer=-1.00 car_yaw=1.5498 pos=(-25.2,15.8) speed=0.00
PLAY-DEMO td=20.47 steer=-1.00 car_yaw=1.5498 pos=(-25.2,15.8) speed=0.00
PLAY-DEMO td=20.73 steer=-1.00 car_yaw=1.5498 pos=(-25.2,15.8) speed=0.00
PLAY-DEMO td=21.00 steer=-1.00 car_yaw=1.5498 pos=(-25.2,15.8) speed=0.00
SIMHZ render_fps=54.0 sim_hz=60.0 (frames=54 steps=60 span=1.00s cfg=60)
PLAY-DEMO td=21.27 steer=-1.00 car_yaw=1.5498 pos=(-25.2,15.8) speed=0.00
CAPMODE tag=round3_go.bmp mode=InRace
PLAY-DEMO td=21.53 steer=-1.00 car_yaw=-2.5941 pos=(-25.2,15.8) speed=54.19
PLAY-DEMO td=21.80 steer=-1.00 car_yaw=-2.5134 pos=(-25.3,15.7) speed=379.85
SIMHZ render_fps=52.0 sim_hz=60.0 (frames=52 steps=60 span=1.00s cfg=60)
PLAY-DEMO td=22.06 steer=-1.00 car_yaw=-2.2302 pos=(-25.6,15.4) speed=819.19
PLAY-DEMO td=22.33 steer=-1.00 car_yaw=-1.8105 pos=(-26.0,14.8) speed=1169.14
PLAY-DEMO td=22.61 steer=-1.00 car_yaw=-1.1694 pos=(-26.0,13.7) speed=1523.35
PLAY-DEMO td=22.88 steer=-1.00 car_yaw=-0.4893 pos=(-25.3,12.7) speed=1783.11
SIMHZ render_fps=50.0 sim_hz=59.0 (frames=50 steps=59 span=1.00s cfg=60)
PLAY-DEMO td=23.14 steer=-1.00 car_yaw=0.1907 pos=(-24.1,12.3) speed=1934.69
PLAY-DEMO td=23.42 steer=-1.00 car_yaw=0.9132 pos=(-22.6,12.8) speed=2010.10
PLAY-DEMO td=23.70 steer=-1.00 car_yaw=-2.8806 pos=(-22.9,13.3) speed=1305.68
PLAY-DEMO td=23.98 steer=-1.00 car_yaw=-2.1352 pos=(-24.0,12.6) speed=1789.99
SIMHZ render_fps=50.0 sim_hz=60.0 (frames=50 steps=60 span=1.00s cfg=60)
PLAY-DEMO td=24.27 steer=-1.00 car_yaw=-1.4552 pos=(-24.5,11.3) speed=2053.99
R6 ROUND END winner=car1 scores=[0,5,2,0]
CAPMODE tag=round3_result.bmp mode=InRace
R6 round 3 OVER t=24.3s winner=car1 (wins now: c0=0 c1=5 c2=2 c3=0)
PLAY-DEMO td=24.53 steer=-1.00 car_yaw=-0.7326 pos=(-24.1,9.7) speed=2225.52
PLAY-DEMO td=24.80 steer=-1.00 car_yaw=-0.0526 pos=(-22.7,8.8) speed=2361.36
SIMHZ render_fps=49.0 sim_hz=60.0 (frames=49 steps=60 span=1.00s cfg=60)
PLAY-DEMO td=25.06 steer=-1.00 car_yaw=1.8997 pos=(-21.6,9.3) speed=1363.81
PLAY-DEMO td=25.33 steer=-1.00 car_yaw=2.5706 pos=(-22.2,10.2) speed=1872.17
PLAY-DEMO td=25.59 steer=-1.00 car_yaw=-3.0750 pos=(-23.5,10.8) speed=2225.90
PLAY-DEMO td=25.86 steer=-1.00 car_yaw=-2.3950 pos=(-25.2,10.4) speed=2504.09
SIMHZ render_fps=49.0 sim_hz=60.0 (frames=49 steps=60 span=1.00s cfg=60)
PLAY-DEMO td=26.13 steer=-1.00 car_yaw=-1.7149 pos=(-26.4,9.0) speed=2629.90
PLAY-DEMO td=26.39 steer=-1.00 car_yaw=-1.0349 pos=(-26.5,7.1) speed=2644.94
PLAY-DEMO td=26.66 steer=-1.00 car_yaw=-0.3549 pos=(-25.5,5.5) speed=2601.55
PLAY-DEMO td=26.92 steer=-1.00 car_yaw=0.3252 pos=(-23.7,4.9) speed=2550.57
SIMHZ render_fps=49.0 sim_hz=61.0 (frames=49 steps=61 span=1.00s cfg=60)
PLAY-DEMO td=27.19 steer=-1.00 car_yaw=1.0052 pos=(-22.0,5.6) speed=2525.93
PLAY-DEMO td=27.45 steer=-1.00 car_yaw=1.5498 pos=(-25.2,15.8) speed=0.00
PLAY-DEMO td=27.72 steer=-1.00 car_yaw=1.5498 pos=(-25.2,15.8) speed=0.00
PLAY-DEMO td=27.98 steer=-1.00 car_yaw=1.5498 pos=(-25.2,15.8) speed=0.00
SIMHZ render_fps=52.2 sim_hz=59.1 (frames=53 steps=60 span=1.02s cfg=60)
PLAY-DEMO td=28.25 steer=-1.00 car_yaw=1.5498 pos=(-25.2,15.8) speed=0.00
PLAY-DEMO td=28.52 steer=-1.00 car_yaw=1.5498 pos=(-25.2,15.8) speed=0.00
PLAY-DEMO td=28.78 steer=-1.00 car_yaw=1.5498 pos=(-25.2,15.8) speed=0.00
PLAY-DEMO td=29.05 steer=-1.00 car_yaw=1.5498 pos=(-25.2,15.8) speed=0.00
SIMHZ render_fps=55.0 sim_hz=60.0 (frames=55 steps=60 span=1.00s cfg=60)
PLAY-DEMO td=29.31 steer=-1.00 car_yaw=1.5498 pos=(-25.2,15.8) speed=0.00
PLAY-DEMO td=29.58 steer=-1.00 car_yaw=1.5498 pos=(-25.2,15.8) speed=0.00
PLAY-DEMO td=29.84 steer=-1.00 car_yaw=1.5498 pos=(-25.2,15.8) speed=0.00
CAPMODE tag=02_back_to_menu.bmp mode=Frontend
NAV_DEMO phase=2 02_back_to_menu ok=1 depth=1 screen=6 cur=0 nrec=3
NAV_DEMO phase=3 race-demo done ok=1 depth=1 screen=6 cur=0 nrec=3
