  pid=10672
  booting to menu...
  challenge index 0x67f17c=0 (wanted 3)
  in race (phase=0); settling 14.0s
  PICKUPRECS count=0 -> C:\Users\maria\Desktop\Proyectos\Mashed\verify\pickups_20260929\orig_recs.bmp.pickuprecs.json
    rec[ 0] state=0 type=0 angle=0.000 origin=(0.000,0.000,0.000) pos=(0.000,0.000,0.000)
    rec[ 1] state=0 type=0 angle=0.000 origin=(0.000,0.000,0.000) pos=(0.000,0.000,0.000)
    rec[ 2] state=0 type=0 angle=0.000 origin=(0.000,0.000,0.000) pos=(0.000,0.000,0.000)
    rec[ 3] state=0 type=0 angle=0.000 origin=(0.000,0.000,0.000) pos=(0.000,0.000,0.000)
    rec[ 4] state=0 type=0 angle=0.000 origin=(0.000,0.000,0.000) pos=(0.000,0.000,0.000)
    rec[ 5] state=0 type=0 angle=0.000 origin=(0.000,0.000,0.000) pos=(0.000,0.000,0.000)
    rec[ 6] state=0 type=0 angle=0.000 origin=(0.000,0.000,0.000) pos=(0.000,0.000,0.000)
    rec[ 7] state=0 type=0 angle=0.000 origin=(0.000,0.000,0.000) pos=(0.000,0.000,0.000)
    rec[ 8] state=0 type=0 angle=0.000 origin=(0.000,0.000,0.000) pos=(0.000,0.000,0.000)
    rec[ 9] state=0 type=0 angle=0.000 origin=(0.000,0.000,0.000) pos=(0.000,0.000,0.000)
    rec[10] state=0 type=0 angle=0.000 origin=(0.000,0.000,0.000) pos=(0.000,0.000,0.000)
    rec[11] state=0 type=0 angle=0.000 origin=(0.000,0.000,0.000) pos=(0.000,0.000,0.000)
    rec[12] state=0 type=0 angle=0.000 origin=(0.000,0.000,0.000) pos=(0.000,0.000,0.000)
    rec[13] state=0 type=0 angle=0.000 origin=(0.000,0.000,0.000) pos=(0.000,0.000,0.000)
    rec[14] state=0 type=0 angle=0.000 origin=(0.000,0.000,0.000) pos=(0.000,0.000,0.000)
    rec[15] state=0 type=0 angle=0.000 origin=(0.000,0.000,0.000) pos=(0.000,0.000,0.000)
    rec[16] state=0 type=0 angle=0.000 origin=(0.000,0.000,0.000) pos=(0.000,0.000,0.000)
    rec[17] state=0 type=0 angle=0.000 origin=(0.000,0.000,0.000) pos=(0.000,0.000,0.000)
    rec[18] state=0 type=0 angle=0.000 origin=(0.000,0.000,0.000) pos=(0.000,0.000,0.000)
    rec[19] state=0 type=0 angle=0.000 origin=(0.000,0.000,0.000) pos=(0.000,0.000,0.000)
    rec[20] state=0 type=0 angle=0.000 origin=(0.000,0.000,0.000) pos=(0.000,0.000,0.000)
    rec[21] state=0 type=0 angle=0.000 origin=(0.000,0.000,0.000) pos=(0.000,0.000,0.000)
    rec[22] state=0 type=0 angle=0.000 origin=(0.000,0.000,0.000) pos=(0.000,0.000,0.000)
    rec[23] state=0 type=0 angle=0.000 origin=(0.000,0.000,0.000) pos=(0.000,0.000,0.000)
    rec[24] state=0 type=0 angle=0.000 origin=(0.000,0.000,0.000) pos=(0.000,0.000,0.000)
  ORIGINAL TRACK = TRAINING   (standalone: MASHED_TRACK_SEL = index of 'TRAINING' in kAreas[])
  piz opens seen (1): TRAINING.PIZ
  CAMPOSE eye=(-0.37,5.85,3.21) dir=(0.32,-5.51,-8.31) at=(-0.05,0.34,-5.10)
  campose_ctrl_DISCREDITED_do_not_transplant=-0.3721,5.8493,3.2098,-0.0525,0.3353,-5.1049
  MASHED_CAM_POSE=-0.37210,5.84934,3.20977,-0.99926,-0.00000,-0.03841,0.02121,0.83361,-0.55195,0.03202,-0.55236,-0.83299   <-- USE THIS ONE (12-float basis)
  FRAME ltm.at=(0.032,-0.552,-0.833) vs 0x4c dir=(0.032,-0.552,-0.833)  ANGLE=0.00deg
  FRAME ltm.pos=(-0.372,5.849,3.210) vs ctrl eye  dist=0.0000   euler elev=33.529052734375 azim=177.79891967773438 roll=0
  CARPROJ (FRAME BASIS + lens, 640x480):
    car0: world=(0.62,0.43,-2.00) z=  7.36 -> screen=(  262.6, 357.2) ON-SCREEN
    car1: world=(-0.93,0.23,-8.42) z= 12.77 -> screen=(  362.0, 167.9) ON-SCREEN
    car2: world=(0.00,0.00,0.00) z=  5.92 -> screen=(  297.6, 519.1) off-screen
    car3: world=(0.00,0.00,0.00) z=  5.92 -> screen=(  297.6, 519.1) off-screen
  LENS viewWindow=(0.6000,0.4500) fovy=48.46deg fovx=61.93deg near=0.1000 far=360.00 projType=1
  LENS ctrl 0x58=0.6000000238418579 0x24=0.75 0x6c=1 0x70=1  recip_ok=True setupfov_ok=True
  CAPTURED
{"draw_calls": 186, "prims": 17814, "verts": 11248, "dp": 3, "di": 183, "dpup": 0, "diup": 0}

[swap] save_chalunlock.bin -> original/gamesave.bin (ref backed up, sha bd18788182b2343e)
[restore] original/gamesave.bin restored, sha verified bd18788182b2343e
