slot=0 pass=0 n=2 ret=1 pos=(-2.0508,0.3292,-6.6588) vel=(-2283.5552,72.8148,77.4545)->(969.5796,-357.5708,300.4347)
slot=0 pass=0 n=2 ret=1 pos=(-2.0263,0.3349,-6.4690) vel=(-771.9905,30.0352,214.1247)->(391.7277,-115.5036,302.7392)
slot=0 pass=0 n=1 ret=1 pos=(-2.0242,0.3390,-6.3451) vel=(-308.7304,12.7852,111.5194)->(237.7507,-7.6391,156.8368)
slot=0 pass=0 n=1 ret=1 pos=(-2.0221,0.3412,-6.2731) vel=(-215.4669,9.1638,90.0160)->(190.2551,-4.9005,123.0656)
slot=0 pass=0 n=1 ret=1 pos=(-2.0217,0.3430,-6.2187) vel=(-167.2407,7.0274,65.0480)->(166.7222,-3.8208,91.4771)
slot=0 pass=0 n=1 ret=1 pos=(-2.0224,0.3443,-6.1779) vel=(-150.6125,6.2089,53.6708)->(158.6570,-3.5261,78.0375)
slot=0 pass=0 n=1 ret=1 pos=(-2.0245,0.3452,-6.1490) vel=(-145.8979,5.9539,49.3211)->(156.2117,-3.4461,73.4685)
slot=0 pass=0 n=1 ret=1 pos=(-2.0258,0.3463,-6.1123) vel=(-153.4317,6.2899,54.5763)->(159.4696,-3.5675,80.4357)
slot=0 pass=0 n=1 ret=1 pos=(-2.0235,0.3473,-6.0813) vel=(-145.4802,5.8402,46.6368)->(155.3700,-3.4605,71.9841)
slot=0 pass=0 n=1 ret=1 pos=(-2.0240,0.3484,-6.0470) vel=(-151.4773,6.0846,50.1454)->(157.8105,-3.5657,77.0782)
slot=0 pass=0 n=1 ret=1 pos=(-2.0283,0.3494,-6.0157) vel=(-159.4277,6.4421,56.1272)->(161.2256,-3.6884,84.8833)
slot=0 pass=0 n=1 ret=1 pos=(-2.0281,0.3504,-5.9827) vel=(-145.3535,5.7037,43.2141)->(154.4243,-3.4947,70.1185)
slot=0 pass=0 n=1 ret=1 pos=(-2.0277,0.3513,-5.9539) vel=(-133.4903,5.1475,35.4243)->(148.7414,-3.2673,60.6785)
slot=0 pass=0 n=1 ret=1 pos=(-2.0282,0.3520,-5.9315) vel=(-130.6046,4.9973,33.2774)->(147.1927,-3.2095,58.4110)
slot=0 pass=0 n=1 ret=1 pos=(-2.0292,0.3527,-5.9104) vel=(-130.5914,4.9721,32.6265)->(146.9629,-3.2113,58.1231)
slot=0 pass=0 n=1 ret=1 pos=(-2.0301,0.3533,-5.8895) vel=(-130.4071,4.9401,31.9044)->(146.6551,-3.2093,57.7262)
slot=0 pass=0 n=1 ret=1 pos=(-2.0309,0.3539,-5.8690) vel=(-130.2581,4.9102,31.2119)->(146.3639,-3.2077,57.3578)
slot=0 pass=0 n=1 ret=1 pos=(-2.0317,0.3546,-5.8488) vel=(-130.1188,4.8813,30.5358)->(146.0774,-3.2059,57.0004)
slot=0 pass=0 n=1 ret=1 pos=(-2.0325,0.3552,-5.8288) vel=(-129.9918,4.8533,29.8768)->(145.7969,-3.2043,56.6555)
slot=0 pass=0 n=1 ret=1 pos=(-2.0332,0.3558,-5.8092) vel=(-129.8782,4.8263,29.2349)->(145.5230,-3.2026,56.3235)
slot=0 pass=0 n=1 ret=1 pos=(-2.0339,0.3564,-5.7898) vel=(-129.7747,4.8003,28.6080)->(145.2540,-3.2010,56.0018)
slot=0 pass=0 n=1 ret=1 pos=(-2.0328,0.3572,-5.7661) vel=(-134.0282,4.9441,29.7399)->(146.7184,-3.2834,58.5873)
slot=0 pass=0 n=1 ret=1 pos=(-2.0357,0.3579,-5.7436) vel=(-144.3441,5.3336,34.0270)->(151.0199,-3.5106,65.3462)
slot=0 pass=0 n=1 ret=1 pos=(-2.0369,0.3586,-5.7201) vel=(-143.9396,5.2992,33.3310)->(150.5218,-3.4905,65.0084)
slot=0 pass=0 n=1 ret=1 pos=(-2.0347,0.3594,-5.6958) vel=(-144.1280,5.2581,32.1170)->(150.0824,-3.4940,64.5340)
slot=0 pass=0 n=1 ret=1 pos=(-2.0358,0.3601,-5.6714) vel=(-143.9872,5.2049,30.7718)->(149.6520,-3.5046,63.6432)
slot=0 pass=0 n=1 ret=1 pos=(-2.0370,0.3608,-5.6499) vel=(-143.7960,5.1781,30.1544)->(149.2113,-3.4878,63.4414)
slot=0 pass=0 n=1 ret=1 pos=(-2.0380,0.3615,-5.6267) vel=(-143.6282,5.1271,28.8747)->(148.7851,-3.4966,62.5689)
slot=0 pass=0 n=1 ret=1 pos=(-2.0392,0.3622,-5.6061) vel=(-143.5329,5.1062,28.3625)->(148.4104,-3.4819,62.4582)
slot=0 pass=0 n=1 ret=1 pos=(-2.0402,0.3629,-5.5838) vel=(-143.4012,5.0597,27.1647)->(148.0125,-3.4904,61.6422)
slot=0 pass=0 n=1 ret=1 pos=(-2.0413,0.3635,-5.5641) vel=(-143.3382,5.0422,26.7188)->(147.6523,-3.4753,61.5738)
slot=0 pass=0 n=1 ret=1 pos=(-2.0423,0.3642,-5.5426) vel=(-143.2487,4.9995,25.5938)->(147.2831,-3.4839,60.8122)
slot=0 pass=0 n=1 ret=1 pos=(-2.0435,0.3648,-5.5236) vel=(-143.2291,4.9851,25.2076)->(146.9506,-3.4696,60.7882)
slot=0 pass=0 n=1 ret=1 pos=(-2.0445,0.3654,-5.5028) vel=(-143.1609,4.9450,24.1368)->(146.5999,-3.4780,60.0615)
slot=0 pass=0 n=1 ret=1 pos=(-2.0457,0.3660,-5.4844) vel=(-143.1766,4.9334,23.8007)->(146.2908,-3.4641,60.0737)
slot=0 pass=0 n=1 ret=1 pos=(-2.0480,0.3667,-5.4597) vel=(-145.9718,4.9913,23.7412)->(146.9741,-3.5321,61.2124)
slot=0 pass=0 n=1 ret=1 pos=(-2.0486,0.3673,-5.4413) vel=(-142.5689,4.8508,21.8633)->(145.2482,-3.4446,58.8270)
slot=0 pass=0 n=1 ret=1 pos=(-2.0476,0.3680,-5.4190) vel=(-145.5300,4.9187,21.9641)->(145.8714,-3.5026,60.2774)
slot=0 pass=0 n=1 ret=1 pos=(-2.0494,0.3688,-5.3957) vel=(-145.1806,4.8611,20.5465)->(145.2767,-3.5025,59.2242)
slot=0 pass=0 n=1 ret=1 pos=(-2.0513,0.3694,-5.3752) vel=(-144.9435,4.8347,19.9396)->(144.7597,-3.4811,58.9658)
slot=0 pass=0 n=1 ret=1 pos=(-2.0532,0.3701,-5.3536) vel=(-144.7559,4.7882,18.7286)->(144.2818,-3.4841,58.0921)
slot=0 pass=0 n=1 ret=1 pos=(-2.0518,0.3707,-5.3349) vel=(-128.3578,4.1847,12.4710)->(137.4646,-3.1112,47.7985)
slot=0 pass=0 n=1 ret=1 pos=(-2.0541,0.3712,-5.3185) vel=(-131.5466,4.2790,12.9044)->(138.4571,-3.1807,49.3203)
slot=0 pass=0 n=1 ret=1 pos=(-2.0553,0.3716,-5.3048) vel=(-130.3011,4.2232,12.1765)->(137.7740,-3.1492,48.4337)
slot=0 pass=0 n=1 ret=1 pos=(-2.0542,0.3721,-5.2886) vel=(-131.1487,4.2361,11.9402)->(137.7008,-3.1535,48.7821)
slot=0 pass=0 n=1 ret=1 pos=(-2.0561,0.3727,-5.2709) vel=(-147.3779,4.7761,16.7686)->(143.5426,-3.5066,58.4426)
slot=0 pass=0 n=1 ret=1 pos=(-2.0577,0.3733,-5.2511) vel=(-143.9998,4.6225,14.4237)->(141.8755,-3.4395,55.4765)
slot=0 pass=0 n=2 ret=1 pos=(-2.0599,0.3738,-5.2349) vel=(-144.3234,4.6268,14.3410)->(151.2361,-5.0928,34.5346)
slot=0 pass=0 n=1 ret=1 pos=(-2.0572,0.3742,-5.2204) vel=(-150.2235,4.8041,15.8748)->(143.5020,-3.5516,59.3019)
slot=0 pass=0 n=1 ret=1 pos=(-2.0584,0.3749,-5.2009) vel=(-143.4733,4.5365,12.2475)->(140.5817,-3.4113,54.0580)
slot=0 pass=0 n=3 ret=1 pos=(-2.0608,0.3753,-5.1862) vel=(-144.4369,4.5658,12.4833)->(147.4578,-5.4151,12.7897)
slot=0 pass=0 n=3 ret=1 pos=(-2.0596,0.3755,-5.1794) vel=(-151.6914,4.8030,14.9824)->(150.3445,-5.6700,15.4430)
slot=0 pass=0 n=3 ret=1 pos=(-2.0597,0.3758,-5.1706) vel=(-149.2281,4.7011,13.4545)->(149.3640,-5.6004,14.0075)
slot=0 pass=0 n=3 ret=1 pos=(-2.0604,0.3760,-5.1631) vel=(-149.9951,4.7360,14.0181)->(149.6689,-5.6165,14.6187)
slot=0 pass=0 n=1 ret=1 pos=(-2.0575,0.3763,-5.1552) vel=(-149.7643,4.7126,13.4652)->(143.1808,-6.2970,-29.3399)
slot=0 pass=0 n=2 ret=1 pos=(-2.0599,0.3763,-5.1554) vel=(-156.5976,4.9514,16.5933)->(156.1026,-6.9362,-5.3396)
slot=0 pass=0 n=2 ret=1 pos=(-2.0593,0.3764,-5.1520) vel=(-162.2280,5.1417,19.3579)->(158.4812,-7.1657,-3.2816)
slot=0 pass=0 n=3 ret=1 pos=(-2.0605,0.3765,-5.1479) vel=(-159.9914,5.0513,17.7807)->(153.6452,-5.9756,18.6402)
slot=0 pass=0 n=1 ret=1 pos=(-2.0585,0.3768,-5.1391) vel=(-147.6147,4.6277,12.2757)->(142.6553,-6.2320,-29.7452)
slot=0 pass=0 n=1 ret=1 pos=(-2.0578,0.3768,-5.1396) vel=(-140.1348,4.3667,9.4410)->(140.1307,-5.9528,-30.4215)
slot=0 pass=0 n=2 ret=1 pos=(-2.0591,0.3768,-5.1396) vel=(-142.4702,4.4571,10.5467)->(150.3717,-6.3692,-9.0968)
slot=0 pass=0 n=2 ret=1 pos=(-2.0591,0.3768,-5.1374) vel=(-148.9559,4.6624,12.4638)->(153.0674,-6.6507,-8.0904)
slot=0 pass=0 n=1 ret=1 pos=(-2.0575,0.3769,-5.1350) vel=(-147.6586,4.6236,12.1187)->(142.7655,-6.2417,-29.8352)
slot=0 pass=0 n=1 ret=1 pos=(-2.0567,0.3769,-5.1356) vel=(-140.0962,4.3601,9.2637)->(140.2094,-5.9590,-30.5105)
slot=0 pass=0 n=1 ret=1 pos=(-2.0580,0.3769,-5.1356) vel=(-142.4646,4.4514,10.3737)->(140.9789,-6.0384,-30.1136)
slot=0 pass=0 n=1 ret=1 pos=(-2.0587,0.3769,-5.1361) vel=(-141.8052,4.4207,9.9040)->(140.7257,-6.0205,-30.4165)
slot=0 pass=0 n=2 ret=1 pos=(-2.0596,0.3769,-5.1361) vel=(-141.9165,4.4367,10.3027)->(150.1597,-6.3479,-9.2221)
slot=0 pass=0 n=2 ret=1 pos=(-2.0598,0.3769,-5.1339) vel=(-149.1901,4.6685,12.4942)->(153.1802,-6.6620,-8.0589)
slot=0 pass=0 n=1 ret=1 pos=(-2.0581,0.3770,-5.1316) vel=(-147.5692,4.6187,12.0229)->(142.7697,-6.2412,-29.8765)
slot=0 pass=0 n=1 ret=1 pos=(-2.0573,0.3770,-5.1321) vel=(-140.1170,4.3591,9.2113)->(140.2489,-5.9624,-30.5416)
slot=0 pass=0 n=1 ret=1 pos=(-2.0586,0.3770,-5.1322) vel=(-142.4515,4.4492,10.3086)->(141.0080,-6.0406,-30.1467)
slot=0 pass=0 n=2 ret=1 pos=(-2.0593,0.3770,-5.1327) vel=(-141.8023,4.4189,9.8419)->(150.1427,-6.3566,-9.5975)
slot=0 pass=0 n=2 ret=1 pos=(-2.0595,0.3771,-5.1305) vel=(-149.1622,4.6748,12.6879)->(153.2072,-6.6533,-7.7789)
