slot=0 pass=0 n=14 ret=1 pos=(-2.5218,0.3312,-6.5856) vel=(-2224.4529,88.2853,569.0496)->(-54.2008,9.3432,66.1849)
slot=0 pass=0 n=14 ret=1 pos=(-2.5132,0.3321,-6.5675) vel=(-171.7683,9.9257,131.3830)->(29.4322,5.7158,82.1806)
slot=0 pass=0 n=14 ret=1 pos=(-2.5114,0.3328,-6.5424) vel=(-45.1361,7.7877,122.5046)->(70.8444,6.4805,110.2624)
slot=0 pass=0 n=14 ret=1 pos=(-2.5120,0.3339,-6.5101) vel=(-69.0970,7.6273,122.6957)->(65.4532,6.3508,110.4342)
slot=0 pass=0 n=14 ret=1 pos=(-2.5117,0.3350,-6.4741) vel=(-70.7341,7.9785,130.7941)->(65.0848,6.6467,117.7230)
slot=0 pass=0 n=14 ret=1 pos=(-2.5118,0.3362,-6.4353) vel=(-66.2730,8.7724,149.5497)->(66.0886,7.3162,134.6038)
slot=0 pass=0 n=14 ret=1 pos=(-2.5119,0.3373,-6.3955) vel=(-62.4661,8.7001,148.5298)->(66.9452,7.2561,133.6858)
slot=0 pass=0 n=14 ret=1 pos=(-2.5117,0.3385,-6.3618) vel=(-59.4605,8.8185,152.1484)->(67.6214,7.3571,136.9426)
slot=0 pass=0 n=14 ret=1 pos=(-2.5130,0.3399,-6.3160) vel=(-76.4446,9.7915,168.2179)->(63.8000,8.1679,151.4062)
slot=0 pass=0 n=14 ret=1 pos=(-2.5125,0.3412,-6.2732) vel=(-70.9532,10.0455,173.2767)->(65.0355,8.3808,155.9593)
slot=0 pass=0 n=14 ret=1 pos=(-2.5118,0.3426,-6.2285) vel=(-69.3756,10.4930,182.7444)->(65.3905,8.7566,164.4807)
slot=0 pass=0 n=14 ret=1 pos=(-2.5128,0.3441,-6.1761) vel=(-69.6547,11.1912,196.7291)->(65.3277,9.3418,177.0676)
slot=0 pass=0 n=14 ret=1 pos=(-2.5124,0.3454,-6.1330) vel=(-54.1086,11.3931,203.5218)->(68.8255,9.5149,183.1811)
slot=0 pass=0 n=14 ret=1 pos=(-2.5117,0.3468,-6.0880) vel=(-52.0573,11.8720,214.0603)->(69.2871,9.7670,192.6614)
slot=0 pass=0 n=14 ret=1 pos=(-2.5128,0.3486,-6.0343) vel=(-69.9135,13.4709,243.9871)->(65.2695,11.0832,219.5965)
slot=0 pass=0 n=14 ret=1 pos=(-2.5129,0.3506,-5.9704) vel=(-71.9214,14.7027,268.8294)->(64.8177,12.0984,241.9553)
slot=0 pass=0 n=14 ret=1 pos=(-2.5121,0.3525,-5.9036) vel=(-59.4223,15.7020,291.9414)->(67.6300,12.9241,262.7567)
slot=0 pass=0 n=14 ret=1 pos=(-2.5125,0.3545,-5.8372) vel=(-56.6186,16.8433,316.4551)->(68.2608,14.0885,284.8264)
slot=0 pass=0 n=14 ret=1 pos=(-2.5113,0.3567,-5.7728) vel=(-53.2454,18.2832,344.6857)->(69.0198,15.2945,310.2353)
slot=0 pass=0 n=14 ret=1 pos=(-2.5119,0.3597,-5.6681) vel=(-61.1633,20.9975,396.0258)->(67.2383,17.5654,356.4440)
slot=0 pass=0 n=14 ret=1 pos=(-2.5116,0.3631,-5.5662) vel=(-51.5395,23.9063,453.6880)->(69.4036,20.0026,408.3428)
slot=0 pass=0 n=14 ret=1 pos=(-2.5122,0.3694,-5.3633) vel=(-40.2087,30.8299,584.5272)->(71.9531,25.7950,526.1049)
slot=0 pass=0 n=14 ret=1 pos=(-2.5395,0.3157,-7.0281) vel=(-1678.9087,92.0976,1411.5483)->(-237.1589,60.4121,1015.3129)
slot=0 pass=0 n=14 ret=1 pos=(-2.5129,0.3175,-7.0144) vel=(-293.0006,58.1339,988.2723)->(15.0749,47.7842,889.4804)
slot=0 pass=0 n=14 ret=1 pos=(-2.5141,0.3200,-6.9143) vel=(-125.6970,47.4096,886.0487)->(52.7182,39.0254,797.4722)
slot=0 pass=0 n=14 ret=1 pos=(-2.5126,0.3224,-6.8607) vel=(-75.6369,40.3993,807.3340)->(63.9817,33.8597,726.6396)
slot=0 pass=0 n=14 ret=1 pos=(-2.5121,0.3256,-6.7598) vel=(-89.6033,37.3440,762.1032)->(60.8393,31.3212,685.9286)
slot=0 pass=0 n=14 ret=1 pos=(-2.5133,0.3297,-6.6285) vel=(-88.3777,37.2917,763.6258)->(61.1150,31.2810,687.2988)
slot=0 pass=0 n=14 ret=1 pos=(-2.5118,0.3339,-6.4762) vel=(-48.7054,38.3021,788.8895)->(70.0413,32.1350,710.0370)
slot=0 pass=0 n=14 ret=1 pos=(-2.5182,0.2758,-8.3280) vel=(-1638.0139,216.1806,1820.8306)->(-287.5529,177.6745,1639.0112)
slot=0 pass=0 n=14 ret=1 pos=(-2.5187,0.2805,-8.1808) vel=(-386.1041,171.7526,1653.8357)->(-5.8734,141.4511,1488.6571)
slot=0 pass=0 n=14 ret=1 pos=(-2.5119,0.2827,-8.1155) vel=(-78.0594,141.9487,1499.5702)->(63.4366,117.0919,1349.7797)
slot=0 pass=0 n=14 ret=1 pos=(-2.5127,0.2887,-7.8926) vel=(-71.3184,128.5939,1442.6482)->(64.9534,106.1939,1298.5323)
slot=0 pass=0 n=14 ret=1 pos=(2.0128,0.3531,-5.9422) vel=(1867.8109,113.4870,-1751.3008)->(310.1178,74.6831,-1444.9474)
slot=0 pass=0 n=14 ret=1 pos=(2.0014,0.3509,-6.0340) vel=(377.0556,67.5603,-1415.1189)->(4.2075,47.0905,-1272.6417)
slot=0 pass=0 n=14 ret=1 pos=(2.0008,0.3471,-6.1191) vel=(161.1975,41.7410,-1282.2599)->(-44.4354,26.6210,-1153.2634)
slot=0 pass=0 n=14 ret=1 pos=(2.0004,0.3438,-6.2518) vel=(87.3916,25.7648,-1190.7130)->(-64.1246,6.4492,-1068.8481)
slot=0 pass=0 n=14 ret=1 pos=(2.0004,0.3389,-6.3787) vel=(73.0531,18.3963,-1167.9935)->(-65.1759,13.0283,-1051.0862)
slot=0 pass=0 n=14 ret=1 pos=(-2.5353,0.2792,-8.2206) vel=(-1650.8154,570.4614,1841.5870)->(-290.4335,463.3804,1657.8191)
slot=0 pass=0 n=14 ret=1 pos=(-2.5187,0.2816,-8.1484) vel=(-352.7693,446.5221,1642.3124)->(1.6270,364.0103,1478.6725)
slot=0 pass=0 n=14 ret=1 pos=(-2.5124,0.2837,-8.0837) vel=(-81.8137,360.5894,1481.3590)->(62.5919,294.1749,1333.6973)
slot=0 pass=0 n=14 ret=1 pos=(-2.5134,0.2896,-7.8978) vel=(-97.5067,314.4175,1409.6276)->(59.0610,256.6728,1269.0757)
slot=0 pass=0 n=14 ret=1 pos=(2.0366,0.3517,-6.0280) vel=(1739.8135,452.2855,-1815.0513)->(307.4769,359.1393,-1630.1611)
slot=0 pass=1 n=14 ret=0 pos=(2.0034,0.3517,-6.0237) vel=(307.4769,359.1393,-1630.1611)->(-10.7676,284.2932,-1464.4048)
slot=0 pass=0 n=14 ret=1 pos=(-2.5164,0.2628,-8.7054) vel=(-1545.3555,863.6900,1788.2845)->(-266.7050,702.1398,1610.6305)
slot=0 pass=0 n=14 ret=1 pos=(-2.5180,0.2675,-8.5593) vel=(-351.8921,671.2742,1640.0067)->(1.8243,546.0661,1476.9133)
slot=0 pass=0 n=14 ret=1 pos=(-2.5127,0.2698,-8.4940) vel=(-62.9513,546.0341,1491.4376)->(66.8360,444.4073,1343.0284)
slot=0 pass=0 n=14 ret=1 pos=(-2.5115,0.2758,-8.3365) vel=(-43.3883,484.7950,1435.0670)->(71.2376,394.7218,1292.2101)
slot=0 pass=0 n=14 ret=1 pos=(2.0144,0.3248,-6.8912) vel=(1501.6814,739.2800,-1916.7283)->(244.4603,593.5599,-1722.8746)
slot=0 pass=0 n=14 ret=1 pos=(2.0072,0.3197,-7.0066) vel=(336.8389,577.7359,-1747.2639)->(-14.4464,466.5713,-1570.9156)
slot=0 pass=0 n=14 ret=1 pos=(2.0011,0.3174,-7.1121) vel=(52.2118,473.7163,-1583.3031)->(-76.7087,383.2373,-1423.6633)
slot=0 pass=0 n=14 ret=1 pos=(2.0007,0.3089,-7.3491) vel=(38.0367,467.1138,-1547.4183)->(-79.7763,377.9992,-1391.3884)
slot=0 pass=0 n=14 ret=1 pos=(-2.5194,0.2703,-8.4570) vel=(-956.7125,1206.8506,1967.9883)->(-134.2604,980.3674,1772.8422)
slot=0 pass=0 n=14 ret=1 pos=(-2.5131,0.2756,-8.2943) vel=(-131.2495,986.0444,1823.1722)->(51.4689,801.3012,1642.2006)
slot=0 pass=0 n=14 ret=1 pos=(2.0166,0.3221,-6.9345) vel=(1114.2648,1089.0538,-1988.3512)->(152.3765,879.9407,-1786.4720)
slot=0 pass=0 n=14 ret=1 pos=(2.0021,0.3195,-7.0128) vel=(183.1051,875.4230,-1795.6421)->(-53.3257,709.6928,-1613.7028)
